<!doctype html public "-//w3c//dtd html 4.0 transitional//en">
<html><head>
<title>Static Call Graph - [.\Objects\APP.axf]</title></head>
<body><HR>
<H1>Static Call Graph for image .\Objects\APP.axf</H1><HR>
<BR><P>#&#060CALLGRAPH&#062# ARM Linker, 5060960: Last Updated: Sun May 03 22:27:19 2026
<BR><P>
<H3>Maximum Stack Usage =       1056 bytes + Unknown(Cycles, Untraceable Function Pointers)</H3><H3>
Call chain for Maximum Stack Depth:</H3>
do_gc &rArr; move_env &rArr; del_env &rArr; find_env &rArr; find_env_no_cache &rArr; env_iterator &rArr; read_sector_meta_data &rArr; read_env &rArr; write_status &rArr; ef_port_write &rArr; bFlash_Gd32Write32Bit &rArr; sMyPrint &rArr; bPrint_SendDataToUsart &rArr; xQueueGenericSend &rArr; prvCopyDataToQueue &rArr; xTaskPriorityDisinherit &rArr; SEGGER_SYSVIEW_OnTaskStartReady &rArr; _SendPacket &rArr; _TrySendOverflowPacket &rArr; SEGGER_RTT_WriteSkipNoLock &rArr; __aeabi_memcpy
<P>
<H3>
Mutually Recursive functions
</H3> <LI><a href="#[d2]">SEGGER_SYSVIEW_Stop</a>&nbsp;&nbsp;&nbsp;&rArr;&nbsp;&nbsp;&nbsp;<a href="#[be]">_SendPacket</a><BR>
 <LI><a href="#[ca]">SEGGER_SYSVIEW_RecordVoid</a>&nbsp;&nbsp;&nbsp;&rArr;&nbsp;&nbsp;&nbsp;<a href="#[be]">_SendPacket</a><BR>
 <LI><a href="#[cd]">SEGGER_SYSVIEW_SendNumModules</a>&nbsp;&nbsp;&nbsp;&rArr;&nbsp;&nbsp;&nbsp;<a href="#[be]">_SendPacket</a><BR>
 <LI><a href="#[c6]">SEGGER_SYSVIEW_RecordU32x2</a>&nbsp;&nbsp;&nbsp;&rArr;&nbsp;&nbsp;&nbsp;<a href="#[be]">_SendPacket</a><BR>
 <LI><a href="#[c7]">SEGGER_SYSVIEW_RecordU32</a>&nbsp;&nbsp;&nbsp;&rArr;&nbsp;&nbsp;&nbsp;<a href="#[be]">_SendPacket</a><BR>
 <LI><a href="#[d0]">SEGGER_SYSVIEW_Start</a>&nbsp;&nbsp;&nbsp;&rArr;&nbsp;&nbsp;&nbsp;<a href="#[be]">_SendPacket</a><BR>
 <LI><a href="#[cb]">SEGGER_SYSVIEW_SendModule</a>&nbsp;&nbsp;&nbsp;&rArr;&nbsp;&nbsp;&nbsp;<a href="#[be]">_SendPacket</a><BR>
 <LI><a href="#[bc]">SEGGER_SYSVIEW_GetSysDesc</a>&nbsp;&nbsp;&nbsp;&rArr;&nbsp;&nbsp;&nbsp;<a href="#[be]">_SendPacket</a><BR>
 <LI><a href="#[1d]">ADC0_1_IRQHandler</a>&nbsp;&nbsp;&nbsp;&rArr;&nbsp;&nbsp;&nbsp;<a href="#[1d]">ADC0_1_IRQHandler</a><BR>
 <LI><a href="#[1e3]">get_fmt_enabled</a>&nbsp;&nbsp;&nbsp;&rArr;&nbsp;&nbsp;&nbsp;<a href="#[123]">elog_output</a><BR>
 <LI><a href="#[123]">elog_output</a>&nbsp;&nbsp;&nbsp;&rArr;&nbsp;&nbsp;&nbsp;<a href="#[123]">elog_output</a><BR>
 <LI><a href="#[1d7]">elog_get_filter_tag_lvl</a>&nbsp;&nbsp;&nbsp;&rArr;&nbsp;&nbsp;&nbsp;<a href="#[123]">elog_output</a><BR>
 <LI><a href="#[9e]">qsort</a>&nbsp;&nbsp;&nbsp;&rArr;&nbsp;&nbsp;&nbsp;<a href="#[9e]">qsort</a><BR>
</UL>
<P>
<H3>
Function Pointers
</H3><UL>
 <LI><a href="#[1d]">ADC0_1_IRQHandler</a> from startup_gd32f30x_hd.o(.text) referenced from startup_gd32f30x_hd.o(RESET)
 <LI><a href="#[3a]">ADC2_IRQHandler</a> from startup_gd32f30x_hd.o(.text) referenced from startup_gd32f30x_hd.o(RESET)
 <LI><a href="#[5]">BusFault_Handler</a> from gd32f30x_it.o(i.BusFault_Handler) referenced from startup_gd32f30x_hd.o(RESET)
 <LI><a href="#[21]">CAN0_EWMC_IRQHandler</a> from startup_gd32f30x_hd.o(.text) referenced from startup_gd32f30x_hd.o(RESET)
 <LI><a href="#[20]">CAN0_RX1_IRQHandler</a> from startup_gd32f30x_hd.o(.text) referenced from startup_gd32f30x_hd.o(RESET)
 <LI><a href="#[16]">DMA0_Channel0_IRQHandler</a> from startup_gd32f30x_hd.o(.text) referenced from startup_gd32f30x_hd.o(RESET)
 <LI><a href="#[17]">DMA0_Channel1_IRQHandler</a> from startup_gd32f30x_hd.o(.text) referenced from startup_gd32f30x_hd.o(RESET)
 <LI><a href="#[18]">DMA0_Channel2_IRQHandler</a> from startup_gd32f30x_hd.o(.text) referenced from startup_gd32f30x_hd.o(RESET)
 <LI><a href="#[19]">DMA0_Channel3_IRQHandler</a> from startup_gd32f30x_hd.o(.text) referenced from startup_gd32f30x_hd.o(RESET)
 <LI><a href="#[1a]">DMA0_Channel4_IRQHandler</a> from startup_gd32f30x_hd.o(.text) referenced from startup_gd32f30x_hd.o(RESET)
 <LI><a href="#[1b]">DMA0_Channel5_IRQHandler</a> from startup_gd32f30x_hd.o(.text) referenced from startup_gd32f30x_hd.o(RESET)
 <LI><a href="#[1c]">DMA0_Channel6_IRQHandler</a> from startup_gd32f30x_hd.o(.text) referenced from startup_gd32f30x_hd.o(RESET)
 <LI><a href="#[43]">DMA1_Channel0_IRQHandler</a> from startup_gd32f30x_hd.o(.text) referenced from startup_gd32f30x_hd.o(RESET)
 <LI><a href="#[44]">DMA1_Channel1_IRQHandler</a> from startup_gd32f30x_hd.o(.text) referenced from startup_gd32f30x_hd.o(RESET)
 <LI><a href="#[45]">DMA1_Channel2_IRQHandler</a> from startup_gd32f30x_hd.o(.text) referenced from startup_gd32f30x_hd.o(RESET)
 <LI><a href="#[46]">DMA1_Channel3_4_IRQHandler</a> from startup_gd32f30x_hd.o(.text) referenced from startup_gd32f30x_hd.o(RESET)
 <LI><a href="#[8]">DebugMon_Handler</a> from gd32f30x_it.o(i.DebugMon_Handler) referenced from startup_gd32f30x_hd.o(RESET)
 <LI><a href="#[3b]">EXMC_IRQHandler</a> from startup_gd32f30x_hd.o(.text) referenced from startup_gd32f30x_hd.o(RESET)
 <LI><a href="#[11]">EXTI0_IRQHandler</a> from gd32f30x_it.o(i.EXTI0_IRQHandler) referenced from startup_gd32f30x_hd.o(RESET)
 <LI><a href="#[33]">EXTI10_15_IRQHandler</a> from gd32f30x_it.o(i.EXTI10_15_IRQHandler) referenced from startup_gd32f30x_hd.o(RESET)
 <LI><a href="#[12]">EXTI1_IRQHandler</a> from startup_gd32f30x_hd.o(.text) referenced from startup_gd32f30x_hd.o(RESET)
 <LI><a href="#[13]">EXTI2_IRQHandler</a> from startup_gd32f30x_hd.o(.text) referenced from startup_gd32f30x_hd.o(RESET)
 <LI><a href="#[14]">EXTI3_IRQHandler</a> from startup_gd32f30x_hd.o(.text) referenced from startup_gd32f30x_hd.o(RESET)
 <LI><a href="#[15]">EXTI4_IRQHandler</a> from startup_gd32f30x_hd.o(.text) referenced from startup_gd32f30x_hd.o(RESET)
 <LI><a href="#[22]">EXTI5_9_IRQHandler</a> from startup_gd32f30x_hd.o(.text) referenced from startup_gd32f30x_hd.o(RESET)
 <LI><a href="#[f]">FMC_IRQHandler</a> from startup_gd32f30x_hd.o(.text) referenced from startup_gd32f30x_hd.o(RESET)
 <LI><a href="#[3]">HardFault_Handler</a> from cmb_fault.o(.text) referenced from startup_gd32f30x_hd.o(RESET)
 <LI><a href="#[2b]">I2C0_ER_IRQHandler</a> from startup_gd32f30x_hd.o(.text) referenced from startup_gd32f30x_hd.o(RESET)
 <LI><a href="#[2a]">I2C0_EV_IRQHandler</a> from startup_gd32f30x_hd.o(.text) referenced from startup_gd32f30x_hd.o(RESET)
 <LI><a href="#[2d]">I2C1_ER_IRQHandler</a> from startup_gd32f30x_hd.o(.text) referenced from startup_gd32f30x_hd.o(RESET)
 <LI><a href="#[2c]">I2C1_EV_IRQHandler</a> from startup_gd32f30x_hd.o(.text) referenced from startup_gd32f30x_hd.o(RESET)
 <LI><a href="#[c]">LVD_IRQHandler</a> from startup_gd32f30x_hd.o(.text) referenced from startup_gd32f30x_hd.o(RESET)
 <LI><a href="#[4]">MemManage_Handler</a> from gd32f30x_it.o(i.MemManage_Handler) referenced from startup_gd32f30x_hd.o(RESET)
 <LI><a href="#[2]">NMI_Handler</a> from gd32f30x_it.o(i.NMI_Handler) referenced from startup_gd32f30x_hd.o(RESET)
 <LI><a href="#[9]">PendSV_Handler</a> from port.o(.emb_text) referenced from startup_gd32f30x_hd.o(RESET)
 <LI><a href="#[10]">RCU_CTC_IRQHandler</a> from startup_gd32f30x_hd.o(.text) referenced from startup_gd32f30x_hd.o(RESET)
 <LI><a href="#[34]">RTC_Alarm_IRQHandler</a> from startup_gd32f30x_hd.o(.text) referenced from startup_gd32f30x_hd.o(RESET)
 <LI><a href="#[e]">RTC_IRQHandler</a> from startup_gd32f30x_hd.o(.text) referenced from startup_gd32f30x_hd.o(RESET)
 <LI><a href="#[1]">Reset_Handler</a> from startup_gd32f30x_hd.o(.text) referenced from startup_gd32f30x_hd.o(RESET)
 <LI><a href="#[3c]">SDIO_IRQHandler</a> from startup_gd32f30x_hd.o(.text) referenced from startup_gd32f30x_hd.o(RESET)
 <LI><a href="#[2e]">SPI0_IRQHandler</a> from startup_gd32f30x_hd.o(.text) referenced from startup_gd32f30x_hd.o(RESET)
 <LI><a href="#[2f]">SPI1_IRQHandler</a> from startup_gd32f30x_hd.o(.text) referenced from startup_gd32f30x_hd.o(RESET)
 <LI><a href="#[3e]">SPI2_IRQHandler</a> from startup_gd32f30x_hd.o(.text) referenced from startup_gd32f30x_hd.o(RESET)
 <LI><a href="#[7]">SVC_Handler</a> from port.o(.emb_text) referenced from startup_gd32f30x_hd.o(RESET)
 <LI><a href="#[a]">SysTick_Handler</a> from port.o(i.SysTick_Handler) referenced from startup_gd32f30x_hd.o(RESET)
 <LI><a href="#[48]">SystemInit</a> from system_gd32f30x.o(i.SystemInit) referenced from startup_gd32f30x_hd.o(.text)
 <LI><a href="#[d]">TAMPER_IRQHandler</a> from startup_gd32f30x_hd.o(.text) referenced from startup_gd32f30x_hd.o(RESET)
 <LI><a href="#[23]">TIMER0_BRK_IRQHandler</a> from startup_gd32f30x_hd.o(.text) referenced from startup_gd32f30x_hd.o(RESET)
 <LI><a href="#[26]">TIMER0_Channel_IRQHandler</a> from startup_gd32f30x_hd.o(.text) referenced from startup_gd32f30x_hd.o(RESET)
 <LI><a href="#[25]">TIMER0_TRG_CMT_IRQHandler</a> from startup_gd32f30x_hd.o(.text) referenced from startup_gd32f30x_hd.o(RESET)
 <LI><a href="#[24]">TIMER0_UP_IRQHandler</a> from startup_gd32f30x_hd.o(.text) referenced from startup_gd32f30x_hd.o(RESET)
 <LI><a href="#[27]">TIMER1_IRQHandler</a> from startup_gd32f30x_hd.o(.text) referenced from startup_gd32f30x_hd.o(RESET)
 <LI><a href="#[28]">TIMER2_IRQHandler</a> from startup_gd32f30x_hd.o(.text) referenced from startup_gd32f30x_hd.o(RESET)
 <LI><a href="#[29]">TIMER3_IRQHandler</a> from startup_gd32f30x_hd.o(.text) referenced from startup_gd32f30x_hd.o(RESET)
 <LI><a href="#[3d]">TIMER4_IRQHandler</a> from startup_gd32f30x_hd.o(.text) referenced from startup_gd32f30x_hd.o(RESET)
 <LI><a href="#[41]">TIMER5_IRQHandler</a> from startup_gd32f30x_hd.o(.text) referenced from startup_gd32f30x_hd.o(RESET)
 <LI><a href="#[42]">TIMER6_IRQHandler</a> from startup_gd32f30x_hd.o(.text) referenced from startup_gd32f30x_hd.o(RESET)
 <LI><a href="#[36]">TIMER7_BRK_IRQHandler</a> from startup_gd32f30x_hd.o(.text) referenced from startup_gd32f30x_hd.o(RESET)
 <LI><a href="#[39]">TIMER7_Channel_IRQHandler</a> from startup_gd32f30x_hd.o(.text) referenced from startup_gd32f30x_hd.o(RESET)
 <LI><a href="#[38]">TIMER7_TRG_CMT_IRQHandler</a> from startup_gd32f30x_hd.o(.text) referenced from startup_gd32f30x_hd.o(RESET)
 <LI><a href="#[37]">TIMER7_UP_IRQHandler</a> from startup_gd32f30x_hd.o(.text) referenced from startup_gd32f30x_hd.o(RESET)
 <LI><a href="#[3f]">UART3_IRQHandler</a> from startup_gd32f30x_hd.o(.text) referenced from startup_gd32f30x_hd.o(RESET)
 <LI><a href="#[40]">UART4_IRQHandler</a> from startup_gd32f30x_hd.o(.text) referenced from startup_gd32f30x_hd.o(RESET)
 <LI><a href="#[30]">USART0_IRQHandler</a> from print_iface.o(i.USART0_IRQHandler) referenced from startup_gd32f30x_hd.o(RESET)
 <LI><a href="#[31]">USART1_IRQHandler</a> from startup_gd32f30x_hd.o(.text) referenced from startup_gd32f30x_hd.o(RESET)
 <LI><a href="#[32]">USART2_IRQHandler</a> from startup_gd32f30x_hd.o(.text) referenced from startup_gd32f30x_hd.o(RESET)
 <LI><a href="#[1e]">USBD_HP_CAN0_TX_IRQHandler</a> from startup_gd32f30x_hd.o(.text) referenced from startup_gd32f30x_hd.o(RESET)
 <LI><a href="#[1f]">USBD_LP_CAN0_RX0_IRQHandler</a> from startup_gd32f30x_hd.o(.text) referenced from startup_gd32f30x_hd.o(RESET)
 <LI><a href="#[35]">USBD_WKUP_IRQHandler</a> from startup_gd32f30x_hd.o(.text) referenced from startup_gd32f30x_hd.o(RESET)
 <LI><a href="#[6]">UsageFault_Handler</a> from gd32f30x_it.o(i.UsageFault_Handler) referenced from startup_gd32f30x_hd.o(RESET)
 <LI><a href="#[b]">WWDGT_IRQHandler</a> from startup_gd32f30x_hd.o(.text) referenced from startup_gd32f30x_hd.o(RESET)
 <LI><a href="#[49]">__main</a> from entry.o(.ARM.Collect$$$$00000000) referenced from startup_gd32f30x_hd.o(.text)
 <LI><a href="#[96]">_cbGetTime</a> from segger_sysview_freertos.o(i._cbGetTime) referenced from segger_sysview_freertos.o(.constdata)
 <LI><a href="#[4a]">_cbSendSystemDesc</a> from segger_sysview_config_freertos.o(i._cbSendSystemDesc) referenced from segger_sysview_config_freertos.o(i.SEGGER_SYSVIEW_Conf)
 <LI><a href="#[97]">_cbSendTaskList</a> from segger_sysview_freertos.o(i._cbSendTaskList) referenced from segger_sysview_freertos.o(.constdata)
 <LI><a href="#[4c]">_snputc</a> from printfa.o(i._snputc) referenced from printfa.o(i.__0snprintf)
 <LI><a href="#[4c]">_snputc</a> from printfa.o(i._snputc) referenced from printfa.o(i.__0vsnprintf)
 <LI><a href="#[4d]">_sputc</a> from printfa.o(i._sputc) referenced from printfa.o(i.__0sprintf)
 <LI><a href="#[4d]">_sputc</a> from printfa.o(i._sputc) referenced from printfa.o(i.__0vsprintf)
 <LI><a href="#[4f]">alloc_env_cb</a> from ef_env.o(i.alloc_env_cb) referenced from ef_env.o(i.alloc_env)
 <LI><a href="#[85]">bKey_DownIsPress</a> from key_task.o(i.bKey_DownIsPress) referenced from key_task.o(i.v_key_gpio_init)
 <LI><a href="#[82]">bKey_EnterIsPress</a> from key_task.o(i.bKey_EnterIsPress) referenced from key_task.o(i.v_key_gpio_init)
 <LI><a href="#[83]">bKey_LeftIsPress</a> from key_task.o(i.bKey_LeftIsPress) referenced from key_task.o(i.v_key_gpio_init)
 <LI><a href="#[86]">bKey_RightIsPress</a> from key_task.o(i.bKey_RightIsPress) referenced from key_task.o(i.v_key_gpio_init)
 <LI><a href="#[84]">bKey_UpIsPress</a> from key_task.o(i.bKey_UpIsPress) referenced from key_task.o(i.v_key_gpio_init)
 <LI><a href="#[52]">b_task_manage_func_cb</a> from md_display_queue_task.o(i.b_task_manage_func_cb) referenced from md_display_queue_task.o(i.bDisp_QueueInit)
 <LI><a href="#[56]">b_task_manage_func_cb</a> from print_queue_task.o(i.b_task_manage_func_cb) referenced from print_queue_task.o(i.bPrint_QueueInit)
 <LI><a href="#[59]">b_task_manage_func_cb</a> from sys_queue_task.o(i.b_task_manage_func_cb) referenced from sys_queue_task.o(i.bSys_QueueInit)
 <LI><a href="#[6c]">check_and_recovery_env_cb</a> from ef_env.o(i.check_and_recovery_env_cb) referenced from ef_env.o(i.ef_load_env)
 <LI><a href="#[6b]">check_and_recovery_gc_cb</a> from ef_env.o(i.check_and_recovery_gc_cb) referenced from ef_env.o(i.ef_load_env)
 <LI><a href="#[6a]">check_sec_hdr_cb</a> from ef_env.o(i.check_sec_hdr_cb) referenced from ef_env.o(i.ef_load_env)
 <LI><a href="#[70]">cmp_int</a> from filtration.o(i.cmp_int) referenced from filtration.o(i.lFilter_MadianAverage)
 <LI><a href="#[6f]">do_gc</a> from ef_env.o(i.do_gc) referenced from ef_env.o(i.gc_collect)
 <LI><a href="#[6d]">find_env_cb</a> from ef_env.o(i.find_env_cb) referenced from ef_env.o(i.find_env_no_cache)
 <LI><a href="#[4b]">fputc</a> from print_iface.o(i.fputc) referenced from printfa.o(i.__0printf)
 <LI><a href="#[6e]">gc_check_cb</a> from ef_env.o(i.gc_check_cb) referenced from ef_env.o(i.gc_collect)
 <LI><a href="#[47]">main</a> from main.o(i.main) referenced from entry9a.o(.ARM.Collect$$$$0000000B)
 <LI><a href="#[7b]">prvIdleTask</a> from tasks.o(i.prvIdleTask) referenced from tasks.o(i.vTaskStartScheduler)
 <LI><a href="#[72]">prvTaskExitError</a> from port.o(i.prvTaskExitError) referenced from port.o(i.pxPortInitialiseStack)
 <LI><a href="#[87]">prvTimerTask</a> from timers.o(i.prvTimerTask) referenced from timers.o(i.xTimerCreateTimerTask)
 <LI><a href="#[4e]">sector_statistics_cb</a> from ef_env.o(i.sector_statistics_cb) referenced from ef_env.o(i.alloc_env)
 <LI><a href="#[94]">u8g2_draw_l90_mirrorr_r0</a> from u8g2_setup.o(i.u8g2_draw_l90_mirrorr_r0) referenced from u8g2_setup.o(.constdata)
 <LI><a href="#[8a]">u8g2_draw_l90_r0</a> from u8g2_setup.o(i.u8g2_draw_l90_r0) referenced from u8g2_setup.o(.constdata)
 <LI><a href="#[8d]">u8g2_draw_l90_r1</a> from u8g2_setup.o(i.u8g2_draw_l90_r1) referenced from u8g2_setup.o(.constdata)
 <LI><a href="#[90]">u8g2_draw_l90_r2</a> from u8g2_setup.o(i.u8g2_draw_l90_r2) referenced from u8g2_setup.o(.constdata)
 <LI><a href="#[93]">u8g2_draw_l90_r3</a> from u8g2_setup.o(i.u8g2_draw_l90_r3) referenced from u8g2_setup.o(.constdata)
 <LI><a href="#[95]">u8g2_draw_mirror_vertical_r0</a> from u8g2_setup.o(i.u8g2_draw_mirror_vertical_r0) referenced from u8g2_setup.o(.constdata)
 <LI><a href="#[74]">u8g2_font_calc_vref_font</a> from u8g2_font.o(i.u8g2_font_calc_vref_font) referenced from u8g2_font.o(i.u8g2_SetFontPosBaseline)
 <LI><a href="#[81]">u8g2_ll_hvline_vertical_top_lsb</a> from u8g2_ll_hvline.o(i.u8g2_ll_hvline_vertical_top_lsb) referenced from md_display_api.o(i.v_disp_u8g2_init)
 <LI><a href="#[88]">u8g2_update_dimension_r0</a> from u8g2_setup.o(i.u8g2_update_dimension_r0) referenced 3 times from u8g2_setup.o(.constdata)
 <LI><a href="#[8b]">u8g2_update_dimension_r1</a> from u8g2_setup.o(i.u8g2_update_dimension_r1) referenced from u8g2_setup.o(.constdata)
 <LI><a href="#[8e]">u8g2_update_dimension_r2</a> from u8g2_setup.o(i.u8g2_update_dimension_r2) referenced from u8g2_setup.o(.constdata)
 <LI><a href="#[91]">u8g2_update_dimension_r3</a> from u8g2_setup.o(i.u8g2_update_dimension_r3) referenced from u8g2_setup.o(.constdata)
 <LI><a href="#[89]">u8g2_update_page_win_r0</a> from u8g2_setup.o(i.u8g2_update_page_win_r0) referenced 3 times from u8g2_setup.o(.constdata)
 <LI><a href="#[8c]">u8g2_update_page_win_r1</a> from u8g2_setup.o(i.u8g2_update_page_win_r1) referenced from u8g2_setup.o(.constdata)
 <LI><a href="#[8f]">u8g2_update_page_win_r2</a> from u8g2_setup.o(i.u8g2_update_page_win_r2) referenced from u8g2_setup.o(.constdata)
 <LI><a href="#[92]">u8g2_update_page_win_r3</a> from u8g2_setup.o(i.u8g2_update_page_win_r3) referenced from u8g2_setup.o(.constdata)
 <LI><a href="#[73]">u8x8_ascii_next</a> from u8x8_8x8.o(i.u8x8_ascii_next) referenced from u8g2_font.o(i.u8g2_DrawStr)
 <LI><a href="#[7e]">u8x8_byte_4wire_hw_spi</a> from md_display_api.o(i.u8x8_byte_4wire_hw_spi) referenced from md_display_api.o(i.v_disp_u8g2_init)
 <LI><a href="#[7f]">u8x8_cad_001</a> from u8x8_cad.o(i.u8x8_cad_001) referenced from md_display_api.o(i.v_disp_u8g2_init)
 <LI><a href="#[80]">u8x8_d_sh1106_128x64_noname</a> from u8x8_d_ssd1306_128x64_noname.o(i.u8x8_d_sh1106_128x64_noname) referenced from md_display_api.o(i.v_disp_u8g2_init)
 <LI><a href="#[75]">u8x8_dummy_cb</a> from u8x8_setup.o(i.u8x8_dummy_cb) referenced from u8x8_setup.o(i.u8x8_SetupDefaults)
 <LI><a href="#[7d]">u8x8_stm32_gpio_and_delay</a> from md_display_api.o(i.u8x8_stm32_gpio_and_delay) referenced from md_display_api.o(i.v_disp_u8g2_init)
 <LI><a href="#[76]">vAdc_Task</a> from adc_task.o(i.vAdc_Task) referenced from adc_task.o(i.vAdc_TaskInit)
 <LI><a href="#[71]">vBoard_StartTask</a> from board_config.o(i.vBoard_StartTask) referenced from main.o(i.main)
 <LI><a href="#[50]">vBuz_Task</a> from buz_task.o(i.vBuz_Task) referenced from buz_task.o(i.bBuz_TaskInit)
 <LI><a href="#[53]">vDisp_Task</a> from md_display_task.o(i.vDisp_Task) referenced from md_display_task.o(i.bDisp_TaskInit)
 <LI><a href="#[54]">vHW_Task</a> from md_hm_task.o(i.vHW_Task) referenced from md_hm_task.o(i.bHM_TaskInit)
 <LI><a href="#[77]">vKey_Task</a> from key_task.o(i.vKey_Task) referenced from key_task.o(i.vKey_TaskInit)
 <LI><a href="#[78]">vLed_Task</a> from led_task.o(i.vLed_Task) referenced from led_task.o(i.vLed_TaskInit)
 <LI><a href="#[79]">vLight_Task</a> from md_light_task.o(i.vLight_Task) referenced from md_light_task.o(i.vLight_TaskInit)
 <LI><a href="#[57]">vPrint_Task</a> from print_task.o(i.vPrint_Task) referenced from print_task.o(i.bPrint_TaskInit)
 <LI><a href="#[7a]">vSys_Task</a> from sys_task.o(i.vSys_Task) referenced from sys_task.o(i.vSys_TaskInit)
 <LI><a href="#[7c]">vTimer_RepetCallback</a> from timer_task.o(i.vTimer_RepetCallback) referenced from timer_task.o(i.vTimer_TaskInit)
 <LI><a href="#[51]">v_add_task_return_func_cb</a> from md_display_queue_task.o(i.v_add_task_return_func_cb) referenced from md_display_queue_task.o(i.bDisp_QueueInit)
 <LI><a href="#[55]">v_add_task_return_func_cb</a> from print_queue_task.o(i.v_add_task_return_func_cb) referenced from print_queue_task.o(i.bPrint_QueueInit)
 <LI><a href="#[58]">v_add_task_return_func_cb</a> from sys_queue_task.o(i.v_add_task_return_func_cb) referenced from sys_queue_task.o(i.bSys_QueueInit)
 <LI><a href="#[68]">v_disp_queue_task_booting</a> from md_display_queue_task_booting.o(i.v_disp_queue_task_booting) referenced from md_display_queue_task.o(i.b_task_manage_func_cb)
 <LI><a href="#[65]">v_disp_queue_task_closing</a> from md_display_queue_task_closing.o(i.v_disp_queue_task_closing) referenced from md_display_queue_task.o(i.b_task_manage_func_cb)
 <LI><a href="#[67]">v_disp_queue_task_err</a> from md_display_queue_task_err.o(i.v_disp_queue_task_err) referenced from md_display_queue_task.o(i.b_task_manage_func_cb)
 <LI><a href="#[64]">v_disp_queue_task_init</a> from md_display_queue_task_init.o(i.v_disp_queue_task_init) referenced from md_display_queue_task.o(i.b_task_manage_func_cb)
 <LI><a href="#[66]">v_disp_queue_task_shut_down</a> from md_display_queue_task_shut_down.o(i.v_disp_queue_task_shut_down) referenced from md_display_queue_task.o(i.b_task_manage_func_cb)
 <LI><a href="#[69]">v_disp_queue_task_work</a> from md_display_queue_task_work.o(i.v_disp_queue_task_work) referenced from md_display_queue_task.o(i.b_task_manage_func_cb)
 <LI><a href="#[61]">v_print_queue_task_main</a> from print_queue_task_main.o(i.v_print_queue_task_main) referenced from print_queue_task.o(i.b_task_manage_func_cb)
 <LI><a href="#[62]">v_print_queue_task_reply_app_info</a> from print_queue_task_reply_app_info.o(i.v_print_queue_task_reply_app_info) referenced from print_queue_task.o(i.b_task_manage_func_cb)
 <LI><a href="#[63]">v_print_queue_task_reply_cali</a> from print_queue_task_reply_cali.o(i.v_print_queue_task_reply_cali) referenced from print_queue_task.o(i.b_task_manage_func_cb)
 <LI><a href="#[5f]">v_sys_queue_task_booting</a> from sys_queue_task_booting.o(i.v_sys_queue_task_booting) referenced from sys_queue_task.o(i.b_task_manage_func_cb)
 <LI><a href="#[5b]">v_sys_queue_task_closing</a> from sys_queue_task_closing.o(i.v_sys_queue_task_closing) referenced from sys_queue_task.o(i.b_task_manage_func_cb)
 <LI><a href="#[5d]">v_sys_queue_task_err</a> from sys_queue_task_err.o(i.v_sys_queue_task_err) referenced from sys_queue_task.o(i.b_task_manage_func_cb)
 <LI><a href="#[5a]">v_sys_queue_task_init</a> from sys_queue_task_init.o(i.v_sys_queue_task_init) referenced from sys_queue_task.o(i.b_task_manage_func_cb)
 <LI><a href="#[5e]">v_sys_queue_task_reset</a> from sys_queue_task_reset.o(i.v_sys_queue_task_reset) referenced from sys_queue_task.o(i.b_task_manage_func_cb)
 <LI><a href="#[5c]">v_sys_queue_task_shut_down</a> from sys_queue_task_shut_down.o(i.v_sys_queue_task_shut_down) referenced from sys_queue_task.o(i.b_task_manage_func_cb)
 <LI><a href="#[60]">v_sys_queue_task_work</a> from sys_queue_task_work.o(i.v_sys_queue_task_work) referenced from sys_queue_task.o(i.b_task_manage_func_cb)
</UL>
<P>
<H3>
Global Symbols
</H3>
<P><STRONG><a name="[49]"></a>__main</STRONG> (Thumb, 0 bytes, Stack size unknown bytes, entry.o(.ARM.Collect$$$$00000000))
<BR>[Address Reference Count : 1]<UL><LI> startup_gd32f30x_hd.o(.text)
</UL>
<P><STRONG><a name="[32a]"></a>_main_stk</STRONG> (Thumb, 0 bytes, Stack size unknown bytes, entry2.o(.ARM.Collect$$$$00000001))

<P><STRONG><a name="[98]"></a>_main_scatterload</STRONG> (Thumb, 0 bytes, Stack size unknown bytes, entry5.o(.ARM.Collect$$$$00000004))
<BR><BR>[Calls]<UL><LI><a href="#[99]">&gt;&gt;</a>&nbsp;&nbsp;&nbsp;__scatterload
</UL>

<P><STRONG><a name="[af]"></a>__main_after_scatterload</STRONG> (Thumb, 0 bytes, Stack size unknown bytes, entry5.o(.ARM.Collect$$$$00000004))
<BR><BR>[Called By]<UL><LI><a href="#[99]">&gt;&gt;</a>&nbsp;&nbsp;&nbsp;__scatterload
</UL>

<P><STRONG><a name="[32b]"></a>_main_clock</STRONG> (Thumb, 0 bytes, Stack size unknown bytes, entry7b.o(.ARM.Collect$$$$00000008))

<P><STRONG><a name="[32c]"></a>_main_cpp_init</STRONG> (Thumb, 0 bytes, Stack size unknown bytes, entry8b.o(.ARM.Collect$$$$0000000A))

<P><STRONG><a name="[32d]"></a>_main_init</STRONG> (Thumb, 0 bytes, Stack size unknown bytes, entry9a.o(.ARM.Collect$$$$0000000B))

<P><STRONG><a name="[32e]"></a>__rt_lib_shutdown_fini</STRONG> (Thumb, 0 bytes, Stack size unknown bytes, entry12b.o(.ARM.Collect$$$$0000000E))

<P><STRONG><a name="[32f]"></a>__rt_final_cpp</STRONG> (Thumb, 0 bytes, Stack size unknown bytes, entry10a.o(.ARM.Collect$$$$0000000F))

<P><STRONG><a name="[330]"></a>__rt_final_exit</STRONG> (Thumb, 0 bytes, Stack size unknown bytes, entry11a.o(.ARM.Collect$$$$00000011))

<P><STRONG><a name="[7]"></a>SVC_Handler</STRONG> (Thumb, 28 bytes, Stack size 0 bytes, port.o(.emb_text))
<BR>[Address Reference Count : 1]<UL><LI> startup_gd32f30x_hd.o(RESET)
</UL>
<P><STRONG><a name="[322]"></a>__asm___6_port_c_39a90d8d__prvStartFirstTask</STRONG> (Thumb, 36 bytes, Stack size 0 bytes, port.o(.emb_text))
<BR><BR>[Called By]<UL><LI><a href="#[2ea]">&gt;&gt;</a>&nbsp;&nbsp;&nbsp;xPortStartScheduler
</UL>

<P><STRONG><a name="[321]"></a>__asm___6_port_c_39a90d8d__prvEnableVFP</STRONG> (Thumb, 16 bytes, Stack size 0 bytes, port.o(.emb_text))
<BR><BR>[Called By]<UL><LI><a href="#[2ea]">&gt;&gt;</a>&nbsp;&nbsp;&nbsp;xPortStartScheduler
</UL>

<P><STRONG><a name="[9]"></a>PendSV_Handler</STRONG> (Thumb, 88 bytes, Stack size 0 bytes, port.o(.emb_text))
<BR><BR>[Stack]<UL><LI>Max Depth = 160<LI>Call Chain = PendSV_Handler &rArr; vTaskSwitchContext &rArr; SEGGER_SYSVIEW_OnTaskStartExec &rArr; _SendPacket &rArr; _TrySendOverflowPacket &rArr; SEGGER_RTT_WriteSkipNoLock &rArr; __aeabi_memcpy
</UL>
<BR>[Calls]<UL><LI><a href="#[9a]">&gt;&gt;</a>&nbsp;&nbsp;&nbsp;vTaskSwitchContext
</UL>
<BR>[Address Reference Count : 1]<UL><LI> startup_gd32f30x_hd.o(RESET)
</UL>
<P><STRONG><a name="[2dc]"></a>vPortGetIPSR</STRONG> (Thumb, 6 bytes, Stack size 0 bytes, port.o(.emb_text))
<BR><BR>[Called By]<UL><LI><a href="#[2db]">&gt;&gt;</a>&nbsp;&nbsp;&nbsp;vPortValidateInterruptPriority
</UL>

<P><STRONG><a name="[331]"></a>__asm___14_cm_backtrace_c_13c737ea__cmb_get_msp</STRONG> (Thumb, 6 bytes, Stack size 0 bytes, cm_backtrace.o(.emb_text), UNUSED)

<P><STRONG><a name="[1a0]"></a>__asm___14_cm_backtrace_c_13c737ea__cmb_get_psp</STRONG> (Thumb, 6 bytes, Stack size 0 bytes, cm_backtrace.o(.emb_text))
<BR><BR>[Called By]<UL><LI><a href="#[9b]">&gt;&gt;</a>&nbsp;&nbsp;&nbsp;cm_backtrace_fault
<LI><a href="#[19d]">&gt;&gt;</a>&nbsp;&nbsp;&nbsp;cm_backtrace_call_stack
</UL>

<P><STRONG><a name="[19f]"></a>__asm___14_cm_backtrace_c_13c737ea__cmb_get_sp</STRONG> (Thumb, 4 bytes, Stack size 0 bytes, cm_backtrace.o(.emb_text))
<BR><BR>[Called By]<UL><LI><a href="#[19d]">&gt;&gt;</a>&nbsp;&nbsp;&nbsp;cm_backtrace_call_stack
</UL>

<P><STRONG><a name="[1]"></a>Reset_Handler</STRONG> (Thumb, 8 bytes, Stack size 0 bytes, startup_gd32f30x_hd.o(.text))
<BR>[Address Reference Count : 1]<UL><LI> startup_gd32f30x_hd.o(RESET)
</UL>
<P><STRONG><a name="[1d]"></a>ADC0_1_IRQHandler</STRONG> (Thumb, 0 bytes, Stack size 0 bytes, startup_gd32f30x_hd.o(.text))
<BR><BR>[Calls]<UL><LI><a href="#[1d]">&gt;&gt;</a>&nbsp;&nbsp;&nbsp;ADC0_1_IRQHandler
</UL>
<BR>[Called By]<UL><LI><a href="#[1d]">&gt;&gt;</a>&nbsp;&nbsp;&nbsp;ADC0_1_IRQHandler
</UL>
<BR>[Address Reference Count : 1]<UL><LI> startup_gd32f30x_hd.o(RESET)
</UL>
<P><STRONG><a name="[3a]"></a>ADC2_IRQHandler</STRONG> (Thumb, 0 bytes, Stack size 0 bytes, startup_gd32f30x_hd.o(.text))
<BR>[Address Reference Count : 1]<UL><LI> startup_gd32f30x_hd.o(RESET)
</UL>
<P><STRONG><a name="[21]"></a>CAN0_EWMC_IRQHandler</STRONG> (Thumb, 0 bytes, Stack size 0 bytes, startup_gd32f30x_hd.o(.text))
<BR>[Address Reference Count : 1]<UL><LI> startup_gd32f30x_hd.o(RESET)
</UL>
<P><STRONG><a name="[20]"></a>CAN0_RX1_IRQHandler</STRONG> (Thumb, 0 bytes, Stack size 0 bytes, startup_gd32f30x_hd.o(.text))
<BR>[Address Reference Count : 1]<UL><LI> startup_gd32f30x_hd.o(RESET)
</UL>
<P><STRONG><a name="[16]"></a>DMA0_Channel0_IRQHandler</STRONG> (Thumb, 0 bytes, Stack size 0 bytes, startup_gd32f30x_hd.o(.text))
<BR>[Address Reference Count : 1]<UL><LI> startup_gd32f30x_hd.o(RESET)
</UL>
<P><STRONG><a name="[17]"></a>DMA0_Channel1_IRQHandler</STRONG> (Thumb, 0 bytes, Stack size 0 bytes, startup_gd32f30x_hd.o(.text))
<BR>[Address Reference Count : 1]<UL><LI> startup_gd32f30x_hd.o(RESET)
</UL>
<P><STRONG><a name="[18]"></a>DMA0_Channel2_IRQHandler</STRONG> (Thumb, 0 bytes, Stack size 0 bytes, startup_gd32f30x_hd.o(.text))
<BR>[Address Reference Count : 1]<UL><LI> startup_gd32f30x_hd.o(RESET)
</UL>
<P><STRONG><a name="[19]"></a>DMA0_Channel3_IRQHandler</STRONG> (Thumb, 0 bytes, Stack size 0 bytes, startup_gd32f30x_hd.o(.text))
<BR>[Address Reference Count : 1]<UL><LI> startup_gd32f30x_hd.o(RESET)
</UL>
<P><STRONG><a name="[1a]"></a>DMA0_Channel4_IRQHandler</STRONG> (Thumb, 0 bytes, Stack size 0 bytes, startup_gd32f30x_hd.o(.text))
<BR>[Address Reference Count : 1]<UL><LI> startup_gd32f30x_hd.o(RESET)
</UL>
<P><STRONG><a name="[1b]"></a>DMA0_Channel5_IRQHandler</STRONG> (Thumb, 0 bytes, Stack size 0 bytes, startup_gd32f30x_hd.o(.text))
<BR>[Address Reference Count : 1]<UL><LI> startup_gd32f30x_hd.o(RESET)
</UL>
<P><STRONG><a name="[1c]"></a>DMA0_Channel6_IRQHandler</STRONG> (Thumb, 0 bytes, Stack size 0 bytes, startup_gd32f30x_hd.o(.text))
<BR>[Address Reference Count : 1]<UL><LI> startup_gd32f30x_hd.o(RESET)
</UL>
<P><STRONG><a name="[43]"></a>DMA1_Channel0_IRQHandler</STRONG> (Thumb, 0 bytes, Stack size 0 bytes, startup_gd32f30x_hd.o(.text))
<BR>[Address Reference Count : 1]<UL><LI> startup_gd32f30x_hd.o(RESET)
</UL>
<P><STRONG><a name="[44]"></a>DMA1_Channel1_IRQHandler</STRONG> (Thumb, 0 bytes, Stack size 0 bytes, startup_gd32f30x_hd.o(.text))
<BR>[Address Reference Count : 1]<UL><LI> startup_gd32f30x_hd.o(RESET)
</UL>
<P><STRONG><a name="[45]"></a>DMA1_Channel2_IRQHandler</STRONG> (Thumb, 0 bytes, Stack size 0 bytes, startup_gd32f30x_hd.o(.text))
<BR>[Address Reference Count : 1]<UL><LI> startup_gd32f30x_hd.o(RESET)
</UL>
<P><STRONG><a name="[46]"></a>DMA1_Channel3_4_IRQHandler</STRONG> (Thumb, 0 bytes, Stack size 0 bytes, startup_gd32f30x_hd.o(.text))
<BR>[Address Reference Count : 1]<UL><LI> startup_gd32f30x_hd.o(RESET)
</UL>
<P><STRONG><a name="[3b]"></a>EXMC_IRQHandler</STRONG> (Thumb, 0 bytes, Stack size 0 bytes, startup_gd32f30x_hd.o(.text))
<BR>[Address Reference Count : 1]<UL><LI> startup_gd32f30x_hd.o(RESET)
</UL>
<P><STRONG><a name="[12]"></a>EXTI1_IRQHandler</STRONG> (Thumb, 0 bytes, Stack size 0 bytes, startup_gd32f30x_hd.o(.text))
<BR>[Address Reference Count : 1]<UL><LI> startup_gd32f30x_hd.o(RESET)
</UL>
<P><STRONG><a name="[13]"></a>EXTI2_IRQHandler</STRONG> (Thumb, 0 bytes, Stack size 0 bytes, startup_gd32f30x_hd.o(.text))
<BR>[Address Reference Count : 1]<UL><LI> startup_gd32f30x_hd.o(RESET)
</UL>
<P><STRONG><a name="[14]"></a>EXTI3_IRQHandler</STRONG> (Thumb, 0 bytes, Stack size 0 bytes, startup_gd32f30x_hd.o(.text))
<BR>[Address Reference Count : 1]<UL><LI> startup_gd32f30x_hd.o(RESET)
</UL>
<P><STRONG><a name="[15]"></a>EXTI4_IRQHandler</STRONG> (Thumb, 0 bytes, Stack size 0 bytes, startup_gd32f30x_hd.o(.text))
<BR>[Address Reference Count : 1]<UL><LI> startup_gd32f30x_hd.o(RESET)
</UL>
<P><STRONG><a name="[22]"></a>EXTI5_9_IRQHandler</STRONG> (Thumb, 0 bytes, Stack size 0 bytes, startup_gd32f30x_hd.o(.text))
<BR>[Address Reference Count : 1]<UL><LI> startup_gd32f30x_hd.o(RESET)
</UL>
<P><STRONG><a name="[f]"></a>FMC_IRQHandler</STRONG> (Thumb, 0 bytes, Stack size 0 bytes, startup_gd32f30x_hd.o(.text))
<BR>[Address Reference Count : 1]<UL><LI> startup_gd32f30x_hd.o(RESET)
</UL>
<P><STRONG><a name="[2b]"></a>I2C0_ER_IRQHandler</STRONG> (Thumb, 0 bytes, Stack size 0 bytes, startup_gd32f30x_hd.o(.text))
<BR>[Address Reference Count : 1]<UL><LI> startup_gd32f30x_hd.o(RESET)
</UL>
<P><STRONG><a name="[2a]"></a>I2C0_EV_IRQHandler</STRONG> (Thumb, 0 bytes, Stack size 0 bytes, startup_gd32f30x_hd.o(.text))
<BR>[Address Reference Count : 1]<UL><LI> startup_gd32f30x_hd.o(RESET)
</UL>
<P><STRONG><a name="[2d]"></a>I2C1_ER_IRQHandler</STRONG> (Thumb, 0 bytes, Stack size 0 bytes, startup_gd32f30x_hd.o(.text))
<BR>[Address Reference Count : 1]<UL><LI> startup_gd32f30x_hd.o(RESET)
</UL>
<P><STRONG><a name="[2c]"></a>I2C1_EV_IRQHandler</STRONG> (Thumb, 0 bytes, Stack size 0 bytes, startup_gd32f30x_hd.o(.text))
<BR>[Address Reference Count : 1]<UL><LI> startup_gd32f30x_hd.o(RESET)
</UL>
<P><STRONG><a name="[c]"></a>LVD_IRQHandler</STRONG> (Thumb, 0 bytes, Stack size 0 bytes, startup_gd32f30x_hd.o(.text))
<BR>[Address Reference Count : 1]<UL><LI> startup_gd32f30x_hd.o(RESET)
</UL>
<P><STRONG><a name="[10]"></a>RCU_CTC_IRQHandler</STRONG> (Thumb, 0 bytes, Stack size 0 bytes, startup_gd32f30x_hd.o(.text))
<BR>[Address Reference Count : 1]<UL><LI> startup_gd32f30x_hd.o(RESET)
</UL>
<P><STRONG><a name="[34]"></a>RTC_Alarm_IRQHandler</STRONG> (Thumb, 0 bytes, Stack size 0 bytes, startup_gd32f30x_hd.o(.text))
<BR>[Address Reference Count : 1]<UL><LI> startup_gd32f30x_hd.o(RESET)
</UL>
<P><STRONG><a name="[e]"></a>RTC_IRQHandler</STRONG> (Thumb, 0 bytes, Stack size 0 bytes, startup_gd32f30x_hd.o(.text))
<BR>[Address Reference Count : 1]<UL><LI> startup_gd32f30x_hd.o(RESET)
</UL>
<P><STRONG><a name="[3c]"></a>SDIO_IRQHandler</STRONG> (Thumb, 0 bytes, Stack size 0 bytes, startup_gd32f30x_hd.o(.text))
<BR>[Address Reference Count : 1]<UL><LI> startup_gd32f30x_hd.o(RESET)
</UL>
<P><STRONG><a name="[2e]"></a>SPI0_IRQHandler</STRONG> (Thumb, 0 bytes, Stack size 0 bytes, startup_gd32f30x_hd.o(.text))
<BR>[Address Reference Count : 1]<UL><LI> startup_gd32f30x_hd.o(RESET)
</UL>
<P><STRONG><a name="[2f]"></a>SPI1_IRQHandler</STRONG> (Thumb, 0 bytes, Stack size 0 bytes, startup_gd32f30x_hd.o(.text))
<BR>[Address Reference Count : 1]<UL><LI> startup_gd32f30x_hd.o(RESET)
</UL>
<P><STRONG><a name="[3e]"></a>SPI2_IRQHandler</STRONG> (Thumb, 0 bytes, Stack size 0 bytes, startup_gd32f30x_hd.o(.text))
<BR>[Address Reference Count : 1]<UL><LI> startup_gd32f30x_hd.o(RESET)
</UL>
<P><STRONG><a name="[d]"></a>TAMPER_IRQHandler</STRONG> (Thumb, 0 bytes, Stack size 0 bytes, startup_gd32f30x_hd.o(.text))
<BR>[Address Reference Count : 1]<UL><LI> startup_gd32f30x_hd.o(RESET)
</UL>
<P><STRONG><a name="[23]"></a>TIMER0_BRK_IRQHandler</STRONG> (Thumb, 0 bytes, Stack size 0 bytes, startup_gd32f30x_hd.o(.text))
<BR>[Address Reference Count : 1]<UL><LI> startup_gd32f30x_hd.o(RESET)
</UL>
<P><STRONG><a name="[26]"></a>TIMER0_Channel_IRQHandler</STRONG> (Thumb, 0 bytes, Stack size 0 bytes, startup_gd32f30x_hd.o(.text))
<BR>[Address Reference Count : 1]<UL><LI> startup_gd32f30x_hd.o(RESET)
</UL>
<P><STRONG><a name="[25]"></a>TIMER0_TRG_CMT_IRQHandler</STRONG> (Thumb, 0 bytes, Stack size 0 bytes, startup_gd32f30x_hd.o(.text))
<BR>[Address Reference Count : 1]<UL><LI> startup_gd32f30x_hd.o(RESET)
</UL>
<P><STRONG><a name="[24]"></a>TIMER0_UP_IRQHandler</STRONG> (Thumb, 0 bytes, Stack size 0 bytes, startup_gd32f30x_hd.o(.text))
<BR>[Address Reference Count : 1]<UL><LI> startup_gd32f30x_hd.o(RESET)
</UL>
<P><STRONG><a name="[27]"></a>TIMER1_IRQHandler</STRONG> (Thumb, 0 bytes, Stack size 0 bytes, startup_gd32f30x_hd.o(.text))
<BR>[Address Reference Count : 1]<UL><LI> startup_gd32f30x_hd.o(RESET)
</UL>
<P><STRONG><a name="[28]"></a>TIMER2_IRQHandler</STRONG> (Thumb, 0 bytes, Stack size 0 bytes, startup_gd32f30x_hd.o(.text))
<BR>[Address Reference Count : 1]<UL><LI> startup_gd32f30x_hd.o(RESET)
</UL>
<P><STRONG><a name="[29]"></a>TIMER3_IRQHandler</STRONG> (Thumb, 0 bytes, Stack size 0 bytes, startup_gd32f30x_hd.o(.text))
<BR>[Address Reference Count : 1]<UL><LI> startup_gd32f30x_hd.o(RESET)
</UL>
<P><STRONG><a name="[3d]"></a>TIMER4_IRQHandler</STRONG> (Thumb, 0 bytes, Stack size 0 bytes, startup_gd32f30x_hd.o(.text))
<BR>[Address Reference Count : 1]<UL><LI> startup_gd32f30x_hd.o(RESET)
</UL>
<P><STRONG><a name="[41]"></a>TIMER5_IRQHandler</STRONG> (Thumb, 0 bytes, Stack size 0 bytes, startup_gd32f30x_hd.o(.text))
<BR>[Address Reference Count : 1]<UL><LI> startup_gd32f30x_hd.o(RESET)
</UL>
<P><STRONG><a name="[42]"></a>TIMER6_IRQHandler</STRONG> (Thumb, 0 bytes, Stack size 0 bytes, startup_gd32f30x_hd.o(.text))
<BR>[Address Reference Count : 1]<UL><LI> startup_gd32f30x_hd.o(RESET)
</UL>
<P><STRONG><a name="[36]"></a>TIMER7_BRK_IRQHandler</STRONG> (Thumb, 0 bytes, Stack size 0 bytes, startup_gd32f30x_hd.o(.text))
<BR>[Address Reference Count : 1]<UL><LI> startup_gd32f30x_hd.o(RESET)
</UL>
<P><STRONG><a name="[39]"></a>TIMER7_Channel_IRQHandler</STRONG> (Thumb, 0 bytes, Stack size 0 bytes, startup_gd32f30x_hd.o(.text))
<BR>[Address Reference Count : 1]<UL><LI> startup_gd32f30x_hd.o(RESET)
</UL>
<P><STRONG><a name="[38]"></a>TIMER7_TRG_CMT_IRQHandler</STRONG> (Thumb, 0 bytes, Stack size 0 bytes, startup_gd32f30x_hd.o(.text))
<BR>[Address Reference Count : 1]<UL><LI> startup_gd32f30x_hd.o(RESET)
</UL>
<P><STRONG><a name="[37]"></a>TIMER7_UP_IRQHandler</STRONG> (Thumb, 0 bytes, Stack size 0 bytes, startup_gd32f30x_hd.o(.text))
<BR>[Address Reference Count : 1]<UL><LI> startup_gd32f30x_hd.o(RESET)
</UL>
<P><STRONG><a name="[3f]"></a>UART3_IRQHandler</STRONG> (Thumb, 0 bytes, Stack size 0 bytes, startup_gd32f30x_hd.o(.text))
<BR>[Address Reference Count : 1]<UL><LI> startup_gd32f30x_hd.o(RESET)
</UL>
<P><STRONG><a name="[40]"></a>UART4_IRQHandler</STRONG> (Thumb, 0 bytes, Stack size 0 bytes, startup_gd32f30x_hd.o(.text))
<BR>[Address Reference Count : 1]<UL><LI> startup_gd32f30x_hd.o(RESET)
</UL>
<P><STRONG><a name="[31]"></a>USART1_IRQHandler</STRONG> (Thumb, 0 bytes, Stack size 0 bytes, startup_gd32f30x_hd.o(.text))
<BR>[Address Reference Count : 1]<UL><LI> startup_gd32f30x_hd.o(RESET)
</UL>
<P><STRONG><a name="[32]"></a>USART2_IRQHandler</STRONG> (Thumb, 0 bytes, Stack size 0 bytes, startup_gd32f30x_hd.o(.text))
<BR>[Address Reference Count : 1]<UL><LI> startup_gd32f30x_hd.o(RESET)
</UL>
<P><STRONG><a name="[1e]"></a>USBD_HP_CAN0_TX_IRQHandler</STRONG> (Thumb, 0 bytes, Stack size 0 bytes, startup_gd32f30x_hd.o(.text))
<BR>[Address Reference Count : 1]<UL><LI> startup_gd32f30x_hd.o(RESET)
</UL>
<P><STRONG><a name="[1f]"></a>USBD_LP_CAN0_RX0_IRQHandler</STRONG> (Thumb, 0 bytes, Stack size 0 bytes, startup_gd32f30x_hd.o(.text))
<BR>[Address Reference Count : 1]<UL><LI> startup_gd32f30x_hd.o(RESET)
</UL>
<P><STRONG><a name="[35]"></a>USBD_WKUP_IRQHandler</STRONG> (Thumb, 0 bytes, Stack size 0 bytes, startup_gd32f30x_hd.o(.text))
<BR>[Address Reference Count : 1]<UL><LI> startup_gd32f30x_hd.o(RESET)
</UL>
<P><STRONG><a name="[b]"></a>WWDGT_IRQHandler</STRONG> (Thumb, 0 bytes, Stack size 0 bytes, startup_gd32f30x_hd.o(.text))
<BR>[Address Reference Count : 1]<UL><LI> startup_gd32f30x_hd.o(RESET)
</UL>
<P><STRONG><a name="[3]"></a>HardFault_Handler</STRONG> (Thumb, 12 bytes, Stack size 0 bytes, cmb_fault.o(.text))
<BR><BR>[Stack]<UL><LI>Max Depth = 328<LI>Call Chain = HardFault_Handler &rArr; cm_backtrace_fault &rArr; print_call_stack &rArr; cm_backtrace_call_stack &rArr; get_cur_thread_stack_info &rArr; __2printf
</UL>
<BR>[Calls]<UL><LI><a href="#[9b]">&gt;&gt;</a>&nbsp;&nbsp;&nbsp;cm_backtrace_fault
</UL>
<BR>[Address Reference Count : 1]<UL><LI> startup_gd32f30x_hd.o(RESET)
</UL>
<P><STRONG><a name="[9c]"></a>__aeabi_ldivmod</STRONG> (Thumb, 98 bytes, Stack size 24 bytes, ldiv.o(.text))
<BR><BR>[Stack]<UL><LI>Max Depth = 64<LI>Call Chain = __aeabi_ldivmod &rArr; __aeabi_uldivmod
</UL>
<BR>[Calls]<UL><LI><a href="#[9d]">&gt;&gt;</a>&nbsp;&nbsp;&nbsp;__aeabi_uldivmod
</UL>
<BR>[Called By]<UL><LI><a href="#[204]">&gt;&gt;</a>&nbsp;&nbsp;&nbsp;lFilter_MadianAverage
</UL>

<P><STRONG><a name="[9e]"></a>qsort</STRONG> (Thumb, 156 bytes, Stack size 40 bytes, qsort.o(.text))
<BR><BR>[Stack]<UL><LI>Max Depth = 40 + In Cycle
<LI>Call Chain = qsort &rArr;  qsort (Cycle)
</UL>
<BR>[Calls]<UL><LI><a href="#[9e]">&gt;&gt;</a>&nbsp;&nbsp;&nbsp;qsort
</UL>
<BR>[Called By]<UL><LI><a href="#[204]">&gt;&gt;</a>&nbsp;&nbsp;&nbsp;lFilter_MadianAverage
<LI><a href="#[9e]">&gt;&gt;</a>&nbsp;&nbsp;&nbsp;qsort
</UL>

<P><STRONG><a name="[332]"></a>___aeabi_memcpy8$move</STRONG> (Thumb, 0 bytes, Stack size 8 bytes, memmovea.o(.text), UNUSED)

<P><STRONG><a name="[b7]"></a>__aeabi_memcpy</STRONG> (Thumb, 64 bytes, Stack size 8 bytes, memmovea.o(.text))
<BR><BR>[Stack]<UL><LI>Max Depth = 8<LI>Call Chain = __aeabi_memcpy
</UL>
<BR>[Called By]<UL><LI><a href="#[22c]">&gt;&gt;</a>&nbsp;&nbsp;&nbsp;prvCopyDataToQueue
<LI><a href="#[22b]">&gt;&gt;</a>&nbsp;&nbsp;&nbsp;prvCopyDataFromQueue
<LI><a href="#[102]">&gt;&gt;</a>&nbsp;&nbsp;&nbsp;align_write
<LI><a href="#[172]">&gt;&gt;</a>&nbsp;&nbsp;&nbsp;cApp_MemParamInit
<LI><a href="#[b8]">&gt;&gt;</a>&nbsp;&nbsp;&nbsp;SEGGER_RTT_WriteSkipNoLock
<LI><a href="#[b6]">&gt;&gt;</a>&nbsp;&nbsp;&nbsp;SEGGER_RTT_ReadNoLock
<LI><a href="#[206]">&gt;&gt;</a>&nbsp;&nbsp;&nbsp;lwrb_write_ex
<LI><a href="#[205]">&gt;&gt;</a>&nbsp;&nbsp;&nbsp;lwrb_read_ex
<LI><a href="#[17b]">&gt;&gt;</a>&nbsp;&nbsp;&nbsp;cBaiku_ProtoCreate
<LI><a href="#[183]">&gt;&gt;</a>&nbsp;&nbsp;&nbsp;c_get_console_ver_info
<LI><a href="#[192]">&gt;&gt;</a>&nbsp;&nbsp;&nbsp;c_relay84_set_print_state
<LI><a href="#[18e]">&gt;&gt;</a>&nbsp;&nbsp;&nbsp;c_relay40_set_chg_pwr
<LI><a href="#[18d]">&gt;&gt;</a>&nbsp;&nbsp;&nbsp;c_relay14_sysinfo_param
<LI><a href="#[2c4]">&gt;&gt;</a>&nbsp;&nbsp;&nbsp;v_disp_spi_dma_send_byte
</UL>

<P><STRONG><a name="[1a2]"></a>__aeabi_memcpy4</STRONG> (Thumb, 0 bytes, Stack size 8 bytes, memmovea.o(.text))
<BR><BR>[Stack]<UL><LI>Max Depth = 8<LI>Call Chain = __aeabi_memcpy4
</UL>
<BR>[Called By]<UL><LI><a href="#[103]">&gt;&gt;</a>&nbsp;&nbsp;&nbsp;ef_port_write
<LI><a href="#[9b]">&gt;&gt;</a>&nbsp;&nbsp;&nbsp;cm_backtrace_fault
</UL>

<P><STRONG><a name="[333]"></a>__aeabi_memmove</STRONG> (Thumb, 0 bytes, Stack size 8 bytes, memmovea.o(.text), UNUSED)

<P><STRONG><a name="[334]"></a>__aeabi_memmove4</STRONG> (Thumb, 0 bytes, Stack size 8 bytes, memmovea.o(.text), UNUSED)

<P><STRONG><a name="[335]"></a>__aeabi_memmove8</STRONG> (Thumb, 0 bytes, Stack size 8 bytes, memmovea.o(.text), UNUSED)

<P><STRONG><a name="[a0]"></a>__aeabi_memset</STRONG> (Thumb, 14 bytes, Stack size 0 bytes, memseta.o(.text))
<BR><BR>[Called By]<UL><LI><a href="#[1fb]">&gt;&gt;</a>&nbsp;&nbsp;&nbsp;set_status
<LI><a href="#[19c]">&gt;&gt;</a>&nbsp;&nbsp;&nbsp;format_sector
<LI><a href="#[1ae]">&gt;&gt;</a>&nbsp;&nbsp;&nbsp;create_env_blob
<LI><a href="#[102]">&gt;&gt;</a>&nbsp;&nbsp;&nbsp;align_write
<LI><a href="#[123]">&gt;&gt;</a>&nbsp;&nbsp;&nbsp;elog_output
<LI><a href="#[a1]">&gt;&gt;</a>&nbsp;&nbsp;&nbsp;memset
<LI><a href="#[9f]">&gt;&gt;</a>&nbsp;&nbsp;&nbsp;__aeabi_memclr
</UL>

<P><STRONG><a name="[336]"></a>__aeabi_memset4</STRONG> (Thumb, 0 bytes, Stack size 0 bytes, memseta.o(.text), UNUSED)

<P><STRONG><a name="[337]"></a>__aeabi_memset8</STRONG> (Thumb, 0 bytes, Stack size 0 bytes, memseta.o(.text), UNUSED)

<P><STRONG><a name="[9f]"></a>__aeabi_memclr</STRONG> (Thumb, 4 bytes, Stack size 0 bytes, memseta.o(.text))
<BR><BR>[Calls]<UL><LI><a href="#[a0]">&gt;&gt;</a>&nbsp;&nbsp;&nbsp;__aeabi_memset
</UL>
<BR>[Called By]<UL><LI><a href="#[250]">&gt;&gt;</a>&nbsp;&nbsp;&nbsp;u8g2_ClearBuffer
<LI><a href="#[1e0]">&gt;&gt;</a>&nbsp;&nbsp;&nbsp;elog_set_filter_tag_lvl_default
<LI><a href="#[2af]">&gt;&gt;</a>&nbsp;&nbsp;&nbsp;vDisp_PageInitContext
<LI><a href="#[12c]">&gt;&gt;</a>&nbsp;&nbsp;&nbsp;v_disp_param_init
<LI><a href="#[114]">&gt;&gt;</a>&nbsp;&nbsp;&nbsp;v_disp_page_set_hint
</UL>

<P><STRONG><a name="[d8]"></a>__aeabi_memclr4</STRONG> (Thumb, 0 bytes, Stack size 0 bytes, memseta.o(.text))
<BR><BR>[Called By]<UL><LI><a href="#[199]">&gt;&gt;</a>&nbsp;&nbsp;&nbsp;move_env
<LI><a href="#[d7]">&gt;&gt;</a>&nbsp;&nbsp;&nbsp;SYSVIEW_DeleteTask
<LI><a href="#[b3]">&gt;&gt;</a>&nbsp;&nbsp;&nbsp;_DoInit
<LI><a href="#[1a9]">&gt;&gt;</a>&nbsp;&nbsp;&nbsp;print_call_stack
<LI><a href="#[d6]">&gt;&gt;</a>&nbsp;&nbsp;&nbsp;SYSVIEW_SendTaskInfo
<LI><a href="#[16d]">&gt;&gt;</a>&nbsp;&nbsp;&nbsp;b_task_param_init
<LI><a href="#[29d]">&gt;&gt;</a>&nbsp;&nbsp;&nbsp;v_adc_param_init
<LI><a href="#[196]">&gt;&gt;</a>&nbsp;&nbsp;&nbsp;c_relay_console_info
<LI><a href="#[18d]">&gt;&gt;</a>&nbsp;&nbsp;&nbsp;c_relay14_sysinfo_param
<LI><a href="#[187]">&gt;&gt;</a>&nbsp;&nbsp;&nbsp;c_relay08_param
<LI><a href="#[62]">&gt;&gt;</a>&nbsp;&nbsp;&nbsp;v_print_queue_task_reply_app_info
<LI><a href="#[2b5]">&gt;&gt;</a>&nbsp;&nbsp;&nbsp;v_disp_collect_snapshot
<LI><a href="#[2c7]">&gt;&gt;</a>&nbsp;&nbsp;&nbsp;vKey_ParamInit
</UL>

<P><STRONG><a name="[338]"></a>__aeabi_memclr8</STRONG> (Thumb, 0 bytes, Stack size 0 bytes, memseta.o(.text), UNUSED)

<P><STRONG><a name="[a1]"></a>memset</STRONG> (Thumb, 18 bytes, Stack size 8 bytes, memseta.o(.text), UNUSED)
<BR><BR>[Calls]<UL><LI><a href="#[a0]">&gt;&gt;</a>&nbsp;&nbsp;&nbsp;__aeabi_memset
</UL>

<P><STRONG><a name="[1e1]"></a>strstr</STRONG> (Thumb, 36 bytes, Stack size 12 bytes, strstr.o(.text))
<BR><BR>[Stack]<UL><LI>Max Depth = 12<LI>Call Chain = strstr
</UL>
<BR>[Called By]<UL><LI><a href="#[123]">&gt;&gt;</a>&nbsp;&nbsp;&nbsp;elog_output
</UL>

<P><STRONG><a name="[1ab]"></a>strncpy</STRONG> (Thumb, 24 bytes, Stack size 8 bytes, strncpy.o(.text))
<BR><BR>[Stack]<UL><LI>Max Depth = 8<LI>Call Chain = strncpy
</UL>
<BR>[Called By]<UL><LI><a href="#[199]">&gt;&gt;</a>&nbsp;&nbsp;&nbsp;move_env
<LI><a href="#[1aa]">&gt;&gt;</a>&nbsp;&nbsp;&nbsp;cm_backtrace_init
<LI><a href="#[304]">&gt;&gt;</a>&nbsp;&nbsp;&nbsp;v_disp_make_home_line
<LI><a href="#[114]">&gt;&gt;</a>&nbsp;&nbsp;&nbsp;v_disp_page_set_hint
</UL>

<P><STRONG><a name="[1af]"></a>strlen</STRONG> (Thumb, 14 bytes, Stack size 0 bytes, strlen.o(.text))
<BR><BR>[Called By]<UL><LI><a href="#[1ca]">&gt;&gt;</a>&nbsp;&nbsp;&nbsp;ef_env_set_default
<LI><a href="#[1d6]">&gt;&gt;</a>&nbsp;&nbsp;&nbsp;set_env
<LI><a href="#[6d]">&gt;&gt;</a>&nbsp;&nbsp;&nbsp;find_env_cb
<LI><a href="#[1b7]">&gt;&gt;</a>&nbsp;&nbsp;&nbsp;find_env
<LI><a href="#[1b6]">&gt;&gt;</a>&nbsp;&nbsp;&nbsp;del_env
<LI><a href="#[1ae]">&gt;&gt;</a>&nbsp;&nbsp;&nbsp;create_env_blob
<LI><a href="#[123]">&gt;&gt;</a>&nbsp;&nbsp;&nbsp;elog_output
<LI><a href="#[304]">&gt;&gt;</a>&nbsp;&nbsp;&nbsp;v_disp_make_home_line
<LI><a href="#[301]">&gt;&gt;</a>&nbsp;&nbsp;&nbsp;v_disp_draw_home_head_value
<LI><a href="#[300]">&gt;&gt;</a>&nbsp;&nbsp;&nbsp;v_disp_draw_full_top_bar
</UL>

<P><STRONG><a name="[173]"></a>strcmp</STRONG> (Thumb, 28 bytes, Stack size 8 bytes, strcmp.o(.text))
<BR><BR>[Stack]<UL><LI>Max Depth = 8<LI>Call Chain = strcmp
</UL>
<BR>[Called By]<UL><LI><a href="#[172]">&gt;&gt;</a>&nbsp;&nbsp;&nbsp;cApp_MemParamInit
<LI><a href="#[169]">&gt;&gt;</a>&nbsp;&nbsp;&nbsp;cApp_UpdataMemParam
<LI><a href="#[170]">&gt;&gt;</a>&nbsp;&nbsp;&nbsp;cApp_GetMemParam
<LI><a href="#[220]">&gt;&gt;</a>&nbsp;&nbsp;&nbsp;pc_disp_short_mode
</UL>

<P><STRONG><a name="[d5]"></a>memcmp</STRONG> (Thumb, 26 bytes, Stack size 12 bytes, memcmp.o(.text))
<BR><BR>[Stack]<UL><LI>Max Depth = 12<LI>Call Chain = memcmp
</UL>
<BR>[Called By]<UL><LI><a href="#[d4]">&gt;&gt;</a>&nbsp;&nbsp;&nbsp;SYSVIEW_AddTask
</UL>

<P><STRONG><a name="[308]"></a>strcpy</STRONG> (Thumb, 18 bytes, Stack size 0 bytes, strcpy.o(.text))
<BR><BR>[Called By]<UL><LI><a href="#[306]">&gt;&gt;</a>&nbsp;&nbsp;&nbsp;v_disp_draw_home_tab_body
</UL>

<P><STRONG><a name="[1d9]"></a>strncmp</STRONG> (Thumb, 30 bytes, Stack size 12 bytes, strncmp.o(.text))
<BR><BR>[Stack]<UL><LI>Max Depth = 12<LI>Call Chain = strncmp
</UL>
<BR>[Called By]<UL><LI><a href="#[1f3]">&gt;&gt;</a>&nbsp;&nbsp;&nbsp;get_env_from_cache
<LI><a href="#[6d]">&gt;&gt;</a>&nbsp;&nbsp;&nbsp;find_env_cb
<LI><a href="#[1d7]">&gt;&gt;</a>&nbsp;&nbsp;&nbsp;elog_get_filter_tag_lvl
</UL>

<P><STRONG><a name="[a2]"></a>__aeabi_dadd</STRONG> (Thumb, 322 bytes, Stack size 48 bytes, dadd.o(.text))
<BR><BR>[Stack]<UL><LI>Max Depth = 88<LI>Call Chain = __aeabi_dadd &rArr; _double_epilogue &rArr; _double_round
</UL>
<BR>[Calls]<UL><LI><a href="#[a6]">&gt;&gt;</a>&nbsp;&nbsp;&nbsp;_double_round
<LI><a href="#[a5]">&gt;&gt;</a>&nbsp;&nbsp;&nbsp;_double_epilogue
<LI><a href="#[a4]">&gt;&gt;</a>&nbsp;&nbsp;&nbsp;__aeabi_lasr
<LI><a href="#[a3]">&gt;&gt;</a>&nbsp;&nbsp;&nbsp;__aeabi_llsl
</UL>
<BR>[Called By]<UL><LI><a href="#[a7]">&gt;&gt;</a>&nbsp;&nbsp;&nbsp;__aeabi_dsub
<LI><a href="#[a8]">&gt;&gt;</a>&nbsp;&nbsp;&nbsp;__aeabi_drsub
<LI><a href="#[f0]">&gt;&gt;</a>&nbsp;&nbsp;&nbsp;_fp_digits
<LI><a href="#[e8]">&gt;&gt;</a>&nbsp;&nbsp;&nbsp;__hardfp_log
<LI><a href="#[ee]">&gt;&gt;</a>&nbsp;&nbsp;&nbsp;__kernel_poly
<LI><a href="#[e9]">&gt;&gt;</a>&nbsp;&nbsp;&nbsp;__mathlib_dbl_infnan
</UL>

<P><STRONG><a name="[a7]"></a>__aeabi_dsub</STRONG> (Thumb, 6 bytes, Stack size 0 bytes, dadd.o(.text))
<BR><BR>[Stack]<UL><LI>Max Depth = 88<LI>Call Chain = __aeabi_dsub &rArr; __aeabi_dadd &rArr; _double_epilogue &rArr; _double_round
</UL>
<BR>[Calls]<UL><LI><a href="#[a2]">&gt;&gt;</a>&nbsp;&nbsp;&nbsp;__aeabi_dadd
</UL>
<BR>[Called By]<UL><LI><a href="#[e8]">&gt;&gt;</a>&nbsp;&nbsp;&nbsp;__hardfp_log
</UL>

<P><STRONG><a name="[a8]"></a>__aeabi_drsub</STRONG> (Thumb, 6 bytes, Stack size 0 bytes, dadd.o(.text))
<BR><BR>[Stack]<UL><LI>Max Depth = 88<LI>Call Chain = __aeabi_drsub &rArr; __aeabi_dadd &rArr; _double_epilogue &rArr; _double_round
</UL>
<BR>[Calls]<UL><LI><a href="#[a2]">&gt;&gt;</a>&nbsp;&nbsp;&nbsp;__aeabi_dadd
</UL>
<BR>[Called By]<UL><LI><a href="#[76]">&gt;&gt;</a>&nbsp;&nbsp;&nbsp;vAdc_Task
<LI><a href="#[e8]">&gt;&gt;</a>&nbsp;&nbsp;&nbsp;__hardfp_log
</UL>

<P><STRONG><a name="[a9]"></a>__aeabi_dmul</STRONG> (Thumb, 228 bytes, Stack size 48 bytes, dmul.o(.text))
<BR><BR>[Stack]<UL><LI>Max Depth = 88<LI>Call Chain = __aeabi_dmul &rArr; _double_epilogue &rArr; _double_round
</UL>
<BR>[Calls]<UL><LI><a href="#[a5]">&gt;&gt;</a>&nbsp;&nbsp;&nbsp;_double_epilogue
</UL>
<BR>[Called By]<UL><LI><a href="#[76]">&gt;&gt;</a>&nbsp;&nbsp;&nbsp;vAdc_Task
<LI><a href="#[f0]">&gt;&gt;</a>&nbsp;&nbsp;&nbsp;_fp_digits
<LI><a href="#[e8]">&gt;&gt;</a>&nbsp;&nbsp;&nbsp;__hardfp_log
<LI><a href="#[ee]">&gt;&gt;</a>&nbsp;&nbsp;&nbsp;__kernel_poly
</UL>

<P><STRONG><a name="[aa]"></a>__aeabi_ddiv</STRONG> (Thumb, 222 bytes, Stack size 32 bytes, ddiv.o(.text))
<BR><BR>[Stack]<UL><LI>Max Depth = 40<LI>Call Chain = __aeabi_ddiv &rArr; _double_round
</UL>
<BR>[Calls]<UL><LI><a href="#[a6]">&gt;&gt;</a>&nbsp;&nbsp;&nbsp;_double_round
</UL>
<BR>[Called By]<UL><LI><a href="#[f0]">&gt;&gt;</a>&nbsp;&nbsp;&nbsp;_fp_digits
<LI><a href="#[e8]">&gt;&gt;</a>&nbsp;&nbsp;&nbsp;__hardfp_log
<LI><a href="#[eb]">&gt;&gt;</a>&nbsp;&nbsp;&nbsp;__mathlib_dbl_invalid
<LI><a href="#[ec]">&gt;&gt;</a>&nbsp;&nbsp;&nbsp;__mathlib_dbl_divzero
</UL>

<P><STRONG><a name="[ab]"></a>__aeabi_d2iz</STRONG> (Thumb, 62 bytes, Stack size 16 bytes, dfixi.o(.text))
<BR><BR>[Stack]<UL><LI>Max Depth = 16<LI>Call Chain = __aeabi_d2iz
</UL>
<BR>[Calls]<UL><LI><a href="#[ac]">&gt;&gt;</a>&nbsp;&nbsp;&nbsp;__aeabi_llsr
</UL>
<BR>[Called By]<UL><LI><a href="#[76]">&gt;&gt;</a>&nbsp;&nbsp;&nbsp;vAdc_Task
</UL>

<P><STRONG><a name="[29a]"></a>__aeabi_f2d</STRONG> (Thumb, 38 bytes, Stack size 0 bytes, f2d.o(.text))
<BR><BR>[Called By]<UL><LI><a href="#[76]">&gt;&gt;</a>&nbsp;&nbsp;&nbsp;vAdc_Task
</UL>

<P><STRONG><a name="[ed]"></a>__aeabi_cdcmpeq</STRONG> (Thumb, 0 bytes, Stack size 0 bytes, cdcmple.o(.text))
<BR><BR>[Called By]<UL><LI><a href="#[e8]">&gt;&gt;</a>&nbsp;&nbsp;&nbsp;__hardfp_log
</UL>

<P><STRONG><a name="[29b]"></a>__aeabi_cdcmple</STRONG> (Thumb, 48 bytes, Stack size 0 bytes, cdcmple.o(.text))
<BR><BR>[Called By]<UL><LI><a href="#[76]">&gt;&gt;</a>&nbsp;&nbsp;&nbsp;vAdc_Task
</UL>

<P><STRONG><a name="[f1]"></a>__aeabi_cdrcmple</STRONG> (Thumb, 48 bytes, Stack size 0 bytes, cdrcmple.o(.text))
<BR><BR>[Called By]<UL><LI><a href="#[76]">&gt;&gt;</a>&nbsp;&nbsp;&nbsp;vAdc_Task
<LI><a href="#[f0]">&gt;&gt;</a>&nbsp;&nbsp;&nbsp;_fp_digits
</UL>

<P><STRONG><a name="[339]"></a>__aeabi_uidiv</STRONG> (Thumb, 0 bytes, Stack size 12 bytes, uidiv.o(.text), UNUSED)

<P><STRONG><a name="[f4]"></a>__aeabi_uidivmod</STRONG> (Thumb, 44 bytes, Stack size 12 bytes, uidiv.o(.text), UNUSED)
<BR><BR>[Called By]<UL><LI><a href="#[e3]">&gt;&gt;</a>&nbsp;&nbsp;&nbsp;_printf_core
</UL>

<P><STRONG><a name="[9d]"></a>__aeabi_uldivmod</STRONG> (Thumb, 98 bytes, Stack size 40 bytes, uldiv.o(.text))
<BR><BR>[Stack]<UL><LI>Max Depth = 40<LI>Call Chain = __aeabi_uldivmod
</UL>
<BR>[Calls]<UL><LI><a href="#[ac]">&gt;&gt;</a>&nbsp;&nbsp;&nbsp;__aeabi_llsr
<LI><a href="#[a3]">&gt;&gt;</a>&nbsp;&nbsp;&nbsp;__aeabi_llsl
</UL>
<BR>[Called By]<UL><LI><a href="#[e3]">&gt;&gt;</a>&nbsp;&nbsp;&nbsp;_printf_core
<LI><a href="#[f0]">&gt;&gt;</a>&nbsp;&nbsp;&nbsp;_fp_digits
<LI><a href="#[9c]">&gt;&gt;</a>&nbsp;&nbsp;&nbsp;__aeabi_ldivmod
</UL>

<P><STRONG><a name="[a3]"></a>__aeabi_llsl</STRONG> (Thumb, 30 bytes, Stack size 0 bytes, llshl.o(.text))
<BR><BR>[Called By]<UL><LI><a href="#[a2]">&gt;&gt;</a>&nbsp;&nbsp;&nbsp;__aeabi_dadd
<LI><a href="#[a5]">&gt;&gt;</a>&nbsp;&nbsp;&nbsp;_double_epilogue
<LI><a href="#[ae]">&gt;&gt;</a>&nbsp;&nbsp;&nbsp;__aeabi_d2ulz
<LI><a href="#[9d]">&gt;&gt;</a>&nbsp;&nbsp;&nbsp;__aeabi_uldivmod
</UL>

<P><STRONG><a name="[33a]"></a>_ll_shift_l</STRONG> (Thumb, 0 bytes, Stack size 0 bytes, llshl.o(.text), UNUSED)

<P><STRONG><a name="[ac]"></a>__aeabi_llsr</STRONG> (Thumb, 32 bytes, Stack size 0 bytes, llushr.o(.text))
<BR><BR>[Called By]<UL><LI><a href="#[ab]">&gt;&gt;</a>&nbsp;&nbsp;&nbsp;__aeabi_d2iz
<LI><a href="#[a5]">&gt;&gt;</a>&nbsp;&nbsp;&nbsp;_double_epilogue
<LI><a href="#[ae]">&gt;&gt;</a>&nbsp;&nbsp;&nbsp;__aeabi_d2ulz
<LI><a href="#[9d]">&gt;&gt;</a>&nbsp;&nbsp;&nbsp;__aeabi_uldivmod
</UL>

<P><STRONG><a name="[33b]"></a>_ll_ushift_r</STRONG> (Thumb, 0 bytes, Stack size 0 bytes, llushr.o(.text), UNUSED)

<P><STRONG><a name="[a4]"></a>__aeabi_lasr</STRONG> (Thumb, 36 bytes, Stack size 0 bytes, llsshr.o(.text))
<BR><BR>[Called By]<UL><LI><a href="#[a2]">&gt;&gt;</a>&nbsp;&nbsp;&nbsp;__aeabi_dadd
</UL>

<P><STRONG><a name="[33c]"></a>_ll_sshift_r</STRONG> (Thumb, 0 bytes, Stack size 0 bytes, llsshr.o(.text), UNUSED)

<P><STRONG><a name="[33d]"></a>__I$use$fp</STRONG> (Thumb, 0 bytes, Stack size 8 bytes, iusefp.o(.text), UNUSED)

<P><STRONG><a name="[a6]"></a>_double_round</STRONG> (Thumb, 30 bytes, Stack size 8 bytes, depilogue.o(.text))
<BR><BR>[Stack]<UL><LI>Max Depth = 8<LI>Call Chain = _double_round
</UL>
<BR>[Called By]<UL><LI><a href="#[aa]">&gt;&gt;</a>&nbsp;&nbsp;&nbsp;__aeabi_ddiv
<LI><a href="#[a2]">&gt;&gt;</a>&nbsp;&nbsp;&nbsp;__aeabi_dadd
<LI><a href="#[a5]">&gt;&gt;</a>&nbsp;&nbsp;&nbsp;_double_epilogue
</UL>

<P><STRONG><a name="[a5]"></a>_double_epilogue</STRONG> (Thumb, 156 bytes, Stack size 32 bytes, depilogue.o(.text))
<BR><BR>[Stack]<UL><LI>Max Depth = 40<LI>Call Chain = _double_epilogue &rArr; _double_round
</UL>
<BR>[Calls]<UL><LI><a href="#[a6]">&gt;&gt;</a>&nbsp;&nbsp;&nbsp;_double_round
<LI><a href="#[ac]">&gt;&gt;</a>&nbsp;&nbsp;&nbsp;__aeabi_llsr
<LI><a href="#[a3]">&gt;&gt;</a>&nbsp;&nbsp;&nbsp;__aeabi_llsl
</UL>
<BR>[Called By]<UL><LI><a href="#[a9]">&gt;&gt;</a>&nbsp;&nbsp;&nbsp;__aeabi_dmul
<LI><a href="#[a2]">&gt;&gt;</a>&nbsp;&nbsp;&nbsp;__aeabi_dadd
<LI><a href="#[ad]">&gt;&gt;</a>&nbsp;&nbsp;&nbsp;__aeabi_i2d
</UL>

<P><STRONG><a name="[ad]"></a>__aeabi_i2d</STRONG> (Thumb, 34 bytes, Stack size 16 bytes, dflti.o(.text))
<BR><BR>[Stack]<UL><LI>Max Depth = 56<LI>Call Chain = __aeabi_i2d &rArr; _double_epilogue &rArr; _double_round
</UL>
<BR>[Calls]<UL><LI><a href="#[a5]">&gt;&gt;</a>&nbsp;&nbsp;&nbsp;_double_epilogue
</UL>
<BR>[Called By]<UL><LI><a href="#[e8]">&gt;&gt;</a>&nbsp;&nbsp;&nbsp;__hardfp_log
</UL>

<P><STRONG><a name="[ae]"></a>__aeabi_d2ulz</STRONG> (Thumb, 48 bytes, Stack size 0 bytes, dfixul.o(.text), UNUSED)
<BR><BR>[Calls]<UL><LI><a href="#[ac]">&gt;&gt;</a>&nbsp;&nbsp;&nbsp;__aeabi_llsr
<LI><a href="#[a3]">&gt;&gt;</a>&nbsp;&nbsp;&nbsp;__aeabi_llsl
</UL>
<BR>[Called By]<UL><LI><a href="#[f0]">&gt;&gt;</a>&nbsp;&nbsp;&nbsp;_fp_digits
</UL>

<P><STRONG><a name="[99]"></a>__scatterload</STRONG> (Thumb, 28 bytes, Stack size 0 bytes, init.o(.text))
<BR><BR>[Calls]<UL><LI><a href="#[af]">&gt;&gt;</a>&nbsp;&nbsp;&nbsp;__main_after_scatterload
</UL>
<BR>[Called By]<UL><LI><a href="#[98]">&gt;&gt;</a>&nbsp;&nbsp;&nbsp;_main_scatterload
</UL>

<P><STRONG><a name="[33e]"></a>__scatterload_rt2</STRONG> (Thumb, 0 bytes, Stack size 0 bytes, init.o(.text), UNUSED)

<P><STRONG><a name="[33f]"></a>__decompress</STRONG> (Thumb, 0 bytes, Stack size unknown bytes, __dczerorl2.o(.text), UNUSED)

<P><STRONG><a name="[340]"></a>__decompress1</STRONG> (Thumb, 86 bytes, Stack size unknown bytes, __dczerorl2.o(.text), UNUSED)

<P><STRONG><a name="[5]"></a>BusFault_Handler</STRONG> (Thumb, 4 bytes, Stack size 0 bytes, gd32f30x_it.o(i.BusFault_Handler))
<BR>[Address Reference Count : 1]<UL><LI> startup_gd32f30x_hd.o(RESET)
</UL>
<P><STRONG><a name="[8]"></a>DebugMon_Handler</STRONG> (Thumb, 2 bytes, Stack size 0 bytes, gd32f30x_it.o(i.DebugMon_Handler))
<BR>[Address Reference Count : 1]<UL><LI> startup_gd32f30x_hd.o(RESET)
</UL>
<P><STRONG><a name="[11]"></a>EXTI0_IRQHandler</STRONG> (Thumb, 18 bytes, Stack size 8 bytes, gd32f30x_it.o(i.EXTI0_IRQHandler))
<BR><BR>[Stack]<UL><LI>Max Depth = 8<LI>Call Chain = EXTI0_IRQHandler
</UL>
<BR>[Calls]<UL><LI><a href="#[b0]">&gt;&gt;</a>&nbsp;&nbsp;&nbsp;exti_interrupt_flag_get
<LI><a href="#[b1]">&gt;&gt;</a>&nbsp;&nbsp;&nbsp;exti_interrupt_flag_clear
</UL>
<BR>[Address Reference Count : 1]<UL><LI> startup_gd32f30x_hd.o(RESET)
</UL>
<P><STRONG><a name="[33]"></a>EXTI10_15_IRQHandler</STRONG> (Thumb, 22 bytes, Stack size 8 bytes, gd32f30x_it.o(i.EXTI10_15_IRQHandler))
<BR><BR>[Stack]<UL><LI>Max Depth = 8<LI>Call Chain = EXTI10_15_IRQHandler
</UL>
<BR>[Calls]<UL><LI><a href="#[b0]">&gt;&gt;</a>&nbsp;&nbsp;&nbsp;exti_interrupt_flag_get
<LI><a href="#[b1]">&gt;&gt;</a>&nbsp;&nbsp;&nbsp;exti_interrupt_flag_clear
</UL>
<BR>[Address Reference Count : 1]<UL><LI> startup_gd32f30x_hd.o(RESET)
</UL>
<P><STRONG><a name="[4]"></a>MemManage_Handler</STRONG> (Thumb, 4 bytes, Stack size 0 bytes, gd32f30x_it.o(i.MemManage_Handler))
<BR>[Address Reference Count : 1]<UL><LI> startup_gd32f30x_hd.o(RESET)
</UL>
<P><STRONG><a name="[2]"></a>NMI_Handler</STRONG> (Thumb, 2 bytes, Stack size 0 bytes, gd32f30x_it.o(i.NMI_Handler))
<BR>[Address Reference Count : 1]<UL><LI> startup_gd32f30x_hd.o(RESET)
</UL>
<P><STRONG><a name="[b2]"></a>SEGGER_RTT_AllocUpBuffer</STRONG> (Thumb, 194 bytes, Stack size 32 bytes, segger_rtt.o(i.SEGGER_RTT_AllocUpBuffer))
<BR><BR>[Stack]<UL><LI>Max Depth = 48<LI>Call Chain = SEGGER_RTT_AllocUpBuffer &rArr; _DoInit
</UL>
<BR>[Calls]<UL><LI><a href="#[b3]">&gt;&gt;</a>&nbsp;&nbsp;&nbsp;_DoInit
</UL>
<BR>[Called By]<UL><LI><a href="#[ba]">&gt;&gt;</a>&nbsp;&nbsp;&nbsp;SEGGER_SYSVIEW_Init
</UL>

<P><STRONG><a name="[b4]"></a>SEGGER_RTT_ConfigDownBuffer</STRONG> (Thumb, 114 bytes, Stack size 40 bytes, segger_rtt.o(i.SEGGER_RTT_ConfigDownBuffer))
<BR><BR>[Stack]<UL><LI>Max Depth = 56<LI>Call Chain = SEGGER_RTT_ConfigDownBuffer &rArr; _DoInit
</UL>
<BR>[Calls]<UL><LI><a href="#[b3]">&gt;&gt;</a>&nbsp;&nbsp;&nbsp;_DoInit
</UL>
<BR>[Called By]<UL><LI><a href="#[ba]">&gt;&gt;</a>&nbsp;&nbsp;&nbsp;SEGGER_SYSVIEW_Init
</UL>

<P><STRONG><a name="[b5]"></a>SEGGER_RTT_Init</STRONG> (Thumb, 8 bytes, Stack size 8 bytes, segger_rtt.o(i.SEGGER_RTT_Init))
<BR><BR>[Stack]<UL><LI>Max Depth = 24<LI>Call Chain = SEGGER_RTT_Init &rArr; _DoInit
</UL>
<BR>[Calls]<UL><LI><a href="#[b3]">&gt;&gt;</a>&nbsp;&nbsp;&nbsp;_DoInit
</UL>
<BR>[Called By]<UL><LI><a href="#[209]">&gt;&gt;</a>&nbsp;&nbsp;&nbsp;vBoard_SysInit
</UL>

<P><STRONG><a name="[b6]"></a>SEGGER_RTT_ReadNoLock</STRONG> (Thumb, 166 bytes, Stack size 56 bytes, segger_rtt.o(i.SEGGER_RTT_ReadNoLock))
<BR><BR>[Stack]<UL><LI>Max Depth = 72<LI>Call Chain = SEGGER_RTT_ReadNoLock &rArr; _DoInit
</UL>
<BR>[Calls]<UL><LI><a href="#[b3]">&gt;&gt;</a>&nbsp;&nbsp;&nbsp;_DoInit
<LI><a href="#[b7]">&gt;&gt;</a>&nbsp;&nbsp;&nbsp;__aeabi_memcpy
</UL>
<BR>[Called By]<UL><LI><a href="#[df]">&gt;&gt;</a>&nbsp;&nbsp;&nbsp;_HandleIncomingPacket
</UL>

<P><STRONG><a name="[b8]"></a>SEGGER_RTT_WriteSkipNoLock</STRONG> (Thumb, 154 bytes, Stack size 56 bytes, segger_rtt.o(i.SEGGER_RTT_WriteSkipNoLock))
<BR><BR>[Stack]<UL><LI>Max Depth = 64<LI>Call Chain = SEGGER_RTT_WriteSkipNoLock &rArr; __aeabi_memcpy
</UL>
<BR>[Calls]<UL><LI><a href="#[b7]">&gt;&gt;</a>&nbsp;&nbsp;&nbsp;__aeabi_memcpy
</UL>
<BR>[Called By]<UL><LI><a href="#[d0]">&gt;&gt;</a>&nbsp;&nbsp;&nbsp;SEGGER_SYSVIEW_Start
<LI><a href="#[e1]">&gt;&gt;</a>&nbsp;&nbsp;&nbsp;_TrySendOverflowPacket
<LI><a href="#[be]">&gt;&gt;</a>&nbsp;&nbsp;&nbsp;_SendPacket
</UL>

<P><STRONG><a name="[b9]"></a>SEGGER_SYSVIEW_Conf</STRONG> (Thumb, 26 bytes, Stack size 8 bytes, segger_sysview_config_freertos.o(i.SEGGER_SYSVIEW_Conf))
<BR><BR>[Stack]<UL><LI>Max Depth = 88<LI>Call Chain = SEGGER_SYSVIEW_Conf &rArr; SEGGER_SYSVIEW_Init &rArr; SEGGER_RTT_ConfigDownBuffer &rArr; _DoInit
</UL>
<BR>[Calls]<UL><LI><a href="#[bb]">&gt;&gt;</a>&nbsp;&nbsp;&nbsp;SEGGER_SYSVIEW_SetRAMBase
<LI><a href="#[ba]">&gt;&gt;</a>&nbsp;&nbsp;&nbsp;SEGGER_SYSVIEW_Init
</UL>
<BR>[Called By]<UL><LI><a href="#[209]">&gt;&gt;</a>&nbsp;&nbsp;&nbsp;vBoard_SysInit
</UL>

<P><STRONG><a name="[bc]"></a>SEGGER_SYSVIEW_GetSysDesc</STRONG> (Thumb, 180 bytes, Stack size 16 bytes, segger_sysview.o(i.SEGGER_SYSVIEW_GetSysDesc))
<BR><BR>[Stack]<UL><LI>Max Depth = 16 + In Cycle
<LI>Call Chain = SEGGER_SYSVIEW_GetSysDesc &rArr;  _SendPacket (Cycle)
</UL>
<BR>[Calls]<UL><LI><a href="#[be]">&gt;&gt;</a>&nbsp;&nbsp;&nbsp;_SendPacket
<LI><a href="#[bd]">&gt;&gt;</a>&nbsp;&nbsp;&nbsp;_PreparePacket
</UL>
<BR>[Called By]<UL><LI><a href="#[df]">&gt;&gt;</a>&nbsp;&nbsp;&nbsp;_HandleIncomingPacket
</UL>

<P><STRONG><a name="[ba]"></a>SEGGER_SYSVIEW_Init</STRONG> (Thumb, 78 bytes, Stack size 24 bytes, segger_sysview.o(i.SEGGER_SYSVIEW_Init))
<BR><BR>[Stack]<UL><LI>Max Depth = 80<LI>Call Chain = SEGGER_SYSVIEW_Init &rArr; SEGGER_RTT_ConfigDownBuffer &rArr; _DoInit
</UL>
<BR>[Calls]<UL><LI><a href="#[b4]">&gt;&gt;</a>&nbsp;&nbsp;&nbsp;SEGGER_RTT_ConfigDownBuffer
<LI><a href="#[b2]">&gt;&gt;</a>&nbsp;&nbsp;&nbsp;SEGGER_RTT_AllocUpBuffer
</UL>
<BR>[Called By]<UL><LI><a href="#[b9]">&gt;&gt;</a>&nbsp;&nbsp;&nbsp;SEGGER_SYSVIEW_Conf
</UL>

<P><STRONG><a name="[bf]"></a>SEGGER_SYSVIEW_OnIdle</STRONG> (Thumb, 48 bytes, Stack size 16 bytes, segger_sysview.o(i.SEGGER_SYSVIEW_OnIdle))
<BR><BR>[Stack]<UL><LI>Max Depth = 144<LI>Call Chain = SEGGER_SYSVIEW_OnIdle &rArr; _SendPacket &rArr; _TrySendOverflowPacket &rArr; SEGGER_RTT_WriteSkipNoLock &rArr; __aeabi_memcpy
</UL>
<BR>[Calls]<UL><LI><a href="#[be]">&gt;&gt;</a>&nbsp;&nbsp;&nbsp;_SendPacket
<LI><a href="#[bd]">&gt;&gt;</a>&nbsp;&nbsp;&nbsp;_PreparePacket
</UL>
<BR>[Called By]<UL><LI><a href="#[9a]">&gt;&gt;</a>&nbsp;&nbsp;&nbsp;vTaskSwitchContext
<LI><a href="#[20a]">&gt;&gt;</a>&nbsp;&nbsp;&nbsp;vTaskStartScheduler
</UL>

<P><STRONG><a name="[c0]"></a>SEGGER_SYSVIEW_OnTaskCreate</STRONG> (Thumb, 90 bytes, Stack size 24 bytes, segger_sysview.o(i.SEGGER_SYSVIEW_OnTaskCreate))
<BR><BR>[Stack]<UL><LI>Max Depth = 152<LI>Call Chain = SEGGER_SYSVIEW_OnTaskCreate &rArr; _SendPacket &rArr; _TrySendOverflowPacket &rArr; SEGGER_RTT_WriteSkipNoLock &rArr; __aeabi_memcpy
</UL>
<BR>[Calls]<UL><LI><a href="#[be]">&gt;&gt;</a>&nbsp;&nbsp;&nbsp;_SendPacket
<LI><a href="#[bd]">&gt;&gt;</a>&nbsp;&nbsp;&nbsp;_PreparePacket
</UL>
<BR>[Called By]<UL><LI><a href="#[225]">&gt;&gt;</a>&nbsp;&nbsp;&nbsp;prvAddNewTaskToReadyList
</UL>

<P><STRONG><a name="[c1]"></a>SEGGER_SYSVIEW_OnTaskStartExec</STRONG> (Thumb, 90 bytes, Stack size 24 bytes, segger_sysview.o(i.SEGGER_SYSVIEW_OnTaskStartExec))
<BR><BR>[Stack]<UL><LI>Max Depth = 152<LI>Call Chain = SEGGER_SYSVIEW_OnTaskStartExec &rArr; _SendPacket &rArr; _TrySendOverflowPacket &rArr; SEGGER_RTT_WriteSkipNoLock &rArr; __aeabi_memcpy
</UL>
<BR>[Calls]<UL><LI><a href="#[be]">&gt;&gt;</a>&nbsp;&nbsp;&nbsp;_SendPacket
<LI><a href="#[bd]">&gt;&gt;</a>&nbsp;&nbsp;&nbsp;_PreparePacket
</UL>
<BR>[Called By]<UL><LI><a href="#[9a]">&gt;&gt;</a>&nbsp;&nbsp;&nbsp;vTaskSwitchContext
<LI><a href="#[20a]">&gt;&gt;</a>&nbsp;&nbsp;&nbsp;vTaskStartScheduler
</UL>

<P><STRONG><a name="[c2]"></a>SEGGER_SYSVIEW_OnTaskStartReady</STRONG> (Thumb, 90 bytes, Stack size 24 bytes, segger_sysview.o(i.SEGGER_SYSVIEW_OnTaskStartReady))
<BR><BR>[Stack]<UL><LI>Max Depth = 152<LI>Call Chain = SEGGER_SYSVIEW_OnTaskStartReady &rArr; _SendPacket &rArr; _TrySendOverflowPacket &rArr; SEGGER_RTT_WriteSkipNoLock &rArr; __aeabi_memcpy
</UL>
<BR>[Calls]<UL><LI><a href="#[be]">&gt;&gt;</a>&nbsp;&nbsp;&nbsp;_SendPacket
<LI><a href="#[bd]">&gt;&gt;</a>&nbsp;&nbsp;&nbsp;_PreparePacket
</UL>
<BR>[Called By]<UL><LI><a href="#[225]">&gt;&gt;</a>&nbsp;&nbsp;&nbsp;prvAddNewTaskToReadyList
<LI><a href="#[16e]">&gt;&gt;</a>&nbsp;&nbsp;&nbsp;xTaskGenericNotify
<LI><a href="#[246]">&gt;&gt;</a>&nbsp;&nbsp;&nbsp;xTaskRemoveFromEventList
<LI><a href="#[328]">&gt;&gt;</a>&nbsp;&nbsp;&nbsp;xTaskPriorityInherit
<LI><a href="#[22d]">&gt;&gt;</a>&nbsp;&nbsp;&nbsp;xTaskPriorityDisinherit
<LI><a href="#[2e8]">&gt;&gt;</a>&nbsp;&nbsp;&nbsp;vTaskPriorityDisinheritAfterTimeout
<LI><a href="#[240]">&gt;&gt;</a>&nbsp;&nbsp;&nbsp;xTaskResumeAll
<LI><a href="#[d9]">&gt;&gt;</a>&nbsp;&nbsp;&nbsp;xTaskIncrementTick
</UL>

<P><STRONG><a name="[c3]"></a>SEGGER_SYSVIEW_RecordEnterISR</STRONG> (Thumb, 90 bytes, Stack size 24 bytes, segger_sysview.o(i.SEGGER_SYSVIEW_RecordEnterISR))
<BR><BR>[Stack]<UL><LI>Max Depth = 152<LI>Call Chain = SEGGER_SYSVIEW_RecordEnterISR &rArr; _SendPacket &rArr; _TrySendOverflowPacket &rArr; SEGGER_RTT_WriteSkipNoLock &rArr; __aeabi_memcpy
</UL>
<BR>[Calls]<UL><LI><a href="#[be]">&gt;&gt;</a>&nbsp;&nbsp;&nbsp;_SendPacket
<LI><a href="#[bd]">&gt;&gt;</a>&nbsp;&nbsp;&nbsp;_PreparePacket
</UL>
<BR>[Called By]<UL><LI><a href="#[a]">&gt;&gt;</a>&nbsp;&nbsp;&nbsp;SysTick_Handler
</UL>

<P><STRONG><a name="[c4]"></a>SEGGER_SYSVIEW_RecordExitISR</STRONG> (Thumb, 48 bytes, Stack size 16 bytes, segger_sysview.o(i.SEGGER_SYSVIEW_RecordExitISR))
<BR><BR>[Stack]<UL><LI>Max Depth = 144<LI>Call Chain = SEGGER_SYSVIEW_RecordExitISR &rArr; _SendPacket &rArr; _TrySendOverflowPacket &rArr; SEGGER_RTT_WriteSkipNoLock &rArr; __aeabi_memcpy
</UL>
<BR>[Calls]<UL><LI><a href="#[be]">&gt;&gt;</a>&nbsp;&nbsp;&nbsp;_SendPacket
<LI><a href="#[bd]">&gt;&gt;</a>&nbsp;&nbsp;&nbsp;_PreparePacket
</UL>
<BR>[Called By]<UL><LI><a href="#[a]">&gt;&gt;</a>&nbsp;&nbsp;&nbsp;SysTick_Handler
</UL>

<P><STRONG><a name="[c5]"></a>SEGGER_SYSVIEW_RecordSystime</STRONG> (Thumb, 52 bytes, Stack size 16 bytes, segger_sysview.o(i.SEGGER_SYSVIEW_RecordSystime))
<BR><BR>[Stack]<UL><LI>Max Depth = 48<LI>Call Chain = SEGGER_SYSVIEW_RecordSystime &rArr; SEGGER_SYSVIEW_RecordU32x2 &rArr;  _SendPacket (Cycle)
</UL>
<BR>[Calls]<UL><LI><a href="#[c6]">&gt;&gt;</a>&nbsp;&nbsp;&nbsp;SEGGER_SYSVIEW_RecordU32x2
<LI><a href="#[c7]">&gt;&gt;</a>&nbsp;&nbsp;&nbsp;SEGGER_SYSVIEW_RecordU32
</UL>
<BR>[Called By]<UL><LI><a href="#[d0]">&gt;&gt;</a>&nbsp;&nbsp;&nbsp;SEGGER_SYSVIEW_Start
<LI><a href="#[df]">&gt;&gt;</a>&nbsp;&nbsp;&nbsp;_HandleIncomingPacket
</UL>

<P><STRONG><a name="[c7]"></a>SEGGER_SYSVIEW_RecordU32</STRONG> (Thumb, 88 bytes, Stack size 24 bytes, segger_sysview.o(i.SEGGER_SYSVIEW_RecordU32))
<BR><BR>[Stack]<UL><LI>Max Depth = 24 + In Cycle
<LI>Call Chain = SEGGER_SYSVIEW_RecordU32 &rArr;  _SendPacket (Cycle)
</UL>
<BR>[Calls]<UL><LI><a href="#[be]">&gt;&gt;</a>&nbsp;&nbsp;&nbsp;_SendPacket
<LI><a href="#[bd]">&gt;&gt;</a>&nbsp;&nbsp;&nbsp;_PreparePacket
</UL>
<BR>[Called By]<UL><LI><a href="#[328]">&gt;&gt;</a>&nbsp;&nbsp;&nbsp;xTaskPriorityInherit
<LI><a href="#[22d]">&gt;&gt;</a>&nbsp;&nbsp;&nbsp;xTaskPriorityDisinherit
<LI><a href="#[2e8]">&gt;&gt;</a>&nbsp;&nbsp;&nbsp;vTaskPriorityDisinheritAfterTimeout
<LI><a href="#[2a4]">&gt;&gt;</a>&nbsp;&nbsp;&nbsp;vTaskDelete
<LI><a href="#[20f]">&gt;&gt;</a>&nbsp;&nbsp;&nbsp;vTaskDelay
<LI><a href="#[c5]">&gt;&gt;</a>&nbsp;&nbsp;&nbsp;SEGGER_SYSVIEW_RecordSystime
</UL>

<P><STRONG><a name="[c6]"></a>SEGGER_SYSVIEW_RecordU32x2</STRONG> (Thumb, 118 bytes, Stack size 32 bytes, segger_sysview.o(i.SEGGER_SYSVIEW_RecordU32x2))
<BR><BR>[Stack]<UL><LI>Max Depth = 32 + In Cycle
<LI>Call Chain = SEGGER_SYSVIEW_RecordU32x2 &rArr;  _SendPacket (Cycle)
</UL>
<BR>[Calls]<UL><LI><a href="#[be]">&gt;&gt;</a>&nbsp;&nbsp;&nbsp;_SendPacket
<LI><a href="#[bd]">&gt;&gt;</a>&nbsp;&nbsp;&nbsp;_PreparePacket
</UL>
<BR>[Called By]<UL><LI><a href="#[326]">&gt;&gt;</a>&nbsp;&nbsp;&nbsp;xQueueGenericSendFromISR
<LI><a href="#[293]">&gt;&gt;</a>&nbsp;&nbsp;&nbsp;ulTaskGenericNotifyTake
<LI><a href="#[c5]">&gt;&gt;</a>&nbsp;&nbsp;&nbsp;SEGGER_SYSVIEW_RecordSystime
</UL>

<P><STRONG><a name="[c8]"></a>SEGGER_SYSVIEW_RecordU32x3</STRONG> (Thumb, 148 bytes, Stack size 32 bytes, segger_sysview.o(i.SEGGER_SYSVIEW_RecordU32x3))
<BR><BR>[Stack]<UL><LI>Max Depth = 160<LI>Call Chain = SEGGER_SYSVIEW_RecordU32x3 &rArr; _SendPacket &rArr; _TrySendOverflowPacket &rArr; SEGGER_RTT_WriteSkipNoLock &rArr; __aeabi_memcpy
</UL>
<BR>[Calls]<UL><LI><a href="#[be]">&gt;&gt;</a>&nbsp;&nbsp;&nbsp;_SendPacket
<LI><a href="#[bd]">&gt;&gt;</a>&nbsp;&nbsp;&nbsp;_PreparePacket
</UL>
<BR>[Called By]<UL><LI><a href="#[230]">&gt;&gt;</a>&nbsp;&nbsp;&nbsp;prvInitialiseNewQueue
</UL>

<P><STRONG><a name="[c9]"></a>SEGGER_SYSVIEW_RecordU32x4</STRONG> (Thumb, 180 bytes, Stack size 40 bytes, segger_sysview.o(i.SEGGER_SYSVIEW_RecordU32x4))
<BR><BR>[Stack]<UL><LI>Max Depth = 168<LI>Call Chain = SEGGER_SYSVIEW_RecordU32x4 &rArr; _SendPacket &rArr; _TrySendOverflowPacket &rArr; SEGGER_RTT_WriteSkipNoLock &rArr; __aeabi_memcpy
</UL>
<BR>[Calls]<UL><LI><a href="#[be]">&gt;&gt;</a>&nbsp;&nbsp;&nbsp;_SendPacket
<LI><a href="#[bd]">&gt;&gt;</a>&nbsp;&nbsp;&nbsp;_PreparePacket
</UL>
<BR>[Called By]<UL><LI><a href="#[16e]">&gt;&gt;</a>&nbsp;&nbsp;&nbsp;xTaskGenericNotify
<LI><a href="#[14a]">&gt;&gt;</a>&nbsp;&nbsp;&nbsp;xQueueSemaphoreTake
<LI><a href="#[23d]">&gt;&gt;</a>&nbsp;&nbsp;&nbsp;xQueueReceive
<LI><a href="#[14c]">&gt;&gt;</a>&nbsp;&nbsp;&nbsp;xQueueGenericSend
</UL>

<P><STRONG><a name="[ca]"></a>SEGGER_SYSVIEW_RecordVoid</STRONG> (Thumb, 50 bytes, Stack size 16 bytes, segger_sysview.o(i.SEGGER_SYSVIEW_RecordVoid))
<BR><BR>[Stack]<UL><LI>Max Depth = 16 + In Cycle
<LI>Call Chain = SEGGER_SYSVIEW_RecordVoid &rArr;  _SendPacket (Cycle)
</UL>
<BR>[Calls]<UL><LI><a href="#[be]">&gt;&gt;</a>&nbsp;&nbsp;&nbsp;_SendPacket
<LI><a href="#[bd]">&gt;&gt;</a>&nbsp;&nbsp;&nbsp;_PreparePacket
</UL>
<BR>[Called By]<UL><LI><a href="#[2e0]">&gt;&gt;</a>&nbsp;&nbsp;&nbsp;vTaskPlaceOnEventListRestricted
<LI><a href="#[d0]">&gt;&gt;</a>&nbsp;&nbsp;&nbsp;SEGGER_SYSVIEW_Start
</UL>

<P><STRONG><a name="[cb]"></a>SEGGER_SYSVIEW_SendModule</STRONG> (Thumb, 172 bytes, Stack size 32 bytes, segger_sysview.o(i.SEGGER_SYSVIEW_SendModule))
<BR><BR>[Stack]<UL><LI>Max Depth = 48 + In Cycle
<LI>Call Chain = SEGGER_SYSVIEW_SendModule &rArr;  _SendPacket (Cycle)
</UL>
<BR>[Calls]<UL><LI><a href="#[be]">&gt;&gt;</a>&nbsp;&nbsp;&nbsp;_SendPacket
<LI><a href="#[bd]">&gt;&gt;</a>&nbsp;&nbsp;&nbsp;_PreparePacket
<LI><a href="#[cc]">&gt;&gt;</a>&nbsp;&nbsp;&nbsp;_EncodeStr
</UL>
<BR>[Called By]<UL><LI><a href="#[df]">&gt;&gt;</a>&nbsp;&nbsp;&nbsp;_HandleIncomingPacket
</UL>

<P><STRONG><a name="[e0]"></a>SEGGER_SYSVIEW_SendModuleDescription</STRONG> (Thumb, 30 bytes, Stack size 8 bytes, segger_sysview.o(i.SEGGER_SYSVIEW_SendModuleDescription))
<BR><BR>[Stack]<UL><LI>Max Depth = 8<LI>Call Chain = SEGGER_SYSVIEW_SendModuleDescription
</UL>
<BR>[Called By]<UL><LI><a href="#[df]">&gt;&gt;</a>&nbsp;&nbsp;&nbsp;_HandleIncomingPacket
</UL>

<P><STRONG><a name="[cd]"></a>SEGGER_SYSVIEW_SendNumModules</STRONG> (Thumb, 80 bytes, Stack size 16 bytes, segger_sysview.o(i.SEGGER_SYSVIEW_SendNumModules))
<BR><BR>[Stack]<UL><LI>Max Depth = 16 + In Cycle
<LI>Call Chain = SEGGER_SYSVIEW_SendNumModules &rArr;  _SendPacket (Cycle)
</UL>
<BR>[Calls]<UL><LI><a href="#[be]">&gt;&gt;</a>&nbsp;&nbsp;&nbsp;_SendPacket
<LI><a href="#[bd]">&gt;&gt;</a>&nbsp;&nbsp;&nbsp;_PreparePacket
</UL>
<BR>[Called By]<UL><LI><a href="#[d0]">&gt;&gt;</a>&nbsp;&nbsp;&nbsp;SEGGER_SYSVIEW_Start
<LI><a href="#[df]">&gt;&gt;</a>&nbsp;&nbsp;&nbsp;_HandleIncomingPacket
</UL>

<P><STRONG><a name="[ce]"></a>SEGGER_SYSVIEW_SendSysDesc</STRONG> (Thumb, 66 bytes, Stack size 24 bytes, segger_sysview.o(i.SEGGER_SYSVIEW_SendSysDesc))
<BR><BR>[Stack]<UL><LI>Max Depth = 152<LI>Call Chain = SEGGER_SYSVIEW_SendSysDesc &rArr; _SendPacket &rArr; _TrySendOverflowPacket &rArr; SEGGER_RTT_WriteSkipNoLock &rArr; __aeabi_memcpy
</UL>
<BR>[Calls]<UL><LI><a href="#[be]">&gt;&gt;</a>&nbsp;&nbsp;&nbsp;_SendPacket
<LI><a href="#[bd]">&gt;&gt;</a>&nbsp;&nbsp;&nbsp;_PreparePacket
<LI><a href="#[cc]">&gt;&gt;</a>&nbsp;&nbsp;&nbsp;_EncodeStr
</UL>
<BR>[Called By]<UL><LI><a href="#[4a]">&gt;&gt;</a>&nbsp;&nbsp;&nbsp;_cbSendSystemDesc
</UL>

<P><STRONG><a name="[cf]"></a>SEGGER_SYSVIEW_SendTaskInfo</STRONG> (Thumb, 260 bytes, Stack size 24 bytes, segger_sysview.o(i.SEGGER_SYSVIEW_SendTaskInfo))
<BR><BR>[Stack]<UL><LI>Max Depth = 152<LI>Call Chain = SEGGER_SYSVIEW_SendTaskInfo &rArr; _SendPacket &rArr; _TrySendOverflowPacket &rArr; SEGGER_RTT_WriteSkipNoLock &rArr; __aeabi_memcpy
</UL>
<BR>[Calls]<UL><LI><a href="#[be]">&gt;&gt;</a>&nbsp;&nbsp;&nbsp;_SendPacket
<LI><a href="#[bd]">&gt;&gt;</a>&nbsp;&nbsp;&nbsp;_PreparePacket
<LI><a href="#[cc]">&gt;&gt;</a>&nbsp;&nbsp;&nbsp;_EncodeStr
</UL>
<BR>[Called By]<UL><LI><a href="#[d6]">&gt;&gt;</a>&nbsp;&nbsp;&nbsp;SYSVIEW_SendTaskInfo
</UL>

<P><STRONG><a name="[d1]"></a>SEGGER_SYSVIEW_SendTaskList</STRONG> (Thumb, 26 bytes, Stack size 8 bytes, segger_sysview.o(i.SEGGER_SYSVIEW_SendTaskList))
<BR><BR>[Stack]<UL><LI>Max Depth = 8<LI>Call Chain = SEGGER_SYSVIEW_SendTaskList
</UL>
<BR>[Called By]<UL><LI><a href="#[d0]">&gt;&gt;</a>&nbsp;&nbsp;&nbsp;SEGGER_SYSVIEW_Start
<LI><a href="#[df]">&gt;&gt;</a>&nbsp;&nbsp;&nbsp;_HandleIncomingPacket
</UL>

<P><STRONG><a name="[bb]"></a>SEGGER_SYSVIEW_SetRAMBase</STRONG> (Thumb, 6 bytes, Stack size 0 bytes, segger_sysview.o(i.SEGGER_SYSVIEW_SetRAMBase))
<BR><BR>[Called By]<UL><LI><a href="#[b9]">&gt;&gt;</a>&nbsp;&nbsp;&nbsp;SEGGER_SYSVIEW_Conf
</UL>

<P><STRONG><a name="[2e5]"></a>SEGGER_SYSVIEW_ShrinkId</STRONG> (Thumb, 10 bytes, Stack size 0 bytes, segger_sysview.o(i.SEGGER_SYSVIEW_ShrinkId))
<BR><BR>[Called By]<UL><LI><a href="#[16e]">&gt;&gt;</a>&nbsp;&nbsp;&nbsp;xTaskGenericNotify
<LI><a href="#[14a]">&gt;&gt;</a>&nbsp;&nbsp;&nbsp;xQueueSemaphoreTake
<LI><a href="#[23d]">&gt;&gt;</a>&nbsp;&nbsp;&nbsp;xQueueReceive
<LI><a href="#[326]">&gt;&gt;</a>&nbsp;&nbsp;&nbsp;xQueueGenericSendFromISR
<LI><a href="#[14c]">&gt;&gt;</a>&nbsp;&nbsp;&nbsp;xQueueGenericSend
<LI><a href="#[2a4]">&gt;&gt;</a>&nbsp;&nbsp;&nbsp;vTaskDelete
</UL>

<P><STRONG><a name="[d0]"></a>SEGGER_SYSVIEW_Start</STRONG> (Thumb, 240 bytes, Stack size 16 bytes, segger_sysview.o(i.SEGGER_SYSVIEW_Start))
<BR><BR>[Stack]<UL><LI>Max Depth = 80 + In Cycle
<LI>Call Chain = SEGGER_SYSVIEW_Start &rArr;  _SendPacket (Cycle)
</UL>
<BR>[Calls]<UL><LI><a href="#[ca]">&gt;&gt;</a>&nbsp;&nbsp;&nbsp;SEGGER_SYSVIEW_RecordVoid
<LI><a href="#[b8]">&gt;&gt;</a>&nbsp;&nbsp;&nbsp;SEGGER_RTT_WriteSkipNoLock
<LI><a href="#[d1]">&gt;&gt;</a>&nbsp;&nbsp;&nbsp;SEGGER_SYSVIEW_SendTaskList
<LI><a href="#[cd]">&gt;&gt;</a>&nbsp;&nbsp;&nbsp;SEGGER_SYSVIEW_SendNumModules
<LI><a href="#[c5]">&gt;&gt;</a>&nbsp;&nbsp;&nbsp;SEGGER_SYSVIEW_RecordSystime
<LI><a href="#[be]">&gt;&gt;</a>&nbsp;&nbsp;&nbsp;_SendPacket
<LI><a href="#[bd]">&gt;&gt;</a>&nbsp;&nbsp;&nbsp;_PreparePacket
</UL>
<BR>[Called By]<UL><LI><a href="#[df]">&gt;&gt;</a>&nbsp;&nbsp;&nbsp;_HandleIncomingPacket
</UL>

<P><STRONG><a name="[d2]"></a>SEGGER_SYSVIEW_Stop</STRONG> (Thumb, 60 bytes, Stack size 16 bytes, segger_sysview.o(i.SEGGER_SYSVIEW_Stop))
<BR><BR>[Stack]<UL><LI>Max Depth = 16 + In Cycle
<LI>Call Chain = SEGGER_SYSVIEW_Stop &rArr;  _SendPacket (Cycle)
</UL>
<BR>[Calls]<UL><LI><a href="#[be]">&gt;&gt;</a>&nbsp;&nbsp;&nbsp;_SendPacket
<LI><a href="#[bd]">&gt;&gt;</a>&nbsp;&nbsp;&nbsp;_PreparePacket
</UL>
<BR>[Called By]<UL><LI><a href="#[df]">&gt;&gt;</a>&nbsp;&nbsp;&nbsp;_HandleIncomingPacket
</UL>

<P><STRONG><a name="[d3]"></a>SEGGER_SYSVIEW_Warn</STRONG> (Thumb, 122 bytes, Stack size 24 bytes, segger_sysview.o(i.SEGGER_SYSVIEW_Warn))
<BR><BR>[Stack]<UL><LI>Max Depth = 152<LI>Call Chain = SEGGER_SYSVIEW_Warn &rArr; _SendPacket &rArr; _TrySendOverflowPacket &rArr; SEGGER_RTT_WriteSkipNoLock &rArr; __aeabi_memcpy
</UL>
<BR>[Calls]<UL><LI><a href="#[be]">&gt;&gt;</a>&nbsp;&nbsp;&nbsp;_SendPacket
<LI><a href="#[bd]">&gt;&gt;</a>&nbsp;&nbsp;&nbsp;_PreparePacket
<LI><a href="#[cc]">&gt;&gt;</a>&nbsp;&nbsp;&nbsp;_EncodeStr
</UL>
<BR>[Called By]<UL><LI><a href="#[d4]">&gt;&gt;</a>&nbsp;&nbsp;&nbsp;SYSVIEW_AddTask
</UL>

<P><STRONG><a name="[d4]"></a>SYSVIEW_AddTask</STRONG> (Thumb, 150 bytes, Stack size 32 bytes, segger_sysview_freertos.o(i.SYSVIEW_AddTask))
<BR><BR>[Stack]<UL><LI>Max Depth = 232<LI>Call Chain = SYSVIEW_AddTask &rArr; SYSVIEW_SendTaskInfo &rArr; SEGGER_SYSVIEW_SendTaskInfo &rArr; _SendPacket &rArr; _TrySendOverflowPacket &rArr; SEGGER_RTT_WriteSkipNoLock &rArr; __aeabi_memcpy
</UL>
<BR>[Calls]<UL><LI><a href="#[d6]">&gt;&gt;</a>&nbsp;&nbsp;&nbsp;SYSVIEW_SendTaskInfo
<LI><a href="#[d3]">&gt;&gt;</a>&nbsp;&nbsp;&nbsp;SEGGER_SYSVIEW_Warn
<LI><a href="#[d5]">&gt;&gt;</a>&nbsp;&nbsp;&nbsp;memcmp
</UL>
<BR>[Called By]<UL><LI><a href="#[225]">&gt;&gt;</a>&nbsp;&nbsp;&nbsp;prvAddNewTaskToReadyList
</UL>

<P><STRONG><a name="[d7]"></a>SYSVIEW_DeleteTask</STRONG> (Thumb, 262 bytes, Stack size 16 bytes, segger_sysview_freertos.o(i.SYSVIEW_DeleteTask))
<BR><BR>[Stack]<UL><LI>Max Depth = 16<LI>Call Chain = SYSVIEW_DeleteTask
</UL>
<BR>[Calls]<UL><LI><a href="#[d8]">&gt;&gt;</a>&nbsp;&nbsp;&nbsp;__aeabi_memclr4
</UL>
<BR>[Called By]<UL><LI><a href="#[2a4]">&gt;&gt;</a>&nbsp;&nbsp;&nbsp;vTaskDelete
</UL>

<P><STRONG><a name="[d6]"></a>SYSVIEW_SendTaskInfo</STRONG> (Thumb, 50 bytes, Stack size 48 bytes, segger_sysview_freertos.o(i.SYSVIEW_SendTaskInfo))
<BR><BR>[Stack]<UL><LI>Max Depth = 200<LI>Call Chain = SYSVIEW_SendTaskInfo &rArr; SEGGER_SYSVIEW_SendTaskInfo &rArr; _SendPacket &rArr; _TrySendOverflowPacket &rArr; SEGGER_RTT_WriteSkipNoLock &rArr; __aeabi_memcpy
</UL>
<BR>[Calls]<UL><LI><a href="#[cf]">&gt;&gt;</a>&nbsp;&nbsp;&nbsp;SEGGER_SYSVIEW_SendTaskInfo
<LI><a href="#[d8]">&gt;&gt;</a>&nbsp;&nbsp;&nbsp;__aeabi_memclr4
</UL>
<BR>[Called By]<UL><LI><a href="#[d4]">&gt;&gt;</a>&nbsp;&nbsp;&nbsp;SYSVIEW_AddTask
<LI><a href="#[97]">&gt;&gt;</a>&nbsp;&nbsp;&nbsp;_cbSendTaskList
</UL>

<P><STRONG><a name="[2a9]"></a>SysParamInit</STRONG> (Thumb, 92 bytes, Stack size 0 bytes, board_config.o(i.SysParamInit))
<BR><BR>[Called By]<UL><LI><a href="#[209]">&gt;&gt;</a>&nbsp;&nbsp;&nbsp;vBoard_SysInit
</UL>

<P><STRONG><a name="[a]"></a>SysTick_Handler</STRONG> (Thumb, 56 bytes, Stack size 8 bytes, port.o(i.SysTick_Handler))
<BR><BR>[Stack]<UL><LI>Max Depth = 184<LI>Call Chain = SysTick_Handler &rArr; xTaskIncrementTick &rArr; SEGGER_SYSVIEW_OnTaskStartReady &rArr; _SendPacket &rArr; _TrySendOverflowPacket &rArr; SEGGER_RTT_WriteSkipNoLock &rArr; __aeabi_memcpy
</UL>
<BR>[Calls]<UL><LI><a href="#[c4]">&gt;&gt;</a>&nbsp;&nbsp;&nbsp;SEGGER_SYSVIEW_RecordExitISR
<LI><a href="#[c3]">&gt;&gt;</a>&nbsp;&nbsp;&nbsp;SEGGER_SYSVIEW_RecordEnterISR
<LI><a href="#[d9]">&gt;&gt;</a>&nbsp;&nbsp;&nbsp;xTaskIncrementTick
</UL>
<BR>[Address Reference Count : 1]<UL><LI> startup_gd32f30x_hd.o(RESET)
</UL>
<P><STRONG><a name="[48]"></a>SystemInit</STRONG> (Thumb, 156 bytes, Stack size 8 bytes, system_gd32f30x.o(i.SystemInit))
<BR><BR>[Stack]<UL><LI>Max Depth = 16<LI>Call Chain = SystemInit &rArr; system_clock_config
</UL>
<BR>[Calls]<UL><LI><a href="#[da]">&gt;&gt;</a>&nbsp;&nbsp;&nbsp;system_clock_config
</UL>
<BR>[Called By]<UL><LI><a href="#[47]">&gt;&gt;</a>&nbsp;&nbsp;&nbsp;main
</UL>
<BR>[Address Reference Count : 1]<UL><LI> startup_gd32f30x_hd.o(.text)
</UL>
<P><STRONG><a name="[30]"></a>USART0_IRQHandler</STRONG> (Thumb, 120 bytes, Stack size 8 bytes, print_iface.o(i.USART0_IRQHandler))
[...]
</UL>

<P><STRONG><a name="[305]"></a>v_disp_draw_home_tab_card</STRONG> (Thumb, 278 bytes, Stack size 48 bytes, md_display_api.o(i.v_disp_draw_home_tab_card))
<BR><BR>[Stack]<UL><LI>Max Depth = 616<LI>Call Chain = v_disp_draw_home_tab_card &rArr; v_disp_draw_home_tab_body &rArr; v_disp_draw_home_item_block &rArr; v_disp_draw_home_line &rArr; u8g2_DrawStr &rArr; u8g2_draw_string &rArr; u8g2_DrawGlyph &rArr; u8g2_font_draw_glyph &rArr; u8g2_font_decode_glyph &rArr; u8g2_font_decode_len &rArr; u8g2_DrawHVLine &rArr; u8g2_clip_intersection2
</UL>
<BR>[Calls]<UL><LI><a href="#[25e]">&gt;&gt;</a>&nbsp;&nbsp;&nbsp;u8g2_DrawLine
<LI><a href="#[2ef]">&gt;&gt;</a>&nbsp;&nbsp;&nbsp;u8g2_SetDrawColor
<LI><a href="#[261]">&gt;&gt;</a>&nbsp;&nbsp;&nbsp;u8g2_DrawRFrame
<LI><a href="#[260]">&gt;&gt;</a>&nbsp;&nbsp;&nbsp;u8g2_DrawRBox
<LI><a href="#[265]">&gt;&gt;</a>&nbsp;&nbsp;&nbsp;u8g2_DrawXBMP
<LI><a href="#[258]">&gt;&gt;</a>&nbsp;&nbsp;&nbsp;u8g2_DrawFrame
<LI><a href="#[306]">&gt;&gt;</a>&nbsp;&nbsp;&nbsp;v_disp_draw_home_tab_body
<LI><a href="#[30a]">&gt;&gt;</a>&nbsp;&nbsp;&nbsp;pc_disp_tab_icon
</UL>
<BR>[Called By]<UL><LI><a href="#[2b8]">&gt;&gt;</a>&nbsp;&nbsp;&nbsp;v_disp_draw_home_page
</UL>

<P><STRONG><a name="[2b6]"></a>v_disp_draw_init_page</STRONG> (Thumb, 240 bytes, Stack size 48 bytes, md_display_api.o(i.v_disp_draw_init_page))
<BR><BR>[Stack]<UL><LI>Max Depth = 336<LI>Call Chain = v_disp_draw_init_page &rArr; u8g2_DrawStr &rArr; u8g2_draw_string &rArr; u8g2_DrawGlyph &rArr; u8g2_font_draw_glyph &rArr; u8g2_font_decode_glyph &rArr; u8g2_font_decode_len &rArr; u8g2_DrawHVLine &rArr; u8g2_clip_intersection2
</UL>
<BR>[Calls]<UL><LI><a href="#[2ef]">&gt;&gt;</a>&nbsp;&nbsp;&nbsp;u8g2_SetDrawColor
<LI><a href="#[261]">&gt;&gt;</a>&nbsp;&nbsp;&nbsp;u8g2_DrawRFrame
<LI><a href="#[26a]">&gt;&gt;</a>&nbsp;&nbsp;&nbsp;u8g2_SetFont
<LI><a href="#[263]">&gt;&gt;</a>&nbsp;&nbsp;&nbsp;u8g2_DrawStr
<LI><a href="#[258]">&gt;&gt;</a>&nbsp;&nbsp;&nbsp;u8g2_DrawFrame
<LI><a href="#[251]">&gt;&gt;</a>&nbsp;&nbsp;&nbsp;u8g2_DrawBox
<LI><a href="#[2ee]">&gt;&gt;</a>&nbsp;&nbsp;&nbsp;v_disp_clear_region
<LI><a href="#[221]">&gt;&gt;</a>&nbsp;&nbsp;&nbsp;__2sprintf
</UL>
<BR>[Called By]<UL><LI><a href="#[2b4]">&gt;&gt;</a>&nbsp;&nbsp;&nbsp;vDisp_RenderUi
</UL>

<P><STRONG><a name="[2fc]"></a>v_disp_draw_page_frame</STRONG> (Thumb, 390 bytes, Stack size 24 bytes, md_display_api.o(i.v_disp_draw_page_frame))
<BR><BR>[Stack]<UL><LI>Max Depth = 312<LI>Call Chain = v_disp_draw_page_frame &rArr; u8g2_DrawStr &rArr; u8g2_draw_string &rArr; u8g2_DrawGlyph &rArr; u8g2_font_draw_glyph &rArr; u8g2_font_decode_glyph &rArr; u8g2_font_decode_len &rArr; u8g2_DrawHVLine &rArr; u8g2_clip_intersection2
</UL>
<BR>[Calls]<UL><LI><a href="#[25e]">&gt;&gt;</a>&nbsp;&nbsp;&nbsp;u8g2_DrawLine
<LI><a href="#[2ef]">&gt;&gt;</a>&nbsp;&nbsp;&nbsp;u8g2_SetDrawColor
<LI><a href="#[250]">&gt;&gt;</a>&nbsp;&nbsp;&nbsp;u8g2_ClearBuffer
<LI><a href="#[26a]">&gt;&gt;</a>&nbsp;&nbsp;&nbsp;u8g2_SetFont
<LI><a href="#[263]">&gt;&gt;</a>&nbsp;&nbsp;&nbsp;u8g2_DrawStr
<LI><a href="#[251]">&gt;&gt;</a>&nbsp;&nbsp;&nbsp;u8g2_DrawBox
<LI><a href="#[2ee]">&gt;&gt;</a>&nbsp;&nbsp;&nbsp;v_disp_clear_region
</UL>
<BR>[Called By]<UL><LI><a href="#[2be]">&gt;&gt;</a>&nbsp;&nbsp;&nbsp;v_disp_draw_upgrade_page
<LI><a href="#[2c0]">&gt;&gt;</a>&nbsp;&nbsp;&nbsp;v_disp_draw_sleep_page
<LI><a href="#[2bc]">&gt;&gt;</a>&nbsp;&nbsp;&nbsp;v_disp_draw_setting_page
<LI><a href="#[2bd]">&gt;&gt;</a>&nbsp;&nbsp;&nbsp;v_disp_draw_quick_page
<LI><a href="#[2c1]">&gt;&gt;</a>&nbsp;&nbsp;&nbsp;v_disp_draw_error_page
<LI><a href="#[2b9]">&gt;&gt;</a>&nbsp;&nbsp;&nbsp;v_disp_draw_env_page
<LI><a href="#[2bf]">&gt;&gt;</a>&nbsp;&nbsp;&nbsp;v_disp_draw_closing_page
<LI><a href="#[2b7]">&gt;&gt;</a>&nbsp;&nbsp;&nbsp;v_disp_draw_booting_page
<LI><a href="#[2bb]">&gt;&gt;</a>&nbsp;&nbsp;&nbsp;v_disp_draw_alarm_page
<LI><a href="#[2ba]">&gt;&gt;</a>&nbsp;&nbsp;&nbsp;v_disp_draw_act_page
</UL>

<P><STRONG><a name="[2bd]"></a>v_disp_draw_quick_page</STRONG> (Thumb, 236 bytes, Stack size 56 bytes, md_display_api.o(i.v_disp_draw_quick_page))
<BR><BR>[Stack]<UL><LI>Max Depth = 368<LI>Call Chain = v_disp_draw_quick_page &rArr; v_disp_draw_page_frame &rArr; u8g2_DrawStr &rArr; u8g2_draw_string &rArr; u8g2_DrawGlyph &rArr; u8g2_font_draw_glyph &rArr; u8g2_font_decode_glyph &rArr; u8g2_font_decode_len &rArr; u8g2_DrawHVLine &rArr; u8g2_clip_intersection2
</UL>
<BR>[Calls]<UL><LI><a href="#[261]">&gt;&gt;</a>&nbsp;&nbsp;&nbsp;u8g2_DrawRFrame
<LI><a href="#[26a]">&gt;&gt;</a>&nbsp;&nbsp;&nbsp;u8g2_SetFont
<LI><a href="#[263]">&gt;&gt;</a>&nbsp;&nbsp;&nbsp;u8g2_DrawStr
<LI><a href="#[258]">&gt;&gt;</a>&nbsp;&nbsp;&nbsp;u8g2_DrawFrame
<LI><a href="#[2fd]">&gt;&gt;</a>&nbsp;&nbsp;&nbsp;v_disp_draw_status_tag
<LI><a href="#[2fc]">&gt;&gt;</a>&nbsp;&nbsp;&nbsp;v_disp_draw_page_frame
<LI><a href="#[2ff]">&gt;&gt;</a>&nbsp;&nbsp;&nbsp;v_disp_draw_hint_line
<LI><a href="#[221]">&gt;&gt;</a>&nbsp;&nbsp;&nbsp;__2sprintf
</UL>
<BR>[Called By]<UL><LI><a href="#[2b4]">&gt;&gt;</a>&nbsp;&nbsp;&nbsp;vDisp_RenderUi
</UL>

<P><STRONG><a name="[2bc]"></a>v_disp_draw_setting_page</STRONG> (Thumb, 238 bytes, Stack size 48 bytes, md_display_api.o(i.v_disp_draw_setting_page))
<BR><BR>[Stack]<UL><LI>Max Depth = 360<LI>Call Chain = v_disp_draw_setting_page &rArr; v_disp_draw_page_frame &rArr; u8g2_DrawStr &rArr; u8g2_draw_string &rArr; u8g2_DrawGlyph &rArr; u8g2_font_draw_glyph &rArr; u8g2_font_decode_glyph &rArr; u8g2_font_decode_len &rArr; u8g2_DrawHVLine &rArr; u8g2_clip_intersection2
</UL>
<BR>[Calls]<UL><LI><a href="#[26a]">&gt;&gt;</a>&nbsp;&nbsp;&nbsp;u8g2_SetFont
<LI><a href="#[263]">&gt;&gt;</a>&nbsp;&nbsp;&nbsp;u8g2_DrawStr
<LI><a href="#[2fd]">&gt;&gt;</a>&nbsp;&nbsp;&nbsp;v_disp_draw_status_tag
<LI><a href="#[2fc]">&gt;&gt;</a>&nbsp;&nbsp;&nbsp;v_disp_draw_page_frame
<LI><a href="#[2ff]">&gt;&gt;</a>&nbsp;&nbsp;&nbsp;v_disp_draw_hint_line
<LI><a href="#[2fe]">&gt;&gt;</a>&nbsp;&nbsp;&nbsp;v_disp_draw_focus_mark
<LI><a href="#[221]">&gt;&gt;</a>&nbsp;&nbsp;&nbsp;__2sprintf
</UL>
<BR>[Called By]<UL><LI><a href="#[2b4]">&gt;&gt;</a>&nbsp;&nbsp;&nbsp;vDisp_RenderUi
</UL>

<P><STRONG><a name="[2c0]"></a>v_disp_draw_sleep_page</STRONG> (Thumb, 66 bytes, Stack size 16 bytes, md_display_api.o(i.v_disp_draw_sleep_page))
<BR><BR>[Stack]<UL><LI>Max Depth = 328<LI>Call Chain = v_disp_draw_sleep_page &rArr; v_disp_draw_page_frame &rArr; u8g2_DrawStr &rArr; u8g2_draw_string &rArr; u8g2_DrawGlyph &rArr; u8g2_font_draw_glyph &rArr; u8g2_font_decode_glyph &rArr; u8g2_font_decode_len &rArr; u8g2_DrawHVLine &rArr; u8g2_clip_intersection2
</UL>
<BR>[Calls]<UL><LI><a href="#[26a]">&gt;&gt;</a>&nbsp;&nbsp;&nbsp;u8g2_SetFont
<LI><a href="#[263]">&gt;&gt;</a>&nbsp;&nbsp;&nbsp;u8g2_DrawStr
<LI><a href="#[2fd]">&gt;&gt;</a>&nbsp;&nbsp;&nbsp;v_disp_draw_status_tag
<LI><a href="#[2fc]">&gt;&gt;</a>&nbsp;&nbsp;&nbsp;v_disp_draw_page_frame
</UL>
<BR>[Called By]<UL><LI><a href="#[2b4]">&gt;&gt;</a>&nbsp;&nbsp;&nbsp;vDisp_RenderUi
</UL>

<P><STRONG><a name="[2fd]"></a>v_disp_draw_status_tag</STRONG> (Thumb, 46 bytes, Stack size 16 bytes, md_display_api.o(i.v_disp_draw_status_tag))
<BR><BR>[Stack]<UL><LI>Max Depth = 304<LI>Call Chain = v_disp_draw_status_tag &rArr; u8g2_DrawStr &rArr; u8g2_draw_string &rArr; u8g2_DrawGlyph &rArr; u8g2_font_draw_glyph &rArr; u8g2_font_decode_glyph &rArr; u8g2_font_decode_len &rArr; u8g2_DrawHVLine &rArr; u8g2_clip_intersection2
</UL>
<BR>[Calls]<UL><LI><a href="#[261]">&gt;&gt;</a>&nbsp;&nbsp;&nbsp;u8g2_DrawRFrame
<LI><a href="#[26a]">&gt;&gt;</a>&nbsp;&nbsp;&nbsp;u8g2_SetFont
<LI><a href="#[263]">&gt;&gt;</a>&nbsp;&nbsp;&nbsp;u8g2_DrawStr
</UL>
<BR>[Called By]<UL><LI><a href="#[2be]">&gt;&gt;</a>&nbsp;&nbsp;&nbsp;v_disp_draw_upgrade_page
<LI><a href="#[2c0]">&gt;&gt;</a>&nbsp;&nbsp;&nbsp;v_disp_draw_sleep_page
<LI><a href="#[2bc]">&gt;&gt;</a>&nbsp;&nbsp;&nbsp;v_disp_draw_setting_page
<LI><a href="#[2bd]">&gt;&gt;</a>&nbsp;&nbsp;&nbsp;v_disp_draw_quick_page
<LI><a href="#[2c1]">&gt;&gt;</a>&nbsp;&nbsp;&nbsp;v_disp_draw_error_page
<LI><a href="#[2b9]">&gt;&gt;</a>&nbsp;&nbsp;&nbsp;v_disp_draw_env_page
<LI><a href="#[2bf]">&gt;&gt;</a>&nbsp;&nbsp;&nbsp;v_disp_draw_closing_page
<LI><a href="#[2b7]">&gt;&gt;</a>&nbsp;&nbsp;&nbsp;v_disp_draw_booting_page
<LI><a href="#[2bb]">&gt;&gt;</a>&nbsp;&nbsp;&nbsp;v_disp_draw_alarm_page
<LI><a href="#[2ba]">&gt;&gt;</a>&nbsp;&nbsp;&nbsp;v_disp_draw_act_page
</UL>

<P><STRONG><a name="[2be]"></a>v_disp_draw_upgrade_page</STRONG> (Thumb, 168 bytes, Stack size 48 bytes, md_display_api.o(i.v_disp_draw_upgrade_page))
<BR><BR>[Stack]<UL><LI>Max Depth = 360<LI>Call Chain = v_disp_draw_upgrade_page &rArr; v_disp_draw_page_frame &rArr; u8g2_DrawStr &rArr; u8g2_draw_string &rArr; u8g2_DrawGlyph &rArr; u8g2_font_draw_glyph &rArr; u8g2_font_decode_glyph &rArr; u8g2_font_decode_len &rArr; u8g2_DrawHVLine &rArr; u8g2_clip_intersection2
</UL>
<BR>[Calls]<UL><LI><a href="#[26a]">&gt;&gt;</a>&nbsp;&nbsp;&nbsp;u8g2_SetFont
<LI><a href="#[263]">&gt;&gt;</a>&nbsp;&nbsp;&nbsp;u8g2_DrawStr
<LI><a href="#[258]">&gt;&gt;</a>&nbsp;&nbsp;&nbsp;u8g2_DrawFrame
<LI><a href="#[251]">&gt;&gt;</a>&nbsp;&nbsp;&nbsp;u8g2_DrawBox
<LI><a href="#[2fd]">&gt;&gt;</a>&nbsp;&nbsp;&nbsp;v_disp_draw_status_tag
<LI><a href="#[2fc]">&gt;&gt;</a>&nbsp;&nbsp;&nbsp;v_disp_draw_page_frame
<LI><a href="#[221]">&gt;&gt;</a>&nbsp;&nbsp;&nbsp;__2sprintf
</UL>
<BR>[Called By]<UL><LI><a href="#[2b4]">&gt;&gt;</a>&nbsp;&nbsp;&nbsp;vDisp_RenderUi
</UL>

<P><STRONG><a name="[304]"></a>v_disp_make_home_line</STRONG> (Thumb, 236 bytes, Stack size 40 bytes, md_display_api.o(i.v_disp_make_home_line))
<BR><BR>[Stack]<UL><LI>Max Depth = 48<LI>Call Chain = v_disp_make_home_line &rArr; strncpy
</UL>
<BR>[Calls]<UL><LI><a href="#[30b]">&gt;&gt;</a>&nbsp;&nbsp;&nbsp;us_disp_text_hash
<LI><a href="#[1af]">&gt;&gt;</a>&nbsp;&nbsp;&nbsp;strlen
<LI><a href="#[1ab]">&gt;&gt;</a>&nbsp;&nbsp;&nbsp;strncpy
</UL>
<BR>[Called By]<UL><LI><a href="#[303]">&gt;&gt;</a>&nbsp;&nbsp;&nbsp;v_disp_draw_home_line
</UL>

<P><STRONG><a name="[20e]"></a>oled_delay_ms</STRONG> (Thumb, 12 bytes, Stack size 8 bytes, md_display_iface.o(i.oled_delay_ms))
<BR><BR>[Stack]<UL><LI>Max Depth = 216<LI>Call Chain = oled_delay_ms &rArr; vTaskDelay &rArr; xTaskResumeAll &rArr; xTaskIncrementTick &rArr; SEGGER_SYSVIEW_OnTaskStartReady &rArr; _SendPacket &rArr; _TrySendOverflowPacket &rArr; SEGGER_RTT_WriteSkipNoLock &rArr; __aeabi_memcpy
</UL>
<BR>[Calls]<UL><LI><a href="#[20f]">&gt;&gt;</a>&nbsp;&nbsp;&nbsp;vTaskDelay
</UL>
<BR>[Called By]<UL><LI><a href="#[12d]">&gt;&gt;</a>&nbsp;&nbsp;&nbsp;vDisp_IfaceInit
</UL>

<P><STRONG><a name="[210]"></a>oled_hw_spi_dma_init</STRONG> (Thumb, 236 bytes, Stack size 64 bytes, md_display_iface.o(i.oled_hw_spi_dma_init))
<BR><BR>[Stack]<UL><LI>Max Depth = 88<LI>Call Chain = oled_hw_spi_dma_init &rArr; dma_init
</UL>
<BR>[Calls]<UL><LI><a href="#[217]">&gt;&gt;</a>&nbsp;&nbsp;&nbsp;dma_struct_para_init
<LI><a href="#[1c2]">&gt;&gt;</a>&nbsp;&nbsp;&nbsp;dma_memory_to_memory_disable
<LI><a href="#[1c0]">&gt;&gt;</a>&nbsp;&nbsp;&nbsp;dma_init
<LI><a href="#[218]">&gt;&gt;</a>&nbsp;&nbsp;&nbsp;dma_flag_clear
<LI><a href="#[1bf]">&gt;&gt;</a>&nbsp;&nbsp;&nbsp;dma_deinit
<LI><a href="#[1bc]">&gt;&gt;</a>&nbsp;&nbsp;&nbsp;dma_circulation_disable
<LI><a href="#[1b9]">&gt;&gt;</a>&nbsp;&nbsp;&nbsp;dma_channel_disable
<LI><a href="#[203]">&gt;&gt;</a>&nbsp;&nbsp;&nbsp;gpio_init
<LI><a href="#[212]">&gt;&gt;</a>&nbsp;&nbsp;&nbsp;spi_struct_para_init
<LI><a href="#[214]">&gt;&gt;</a>&nbsp;&nbsp;&nbsp;spi_nss_internal_high
<LI><a href="#[213]">&gt;&gt;</a>&nbsp;&nbsp;&nbsp;spi_init
<LI><a href="#[211]">&gt;&gt;</a>&nbsp;&nbsp;&nbsp;spi_i2s_deinit
<LI><a href="#[216]">&gt;&gt;</a>&nbsp;&nbsp;&nbsp;spi_enable
<LI><a href="#[215]">&gt;&gt;</a>&nbsp;&nbsp;&nbsp;spi_dma_enable
<LI><a href="#[202]">&gt;&gt;</a>&nbsp;&nbsp;&nbsp;rcu_periph_clock_enable
</UL>
<BR>[Called By]<UL><LI><a href="#[12d]">&gt;&gt;</a>&nbsp;&nbsp;&nbsp;vDisp_IfaceInit
</UL>

<P><STRONG><a name="[219]"></a>oled_hw_spi_wait_idle</STRONG> (Thumb, 50 bytes, Stack size 8 bytes, md_display_iface.o(i.oled_hw_spi_wait_idle))
<BR><BR>[Stack]<UL><LI>Max Depth = 8<LI>Call Chain = oled_hw_spi_wait_idle
</UL>
<BR>[Calls]<UL><LI><a href="#[21a]">&gt;&gt;</a>&nbsp;&nbsp;&nbsp;spi_i2s_flag_get
</UL>
<BR>[Called By]<UL><LI><a href="#[2c4]">&gt;&gt;</a>&nbsp;&nbsp;&nbsp;v_disp_spi_dma_send_byte
</UL>

<P><STRONG><a name="[2c4]"></a>v_disp_spi_dma_send_byte</STRONG> (Thumb, 150 bytes, Stack size 24 bytes, md_display_iface.o(i.v_disp_spi_dma_send_byte))
<BR><BR>[Stack]<UL><LI>Max Depth = 40<LI>Call Chain = v_disp_spi_dma_send_byte &rArr; dma_transfer_number_config
</UL>
<BR>[Calls]<UL><LI><a href="#[1c3]">&gt;&gt;</a>&nbsp;&nbsp;&nbsp;dma_transfer_number_config
<LI><a href="#[1c1]">&gt;&gt;</a>&nbsp;&nbsp;&nbsp;dma_memory_address_config
<LI><a href="#[30d]">&gt;&gt;</a>&nbsp;&nbsp;&nbsp;dma_flag_get
<LI><a href="#[218]">&gt;&gt;</a>&nbsp;&nbsp;&nbsp;dma_flag_clear
<LI><a href="#[1bb]">&gt;&gt;</a>&nbsp;&nbsp;&nbsp;dma_channel_enable
<LI><a href="#[1b9]">&gt;&gt;</a>&nbsp;&nbsp;&nbsp;dma_channel_disable
<LI><a href="#[219]">&gt;&gt;</a>&nbsp;&nbsp;&nbsp;oled_hw_spi_wait_idle
<LI><a href="#[b7]">&gt;&gt;</a>&nbsp;&nbsp;&nbsp;__aeabi_memcpy
</UL>
<BR>[Called By]<UL><LI><a href="#[285]">&gt;&gt;</a>&nbsp;&nbsp;&nbsp;vDisp_SpiSendByte
</UL>

<P><STRONG><a name="[52]"></a>b_task_manage_func_cb</STRONG> (Thumb, 366 bytes, Stack size 24 bytes, md_display_queue_task.o(i.b_task_manage_func_cb))
<BR><BR>[Stack]<UL><LI>Max Depth = 440<LI>Call Chain = b_task_manage_func_cb &rArr; elog_output &rArr;  elog_output (Cycle)
</UL>
<BR>[Calls]<UL><LI><a href="#[126]">&gt;&gt;</a>&nbsp;&nbsp;&nbsp;sMyPrint
<LI><a href="#[123]">&gt;&gt;</a>&nbsp;&nbsp;&nbsp;elog_output
<LI><a href="#[16b]">&gt;&gt;</a>&nbsp;&nbsp;&nbsp;lwrb_reset
<LI><a href="#[143]">&gt;&gt;</a>&nbsp;&nbsp;&nbsp;lwrb_read
<LI><a href="#[14b]">&gt;&gt;</a>&nbsp;&nbsp;&nbsp;lwrb_get_full
</UL>
<BR>[Address Reference Count : 1]<UL><LI> md_display_queue_task.o(i.bDisp_QueueInit)
</UL>
<P><STRONG><a name="[51]"></a>v_add_task_return_func_cb</STRONG> (Thumb, 36 bytes, Stack size 16 bytes, md_display_queue_task.o(i.v_add_task_return_func_cb))
<BR><BR>[Stack]<UL><LI>Max Depth = 232<LI>Call Chain = v_add_task_return_func_cb &rArr; xTaskGenericNotify &rArr; SEGGER_SYSVIEW_RecordU32x4 &rArr; _SendPacket &rArr; _TrySendOverflowPacket &rArr; SEGGER_RTT_WriteSkipNoLock &rArr; __aeabi_memcpy
</UL>
<BR>[Calls]<UL><LI><a href="#[16e]">&gt;&gt;</a>&nbsp;&nbsp;&nbsp;xTaskGenericNotify
</UL>
<BR>[Address Reference Count : 1]<UL><LI> md_display_queue_task.o(i.bDisp_QueueInit)
</UL>
<P><STRONG><a name="[30c]"></a>us_disp_booting_progress</STRONG> (Thumb, 36 bytes, Stack size 0 bytes, md_display_queue_task_booting.o(i.us_disp_booting_progress))
<BR><BR>[Called By]<UL><LI><a href="#[68]">&gt;&gt;</a>&nbsp;&nbsp;&nbsp;v_disp_queue_task_booting
</UL>

<P><STRONG><a name="[13f]"></a>v_light_set_rgbw</STRONG> (Thumb, 108 bytes, Stack size 12 bytes, md_light_task.o(i.v_light_set_rgbw))
<BR><BR>[Stack]<UL><LI>Max Depth = 12<LI>Call Chain = v_light_set_rgbw
</UL>
<BR>[Called By]<UL><LI><a href="#[13e]">&gt;&gt;</a>&nbsp;&nbsp;&nbsp;bLight_Switch
<LI><a href="#[79]">&gt;&gt;</a>&nbsp;&nbsp;&nbsp;vLight_Task
</UL>

<P><STRONG><a name="[12f]"></a>us_fan_set_work_mode</STRONG> (Thumb, 64 bytes, Stack size 0 bytes, md_hm_task.o(i.us_fan_set_work_mode))
<BR><BR>[Called By]<UL><LI><a href="#[12e]">&gt;&gt;</a>&nbsp;&nbsp;&nbsp;bFan_CycleUiMode
<LI><a href="#[54]">&gt;&gt;</a>&nbsp;&nbsp;&nbsp;vHW_Task
</UL>

<P><STRONG><a name="[130]"></a>v_fan_pwm_set</STRONG> (Thumb, 32 bytes, Stack size 0 bytes, md_hm_task.o(i.v_fan_pwm_set))
<BR><BR>[Called By]<UL><LI><a href="#[12e]">&gt;&gt;</a>&nbsp;&nbsp;&nbsp;bFan_CycleUiMode
<LI><a href="#[54]">&gt;&gt;</a>&nbsp;&nbsp;&nbsp;vHW_Task
</UL>

<P><STRONG><a name="[13c]"></a>v_heat_pwm_set</STRONG> (Thumb, 22 bytes, Stack size 0 bytes, md_hm_task.o(i.v_heat_pwm_set))
<BR><BR>[Called By]<UL><LI><a href="#[54]">&gt;&gt;</a>&nbsp;&nbsp;&nbsp;vHW_Task
<LI><a href="#[13a]">&gt;&gt;</a>&nbsp;&nbsp;&nbsp;bHeat_SetUiForce
</UL>

<P><STRONG><a name="[2c6]"></a>v_fan_gpio_init</STRONG> (Thumb, 350 bytes, Stack size 32 bytes, md_hm_iface.o(i.v_fan_gpio_init))
<BR><BR>[Stack]<UL><LI>Max Depth = 52<LI>Call Chain = v_fan_gpio_init &rArr; gpio_pin_remap_config
</UL>
<BR>[Calls]<UL><LI><a href="#[2ed]">&gt;&gt;</a>&nbsp;&nbsp;&nbsp;gpio_pin_remap_config
<LI><a href="#[203]">&gt;&gt;</a>&nbsp;&nbsp;&nbsp;gpio_init
<LI><a href="#[202]">&gt;&gt;</a>&nbsp;&nbsp;&nbsp;rcu_periph_clock_enable
<LI><a href="#[2d3]">&gt;&gt;</a>&nbsp;&nbsp;&nbsp;timer_struct_para_init
<LI><a href="#[2d4]">&gt;&gt;</a>&nbsp;&nbsp;&nbsp;timer_init
<LI><a href="#[2da]">&gt;&gt;</a>&nbsp;&nbsp;&nbsp;timer_enable
<LI><a href="#[24f]">&gt;&gt;</a>&nbsp;&nbsp;&nbsp;timer_deinit
<LI><a href="#[2d8]">&gt;&gt;</a>&nbsp;&nbsp;&nbsp;timer_channel_output_shadow_config
<LI><a href="#[2d6]">&gt;&gt;</a>&nbsp;&nbsp;&nbsp;timer_channel_output_pulse_value_config
<LI><a href="#[2d7]">&gt;&gt;</a>&nbsp;&nbsp;&nbsp;timer_channel_output_mode_config
<LI><a href="#[2d5]">&gt;&gt;</a>&nbsp;&nbsp;&nbsp;timer_channel_output_config
<LI><a href="#[2d9]">&gt;&gt;</a>&nbsp;&nbsp;&nbsp;timer_auto_reload_shadow_enable
</UL>
<BR>[Called By]<UL><LI><a href="#[139]">&gt;&gt;</a>&nbsp;&nbsp;&nbsp;vFan_PwmInit
</UL>

<P><STRONG><a name="[f0]"></a>_fp_digits</STRONG> (Thumb, 366 bytes, Stack size 64 bytes, printfa.o(i._fp_digits), UNUSED)
<BR><BR>[Calls]<UL><LI><a href="#[a9]">&gt;&gt;</a>&nbsp;&nbsp;&nbsp;__aeabi_dmul
<LI><a href="#[aa]">&gt;&gt;</a>&nbsp;&nbsp;&nbsp;__aeabi_ddiv
<LI><a href="#[a2]">&gt;&gt;</a>&nbsp;&nbsp;&nbsp;__aeabi_dadd
<LI><a href="#[f1]">&gt;&gt;</a>&nbsp;&nbsp;&nbsp;__aeabi_cdrcmple
<LI><a href="#[ae]">&gt;&gt;</a>&nbsp;&nbsp;&nbsp;__aeabi_d2ulz
<LI><a href="#[9d]">&gt;&gt;</a>&nbsp;&nbsp;&nbsp;__aeabi_uldivmod
</UL>
<BR>[Called By]<UL><LI><a href="#[e3]">&gt;&gt;</a>&nbsp;&nbsp;&nbsp;_printf_core
</UL>

<P><STRONG><a name="[e3]"></a>_printf_core</STRONG> (Thumb, 1704 bytes, Stack size 136 bytes, printfa.o(i._printf_core), UNUSED)
<BR><BR>[Calls]<UL><LI><a href="#[f2]">&gt;&gt;</a>&nbsp;&nbsp;&nbsp;_printf_pre_padding
<LI><a href="#[f3]">&gt;&gt;</a>&nbsp;&nbsp;&nbsp;_printf_post_padding
<LI><a href="#[f0]">&gt;&gt;</a>&nbsp;&nbsp;&nbsp;_fp_digits
<LI><a href="#[9d]">&gt;&gt;</a>&nbsp;&nbsp;&nbsp;__aeabi_uldivmod
<LI><a href="#[f4]">&gt;&gt;</a>&nbsp;&nbsp;&nbsp;__aeabi_uidivmod
</UL>
<BR>[Called By]<UL><LI><a href="#[e7]">&gt;&gt;</a>&nbsp;&nbsp;&nbsp;__0vsprintf
<LI><a href="#[e6]">&gt;&gt;</a>&nbsp;&nbsp;&nbsp;__0vsnprintf
<LI><a href="#[e5]">&gt;&gt;</a>&nbsp;&nbsp;&nbsp;__0sprintf
<LI><a href="#[e4]">&gt;&gt;</a>&nbsp;&nbsp;&nbsp;__0snprintf
<LI><a href="#[e2]">&gt;&gt;</a>&nbsp;&nbsp;&nbsp;__0printf
</UL>

<P><STRONG><a name="[f3]"></a>_printf_post_padding</STRONG> (Thumb, 36 bytes, Stack size 24 bytes, printfa.o(i._printf_post_padding), UNUSED)
<BR><BR>[Called By]<UL><LI><a href="#[e3]">&gt;&gt;</a>&nbsp;&nbsp;&nbsp;_printf_core
</UL>

<P><STRONG><a name="[f2]"></a>_printf_pre_padding</STRONG> (Thumb, 46 bytes, Stack size 24 bytes, printfa.o(i._printf_pre_padding), UNUSED)
<BR><BR>[Called By]<UL><LI><a href="#[e3]">&gt;&gt;</a>&nbsp;&nbsp;&nbsp;_printf_core
</UL>

<P><STRONG><a name="[4c]"></a>_snputc</STRONG> (Thumb, 22 bytes, Stack size 0 bytes, printfa.o(i._snputc))
<BR>[Address Reference Count : 2]<UL><LI> printfa.o(i.__0snprintf)
<LI> printfa.o(i.__0vsnprintf)
</UL>
<P><STRONG><a name="[4d]"></a>_sputc</STRONG> (Thumb, 10 bytes, Stack size 0 bytes, printfa.o(i._sputc))
<BR><BR>[Called By]<UL><LI><a href="#[e7]">&gt;&gt;</a>&nbsp;&nbsp;&nbsp;__0vsprintf
<LI><a href="#[e5]">&gt;&gt;</a>&nbsp;&nbsp;&nbsp;__0sprintf
</UL>
<BR>[Address Reference Count : 2]<UL><LI> printfa.o(i.__0sprintf)
<LI> printfa.o(i.__0vsprintf)
</UL><P>
<H3>
Undefined Global Symbols
</H3><HR></body></html>
