<html>
<body>
<pre>
<h1>礦ision Build Log</h1>
<h2>Tool Versions:</h2>
IDE-Version: μVision V5.43.1.0
Copyright (C) 2025 ARM Ltd and ARM Germany GmbH. All rights reserved.
License Information: 1 291483914@qq.com, 1, LIC=MPPLD-80FNY-RAPDM-X9NT4-TP512-7RZL3
 
Tool Versions:
Toolchain:       MDK-ARM Plus  Version: 5.43.0.0
Toolchain Path:  C:\Users\29148\AppData\Local\Keil_v5\ARM\ARMCC\Bin
C Compiler:      Armcc.exe V5.06 update 7 (build 960)
Assembler:       Armasm.exe V5.06 update 7 (build 960)
Linker/Locator:  ArmLink.exe V5.06 update 7 (build 960)
Library Manager: ArmAr.exe V5.06 update 7 (build 960)
Hex Converter:   FromElf.exe V5.06 update 7 (build 960)
CPU DLL:         SARMCM3.DLL V5.43.0.0
Dialog DLL:      DCM.DLL V1.17.5.0
Target DLL:      Segger\JL2CM3.dll V2.99.45.0
Dialog DLL:      TCM.DLL V1.56.6.0
 
<h2>Project:</h2>
G:\2-User_Projects\3-SmartFishJar\1.software\SmartFishJar\APP\APP.uvprojx
Project File Date:  04/29/2026

<h2>Output:</h2>
*** Using Compiler 'V5.06 update 7 (build 960)', folder: 'C:\Users\29148\AppData\Local\Keil_v5\ARM\ARMCC\Bin'
Build Project 'APP' - Target 'APP'
compiling app_info.c...
linking...
Program Size: Code=74896 RO-data=4732 RW-data=1776 ZI-data=41456  
FromELF: creating hex file...
After Build - User command #2: G:\2-User_Projects\3-SmartFishJar\1.software\SmartFishJar\APP\MergeTool.bat C:\Users\29148\AppData\Local\Keil_v5\
-----------------------------------【一、 生成Bin文件】------------------------------------
*******成功**********
-----------------------------------【二、 获取工程文件】------------------------------------
*******成功**********
-----------------------------------【三、 复制文件】--------------------------------------
已复制         1 个文件。
已复制         1 个文件。
Boot文件大小：【					52 Kb】
已创建文件 G:\2-User_Projects\3-SmartFishJar\1.software\SmartFishJar\temp.bin
G:\2-User_Projects\3-SmartFishJar\1.software\SmartFishJar\BOOT\BOOT.bin
temp.bin
已复制         1 个文件。
-----------------------------------【四、 合并文件】----------------------------------------
boot.bin
G:\2-User_Projects\3-SmartFishJar\1.software\SmartFishJar\APP\APP.bin
已复制         1 个文件。
********************************************************************************************
*********************Merger success!合并并生成Bin文件成功***********************************
********************************************************************************************
[Keil5_disp_size_bar V0.4]: find project satrt!
[Keil5_disp_size_bar V0.4]: Found file: .//APP/APP.uvprojx
[Keil5_disp_size_bar V0.4]: Found file: .//APP/APP.uvprojx
[Keil5_disp_size_bar V0.4]: find map file start
[Keil5_disp_size_bar V0.4]: Found file: .//APP/build/APP/APP.map
[Keil5_disp_size_bar V0.4]: map file read end
ram:
   48 KB   ram1:|■■■■■■■■■■■■■■■■■___| 87.94 % (   42.21 KB /    48.00 KB) [5928 B]
flash:
  160 KB flash1:|■■■■■■■■■___________| 48.59 % (   77.75 KB /   160.00 KB) [84228 B]
 
".\Objects\APP.axf" - 0 Error(s), 0 Warning(s).

<h2>Software Packages used:</h2>

Package Vendor: GigaDevice
                https://gd32mcu.com/data/documents/pack/GigaDevice.GD32F30x_DFP.2.2.3.pack
                GigaDevice::GD32F30x_DFP@2.2.3
                GigaDevice GD32F30x Series Device Support and Examples

<h2>Collection of Component include folders:</h2>
  C:/Users/29148/AppData/Local/Arm/Packs/GigaDevice/GD32F30x_DFP/2.2.3/Device/Include

<h2>Collection of Component Files used:</h2>
Build Time Elapsed:  00:00:01
</pre>
</body>
</html>
