Component: ARM Compiler 5.06 update 7 (build 960) Tool: armlink [4d3601]

==============================================================================

Section Cross References

    startup_gd32f30x_hd.o(RESET) refers to startup_gd32f30x_hd.o(STACK) for __initial_sp
    startup_gd32f30x_hd.o(RESET) refers to startup_gd32f30x_hd.o(.text) for Reset_Handler
    startup_gd32f30x_hd.o(RESET) refers to gd32f30x_it.o(i.NMI_Handler) for NMI_Handler
    startup_gd32f30x_hd.o(RESET) refers to cmb_fault.o(.text) for HardFault_Handler
    startup_gd32f30x_hd.o(RESET) refers to gd32f30x_it.o(i.MemManage_Handler) for MemManage_Handler
    startup_gd32f30x_hd.o(RESET) refers to gd32f30x_it.o(i.BusFault_Handler) for BusFault_Handler
    startup_gd32f30x_hd.o(RESET) refers to gd32f30x_it.o(i.UsageFault_Handler) for UsageFault_Handler
    startup_gd32f30x_hd.o(RESET) refers to port.o(.emb_text) for SVC_Handler
    startup_gd32f30x_hd.o(RESET) refers to gd32f30x_it.o(i.DebugMon_Handler) for DebugMon_Handler
    startup_gd32f30x_hd.o(RESET) refers to port.o(i.SysTick_Handler) for SysTick_Handler
    startup_gd32f30x_hd.o(RESET) refers to gd32f30x_it.o(i.EXTI0_IRQHandler) for EXTI0_IRQHandler
    startup_gd32f30x_hd.o(RESET) refers to print_iface.o(i.USART0_IRQHandler) for USART0_IRQHandler
    startup_gd32f30x_hd.o(RESET) refers to gd32f30x_it.o(i.EXTI10_15_IRQHandler) for EXTI10_15_IRQHandler
    startup_gd32f30x_hd.o(.text) refers to system_gd32f30x.o(i.SystemInit) for SystemInit
    startup_gd32f30x_hd.o(.text) refers to entry.o(.ARM.Collect$$$$00000000) for __main
    system_gd32f30x.o(i.SystemCoreClockUpdate) refers to system_gd32f30x.o(.data) for SystemCoreClock
    system_gd32f30x.o(i.SystemInit) refers to system_gd32f30x.o(i.system_clock_config) for system_clock_config
    system_gd32f30x.o(i.system_clock_config) refers to system_gd32f30x.o(i.system_clock_120m_hxtal) for system_clock_120m_hxtal
    system_gd32f30x.o(i.system_reset_clock_8m_irc8m) refers to system_gd32f30x.o(.data) for SystemCoreClock
    gd32f30x_adc.o(i.adc_deinit) refers to gd32f30x_rcu.o(i.rcu_periph_reset_enable) for rcu_periph_reset_enable
    gd32f30x_adc.o(i.adc_deinit) refers to gd32f30x_rcu.o(i.rcu_periph_reset_disable) for rcu_periph_reset_disable
    gd32f30x_bkp.o(i.bkp_deinit) refers to gd32f30x_rcu.o(i.rcu_bkp_reset_enable) for rcu_bkp_reset_enable
    gd32f30x_bkp.o(i.bkp_deinit) refers to gd32f30x_rcu.o(i.rcu_bkp_reset_disable) for rcu_bkp_reset_disable
    gd32f30x_can.o(i.can_debug_freeze_disable) refers to gd32f30x_dbg.o(i.dbg_periph_disable) for dbg_periph_disable
    gd32f30x_can.o(i.can_debug_freeze_enable) refers to gd32f30x_dbg.o(i.dbg_periph_enable) for dbg_periph_enable
    gd32f30x_can.o(i.can_deinit) refers to gd32f30x_rcu.o(i.rcu_periph_reset_enable) for rcu_periph_reset_enable
    gd32f30x_can.o(i.can_deinit) refers to gd32f30x_rcu.o(i.rcu_periph_reset_disable) for rcu_periph_reset_disable
    gd32f30x_can.o(i.can_interrupt_flag_get) refers to gd32f30x_can.o(i.can_receive_message_length_get) for can_receive_message_length_get
    gd32f30x_can.o(i.can_interrupt_flag_get) refers to gd32f30x_can.o(i.can_error_get) for can_error_get
    gd32f30x_ctc.o(i.ctc_deinit) refers to gd32f30x_rcu.o(i.rcu_periph_reset_enable) for rcu_periph_reset_enable
    gd32f30x_ctc.o(i.ctc_deinit) refers to gd32f30x_rcu.o(i.rcu_periph_reset_disable) for rcu_periph_reset_disable
    gd32f30x_dac.o(i.dac_deinit) refers to gd32f30x_rcu.o(i.rcu_periph_reset_enable) for rcu_periph_reset_enable
    gd32f30x_dac.o(i.dac_deinit) refers to gd32f30x_rcu.o(i.rcu_periph_reset_disable) for rcu_periph_reset_disable
    gd32f30x_dma.o(i.dma_channel_disable) refers to gd32f30x_dma.o(i.dma_periph_and_channel_check) for dma_periph_and_channel_check
    gd32f30x_dma.o(i.dma_channel_enable) refers to gd32f30x_dma.o(i.dma_periph_and_channel_check) for dma_periph_and_channel_check
    gd32f30x_dma.o(i.dma_circulation_disable) refers to gd32f30x_dma.o(i.dma_periph_and_channel_check) for dma_periph_and_channel_check
    gd32f30x_dma.o(i.dma_circulation_enable) refers to gd32f30x_dma.o(i.dma_periph_and_channel_check) for dma_periph_and_channel_check
    gd32f30x_dma.o(i.dma_deinit) refers to gd32f30x_dma.o(i.dma_periph_and_channel_check) for dma_periph_and_channel_check
    gd32f30x_dma.o(i.dma_init) refers to gd32f30x_dma.o(i.dma_periph_and_channel_check) for dma_periph_and_channel_check
    gd32f30x_dma.o(i.dma_interrupt_disable) refers to gd32f30x_dma.o(i.dma_periph_and_channel_check) for dma_periph_and_channel_check
    gd32f30x_dma.o(i.dma_interrupt_enable) refers to gd32f30x_dma.o(i.dma_periph_and_channel_check) for dma_periph_and_channel_check
    gd32f30x_dma.o(i.dma_memory_address_config) refers to gd32f30x_dma.o(i.dma_periph_and_channel_check) for dma_periph_and_channel_check
    gd32f30x_dma.o(i.dma_memory_increase_disable) refers to gd32f30x_dma.o(i.dma_periph_and_channel_check) for dma_periph_and_channel_check
[...]
    0x080033f4   0x080033f4   0x00000012   Code   RO        13119    i.bDisp_MemParamInit  md_display_task.o
    0x08003406   0x08003406   0x00000002   PAD
    0x08003408   0x08003408   0x000002b8   Code   RO        13120    i.bDisp_PageHandleKey  md_display_task.o
    0x080036c0   0x080036c0   0x000000e4   Code   RO        13121    i.bDisp_PageSwitch  md_display_task.o
    0x080037a4   0x080037a4   0x00000114   Code   RO        13871    i.bDisp_QueueInit   md_display_queue_task.o
    0x080038b8   0x080038b8   0x000000c4   Code   RO        13905    i.bDisp_RenderBootingPage  md_display_queue_task_booting.o
    0x0800397c   0x0800397c   0x00000194   Code   RO        14004    i.bDisp_RenderInitPage  md_display_queue_task_init.o
    0x08003b10   0x08003b10   0x000000b4   Code   RO        13436    i.bDisp_RenderUi    md_display_api.o
    0x08003bc4   0x08003bc4   0x00000218   Code   RO        13122    i.bDisp_SetDevState  md_display_task.o
    0x08003ddc   0x08003ddc   0x00000094   Code   RO        13123    i.bDisp_Switch      md_display_task.o
    0x08003e70   0x08003e70   0x00000040   Code   RO        13124    i.bDisp_TaskInit    md_display_task.o
    0x08003eb0   0x08003eb0   0x0000006c   Code   RO        14179    i.bFan_CycleUiMode  md_hm_task.o
    0x08003f1c   0x08003f1c   0x00000118   Code   RO        12000    i.bFlash_Gd32EraseSector  flash_gd32.o
    0x08004034   0x08004034   0x000000c4   Code   RO        12002    i.bFlash_Gd32Write32Bit  flash_gd32.o
    0x080040f8   0x080040f8   0x00000004   Code   RO        12044    i.bFlash_IfaceInit  flash_iface.o
    0x080040fc   0x080040fc   0x00000024   Code   RO        10750    i.bFun_DataCompare  function.o
    0x08004120   0x08004120   0x00000034   Code   RO        14181    i.bHM_TaskInit      md_hm_task.o
    0x08004154   0x08004154   0x0000000c   Code   RO        14182    i.bHeat_IsUiForceOn  md_hm_task.o
    0x08004160   0x08004160   0x00000044   Code   RO        14183    i.bHeat_SetUiForce  md_hm_task.o
    0x080041a4   0x080041a4   0x00000014   Code   RO        14184    i.bHeat_ToggleUiForce  md_hm_task.o
    0x080041b8   0x080041b8   0x00000018   Code   RO        11766    i.bKey_DownIsPress  sys_queue_task_init.o
    0x080041d0   0x080041d0   0x00000018   Code   RO        12662    i.bKey_DownIsPress  key_task.o
    0x080041e8   0x080041e8   0x00000018   Code   RO        11767    i.bKey_EnterIsPress  sys_queue_task_init.o
    0x08004200   0x08004200   0x00000018   Code   RO        12663    i.bKey_EnterIsPress  key_task.o
    0x08004218   0x08004218   0x00000018   Code   RO        11768    i.bKey_LeftIsPress  sys_queue_task_init.o
    0x08004230   0x08004230   0x00000018   Code   RO        12664    i.bKey_LeftIsPress  key_task.o
    0x08004248   0x08004248   0x00000018   Code   RO        11769    i.bKey_RightIsPress  sys_queue_task_init.o
    0x08004260   0x08004260   0x00000018   Code   RO        12665    i.bKey_RightIsPress  key_task.o
    0x08004278   0x08004278   0x00000018   Code   RO        11770    i.bKey_UpIsPress    sys_queue_task_init.o
    0x08004290   0x08004290   0x00000018   Code   RO        12666    i.bKey_UpIsPress    key_task.o
    0x080042a8   0x080042a8   0x00000030   Code   RO        14106    i.bLight_Switch     md_light_task.o
    0x080042d8   0x080042d8   0x00000060   Code   RO        14296    i.bO2Pump_SetLevel  o2pump_task.o
    0x08004338   0x08004338   0x00000048   Code   RO        14297    i.bO2Pump_SetMode   o2pump_task.o
    0x08004380   0x08004380   0x00000020   Code   RO        14298    i.bO2Pump_TaskInit  o2pump_task.o
    0x080043a0   0x080043a0   0x00000014   Code   RO        12481    i.bPrint_CheckSendFinish  print_iface.o
    0x080043b4   0x080043b4   0x00000058   Code   RO        12482    i.bPrint_DataSendStart  print_iface.o
    0x0800440c   0x0800440c   0x00000038   Code   RO        12153    i.bPrint_QueueInit  print_queue_task.o
    0x08004444   0x08004444   0x00000024   Code   RO        12269    i.bPrint_RecProtInit  print_prot_frame.o
    0x08004468   0x08004468   0x0000006c   Code   RO        12095    i.bPrint_SendDataToUsart  print_task.o
    0x080044d4   0x080044d4   0x00000020   Code   RO        12270    i.bPrint_SendProtInit  print_prot_frame.o
    0x080044f4   0x080044f4   0x00000064   Code   RO        12096    i.bPrint_TaskInit   print_task.o
    0x08004558   0x08004558   0x00000060   Code   RO        14360    i.bPump_SetLevel    pump_task.o
    0x080045b8   0x080045b8   0x00000048   Code   RO        14361    i.bPump_SetMode     pump_task.o
    0x08004600   0x08004600   0x00000024   Code   RO        14362    i.bPump_TaskInit    pump_task.o
    0x08004624   0x08004624   0x00000024   Code   RO        11544    i.bSys_CheckActState  sys_task.o
    0x08004648   0x08004648   0x00000060   Code   RO        11545    i.bSys_ChgWakeUp    sys_task.o
    0x080046a8   0x080046a8   0x00000004   Code   RO        11546    i.bSys_ExistInVolt  sys_task.o
    0x080046ac   0x080046ac   0x00000004   Code   RO        11547    i.bSys_IsChgState   sys_task.o
    0x080046b0   0x080046b0   0x0000001c   Code   RO        11548    i.bSys_IsShutDownState  sys_task.o
    0x080046cc   0x080046cc   0x0000001c   Code   RO        11549    i.bSys_IsWorkState  sys_task.o
    0x080046e8   0x080046e8   0x00000022   Code   RO        11551    i.bSys_MemParamInit  sys_task.o
    0x0800470a   0x0800470a   0x00000002   PAD
    0x0800470c   0x0800470c   0x00000104   Code   RO        11728    i.bSys_QueueInit    sys_queue_task.o
    0x08004810   0x08004810   0x00000018   Code   RO        11552    i.bSys_SetAutoOffTime  sys_task.o
    0x08004828   0x08004828   0x00000254   Code   RO        11553    i.bSys_SetDevState  sys_task.o
    0x08004a7c   0x08004a7c   0x00000390   Code   RO        11554    i.bSys_SetErrCode   sys_task.o
    0x08004e0c   0x08004e0c   0x000001f0   Code   RO        11555    i.bSys_SetPerm      sys_task.o
    0x08004ffc   0x08004ffc   0x0000005a   Code   RO        10247    i.b_baiku_jump_step  baiku_proto.o
    0x08005056   0x08005056   0x00000002   PAD
    0x08005058   0x08005058   0x0000008c   Code   RO        13125    i.b_disp_adjust_adc_group  md_display_task.o
    0x080050e4   0x080050e4   0x00000128   Code   RO        13126    i.b_disp_adjust_detail_current  md_display_task.o
    0x0800520c   0x0800520c   0x00000080   Code   RO        13127    i.b_disp_adjust_o2pump_mode  md_display_task.o
    0x0800528c   0x0800528c   0x00000080   Code   RO        13128    i.b_disp_adjust_pump_mode  md_display_task.o
    0x0800530c   0x0800530c   0x000000f8   Code   RO        13129    i.b_disp_adjust_setting_item  md_display_task.o
    0x08005404   0x08005404   0x00000038   Code   RO        13131    i.b_disp_cycle_main_page  md_display_task.o
    0x0800543c   0x0800543c   0x00000050   Code   RO        13132    i.b_disp_focus_field  md_display_task.o
    0x0800548c   0x0800548c   0x0000001a   Code   RO        13140    i.b_disp_is_detail_page  md_display_task.o
    0x080054a6   0x080054a6   0x00000034   Code   RO        13141    i.b_disp_is_work_page  md_display_task.o
    0x080054da   0x080054da   0x00000002   PAD
    0x080054dc   0x080054dc   0x0000005c   Code   RO        13142    i.b_disp_save_setting_cache  md_display_task.o
    0x08005538   0x08005538   0x0000005c   Code   RO        13143    i.b_disp_select_home_module  md_display_task.o
    0x08005594   0x08005594   0x00000028   Code   RO        13144    i.b_disp_switch_main_page  md_display_task.o
    0x080055bc   0x080055bc   0x00000098   Code   RO        13145    i.b_disp_toggle_alarm_buzzer  md_display_task.o
    0x08005654   0x08005654   0x00000054   Code   RO        12097    i.b_print_task_param_init  print_task.o
    0x080056a8   0x080056a8   0x00000334   Code   RO        11729    i.b_task_manage_func_cb  sys_queue_task.o
    0x080059dc   0x080059dc   0x000000b8   Code   RO        12154    i.b_task_manage_func_cb  print_queue_task.o
    0x08005a94   0x08005a94   0x00000308   Code   RO        13872    i.b_task_manage_func_cb  md_display_queue_task.o
    0x08005d9c   0x08005d9c   0x00000050   Code   RO        11556    i.b_task_param_init  sys_task.o
    0x08005dec   0x08005dec   0x00000068   Code   RO        12802    i.buz               buz_task.o
    0x08005e54   0x08005e54   0x0000018c   Code   RO        11336    i.cApp_AppInfoInit  app_info.o
    0x08005fe0   0x08005fe0   0x00000184   Code   RO        11337    i.cApp_GetMemParam  app_info.o
    0x08006164   0x08006164   0x00000108   Code   RO        11338    i.cApp_MemParamInit  app_info.o
    0x0800626c   0x0800626c   0x0000014c   Code   RO        11339    i.cApp_UpdataMemParam  app_info.o
    0x080063b8   0x080063b8   0x00000128   Code   RO        10248    i.cBaiku_ProtoCheck  baiku_proto.o
    0x080064e0   0x080064e0   0x0000006e   Code   RO        10249    i.cBaiku_ProtoCreate  baiku_proto.o
    0x0800654e   0x0800654e   0x000000a2   Code   RO        10250    i.cBaiku_ProtoRecInit  baiku_proto.o
    0x080065f0   0x080065f0   0x00000048   Code   RO        10251    i.cBaiku_ProtoTransInit  baiku_proto.o
    0x08006638   0x08006638   0x00000106   Code   RO        11118    i.cQueue_AddQueueTask  queue_task.o
    0x0800673e   0x0800673e   0x0000009c   Code   RO        11119    i.cQueue_GotoStep   queue_task.o
    0x080067da   0x080067da   0x000000ce   Code   RO        11120    i.cQueue_TaskInit   queue_task.o
    0x080068a8   0x080068a8   0x00000230   Code   RO        11557    i.cSys_Switch       sys_task.o
    0x08006ad8   0x08006ad8   0x00000090   Code   RO        10256    i.c_baiku_proto_decrypt  baiku_proto.o
    0x08006b68   0x08006b68   0x00000034   Code   RO        12271    i.c_cycle_relay_data  print_prot_frame.o
    0x08006b9c   0x08006b9c   0x00000080   Code   RO        12272    i.c_get_console_ver_info  print_prot_frame.o
    0x08006c1c   0x08006c1c   0x00000050   Code   RO        12273    i.c_print_data_trans  print_prot_frame.o
    0x08006c6c   0x08006c6c   0x000000d4   Code   RO        12190    i.c_print_rec_proc_data  print_queue_task_main.o
    0x08006d40   0x08006d40   0x0000003c   Code   RO        12424    i.c_print_start_check  print_api.o
    0x08006d7c   0x08006d7c   0x00000064   Code   RO        12274    i.c_relay02_switch_result  print_prot_frame.o
    0x08006de0   0x08006de0   0x00000050   Code   RO        12275    i.c_relay08_param   print_prot_frame.o
    0x08006e30   0x08006e30   0x00000004   Code   RO        12276    i.c_relay0A_bat_param  print_prot_frame.o
    0x08006e34   0x08006e34   0x00000004   Code   RO        12277    i.c_relay0C_dcac_param  print_prot_frame.o
    0x08006e38   0x08006e38   0x00000004   Code   RO        12278    i.c_relay0E_mppt_param  print_prot_frame.o
    0x08006e3c   0x08006e3c   0x00000004   Code   RO        12279    i.c_relay10_usb_param  print_prot_frame.o
    0x08006e40   0x08006e40   0x00000004   Code   RO        12280    i.c_relay12_dc_param  print_prot_frame.o
    0x08006e44   0x08006e44   0x00000060   Code   RO        12281    i.c_relay14_sysinfo_param  print_prot_frame.o
    0x08006ea4   0x08006ea4   0x0000003e   Code   RO        12282    i.c_relay40_set_chg_pwr  print_prot_frame.o
    0x08006ee2   0x08006ee2   0x00000018   Code   RO        12283    i.c_relay44_cali    print_prot_frame.o
    0x08006efa   0x08006efa   0x0000000e   Code   RO        12284    i.c_relay45_cali    print_prot_frame.o
    0x08006f08   0x08006f08   0x00000034   Code   RO        12285    i.c_relay80_get_mem_param  print_prot_frame.o
    0x08006f3c   0x08006f3c   0x00000030   Code   RO        12286    i.c_relay82_write_mem_info  print_prot_frame.o
    0x08006f6c   0x08006f6c   0x00000054   Code   RO        12287    i.c_relay84_set_print_state  print_prot_frame.o
    0x08006fc0   0x08006fc0   0x00000050   Code   RO        12288    i.c_relay86_get_print_state  print_prot_frame.o
    0x08007010   0x08007010   0x00000006   Code   RO        12289    i.c_relay88_sys_set  print_prot_frame.o
    0x08007016   0x08007016   0x0000001c   Code   RO        12290    i.c_relay_bms_app_info  print_prot_frame.o
    0x08007032   0x08007032   0x000000a6   Code   RO        12291    i.c_relay_console_info  print_prot_frame.o
    0x080070d8   0x080070d8   0x00000050   Code   RO         5355    i.check_and_recovery_env_cb  ef_env.o
    0x08007128   0x08007128   0x00000024   Code   RO         5356    i.check_and_recovery_gc_cb  ef_env.o
    0x0800714c   0x0800714c   0x00000034   Code   RO         5357    i.check_sec_hdr_cb  ef_env.o
    0x08007180   0x08007180   0x0000011c   Code   RO         9146    i.cm_backtrace_call_stack  cm_backtrace.o
    0x0800729c   0x0800729c   0x000002e4   Code   RO         9148    i.cm_backtrace_fault  cm_backtrace.o
    0x08007580   0x08007580   0x0000002c   Code   RO         9149    i.cm_backtrace_firmware_info  cm_backtrace.o
    0x080075ac   0x080075ac   0x000000a0   Code   RO         9150    i.cm_backtrace_init  cm_backtrace.o
    0x0800764c   0x0800764c   0x0000000a   Code   RO        10634    i.cmp_int           filtration.o
    0x08007656   0x08007656   0x00000066   Code   RO         5358    i.continue_ff_addr  ef_env.o
    0x080076bc   0x080076bc   0x000001fc   Code   RO         5359    i.create_env_blob   ef_env.o
    0x080078b8   0x080078b8   0x000000b4   Code   RO         5360    i.del_env           ef_env.o
    0x0800796c   0x0800796c   0x00000026   Code   RO        12611    i.delay_1ms         adc_iface.o
    0x08007992   0x08007992   0x00000030   Code   RO         9151    i.disassembly_ins_is_bl_blx  cm_backtrace.o
    0x080079c2   0x080079c2   0x00000032   Code   RO         1125    i.dma_channel_disable  gd32f30x_dma.o
    0x080079f4   0x080079f4   0x00000032   Code   RO         1126    i.dma_channel_enable  gd32f30x_dma.o
    0x08007a26   0x08007a26   0x00000032   Code   RO         1127    i.dma_circulation_disable  gd32f30x_dma.o
    0x08007a58   0x08007a58   0x00000032   Code   RO         1128    i.dma_circulation_enable  gd32f30x_dma.o
    0x08007a8a   0x08007a8a   0x00000002   PAD
    0x08007a8c   0x08007a8c   0x00000064   Code   RO        12612    i.dma_config        adc_iface.o
    0x08007af0   0x08007af0   0x00000070   Code   RO         1129    i.dma_deinit        gd32f30x_dma.o
    0x08007b60   0x08007b60   0x00000010   Code   RO         1130    i.dma_flag_clear    gd32f30x_dma.o
    0x08007b70   0x08007b70   0x00000018   Code   RO         1131    i.dma_flag_get      gd32f30x_dma.o
    0x08007b88   0x08007b88   0x0000012e   Code   RO         1132    i.dma_init          gd32f30x_dma.o
    0x08007cb6   0x08007cb6   0x00000024   Code   RO         1137    i.dma_memory_address_config  gd32f30x_dma.o
    0x08007cda   0x08007cda   0x00000032   Code   RO         1140    i.dma_memory_to_memory_disable  gd32f30x_dma.o
    0x08007d0c   0x08007d0c   0x00000018   Code   RO         1144    i.dma_periph_and_channel_check  gd32f30x_dma.o
    0x08007d24   0x08007d24   0x0000001c   Code   RO         1149    i.dma_struct_para_init  gd32f30x_dma.o
    0x08007d40   0x08007d40   0x00000026   Code   RO         1151    i.dma_transfer_number_config  gd32f30x_dma.o
    0x08007d66   0x08007d66   0x00000076   Code   RO         5361    i.do_gc             ef_env.o
    0x08007ddc   0x08007ddc   0x000000dc   Code   RO         9152    i.dump_stack        cm_backtrace.o
    0x08007eb8   0x08007eb8   0x0000000c   Code   RO        14185    i.eFan_GetWorkMode  md_hm_task.o
    0x08007ec4   0x08007ec4   0x00000028   Code   RO        13148    i.e_disp_home_module_page_id  md_display_task.o
    0x08007eec   0x08007eec   0x00000020   Code   RO        13149    i.e_disp_main_page_id  md_display_task.o
    0x08007f0c   0x08007f0c   0x0000002a   Code   RO        13150    i.e_disp_page_to_home_module  md_display_task.o
    0x08007f36   0x08007f36   0x0000001c   Code   RO        13151    i.e_disp_page_to_main  md_display_task.o
    0x08007f52   0x08007f52   0x00000032   Code   RO        13152    i.e_disp_state_to_page  md_display_task.o
    0x08007f84   0x08007f84   0x00000070   Code   RO         5315    i.easyflash_init    easyflash.o
    0x08007ff4   0x08007ff4   0x0000002c   Code   RO         5695    i.ef_calc_crc32     ef_utils.o
    0x08008020   0x08008020   0x00000084   Code   RO         5364    i.ef_env_init       ef_env.o
    0x080080a4   0x080080a4   0x000000cc   Code   RO         5365    i.ef_env_set_default  ef_env.o
    0x08008170   0x08008170   0x0000005c   Code   RO         5367    i.ef_get_env_blob   ef_env.o
    0x080081cc   0x080081cc   0x000000cc   Code   RO         5370    i.ef_load_env       ef_env.o
    0x08008298   0x08008298   0x0000002c   Code   RO         5718    i.ef_log_info       ef_port.o
    0x080082c4   0x080082c4   0x00000020   Code   RO         5719    i.ef_port_env_lock  ef_port.o
    0x080082e4   0x080082e4   0x00000020   Code   RO         5720    i.ef_port_env_unlock  ef_port.o
    0x08008304   0x08008304   0x00000022   Code   RO         5721    i.ef_port_erase     ef_port.o
    0x08008326   0x08008326   0x00000002   PAD
    0x08008328   0x08008328   0x00000038   Code   RO         5722    i.ef_port_init      ef_port.o
    0x08008360   0x08008360   0x0000001c   Code   RO         5723    i.ef_port_read      ef_port.o
    0x0800837c   0x0800837c   0x00000042   Code   RO         5724    i.ef_port_write     ef_port.o
    0x080083be   0x080083be   0x00000002   PAD
    0x080083c0   0x080083c0   0x00000058   Code   RO         5376    i.ef_set_env_blob   ef_env.o
    0x08008418   0x08008418   0x00000114   Code   RO         8705    i.elog_get_filter_tag_lvl  elog.o
    0x0800852c   0x0800852c   0x00000050   Code   RO         8709    i.elog_init         elog.o
    0x0800857c   0x0800857c   0x00000414   Code   RO         8710    i.elog_output       elog.o
    0x08008990   0x08008990   0x00000028   Code   RO         8711    i.elog_output_lock  elog.o
    0x080089b8   0x080089b8   0x00000040   Code   RO         8712    i.elog_output_lock_enabled  elog.o
    0x080089f8   0x080089f8   0x00000028   Code   RO         8713    i.elog_output_unlock  elog.o
    0x08008a20   0x08008a20   0x00000010   Code   RO         8902    i.elog_port_get_p_info  elog_port.o
    0x08008a30   0x08008a30   0x0000000c   Code   RO         8903    i.elog_port_get_t_info  elog_port.o
    0x08008a3c   0x08008a3c   0x00000004   Code   RO         8904    i.elog_port_get_time  elog_port.o
    0x08008a40   0x08008a40   0x00000018   Code   RO         8905    i.elog_port_init    elog_port.o
    0x08008a58   0x08008a58   0x0000001c   Code   RO         8906    i.elog_port_output  elog_port.o
    0x08008a74   0x08008a74   0x0000001c   Code   RO         8907    i.elog_port_output_lock  elog_port.o
    0x08008a90   0x08008a90   0x00000020   Code   RO         8908    i.elog_port_output_unlock  elog_port.o
    0x08008ab0   0x08008ab0   0x000000c4   Code   RO         8717    i.elog_set_filter_lvl  elog.o
    0x08008b74   0x08008b74   0x0000003c   Code   RO         8720    i.elog_set_filter_tag_lvl_default  elog.o
    0x08008bb0   0x08008bb0   0x000000c8   Code   RO         8721    i.elog_set_fmt      elog.o
    0x08008c78   0x08008c78   0x000000d8   Code   RO         8722    i.elog_set_output_enabled  elog.o
    0x08008d50   0x08008d50   0x000000d8   Code   RO         8723    i.elog_set_text_color_enabled  elog.o
    0x08008e28   0x08008e28   0x00000094   Code   RO         8724    i.elog_start        elog.o
    0x08008ebc   0x08008ebc   0x00000032   Code   RO         9052    i.elog_strcpy       elog_utils.o
    0x08008eee   0x08008eee   0x0000007a   Code   RO         5377    i.env_iterator      ef_env.o
    0x08008f68   0x08008f68   0x0000000c   Code   RO         1486    i.exti_interrupt_flag_clear  gd32f30x_exti.o
    0x08008f74   0x08008f74   0x00000018   Code   RO         1487    i.exti_interrupt_flag_get  gd32f30x_exti.o
    0x08008f8c   0x08008f8c   0x00000308   Code   RO         9153    i.fault_diagnosis   cm_backtrace.o
    0x08009294   0x08009294   0x00000046   Code   RO         5378    i.find_env          ef_env.o
    0x080092da   0x080092da   0x00000046   Code   RO         5379    i.find_env_cb       ef_env.o
    0x08009320   0x08009320   0x00000020   Code   RO         5380    i.find_env_no_cache  ef_env.o
    0x08009340   0x08009340   0x00000088   Code   RO         5381    i.find_next_env_addr  ef_env.o
    0x080093c8   0x080093c8   0x00000022   Code   RO         1566    i.fmc_bank0_ready_wait  gd32f30x_fmc.o
    0x080093ea   0x080093ea   0x00000002   PAD
    0x080093ec   0x080093ec   0x00000030   Code   RO         1567    i.fmc_bank0_state_get  gd32f30x_fmc.o
    0x0800941c   0x0800941c   0x00000022   Code   RO         1571    i.fmc_bank1_ready_wait  gd32f30x_fmc.o
    0x0800943e   0x0800943e   0x00000002   PAD
    0x08009440   0x08009440   0x00000030   Code   RO         1572    i.fmc_bank1_state_get  gd32f30x_fmc.o
    0x08009470   0x08009470   0x00000020   Code   RO         1574    i.fmc_flag_clear    gd32f30x_fmc.o
    0x08009490   0x08009490   0x0000002c   Code   RO         1581    i.fmc_lock          gd32f30x_fmc.o
    0x080094bc   0x080094bc   0x000000e4   Code   RO         1583    i.fmc_page_erase    gd32f30x_fmc.o
    0x080095a0   0x080095a0   0x00000044   Code   RO         1584    i.fmc_unlock        gd32f30x_fmc.o
    0x080095e4   0x080095e4   0x000000b8   Code   RO         1585    i.fmc_word_program  gd32f30x_fmc.o
    0x0800969c   0x0800969c   0x0000006c   Code   RO         5382    i.format_sector     ef_env.o
    0x08009708   0x08009708   0x00000024   Code   RO        12483    i.fputc             print_iface.o
    0x0800972c   0x0800972c   0x00000050   Code   RO        14752    i.free              mc_w.l(malloc.o)
    0x0800977c   0x0800977c   0x00000016   Code   RO         5383    i.gc_check_cb       ef_env.o
    0x08009792   0x08009792   0x00000002   PAD
    0x08009794   0x08009794   0x0000004c   Code   RO         5384    i.gc_collect        ef_env.o
    0x080097e0   0x080097e0   0x00000008   Code   RO         9154    i.get_cur_thread_name  cm_backtrace.o
    0x080097e8   0x080097e8   0x00000080   Code   RO         9155    i.get_cur_thread_stack_info  cm_backtrace.o
    0x08009868   0x08009868   0x00000048   Code   RO         5385    i.get_env           ef_env.o
    0x080098b0   0x080098b0   0x000000a8   Code   RO         5386    i.get_env_from_cache  ef_env.o
    0x08009958   0x08009958   0x000000d4   Code   RO         8726    i.get_fmt_enabled   elog.o
    0x08009a2c   0x08009a2c   0x0000001c   Code   RO         8727    i.get_fmt_used_and_enabled_ptr  elog.o
    0x08009a48   0x08009a48   0x0000001c   Code   RO         8728    i.get_fmt_used_and_enabled_u32  elog.o
    0x08009a64   0x08009a64   0x0000006a   Code   RO         5387    i.get_next_env_addr  ef_env.o
    0x08009ace   0x08009ace   0x00000002   PAD
    0x08009ad0   0x08009ad0   0x00000040   Code   RO         5388    i.get_next_sector_addr  ef_env.o
    0x08009b10   0x08009b10   0x00000030   Code   RO         5389    i.get_sector_from_cache  ef_env.o
    0x08009b40   0x08009b40   0x0000002a   Code   RO         5390    i.get_status        ef_env.o
    0x08009b6a   0x08009b6a   0x00000002   PAD
    0x08009b6c   0x08009b6c   0x000000b8   Code   RO        12613    i.gpio_config       adc_iface.o
    0x08009c24   0x08009c24   0x000000bc   Code   RO         1861    i.gpio_init         gd32f30x_gpio.o
    0x08009ce0   0x08009ce0   0x00000090   Code   RO         1867    i.gpio_pin_remap_config  gd32f30x_gpio.o
    0x08009d70   0x08009d70   0x00000094   Code   RO        10636    i.lFilter_MadianAverage  filtration.o
    0x08009e04   0x08009e04   0x000000bc   Code   RO        10463    i.lwrb_find         lwrb_ex.o
    0x08009ec0   0x08009ec0   0x0000002e   Code   RO        10337    i.lwrb_get_free     lwrb.o
    0x08009eee   0x08009eee   0x0000002e   Code   RO        10338    i.lwrb_get_full     lwrb.o
    0x08009f1c   0x08009f1c   0x0000001c   Code   RO        10343    i.lwrb_init         lwrb.o
    0x08009f38   0x08009f38   0x00000024   Code   RO        10346    i.lwrb_read         lwrb.o
    0x08009f5c   0x08009f5c   0x000000b6   Code   RO        10347    i.lwrb_read_ex      lwrb.o
    0x0800a012   0x0800a012   0x00000028   Code   RO        10348    i.lwrb_reset        lwrb.o
    0x0800a03a   0x0800a03a   0x00000024   Code   RO        10352    i.lwrb_write        lwrb.o
    0x0800a05e   0x0800a05e   0x000000b6   Code   RO        10353    i.lwrb_write_ex     lwrb.o
    0x0800a114   0x0800a114   0x00000040   Code   RO        11158    i.main              main.o
    0x0800a154   0x0800a154   0x0000006c   Code   RO        14753    i.malloc            mc_w.l(malloc.o)
    0x0800a1c0   0x0800a1c0   0x00000108   Code   RO         5391    i.move_env          ef_env.o
    0x0800a2c8   0x0800a2c8   0x00000038   Code   RO         5392    i.new_env           ef_env.o
    0x0800a300   0x0800a300   0x00000026   Code   RO         5393    i.new_env_by_kv     ef_env.o
    0x0800a326   0x0800a326   0x0000000c   Code   RO        11159    i.nvic_init         main.o
    0x0800a332   0x0800a332   0x00000002   PAD
    0x0800a334   0x0800a334   0x000000c4   Code   RO         2179    i.nvic_irq_enable   gd32f30x_misc.o
    0x0800a3f8   0x0800a3f8   0x00000014   Code   RO         2180    i.nvic_priority_group_set  gd32f30x_misc.o
    0x0800a40c   0x0800a40c   0x0000000c   Code   RO        13779    i.oled_delay_ms     md_display_iface.o
    0x0800a418   0x0800a418   0x000000fc   Code   RO        13780    i.oled_hw_spi_dma_init  md_display_iface.o
    0x0800a514   0x0800a514   0x00000038   Code   RO        13781    i.oled_hw_spi_wait_idle  md_display_iface.o
    0x0800a54c   0x0800a54c   0x000000f4   Code   RO        13437    i.pc_disp_alarm_desc  md_display_api.o
    0x0800a640   0x0800a640   0x00000070   Code   RO        13438    i.pc_disp_err_action  md_display_api.o
    0x0800a6b0   0x0800a6b0   0x00000044   Code   RO        13439    i.pc_disp_err_mode  md_display_api.o
    0x0800a6f4   0x0800a6f4   0x00000060   Code   RO        13440    i.pc_disp_err_module  md_display_api.o
    0x0800a754   0x0800a754   0x0000004c   Code   RO        13441    i.pc_disp_fan_mode  md_display_api.o
    0x0800a7a0   0x0800a7a0   0x00000040   Code   RO        13442    i.pc_disp_heat_mode  md_display_api.o
    0x0800a7e0   0x0800a7e0   0x0000000c   Code   RO        13443    i.pc_disp_home_module_icon  md_display_api.o
    0x0800a7ec   0x0800a7ec   0x00000048   Code   RO        13444    i.pc_disp_home_module_label  md_display_api.o
    0x0800a834   0x0800a834   0x00000054   Code   RO        13445    i.pc_disp_light_mode  md_display_api.o
    0x0800a888   0x0800a888   0x00000048   Code   RO        13446    i.pc_disp_light_rgb_state  md_display_api.o
    0x0800a8d0   0x0800a8d0   0x00000048   Code   RO        13447    i.pc_disp_light_white_state  md_display_api.o
    0x0800a918   0x0800a918   0x0000004c   Code   RO        13448    i.pc_disp_o2pump_mode  md_display_api.o
    0x0800a964   0x0800a964   0x0000004c   Code   RO        13449    i.pc_disp_pump_mode  md_display_api.o
    0x0800a9b0   0x0800a9b0   0x00000048   Code   RO        13450    i.pc_disp_tab_icon  md_display_api.o
    0x0800a9f8   0x0800a9f8   0x00000010   Code   RO        13451    i.pc_disp_updata_note  md_display_api.o
    0x0800aa08   0x0800aa08   0x0000000c   Code   RO        13452    i.pc_disp_updata_stage  md_display_api.o
    0x0800aa14   0x0800aa14   0x00000098   Code   RO         9156    i.print_call_stack  cm_backtrace.o
    0x0800aaac   0x0800aaac   0x000000c0   Code   RO         4649    i.prvAddCurrentTaskToDelayedList  tasks.o
    0x0800ab6c   0x0800ab6c   0x00000108   Code   RO         4650    i.prvAddNewTaskToReadyList  tasks.o
    0x0800ac74   0x0800ac74   0x0000004c   Code   RO         5006    i.prvCheckForValidListAndQueue  timers.o
    0x0800acc0   0x0800acc0   0x00000048   Code   RO         4651    i.prvCheckTasksWaitingTermination  tasks.o
    0x0800ad08   0x0800ad08   0x0000002a   Code   RO         4315    i.prvCopyDataFromQueue  queue.o
    0x0800ad32   0x0800ad32   0x0000007e   Code   RO         4316    i.prvCopyDataToQueue  queue.o
    0x0800adb0   0x0800adb0   0x00000012   Code   RO         4652    i.prvDeleteTCB      tasks.o
    0x0800adc2   0x0800adc2   0x00000014   Code   RO         4317    i.prvGetDisinheritPriorityAfterTimeout  queue.o
    0x0800add6   0x0800add6   0x00000002   PAD
    0x0800add8   0x0800add8   0x00000028   Code   RO         5007    i.prvGetNextExpireTime  timers.o
    0x0800ae00   0x0800ae00   0x0000007c   Code   RO         5167    i.prvHeapInit       heap_4.o
    0x0800ae7c   0x0800ae7c   0x0000002c   Code   RO         4653    i.prvIdleTask       tasks.o
    0x0800aea8   0x0800aea8   0x0000001e   Code   RO         4318    i.prvInitialiseMutex  queue.o
    0x0800aec6   0x0800aec6   0x00000032   Code   RO         4319    i.prvInitialiseNewQueue  queue.o
    0x0800aef8   0x0800aef8   0x000000d8   Code   RO         4654    i.prvInitialiseNewTask  tasks.o
    0x0800afd0   0x0800afd0   0x00000058   Code   RO         5008    i.prvInitialiseNewTimer  timers.o
    0x0800b028   0x0800b028   0x00000068   Code   RO         4655    i.prvInitialiseTaskLists  tasks.o
    0x0800b090   0x0800b090   0x00000068   Code   RO         5168    i.prvInsertBlockIntoFreeList  heap_4.o
    0x0800b0f8   0x0800b0f8   0x00000058   Code   RO         5009    i.prvInsertTimerInActiveList  timers.o
    0x0800b150   0x0800b150   0x0000001a   Code   RO         4320    i.prvIsQueueEmpty   queue.o
    0x0800b16a   0x0800b16a   0x0000001e   Code   RO         4321    i.prvIsQueueFull    queue.o
    0x0800b188   0x0800b188   0x00000044   Code   RO         5010    i.prvProcessExpiredTimer  timers.o
    0x0800b1cc   0x0800b1cc   0x0000011c   Code   RO         5011    i.prvProcessReceivedCommands  timers.o
    0x0800b2e8   0x0800b2e8   0x00000074   Code   RO         5012    i.prvProcessTimerOrBlockTask  timers.o
    0x0800b35c   0x0800b35c   0x00000028   Code   RO         5013    i.prvReloadTimer    timers.o
    0x0800b384   0x0800b384   0x00000030   Code   RO         4656    i.prvResetNextTaskUnblockTime  tasks.o
    0x0800b3b4   0x0800b3b4   0x0000002c   Code   RO         5014    i.prvSampleTimeNow  timers.o
    0x0800b3e0   0x0800b3e0   0x00000044   Code   RO         5015    i.prvSwitchTimerLists  timers.o
    0x0800b424   0x0800b424   0x00000040   Code   RO         5232    i.prvTaskExitError  port.o
    0x0800b464   0x0800b464   0x0000001a   Code   RO         5016    i.prvTimerTask      timers.o
    0x0800b47e   0x0800b47e   0x0000007e   Code   RO         4322    i.prvUnlockQueue    queue.o
    0x0800b4fc   0x0800b4fc   0x00000008   Code   RO        13453    i.ptDisp_GetUiSnapshot  md_display_api.o
    0x0800b504   0x0800b504   0x0000016c   Code   RO         5169    i.pvPortMalloc      heap_4.o
    0x0800b670   0x0800b670   0x00000020   Code   RO         4658    i.pvTaskIncrementMutexHeldCount  tasks.o
    0x0800b690   0x0800b690   0x0000002c   Code   RO         5233    i.pxPortInitialiseStack  port.o
    0x0800b6bc   0x0800b6bc   0x0000006c   Code   RO         2369    i.rcu_adc_clock_config  gd32f30x_rcu.o
    0x0800b728   0x0800b728   0x00000158   Code   RO         2378    i.rcu_clock_freq_get  gd32f30x_rcu.o
    0x0800b880   0x0800b880   0x00000020   Code   RO         2396    i.rcu_periph_clock_enable  gd32f30x_rcu.o
    0x0800b8a0   0x0800b8a0   0x00000020   Code   RO         2399    i.rcu_periph_reset_disable  gd32f30x_rcu.o
    0x0800b8c0   0x0800b8c0   0x00000020   Code   RO         2400    i.rcu_periph_reset_enable  gd32f30x_rcu.o
    0x0800b8e0   0x0800b8e0   0x00000100   Code   RO         5395    i.read_env          ef_env.o
    0x0800b9e0   0x0800b9e0   0x00000164   Code   RO         5396    i.read_sector_meta_data  ef_env.o
    0x0800bb44   0x0800bb44   0x0000002a   Code   RO         5397    i.read_status       ef_env.o
    0x0800bb6e   0x0800bb6e   0x00000002   PAD
    0x0800bb70   0x0800bb70   0x000000b8   Code   RO        12425    i.sMyPrint          print_api.o
    0x0800bc28   0x0800bc28   0x00000010   Code   RO        11558    i.sSys_CheckInVolt  sys_task.o
    0x0800bc38   0x0800bc38   0x00000034   Code   RO        13454    i.s_disp_get_water_temp  md_display_api.o
    0x0800bc6c   0x0800bc6c   0x00000060   Code   RO         5398    i.sector_iterator   ef_env.o
    0x0800bccc   0x0800bccc   0x0000002e   Code   RO         5399    i.sector_statistics_cb  ef_env.o
    0x0800bcfa   0x0800bcfa   0x00000002   PAD
    0x0800bcfc   0x0800bcfc   0x00000094   Code   RO         5400    i.set_env           ef_env.o
    0x0800bd90   0x0800bd90   0x00000030   Code   RO         5401    i.set_status        ef_env.o
    0x0800bdc0   0x0800bdc0   0x00000016   Code   RO         3013    i.spi_dma_enable    gd32f30x_spi.o
    0x0800bdd6   0x0800bdd6   0x0000000a   Code   RO         3014    i.spi_enable        gd32f30x_spi.o
    0x0800bde0   0x0800bde0   0x00000058   Code   RO         3018    i.spi_i2s_deinit    gd32f30x_spi.o
    0x0800be38   0x0800be38   0x00000010   Code   RO         3019    i.spi_i2s_flag_get  gd32f30x_spi.o
    0x0800be48   0x0800be48   0x00000032   Code   RO         3024    i.spi_init          gd32f30x_spi.o
    0x0800be7a   0x0800be7a   0x0000000a   Code   RO         3025    i.spi_nss_internal_high  gd32f30x_spi.o
    0x0800be84   0x0800be84   0x00000012   Code   RO         3037    i.spi_struct_para_init  gd32f30x_spi.o
    0x0800be96   0x0800be96   0x00000002   PAD
    0x0800be98   0x0800be98   0x00000024   Code   RO         9157    i.statck_del_fpu_regs  cm_backtrace.o
    0x0800bebc   0x0800bebc   0x00000114   Code   RO           14    i.system_clock_120m_hxtal  system_gd32f30x.o
    0x0800bfd0   0x0800bfd0   0x00000008   Code   RO           15    i.system_clock_config  system_gd32f30x.o
    0x0800bfd8   0x0800bfd8   0x0000000a   Code   RO         3260    i.timer_auto_reload_shadow_enable  gd32f30x_timer.o
    0x0800bfe2   0x0800bfe2   0x00000002   PAD
    0x0800bfe4   0x0800bfe4   0x000001ec   Code   RO         3277    i.timer_channel_output_config  gd32f30x_timer.o
    0x0800c1d0   0x0800c1d0   0x0000005a   Code   RO         3279    i.timer_channel_output_mode_config  gd32f30x_timer.o
    0x0800c22a   0x0800c22a   0x00000026   Code   RO         3281    i.timer_channel_output_pulse_value_config  gd32f30x_timer.o
    0x0800c250   0x0800c250   0x0000005a   Code   RO         3282    i.timer_channel_output_shadow_config  gd32f30x_timer.o
    0x0800c2aa   0x0800c2aa   0x00000002   PAD
    0x0800c2ac   0x0800c2ac   0x000000dc   Code   RO         3290    i.timer_deinit      gd32f30x_timer.o
    0x0800c388   0x0800c388   0x0000000a   Code   RO         3295    i.timer_enable      gd32f30x_timer.o
    0x0800c392   0x0800c392   0x00000002   PAD
    0x0800c394   0x0800c394   0x00000098   Code   RO         3305    i.timer_init        gd32f30x_timer.o
    0x0800c42c   0x0800c42c   0x00000018   Code   RO         3320    i.timer_primary_output_config  gd32f30x_timer.o
    0x0800c444   0x0800c444   0x00000016   Code   RO         3325    i.timer_struct_para_init  gd32f30x_timer.o
    0x0800c45a   0x0800c45a   0x0000001c   Code   RO         6721    i.u8g2_ClearBuffer  u8g2_buffer.o
    0x0800c476   0x0800c476   0x0000004a   Code   RO         6691    i.u8g2_DrawBox      u8g2_box.o
    0x0800c4c0   0x0800c4c0   0x00000046   Code   RO         6821    i.u8g2_DrawCircle   u8g2_circle.o
    0x0800c506   0x0800c506   0x0000008a   Code   RO         6692    i.u8g2_DrawFrame    u8g2_box.o
    0x0800c590   0x0800c590   0x00000062   Code   RO         6930    i.u8g2_DrawGlyph    u8g2_font.o
    0x0800c5f2   0x0800c5f2   0x0000001c   Code   RO         7285    i.u8g2_DrawHLine    u8g2_hvline.o
    0x0800c60e   0x0800c60e   0x000000dc   Code   RO         7286    i.u8g2_DrawHVLine   u8g2_hvline.o
    0x0800c6ea   0x0800c6ea   0x000000e8   Code   RO         6645    i.u8g2_DrawHXBMP    u8g2_bitmap.o
    0x0800c7d2   0x0800c7d2   0x000000d6   Code   RO         7380    i.u8g2_DrawLine     u8g2_line.o
    0x0800c8a8   0x0800c8a8   0x00000044   Code   RO         7287    i.u8g2_DrawPixel    u8g2_hvline.o
    0x0800c8ec   0x0800c8ec   0x0000014c   Code   RO         6694    i.u8g2_DrawRFrame   u8g2_box.o
    0x0800ca38   0x0800ca38   0x00000024   Code   RO         6933    i.u8g2_DrawStr      u8g2_font.o
    0x0800ca5c   0x0800ca5c   0x0000001c   Code   RO         7288    i.u8g2_DrawVLine    u8g2_hvline.o
    0x0800ca78   0x0800ca78   0x00000058   Code   RO         6648    i.u8g2_DrawXBMP     u8g2_bitmap.o
    0x0800cad0   0x0800cad0   0x0000003a   Code   RO         7344    i.u8g2_IsIntersection  u8g2_intersection.o
    0x0800cb0a   0x0800cb0a   0x00000012   Code   RO         6724    i.u8g2_SendBuffer   u8g2_buffer.o
    0x0800cb1c   0x0800cb1c   0x00000010   Code   RO         7289    i.u8g2_SetDrawColor  u8g2_hvline.o
    0x0800cb2c   0x0800cb2c   0x00000020   Code   RO         6952    i.u8g2_SetFont      u8g2_font.o
    0x0800cb4c   0x0800cb4c   0x0000000c   Code   RO         6955    i.u8g2_SetFontPosBaseline  u8g2_font.o
    0x0800cb58   0x0800cb58   0x00000020   Code   RO         7559    i.u8g2_SetMaxClipWindow  u8g2_setup.o
    0x0800cb78   0x0800cb78   0x0000005a   Code   RO         7560    i.u8g2_SetupBuffer  u8g2_setup.o
    0x0800cbd2   0x0800cbd2   0x00000088   Code   RO         6962    i.u8g2_UpdateRefHeight  u8g2_font.o
    0x0800cc5a   0x0800cc5a   0x0000002a   Code   RO         6963    i.u8g2_add_vector_x  u8g2_font.o
    0x0800cc84   0x0800cc84   0x0000002a   Code   RO         6964    i.u8g2_add_vector_y  u8g2_font.o
    0x0800ccae   0x0800ccae   0x0000007a   Code   RO         7562    i.u8g2_apply_clip_window  u8g2_setup.o
    0x0800cd28   0x0800cd28   0x0000004c   Code   RO         7290    i.u8g2_clip_intersection2  u8g2_hvline.o
    0x0800cd74   0x0800cd74   0x00000080   Code   RO         6825    i.u8g2_draw_circle  u8g2_circle.o
    0x0800cdf4   0x0800cdf4   0x0000009c   Code   RO         6826    i.u8g2_draw_circle_section  u8g2_circle.o
    0x0800ce90   0x0800ce90   0x0000002c   Code   RO         7291    i.u8g2_draw_hv_line_2dir  u8g2_hvline.o
    0x0800cebc   0x0800cebc   0x0000003c   Code   RO         7563    i.u8g2_draw_l90_mirrorr_r0  u8g2_setup.o
    0x0800cef8   0x0800cef8   0x00000024   Code   RO         7564    i.u8g2_draw_l90_r0  u8g2_setup.o
    0x0800cf1c   0x0800cf1c   0x00000044   Code   RO         7565    i.u8g2_draw_l90_r1  u8g2_setup.o
    0x0800cf60   0x0800cf60   0x00000056   Code   RO         7566    i.u8g2_draw_l90_r2  u8g2_setup.o
    0x0800cfb6   0x0800cfb6   0x00000050   Code   RO         7567    i.u8g2_draw_l90_r3  u8g2_setup.o
    0x0800d006   0x0800d006   0x0000003c   Code   RO         7568    i.u8g2_draw_mirror_vertical_r0  u8g2_setup.o
    0x0800d042   0x0800d042   0x00000090   Code   RO         6965    i.u8g2_draw_string  u8g2_font.o
    0x0800d0d2   0x0800d0d2   0x00000006   Code   RO         6972    i.u8g2_font_calc_vref_font  u8g2_font.o
    0x0800d0d8   0x0800d0d8   0x00000024   Code   RO         6974    i.u8g2_font_decode_get_signed_bits  u8g2_font.o
    0x0800d0fc   0x0800d0fc   0x00000042   Code   RO         6975    i.u8g2_font_decode_get_unsigned_bits  u8g2_font.o
    0x0800d13e   0x0800d13e   0x00000182   Code   RO         6976    i.u8g2_font_decode_glyph  u8g2_font.o
    0x0800d2c0   0x0800d2c0   0x000000b0   Code   RO         6977    i.u8g2_font_decode_len  u8g2_font.o
    0x0800d370   0x0800d370   0x0000003a   Code   RO         6978    i.u8g2_font_draw_glyph  u8g2_font.o
    0x0800d3aa   0x0800d3aa   0x00000008   Code   RO         6979    i.u8g2_font_get_byte  u8g2_font.o
    0x0800d3b2   0x0800d3b2   0x00000092   Code   RO         6980    i.u8g2_font_get_glyph_data  u8g2_font.o
    0x0800d444   0x0800d444   0x00000018   Code   RO         6981    i.u8g2_font_get_word  u8g2_font.o
    0x0800d45c   0x0800d45c   0x00000040   Code   RO         6982    i.u8g2_font_setup_decode  u8g2_font.o
    0x0800d49c   0x0800d49c   0x00000030   Code   RO         7345    i.u8g2_is_intersection_decision_tree  u8g2_intersection.o
    0x0800d4cc   0x0800d4cc   0x000000ee   Code   RO         7393    i.u8g2_ll_hvline_vertical_top_lsb  u8g2_ll_hvline.o
    0x0800d5ba   0x0800d5ba   0x00000002   PAD
    0x0800d5bc   0x0800d5bc   0x00000010   Code   RO         6903    i.u8g2_m_16_8_f     u8g2_d_memory.o
    0x0800d5cc   0x0800d5cc   0x000000e0   Code   RO         6984    i.u8g2_read_font_info  u8g2_font.o
    0x0800d6ac   0x0800d6ac   0x00000036   Code   RO         6732    i.u8g2_send_buffer  u8g2_buffer.o
    0x0800d6e2   0x0800d6e2   0x00000036   Code   RO         6733    i.u8g2_send_tile_row  u8g2_buffer.o
    0x0800d718   0x0800d718   0x00000060   Code   RO         7569    i.u8g2_update_dimension_common  u8g2_setup.o
    0x0800d778   0x0800d778   0x0000000c   Code   RO         7570    i.u8g2_update_dimension_r0  u8g2_setup.o
    0x0800d784   0x0800d784   0x0000001c   Code   RO         7571    i.u8g2_update_dimension_r1  u8g2_setup.o
    0x0800d7a0   0x0800d7a0   0x0000000c   Code   RO         7572    i.u8g2_update_dimension_r2  u8g2_setup.o
    0x0800d7ac   0x0800d7ac   0x0000001c   Code   RO         7573    i.u8g2_update_dimension_r3  u8g2_setup.o
    0x0800d7c8   0x0800d7c8   0x00000020   Code   RO         7574    i.u8g2_update_page_win_r0  u8g2_setup.o
    0x0800d7e8   0x0800d7e8   0x00000012   Code   RO         8397    i.u8x8_InitDisplay  u8x8_display.o
    0x0800d7fa   0x0800d7fa   0x00000004   Code   RO        13457    i.uc_disp_get_updata_percent  md_display_api.o
    0x0800d7fe   0x0800d7fe   0x00000002   Code   RO        11227    i.vApplicationIdleHook  board_config.o
    0x0800d800   0x0800d800   0x00000060   Data   RO        11344    .ARM.__AT_0x0800D800  app_info.o
    0x0800d860   0x0800d860   0x00000020   Code   RO         7575    i.u8g2_update_page_win_r1  u8g2_setup.o
    0x0800d880   0x0800d880   0x0000003c   Code   RO         7576    i.u8g2_update_page_win_r2  u8g2_setup.o
    0x0800d8bc   0x0800d8bc   0x0000003c   Code   RO         7577    i.u8g2_update_page_win_r3  u8g2_setup.o
    0x0800d8f8   0x0800d8f8   0x00000032   Code   RO         8395    i.u8x8_DrawTile     u8x8_display.o
    0x0800d92a   0x0800d92a   0x00000012   Code   RO         8399    i.u8x8_RefreshDisplay  u8x8_display.o
    0x0800d93c   0x0800d93c   0x00000014   Code   RO         8400    i.u8x8_SetContrast  u8x8_display.o
    0x0800d950   0x0800d950   0x00000014   Code   RO         8402    i.u8x8_SetPowerSave  u8x8_display.o
    0x0800d964   0x0800d964   0x0000002a   Code   RO         8573    i.u8x8_Setup        u8x8_setup.o
    0x0800d98e   0x0800d98e   0x00000002   PAD
    0x0800d990   0x0800d990   0x0000002c   Code   RO         8574    i.u8x8_SetupDefaults  u8x8_setup.o
    0x0800d9bc   0x0800d9bc   0x00000012   Code   RO         8403    i.u8x8_SetupMemory  u8x8_display.o
    0x0800d9ce   0x0800d9ce   0x00000012   Code   RO         7855    i.u8x8_ascii_next   u8x8_8x8.o
    0x0800d9e0   0x0800d9e0   0x00000098   Code   RO        13455    i.u8x8_byte_4wire_hw_spi  md_display_api.o
    0x0800da78   0x0800da78   0x00000010   Code   RO         7992    i.u8x8_byte_SendByte  u8x8_byte.o
    0x0800da88   0x0800da88   0x0000001a   Code   RO         7993    i.u8x8_byte_SendBytes  u8x8_byte.o
    0x0800daa2   0x0800daa2   0x00000014   Code   RO         7994    i.u8x8_byte_SetDC   u8x8_byte.o
    0x0800dab6   0x0800dab6   0x0000006c   Code   RO         8123    i.u8x8_cad_001      u8x8_cad.o
    0x0800db22   0x0800db22   0x00000012   Code   RO         8128    i.u8x8_cad_EndTransfer  u8x8_cad.o
    0x0800db34   0x0800db34   0x00000014   Code   RO         8129    i.u8x8_cad_SendArg  u8x8_cad.o
    0x0800db48   0x0800db48   0x00000014   Code   RO         8130    i.u8x8_cad_SendCmd  u8x8_cad.o
    0x0800db5c   0x0800db5c   0x0000001a   Code   RO         8131    i.u8x8_cad_SendData  u8x8_cad.o
    0x0800db76   0x0800db76   0x0000007c   Code   RO         8133    i.u8x8_cad_SendSequence  u8x8_cad.o
    0x0800dbf2   0x0800dbf2   0x00000012   Code   RO         8134    i.u8x8_cad_StartTransfer  u8x8_cad.o
    0x0800dc04   0x0800dc04   0x00000060   Code   RO         8404    i.u8x8_d_helper_display_init  u8x8_display.o
    0x0800dc64   0x0800dc64   0x0000000c   Code   RO         8405    i.u8x8_d_helper_display_setup_memory  u8x8_display.o
    0x0800dc70   0x0800dc70   0x00000054   Code   RO         8315    i.u8x8_d_sh1106_128x64_noname  u8x8_d_ssd1306_128x64_noname.o
    0x0800dcc4   0x0800dcc4   0x00000104   Code   RO         8321    i.u8x8_d_ssd1306_sh1106_generic  u8x8_d_ssd1306_128x64_noname.o
    0x0800ddc8   0x0800ddc8   0x00000008   Code   RO         8576    i.u8x8_dummy_cb     u8x8_setup.o
    0x0800ddd0   0x0800ddd0   0x0000001a   Code   RO         8495    i.u8x8_gpio_call    u8x8_gpio.o
    0x0800ddea   0x0800ddea   0x00000002   PAD
    0x0800ddec   0x0800ddec   0x00000088   Code   RO        13456    i.u8x8_stm32_gpio_and_delay  md_display_api.o
    0x0800de74   0x0800de74   0x00000008   Code   RO         7864    i.u8x8_utf8_init    u8x8_8x8.o
    0x0800de7c   0x0800de7c   0x00000022   Code   RO        10502    i.ucCheck_SumReflect  check.o
    0x0800de9e   0x0800de9e   0x00000030   Code   RO        13154    i.uc_disp_page_field_count  md_display_task.o
    0x0800dece   0x0800dece   0x00000002   PAD
    0x0800ded0   0x0800ded0   0x000000b4   Code   RO         4659    i.ulTaskGenericNotifyTake  tasks.o
    0x0800df84   0x0800df84   0x00000104   Code   RO         5402    i.update_env_cache  ef_env.o
    0x0800e088   0x0800e088   0x00000060   Code   RO         5403    i.update_sec_status  ef_env.o
    0x0800e0e8   0x0800e0e8   0x00000074   Code   RO         5404    i.update_sector_cache  ef_env.o
    0x0800e15c   0x0800e15c   0x00000018   Code   RO        12563    i.usAdc_GetChannelValue  adc_task.o
    0x0800e174   0x0800e174   0x00000004   Code   RO        11340    i.usApp_GetMemParamSize  app_info.o
    0x0800e178   0x0800e178   0x00000688   Code   RO        13850    i.usDisp_ErrCodeDisplay  md_display_err.o
    0x0800e800   0x0800e800   0x00000028   Code   RO        13458    i.us_disp_get_init_progress  md_display_api.o
    0x0800e828   0x0800e828   0x00000048   Code   RO        14186    i.us_fan_set_work_mode  md_hm_task.o
    0x0800e870   0x0800e870   0x00000090   Code   RO         3700    i.usart_baudrate_set  gd32f30x_usart.o
    0x0800e900   0x0800e900   0x00000008   Code   RO         3704    i.usart_data_transmit  gd32f30x_usart.o
    0x0800e908   0x0800e908   0x00000090   Code   RO         3705    i.usart_deinit      gd32f30x_usart.o
    0x0800e998   0x0800e998   0x0000000a   Code   RO         3709    i.usart_enable      gd32f30x_usart.o
    0x0800e9a2   0x0800e9a2   0x0000001e   Code   RO         3711    i.usart_flag_get    gd32f30x_usart.o
    0x0800e9c0   0x0800e9c0   0x00000014   Code   RO         3715    i.usart_hardware_flow_cts_config  gd32f30x_usart.o
    0x0800e9d4   0x0800e9d4   0x00000014   Code   RO         3716    i.usart_hardware_flow_rts_config  gd32f30x_usart.o
    0x0800e9e8   0x0800e9e8   0x0000001a   Code   RO         3717    i.usart_interrupt_disable  gd32f30x_usart.o
    0x0800ea02   0x0800ea02   0x0000001a   Code   RO         3718    i.usart_interrupt_enable  gd32f30x_usart.o
    0x0800ea1c   0x0800ea1c   0x00000012   Code   RO         3719    i.usart_interrupt_flag_clear  gd32f30x_usart.o
    0x0800ea2e   0x0800ea2e   0x00000038   Code   RO         3720    i.usart_interrupt_flag_get  gd32f30x_usart.o
    0x0800ea66   0x0800ea66   0x00000010   Code   RO         3731    i.usart_parity_config  gd32f30x_usart.o
    0x0800ea76   0x0800ea76   0x00000014   Code   RO         3733    i.usart_receive_config  gd32f30x_usart.o
    0x0800ea8a   0x0800ea8a   0x00000010   Code   RO         3743    i.usart_stop_bit_set  gd32f30x_usart.o
    0x0800ea9a   0x0800ea9a   0x00000014   Code   RO         3747    i.usart_transmit_config  gd32f30x_usart.o
    0x0800eaae   0x0800eaae   0x00000010   Code   RO         3748    i.usart_word_length_set  gd32f30x_usart.o
    0x0800eabe   0x0800eabe   0x00000028   Code   RO         4268    i.uxListRemove      list.o
    0x0800eae6   0x0800eae6   0x00000026   Code   RO        12615    i.vAdc_Init         adc_iface.o
    0x0800eb0c   0x0800eb0c   0x00000950   Code   RO        12564    i.vAdc_Task         adc_task.o
    0x0800f45c   0x0800f45c   0x00000030   Code   RO        12565    i.vAdc_TaskInit     adc_task.o
    0x0800f48c   0x0800f48c   0x00000050   Code   RO        11228    i.vBoard_StartTask  board_config.o
    0x0800f4dc   0x0800f4dc   0x00000088   Code   RO        11229    i.vBoard_SysInit    board_config.o
    0x0800f564   0x0800f564   0x0000000c   Code   RO        12844    i.vBuz_Init         buz_iface.o
    0x0800f570   0x0800f570   0x00000078   Code   RO        12803    i.vBuz_Task         buz_task.o
    0x0800f5e8   0x0800f5e8   0x00000010   Code   RO        13459    i.vDisp_ClearBuffer  md_display_api.o
    0x0800f5f8   0x0800f5f8   0x0000001c   Code   RO        13460    i.vDisp_ClearRegion  md_display_api.o
    0x0800f614   0x0800f614   0x00000010   Code   RO        13463    i.vDisp_DrawPageFrame  md_display_api.o
    0x0800f624   0x0800f624   0x0000000c   Code   RO        13464    i.vDisp_DrawStatusTag  md_display_api.o
    0x0800f630   0x0800f630   0x00000090   Code   RO        13782    i.vDisp_IfaceInit   md_display_iface.o
    0x0800f6c0   0x0800f6c0   0x00000034   Code   RO        13465    i.vDisp_Init        md_display_api.o
    0x0800f6f4   0x0800f6f4   0x00000074   Code   RO        13155    i.vDisp_PageInitContext  md_display_task.o
    0x0800f768   0x0800f768   0x00000088   Code   RO        13156    i.vDisp_PageSyncByState  md_display_task.o
    0x0800f7f0   0x0800f7f0   0x00000010   Code   RO        13466    i.vDisp_Refresh     md_display_api.o
    0x0800f800   0x0800f800   0x000000c0   Code   RO        13933    i.vDisp_RenderClosingPage  md_display_queue_task_closing.o
    0x0800f8c0   0x0800f8c0   0x000000e4   Code   RO        13975    i.vDisp_RenderErrorPage  md_display_queue_task_err.o
    0x0800f9a4   0x0800f9a4   0x000000e8   Code   RO        14052    i.vDisp_RenderUpgradePage  md_display_queue_task_updata.o
    0x0800fa8c   0x0800fa8c   0x0000002c   Code   RO        13157    i.vDisp_RequestRefresh  md_display_task.o
    0x0800fab8   0x0800fab8   0x00000014   Code   RO        13467    i.vDisp_SetContrast  md_display_api.o
    0x0800facc   0x0800facc   0x00000020   Code   RO        13468    i.vDisp_SetPower    md_display_api.o
    0x0800faec   0x0800faec   0x00000018   Code   RO        13784    i.vDisp_SpiSendByte  md_display_iface.o
    0x0800fb04   0x0800fb04   0x000000c0   Code   RO        13158    i.vDisp_Task        md_display_task.o
    0x0800fbc4   0x0800fbc4   0x000000d4   Code   RO        13159    i.vDisp_TickTimer   md_display_task.o
    0x0800fc98   0x0800fc98   0x0000002a   Code   RO         9024    i.vElog_Init        elog_init.o
    0x0800fcc2   0x0800fcc2   0x00000008   Code   RO        14271    i.vFan_PwmInit      md_hm_iface.o
    0x0800fcca   0x0800fcca   0x00000002   PAD
    0x0800fccc   0x0800fccc   0x000000a0   Code   RO        12003    i.vFlash_Gd32Read32Bit  flash_gd32.o
    0x0800fd6c   0x0800fd6c   0x00000018   Code   RO        11406    i.vGPIO_12VPowerSwitch  gpio_init.o
    0x0800fd84   0x0800fd84   0x00000024   Code   RO        11407    i.vGPIO_Init        gpio_init.o
    0x0800fda8   0x0800fda8   0x000001fc   Code   RO        14188    i.vHW_Task          md_hm_task.o
    0x0800ffa4   0x0800ffa4   0x0000001c   Code   RO        12667    i.vKey_ParamInit    key_task.o
    0x0800ffc0   0x0800ffc0   0x00000184   Code   RO        12760    i.vKey_ProcKeyFunc  key_func.o
    0x08010144   0x08010144   0x00000284   Code   RO        12669    i.vKey_Task         key_task.o
    0x080103c8   0x080103c8   0x00000030   Code   RO        12670    i.vKey_TaskInit     key_task.o
    0x080103f8   0x080103f8   0x0000000c   Code   RO        13084    i.vLed_IfaceInit    led_iface.o
    0x08010404   0x08010404   0x00000068   Code   RO        13049    i.vLed_Task         led_task.o
    0x0801046c   0x0801046c   0x0000002c   Code   RO        13050    i.vLed_TaskInit     led_task.o
    0x08010498   0x08010498   0x00000038   Code   RO        14107    i.vLight_CircSelectMode  md_light_task.o
    0x080104d0   0x080104d0   0x00000168   Code   RO        14159    i.vLight_IfaceInit  md_light_iface.o
    0x08010638   0x08010638   0x000000f0   Code   RO        14108    i.vLight_Task       md_light_task.o
    0x08010728   0x08010728   0x00000044   Code   RO        14109    i.vLight_TaskInit   md_light_task.o
    0x0801076c   0x0801076c   0x0000001a   Code   RO         4269    i.vListInitialise   list.o
    0x08010786   0x08010786   0x00000006   Code   RO         4270    i.vListInitialiseItem  list.o
    0x0801078c   0x0801078c   0x00000034   Code   RO         4271    i.vListInsert       list.o
    0x080107c0   0x080107c0   0x00000018   Code   RO         4272    i.vListInsertEnd    list.o
    0x080107d8   0x080107d8   0x00000054   Code   RO         5235    i.vPortEnterCritical  port.o
    0x0801082c   0x0801082c   0x0000003c   Code   RO         5236    i.vPortExitCritical  port.o
    0x08010868   0x08010868   0x000000a4   Code   RO         5170    i.vPortFree         heap_4.o
    0x0801090c   0x0801090c   0x00000028   Code   RO         5237    i.vPortSetupTimerInterrupt  port.o
    0x08010934   0x08010934   0x00000078   Code   RO         5238    i.vPortValidateInterruptPriority  port.o
    0x080109ac   0x080109ac   0x0000000c   Code   RO        12485    i.vPrint_Init       print_iface.o
    0x080109b8   0x080109b8   0x00000014   Code   RO        12429    i.vPrint_MyPrintParamInit  print_api.o
    0x080109cc   0x080109cc   0x00000088   Code   RO        12099    i.vPrint_Task       print_task.o
    0x08010a54   0x08010a54   0x000000c4   Code   RO        14337    i.vPump_IfaceInit   pump_iface.o
    0x08010b18   0x08010b18   0x0000004a   Code   RO         4327    i.vQueueWaitForMessageRestricted  queue.o
    0x08010b62   0x08010b62   0x0000000a   Code   RO        11560    i.vSys_RefreshAllOffTime  sys_task.o
    0x08010b6c   0x08010b6c   0x0000001c   Code   RO        11561    i.vSys_RefreshOffTime  sys_task.o
    0x08010b88   0x08010b88   0x00000094   Code   RO        11562    i.vSys_Task         sys_task.o
    0x08010c1c   0x08010c1c   0x00000040   Code   RO        11563    i.vSys_TaskInit     sys_task.o
    0x08010c5c   0x08010c5c   0x000001dc   Code   RO        11564    i.vSys_TickTimer    sys_task.o
    0x08010e38   0x08010e38   0x00000064   Code   RO         4665    i.vTaskDelay        tasks.o
    0x08010e9c   0x08010e9c   0x00000128   Code   RO         4666    i.vTaskDelete       tasks.o
    0x08010fc4   0x08010fc4   0x00000018   Code   RO         4669    i.vTaskInternalSetTimeOutState  tasks.o
    0x08010fdc   0x08010fdc   0x0000000c   Code   RO         4670    i.vTaskMissedYield  tasks.o
    0x08010fe8   0x08010fe8   0x0000000c   Code   RO         4671    i.vTaskName         tasks.o
    0x08010ff4   0x08010ff4   0x00000038   Code   RO         4672    i.vTaskPlaceOnEventList  tasks.o
    0x0801102c   0x0801102c   0x00000068   Code   RO         4673    i.vTaskPlaceOnEventListRestricted  tasks.o
    0x08011094   0x08011094   0x0000012c   Code   RO         4675    i.vTaskPriorityDisinheritAfterTimeout  tasks.o
    0x080111c0   0x080111c0   0x0000000c   Code   RO         4680    i.vTaskStackAddr    tasks.o
    0x080111cc   0x080111cc   0x0000000c   Code   RO         4681    i.vTaskStackSize    tasks.o
    0x080111d8   0x080111d8   0x000000b8   Code   RO         4682    i.vTaskStartScheduler  tasks.o
    0x08011290   0x08011290   0x00000010   Code   RO         4684    i.vTaskSuspendAll   tasks.o
    0x080112a0   0x080112a0   0x000000a8   Code   RO         4685    i.vTaskSwitchContext  tasks.o
    0x08011348   0x08011348   0x00000028   Code   RO        11508    i.vTimer_RepetCallback  timer_task.o
    0x08011370   0x08011370   0x00000044   Code   RO        11510    i.vTimer_TaskInit   timer_task.o
    0x080113b4   0x080113b4   0x00000094   Code   RO        12566    i.v_adc_param_init  adc_task.o
    0x08011448   0x08011448   0x00000028   Code   RO        11730    i.v_add_task_return_func_cb  sys_queue_task.o
    0x08011470   0x08011470   0x00000028   Code   RO        12155    i.v_add_task_return_func_cb  print_queue_task.o
    0x08011498   0x08011498   0x00000028   Code   RO        13873    i.v_add_task_return_func_cb  md_display_queue_task.o
    0x080114c0   0x080114c0   0x00000034   Code   RO        12845    i.v_buz_gpio_init   buz_iface.o
    0x080114f4   0x080114f4   0x000000d0   Code   RO        12846    i.v_buz_timer_init  buz_iface.o
    0x080115c4   0x080115c4   0x00000058   Code   RO        13160    i.v_disp_apply_setting_runtime  md_display_task.o
    0x0801161c   0x0801161c   0x00000030   Code   RO        13470    i.v_disp_clear_region  md_display_api.o
    0x0801164c   0x0801164c   0x000001f4   Code   RO        13471    i.v_disp_collect_snapshot  md_display_api.o
    0x08011840   0x08011840   0x0000002c   Code   RO        13161    i.v_disp_discard_setting_if_dirty  md_display_task.o
    0x0801186c   0x0801186c   0x00000110   Code   RO        13472    i.v_disp_draw_act_page  md_display_api.o
    0x0801197c   0x0801197c   0x000002d4   Code   RO        13473    i.v_disp_draw_adc_page  md_display_api.o
    0x08011c50   0x08011c50   0x000000c4   Code   RO        13474    i.v_disp_draw_alarm_page  md_display_api.o
    0x08011d14   0x08011d14   0x00000064   Code   RO        13475    i.v_disp_draw_detail_header  md_display_api.o
    0x08011d78   0x08011d78   0x00000130   Code   RO        13476    i.v_disp_draw_env_page  md_display_api.o
    0x08011ea8   0x08011ea8   0x00000090   Code   RO        13477    i.v_disp_draw_field_row  md_display_api.o
    0x08011f38   0x08011f38   0x0000001c   Code   RO        13478    i.v_disp_draw_focus_mark  md_display_api.o
    0x08011f54   0x08011f54   0x00000098   Code   RO        13479    i.v_disp_draw_full_top_bar  md_display_api.o
    0x08011fec   0x08011fec   0x000000cc   Code   RO        13480    i.v_disp_draw_heat_page  md_display_api.o
    0x080120b8   0x080120b8   0x00000038   Code   RO        13481    i.v_disp_draw_hint_line  md_display_api.o
    0x080120f0   0x080120f0   0x00000134   Code   RO        13482    i.v_disp_draw_home_module_block  md_display_api.o
    0x08012224   0x08012224   0x00000124   Code   RO        13483    i.v_disp_draw_home_page  md_display_api.o
    0x08012348   0x08012348   0x000000e0   Code   RO        13484    i.v_disp_draw_light_page  md_display_api.o
    0x08012428   0x08012428   0x000000e8   Code   RO        13485    i.v_disp_draw_o2pump_page  md_display_api.o
    0x08012510   0x08012510   0x00000194   Code   RO        13486    i.v_disp_draw_page_frame  md_display_api.o
    0x080126a4   0x080126a4   0x0000014c   Code   RO        13487    i.v_disp_draw_quick_page  md_display_api.o
    0x080127f0   0x080127f0   0x0000014c   Code   RO        13488    i.v_disp_draw_setting_page  md_display_api.o
    0x0801293c   0x0801293c   0x00000080   Code   RO        13489    i.v_disp_draw_sleep_page  md_display_api.o
    0x080129bc   0x080129bc   0x00000038   Code   RO        13490    i.v_disp_draw_status_tag  md_display_api.o
    0x080129f4   0x080129f4   0x000000e8   Code   RO        13491    i.v_disp_draw_wpump_page  md_display_api.o
    0x08012adc   0x08012adc   0x00000040   Code   RO        13492    i.v_disp_format_curr_ma  md_display_api.o
    0x08012b1c   0x08012b1c   0x00000088   Code   RO        13163    i.v_disp_home_restore_from_point  md_display_task.o
    0x08012ba4   0x08012ba4   0x00000048   Code   RO        13164    i.v_disp_home_save_restore_point  md_display_task.o
    0x08012bec   0x08012bec   0x00000044   Code   RO        13165    i.v_disp_home_update_visible_window  md_display_task.o
    0x08012c30   0x08012c30   0x00000024   Code   RO        13166    i.v_disp_mark_content_dirty  md_display_task.o
    0x08012c54   0x08012c54   0x0000003c   Code   RO        13167    i.v_disp_page_set_hint  md_display_task.o
    0x08012c90   0x08012c90   0x00000030   Code   RO        13168    i.v_disp_param_init  md_display_task.o
    0x08012cc0   0x08012cc0   0x000000a8   Code   RO        13906    i.v_disp_queue_task_booting  md_display_queue_task_booting.o
    0x08012d68   0x08012d68   0x0000005c   Code   RO        13934    i.v_disp_queue_task_closing  md_display_queue_task_closing.o
    0x08012dc4   0x08012dc4   0x0000009c   Code   RO        13976    i.v_disp_queue_task_err  md_display_queue_task_err.o
    0x08012e60   0x08012e60   0x0000008c   Code   RO        14005    i.v_disp_queue_task_init  md_display_queue_task_init.o
    0x08012eec   0x08012eec   0x00000064   Code   RO        14031    i.v_disp_queue_task_shut_down  md_display_queue_task_shut_down.o
    0x08012f50   0x08012f50   0x0000017c   Code   RO        14085    i.v_disp_queue_task_work  md_display_queue_task_work.o
    0x080130cc   0x080130cc   0x00000024   Code   RO        13169    i.v_disp_set_field_index  md_display_task.o
    0x080130f0   0x080130f0   0x00000040   Code   RO        13170    i.v_disp_setting_cache_load  md_display_task.o
    0x08013130   0x08013130   0x00000040   Code   RO        13171    i.v_disp_setting_cache_load_default  md_display_task.o
    0x08013170   0x08013170   0x000000a0   Code   RO        13785    i.v_disp_spi_dma_send_byte  md_display_iface.o
    0x08013210   0x08013210   0x00000010   Code   RO        13172    i.v_disp_text_scroll_reset  md_display_task.o
    0x08013220   0x08013220   0x00000058   Code   RO        13493    i.v_disp_u8g2_init  md_display_api.o
    0x08013278   0x08013278   0x0000016c   Code   RO        14272    i.v_fan_gpio_init   md_hm_iface.o
    0x080133e4   0x080133e4   0x00000024   Code   RO        14189    i.v_fan_pwm_set     md_hm_task.o
    0x08013408   0x08013408   0x0000001c   Code   RO        14190    i.v_heat_pwm_set    md_hm_task.o
    0x08013424   0x08013424   0x00000044   Code   RO        12671    i.v_key_check_other_is_tri  key_task.o
    0x08013468   0x08013468   0x000000fc   Code   RO        12672    i.v_key_gpio_init   key_task.o
    0x08013564   0x08013564   0x0000020c   Code   RO        12673    i.v_key_long_press  key_task.o
    0x08013770   0x08013770   0x00000024   Code   RO        12674    i.v_key_register    key_task.o
    0x08013794   0x08013794   0x0000020c   Code   RO        12675    i.v_key_shot_press  key_task.o
    0x080139a0   0x080139a0   0x0000005c   Code   RO        13051    i.v_led_breathing   led_task.o
    0x080139fc   0x080139fc   0x00000034   Code   RO        13085    i.v_led_gpio_init   led_iface.o
    0x08013a30   0x08013a30   0x00000002   Code   RO        13086    i.v_led_pwm_init    led_iface.o
    0x08013a32   0x08013a32   0x00000002   PAD
    0x08013a34   0x08013a34   0x00000074   Code   RO        14110    i.v_light_set_rgbw  md_light_task.o
    0x08013aa8   0x08013aa8   0x0000003c   Code   RO        12486    i.v_print_gpio_init  print_iface.o
    0x08013ae4   0x08013ae4   0x000000c8   Code   RO        11343    i.v_print_info      app_info.o
    0x08013bac   0x08013bac   0x00000068   Code   RO        12191    i.v_print_queue_task_main  print_queue_task_main.o
    0x08013c14   0x08013c14   0x000000aa   Code   RO        12235    i.v_print_queue_task_reply_app_info  print_queue_task_reply_app_info.o
    0x08013cbe   0x08013cbe   0x00000060   Code   RO        12215    i.v_print_queue_task_reply_cali  print_queue_task_reply_cali.o
    0x08013d1e   0x08013d1e   0x00000002   PAD
    0x08013d20   0x08013d20   0x00000094   Code   RO        12487    i.v_print_usart_init  print_iface.o
    0x08013db4   0x08013db4   0x00000002   Code   RO        11893    i.v_pump_manage     sys_queue_task_work.o
    0x08013db6   0x08013db6   0x00000002   PAD
    0x08013db8   0x08013db8   0x000001b8   Code   RO        11565    i.v_sys_check_prote  sys_task.o
    0x08013f70   0x08013f70   0x000000fc   Code   RO        11566    i.v_sys_get_perm    sys_task.o
    0x0801406c   0x0801406c   0x00000144   Code   RO        11872    i.v_sys_queue_task_booting  sys_queue_task_booting.o
    0x080141b0   0x080141b0   0x00000208   Code   RO        11820    i.v_sys_queue_task_closing  sys_queue_task_closing.o
    0x080143b8   0x080143b8   0x000001b0   Code   RO        11921    i.v_sys_queue_task_err  sys_queue_task_err.o
    0x08014568   0x08014568   0x0000030c   Code   RO        11771    i.v_sys_queue_task_init  sys_queue_task_init.o
    0x08014874   0x08014874   0x0000018c   Code   RO        11944    i.v_sys_queue_task_reset  sys_queue_task_reset.o
    0x08014a00   0x08014a00   0x000000ec   Code   RO        11849    i.v_sys_queue_task_shut_down  sys_queue_task_shut_down.o
    0x08014aec   0x08014aec   0x00000074   Code   RO        11894    i.v_sys_queue_task_work  sys_queue_task_work.o
    0x08014b60   0x08014b60   0x00000030   Code   RO         5405    i.write_env_hdr     ef_env.o
    0x08014b90   0x08014b90   0x00000046   Code   RO         5406    i.write_status      ef_env.o
    0x08014bd6   0x08014bd6   0x00000002   PAD
    0x08014bd8   0x08014bd8   0x00000190   Code   RO         5239    i.xPortStartScheduler  port.o
    0x08014d68   0x08014d68   0x00000022   Code   RO         4328    i.xQueueCreateMutex  queue.o
    0x08014d8a   0x08014d8a   0x00000066   Code   RO         4329    i.xQueueGenericCreate  queue.o
    0x08014df0   0x08014df0   0x000000dc   Code   RO         4330    i.xQueueGenericReset  queue.o
    0x08014ecc   0x08014ecc   0x000001ec   Code   RO         4331    i.xQueueGenericSend  queue.o
    0x080150b8   0x080150b8   0x00000144   Code   RO         4332    i.xQueueGenericSendFromISR  queue.o
    0x080151fc   0x080151fc   0x000001c8   Code   RO         4339    i.xQueueReceive     queue.o
    0x080153c4   0x080153c4   0x0000021c   Code   RO         4341    i.xQueueSemaphoreTake  queue.o
    0x080155e0   0x080155e0   0x00000090   Code   RO         4687    i.xTaskCheckForTimeOut  tasks.o
    0x08015670   0x08015670   0x00000060   Code   RO         4688    i.xTaskCreate       tasks.o
    0x080156d0   0x080156d0   0x000001ec   Code   RO         4690    i.xTaskGenericNotify  tasks.o
    0x080158bc   0x080158bc   0x00000020   Code   RO         4696    i.xTaskGetSchedulerState  tasks.o
    0x080158dc   0x080158dc   0x0000000c   Code   RO         4697    i.xTaskGetTickCount  tasks.o
    0x080158e8   0x080158e8   0x00000014   Code   RO         4698    i.xTaskGetTickCountFromISR  tasks.o
    0x080158fc   0x080158fc   0x000001c0   Code   RO         4699    i.xTaskIncrementTick  tasks.o
    0x08015abc   0x08015abc   0x000000fc   Code   RO         4700    i.xTaskPriorityDisinherit  tasks.o
    0x08015bb8   0x08015bb8   0x000000fc   Code   RO         4701    i.xTaskPriorityInherit  tasks.o
    0x08015cb4   0x08015cb4   0x00000128   Code   RO         4702    i.xTaskRemoveFromEventList  tasks.o
    0x08015ddc   0x08015ddc   0x0000017c   Code   RO         4703    i.xTaskResumeAll    tasks.o
    0x08015f58   0x08015f58   0x00000036   Code   RO         5021    i.xTimerCreate      timers.o
    0x08015f8e   0x08015f8e   0x00000002   PAD
    0x08015f90   0x08015f90   0x00000058   Code   RO         5022    i.xTimerCreateTimerTask  timers.o
    0x08015fe8   0x08015fe8   0x00000084   Code   RO         5023    i.xTimerGenericCommand  timers.o
    0x0801606c   0x0801606c   0x00000400   Data   RO         5696    .constdata          ef_utils.o
    0x0801646c   0x0801646c   0x0000071f   Data   RO         7272    .constdata          u8g2_fonts_min.o
    0x08016b8b   0x08016b8b   0x00000001   PAD
    0x08016b8c   0x08016b8c   0x00000048   Data   RO         7578    .constdata          u8g2_setup.o
    0x08016bd4   0x08016bd4   0x00000158   Data   RO         8323    .constdata          u8x8_d_ssd1306_128x64_noname.o
    0x08016d2c   0x08016d2c   0x000000e2   Data   RO         8730    .constdata          elog.o
    0x08016e0e   0x08016e0e   0x00000002   PAD
    0x08016e10   0x08016e10   0x000000fc   Data   RO         9159    .constdata          cm_backtrace.o
    0x08016f0c   0x08016f0c   0x00000021   Data   RO         9288    .constdata          segger_rtt.o
    0x08016f2d   0x08016f2d   0x0000001a   Data   RO         9612    .constdata          segger_sysview.o
    0x08016f47   0x08016f47   0x00000001   PAD
    0x08016f48   0x08016f48   0x00000008   Data   RO        10112    .constdata          segger_sysview_freertos.o
    0x08016f50   0x08016f50   0x00000058   Data   RO        11346    .constdata          app_info.o
    0x08016fa8   0x08016fa8   0x0000001c   Data   RO        11568    .constdata          sys_task.o
    0x08016fc4   0x08016fc4   0x00000025   Data   RO        11731    .constdata          sys_queue_task.o
    0x08016fe9   0x08016fe9   0x00000016   Data   RO        11772    .constdata          sys_queue_task_init.o
    0x08016fff   0x08016fff   0x00000019   Data   RO        11821    .constdata          sys_queue_task_closing.o
    0x08017018   0x08017018   0x00000019   Data   RO        11873    .constdata          sys_queue_task_booting.o
    0x08017031   0x08017031   0x00000017   Data   RO        11945    .constdata          sys_queue_task_reset.o
    0x08017048   0x08017048   0x00000010   Data   RO        12761    .constdata          key_func.o
    0x08017058   0x08017058   0x000000fc   Data   RO        13495    .constdata          md_display_api.o
    0x08017154   0x08017154   0x00000026   Data   RO        13874    .constdata          md_display_queue_task.o
    0x0801717a   0x0801717a   0x00000002   PAD
    0x0801717c   0x0801717c   0x0000000c   Data   RO        13907    .constdata          md_display_queue_task_booting.o
    0x08017188   0x08017188   0x0000000c   Data   RO        13935    .constdata          md_display_queue_task_closing.o
    0x08017194   0x08017194   0x0000000c   Data   RO        13977    .constdata          md_display_queue_task_err.o
    0x080171a0   0x080171a0   0x0000000c   Data   RO        14054    .constdata          md_display_queue_task_updata.o
    0x080171ac   0x080171ac   0x00000004   PAD
    0x080171b0   0x080171b0   0x00000038   Data   RO        14405    .constdata          m_wm.l(log.o)
    0x080171e8   0x080171e8   0x00000008   Data   RO        14814    .constdata          m_wm.l(qnan.o)
    0x080171f0   0x080171f0   0x0000008f   Data   RO         5408    .conststring        ef_env.o
    0x0801727f   0x0801727f   0x00000001   PAD
    0x08017280   0x08017280   0x0000002c   Data   RO         8731    .conststring        elog.o
    0x080172ac   0x080172ac   0x00000666   Data   RO         9160    .conststring        cm_backtrace.o
    0x08017912   0x08017912   0x00000002   PAD
    0x08017914   0x08017914   0x00000050   Data   RO        10113    .conststring        segger_sysview_freertos.o
    0x08017964   0x08017964   0x00000039   Data   RO        13496    .conststring        md_display_api.o
    0x0801799d   0x0801799d   0x00000003   PAD
    0x080179a0   0x080179a0   0x00000005   Data   RO        13936    .conststring        md_display_queue_task_closing.o
    0x080179a5   0x080179a5   0x00000003   PAD
    0x080179a8   0x080179a8   0x00000005   Data   RO        13978    .conststring        md_display_queue_task_err.o
    0x080179ad   0x080179ad   0x00000003   PAD
    0x080179b0   0x080179b0   0x00000005   Data   RO        14055    .conststring        md_display_queue_task_updata.o
    0x080179b5   0x080179b5   0x00000003   PAD
    0x080179b8   0x080179b8   0x00000020   Data   RO        14865    Region$$Table       anon$$obj.o


    Execution Region RW_IRAM1 (Exec base: 0x20000000, Load base: 0x080179d8, Size: 0x0000a520, Max: 0x0000c000, ABSOLUTE, COMPRESSED[0x00000074])

    Exec Addr    Load Addr    Size         Type   Attr      Idx    E Section Name        Object

    0x20000000   COMPRESSED   0x00000004   Data   RW           18    .data               system_gd32f30x.o
    0x20000004   COMPRESSED   0x00000040   Data   RW         4706    .data               tasks.o
    0x20000044   COMPRESSED   0x00000014   Data   RW         5029    .data               timers.o
    0x20000058   COMPRESSED   0x00000020   Data   RW         5176    .data               heap_4.o
    0x20000078   COMPRESSED   0x0000000c   Data   RW         5240    .data               port.o
    0x20000084   COMPRESSED   0x00000001   Data   RW         5316    .data               easyflash.o
    0x20000085   COMPRESSED   0x00000003   PAD
    0x20000088   COMPRESSED   0x00000010   Data   RW         5409    .data               ef_env.o
    0x20000098   COMPRESSED   0x00000004   Data   RW         5727    .data               ef_port.o
    0x2000009c   COMPRESSED   0x00000034   Data   RW         8732    .data               elog.o
    0x200000d0   COMPRESSED   0x00000004   Data   RW         8909    .data               elog_port.o
    0x200000d4   COMPRESSED   0x00000015   Data   RW         9161    .data               cm_backtrace.o
    0x200000e9   COMPRESSED   0x00000003   PAD
    0x200000ec   COMPRESSED   0x00000015   Data   RW         9613    .data               segger_sysview.o
    0x20000101   COMPRESSED   0x00000003   PAD
    0x20000104   COMPRESSED   0x00000004   Data   RW        10114    .data               segger_sysview_freertos.o
    0x20000108   COMPRESSED   0x00000004   Data   RW        11160    .data               main.o
    0x2000010c   COMPRESSED   0x00000005   Data   RW        11511    .data               timer_task.o
    0x20000111   COMPRESSED   0x00000003   PAD
    0x20000114   COMPRESSED   0x00000011   Data   RW        11569    .data               sys_task.o
    0x20000125   COMPRESSED   0x00000003   PAD
    0x20000128   COMPRESSED   0x00000006   Data   RW        11732    .data               sys_queue_task.o
    0x2000012e   COMPRESSED   0x00000003   Data   RW        11773    .data               sys_queue_task_init.o
    0x20000131   COMPRESSED   0x00000003   PAD
    0x20000134   COMPRESSED   0x00000012   Data   RW        12101    .data               print_task.o
    0x20000146   COMPRESSED   0x00000002   PAD
    0x20000148   COMPRESSED   0x00000004   Data   RW        12156    .data               print_queue_task.o
    0x2000014c   COMPRESSED   0x0000000c   Data   RW        12292    .data               print_prot_frame.o
    0x20000158   COMPRESSED   0x00000004   Data   RW        12432    .data               print_api.o
    0x2000015c   COMPRESSED   0x00000008   Data   RW        12489    .data               print_iface.o
    0x20000164   COMPRESSED   0x000000f6   Data   RW        12568    .data               adc_task.o
    0x2000025a   COMPRESSED   0x00000002   PAD
    0x2000025c   COMPRESSED   0x00000034   Data   RW        12677    .data               key_task.o
    0x20000290   COMPRESSED   0x0000000b   Data   RW        12804    .data               buz_task.o
    0x2000029b   COMPRESSED   0x00000001   PAD
    0x2000029c   COMPRESSED   0x00000006   Data   RW        13052    .data               led_task.o
    0x200002a2   COMPRESSED   0x00000002   PAD
    0x200002a4   COMPRESSED   0x00000014   Data   RW        13174    .data               md_display_task.o
    0x200002b8   COMPRESSED   0x00000006   Data   RW        13851    .data               md_display_err.o
    0x200002be   COMPRESSED   0x00000002   PAD
    0x200002c0   COMPRESSED   0x00000006   Data   RW        13875    .data               md_display_queue_task.o
    0x200002c6   COMPRESSED   0x00000002   Data   RW        13979    .data               md_display_queue_task_err.o
    0x200002c8   COMPRESSED   0x00000001   Data   RW        14006    .data               md_display_queue_task_init.o
    0x200002c9   COMPRESSED   0x00000002   Data   RW        14086    .data               md_display_queue_task_work.o
    0x200002cb   COMPRESSED   0x00000001   PAD
    0x200002cc   COMPRESSED   0x00000004   Data   RW        14112    .data               md_light_task.o
    0x200002d0   COMPRESSED   0x00000012   Data   RW        14191    .data               md_hm_task.o
    0x200002e2   COMPRESSED   0x00000004   Data   RW        14299    .data               o2pump_task.o
    0x200002e6   COMPRESSED   0x00000004   Data   RW        14363    .data               pump_task.o
    0x200002ea   COMPRESSED   0x00000002   PAD
    0x200002ec   COMPRESSED   0x00000004   Data   RW        14841    .data               mc_w.l(mvars.o)
    0x200002f0   COMPRESSED   0x00000004   Data   RW        14842    .data               mc_w.l(mvars.o)
    0x200002f4   COMPRESSED   0x00000004   Data   RW        14846    .data               mc_w.l(errno.o)
    0x200002f8        -       0x00000104   Zero   RW         4705    .bss                tasks.o
    0x200003fc        -       0x00000028   Zero   RW         5028    .bss                timers.o
    0x20000424        -       0x00007800   Zero   RW         5175    .bss                heap_4.o
    0x20007c24        -       0x00000174   Zero   RW         5407    .bss                ef_env.o
    0x20007d98        -       0x00000100   Zero   RW         5726    .bss                ef_port.o
    0x20007e98        -       0x00000400   Zero   RW         6904    .bss                u8g2_d_memory.o
    0x20008298        -       0x000004f8   Zero   RW         8729    .bss                elog.o
    0x20008790        -       0x000001c8   Zero   RW         9158    .bss                cm_backtrace.o
    0x20008958        -       0x000004b8   Zero   RW         9287    .bss                segger_rtt.o
    0x20008e10        -       0x0000050b   Zero   RW         9611    .bss                segger_sysview.o
    0x2000931b   COMPRESSED   0x00000001   PAD
    0x2000931c        -       0x00000190   Zero   RW        10111    .bss                segger_sysview_freertos.o
    0x200094ac        -       0x00000079   Zero   RW        11345    .bss                app_info.o
    0x20009525   COMPRESSED   0x00000003   PAD
    0x20009528        -       0x0000001f   Zero   RW        11567    .bss                sys_task.o
    0x20009547   COMPRESSED   0x00000001   PAD
    0x20009548        -       0x00000218   Zero   RW        12100    .bss                print_task.o
    0x20009760        -       0x00000100   Zero   RW        12430    .bss                print_api.o
    0x20009860        -       0x00000100   Zero   RW        12488    .bss                print_iface.o
    0x20009960        -       0x000001c0   Zero   RW        12567    .bss                adc_task.o
    0x20009b20        -       0x00000018   Zero   RW        12616    .bss                adc_iface.o
    0x20009b38        -       0x00000020   Zero   RW        12676    .bss                key_task.o
    0x20009b58        -       0x000000d6   Zero   RW        13173    .bss                md_display_task.o
    0x20009c2e   COMPRESSED   0x00000002   PAD
    0x20009c30        -       0x00000060   Zero   RW        13494    .bss                md_display_api.o
    0x20009c90        -       0x00000080   Zero   RW        13786    .bss                md_display_iface.o
    0x20009d10        -       0x00000010   Zero   RW        14111    .bss                md_light_task.o
    0x20009d20        -       0x00000400   Zero   RW            2    HEAP                startup_gd32f30x_hd.o
    0x2000a120        -       0x00000400   Zero   RW            1    STACK               startup_gd32f30x_hd.o


==============================================================================

Image component sizes


      Code (inc. data)   RO Data    RW Data    ZI Data      Debug   Object Name

       612         32          0          0         24       3220   adc_iface.o
      2604        400          0        246        448       6876   adc_task.o
      1584        402        184          0        121       6417   app_info.o
       874          0          0          0          0       5699   baiku_proto.o
       314         86          0          0          0       8293   board_config.o
       272         10          0          0          0       1624   buz_iface.o
       380         68          0         11          0       2725   buz_task.o
        34          0          0          0          0       1089   check.o
      2612        532       1890         21        456      15838   cm_backtrace.o
        12          0          0          0          0        468   cmb_fault.o
         0          0          0          0          0      23944   croutine.o
       112         50          0          1          0       2385   easyflash.o
      5148        446        143         16        372      41367   ef_env.o
       292         32          0          4        256     183825   ef_port.o
        44          4       1024          0          0       1280   ef_utils.o
      2848       1048        270         52       1272      20284   elog.o
         0          0          0          0          0       1284   elog_async.o
        42          0          0          0          0        545   elog_init.o
       144         44          0          4          0       9079   elog_port.o
        50          0          0          0          0        782   elog_utils.o
         0          0          0          0          0      15676   event_groups.o
       158          6          0          0          0       2782   filtration.o
       636        220          0          0          0       3156   flash_gd32.o
         4          0          0          0          0        515   flash_iface.o
        36          0          0          0          0       1319   function.o
       592          6          0          0          0       7722   gd32f30x_adc.o
         0          0          0          0          0       1524   gd32f30x_can.o
       830          6          0          0          0       9801   gd32f30x_dma.o
        36         12          0          0          0       1286   gd32f30x_exti.o
       720         74          0          0          0       6031   gd32f30x_fmc.o
       332          6          0          0          0       1868   gd32f30x_gpio.o
        56          0          0          0          0       3455   gd32f30x_it.o
       216         20          0          0          0       1528   gd32f30x_misc.o
       548         68          0          0          0       3871   gd32f30x_rcu.o
       214          6          0          0          0       5212   gd32f30x_spi.o
      1148         48          0          0          0       7604   gd32f30x_timer.o
       590         16          0          0          0      10913   gd32f30x_usart.o
        60         10          0          0          0       1036   gpio_init.o
       756         74          0         32      30720       4707   heap_4.o
       388        142         16          0          0       1918   key_func.o
      2244        542          0         52         32      10309   key_task.o
        66         10          0          0          0       1425   led_iface.o
       240         44          0          6          0       1838   led_task.o
       148          0          0          0          0       3482   list.o
       596          0          0          0          0       8285   lwrb.o
       188          0          0          0          0       1844   lwrb_ex.o
        76         22          0          4          0       5447   main.o
      7408       1964        309          0         96      41122   md_display_api.o
      1672        122          0          6          0       1824   md_display_err.o
       648         42          0          0        128       4582   md_display_iface.o
      1092        576         38          6          0       2515   md_display_queue_task.o
       364         74         12          0          0       2126   md_display_queue_task_booting.o
       284         96         17          0          0       2030   md_display_queue_task_closing.o
       384         90         17          2          0       2144   md_display_queue_task_err.o
       544        112          0          1          0       1592   md_display_queue_task_init.o
       100          6          0          0          0        706   md_display_queue_task_shut_down.o
       232         62         17          0          0       1350   md_display_queue_task_updata.o
       380         30          0          2          0        921   md_display_queue_task_work.o
      4892        886          0         20        214      31141   md_display_task.o
       372         14          0          0          0       1251   md_hm_iface.o
       916        130          0         18          0       7166   md_hm_task.o
       360         14          0          0          0        767   md_light_iface.o
       528         52          0          4         16       4175   md_light_task.o
         0          0          0          0          0     166667   mui_u8g2.o
       200         30          0          4          0       2598   o2pump_task.o
      1062         88          0         12          0      12165   port.o
       264         32          0          4        256       2863   print_api.o
       512         80          0          8        256       6116   print_iface.o
      1188         82          0         12          0      16359   print_prot_frame.o
       280         30          0          4          0       2241   print_queue_task.o
       316         12          0          0          0       1902   print_queue_task_main.o
       170          0          0          0          0        892   print_queue_task_reply_app_info.o
        96          0          0          0          0        732   print_queue_task_reply_cali.o
       428         70          0         18        536       4628   print_task.o
       196         10          0          0          0        690   pump_iface.o
       204         28          0          4          0       2562   pump_task.o
      2692         20          0          0          0      18885   queue.o
       624          0          0          0          0       4046   queue_task.o
       772         54         33          0       1208      10566   segger_rtt.o
      3450        222         26         21       1291      35472   segger_sysview.o
       124         82          0          0          0       1106   segger_sysview_config_freertos.o
       640         40         88          4        400       4870   segger_sysview_freertos.o
        36          8        304          0       2048        932   startup_gd32f30x_hd.o
         0          0          0          0          0        440   stream_buffer.o
      1120        546         37          6          0       2489   sys_queue_task.o
       324        116         25          0          0        791   sys_queue_task_booting.o
       520        172         25          0          0        875   sys_queue_task_closing.o
       432         40          0          0          0       2863   sys_queue_task_err.o
       900        188         22          3          0       5344   sys_queue_task_init.o
       396        182         23          0          0      27308   sys_queue_task_reset.o
       236         56          0          0          0       2601   sys_queue_task_shut_down.o
       118          8          0          0          0       1152   sys_queue_task_work.o
      4332       1392         28         17         31      17002   sys_task.o
       452         30          0          4          0      70969   system_gd32f30x.o
      4890        484          0         64        260      37067   tasks.o
       108         24          0          5          0       1328   timer_task.o
      1212        108          0         20         40      28922   timers.o
       320          0          0          0          0       2305   u8g2_bitmap.o
       544          0          0          0          0       2750   u8g2_box.o
       154          0          0          0          0       3001   u8g2_buffer.o
       354          0          0          0          0       2442   u8g2_circle.o
        16          6          0          0       1024        904   u8g2_d_memory.o
      1736         10          0          0          0      14484   u8g2_font.o
         0          0       1823          0          0        637   u8g2_fonts_min.o
       480          0          0          0          0       5470   u8g2_hvline.o
       106          0          0          0          0       1623   u8g2_intersection.o
       214          0          0          0          0       1068   u8g2_line.o
       238          0          0          0          0       1494   u8g2_ll_hvline.o
       994          0         72          0          0     162166   u8g2_setup.o
        26          0          0          0          0       1151   u8x8_8x8.o
        62          0          0          0          0       2233   u8x8_byte.o
       334          6          0          0          0       5013   u8x8_cad.o
       344         26        344          0          0       3258   u8x8_d_ssd1306_128x64_noname.o
       252          0          0          0          0       5317   u8x8_display.o
        26          0          0          0          0        653   u8x8_gpio.o
        94          6          0          0          0       2026   u8x8_setup.o

    ----------------------------------------------------------------------
     83692      13044       6844        748      41512    1280428   Object Totals
         0          0         32          0          0          0   (incl. Generated)
        72          0         25         30          7          0   (incl. Padding)

    ----------------------------------------------------------------------

      Code (inc. data)   RO Data    RW Data    ZI Data      Debug   Library Member Name

       100         28          0          0          0        372   dunder.o
       964         92         56          0          0        316   log.o
       248          0          0          0          0        152   poly.o
         0          0          8          0          0          0   qnan.o
        86          0          0          0          0          0   __dczerorl2.o
         0          0          0          0          0          0   entry.o
         0          0          0          0          0          0   entry10a.o
         0          0          0          0          0          0   entry11a.o
         4          0          0          0          0          0   entry12b.o
         8          4          0          0          0          0   entry2.o
         4          0          0          0          0          0   entry5.o
         0          0          0          0          0          0   entry7b.o
         0          0          0          0          0          0   entry8b.o
         8          4          0          0          0          0   entry9a.o
        12          6          0          4          0         68   errno.o
        30          0          0          0          0          0   handlers.o
        36          8          0          0          0         68   init.o
         0          0          0          0          0          0   iusefp.o
        98          0          0          0          0         84   ldiv.o
        30          0          0          0          0         68   llshl.o
        36          0          0          0          0         68   llsshr.o
        32          0          0          0          0         68   llushr.o
       188         20          0          0          0        160   malloc.o
        26          0          0          0          0         80   memcmp.o
        64          0          0          0          0         76   memmovea.o
        36          0          0          0          0        108   memseta.o
         0          0          0          8          0          0   mvars.o
      2430        112          0          0          0        932   printfa.o
       156          0          0          0          0         88   qsort.o
        28          0          0          0          0         76   strcmp.o
        14          0          0          0          0         68   strlen.o
        30          0          0          0          0         80   strncmp.o
        24          0          0          0          0         76   strncpy.o
        36          0          0          0          0         80   strstr.o
        44          0          0          0          0         80   uidiv.o
        98          0          0          0          0         92   uldiv.o
        48          0          0          0          0         68   cdcmple.o
        48          0          0          0          0         68   cdrcmple.o
       334          0          0          0          0        148   dadd.o
       222          0          0          0          0        100   ddiv.o
       186          0          0          0          0        176   depilogue.o
        62          0          0          0          0         80   dfixi.o
        48          0          0          0          0         68   dfixul.o
        34          0          0          0          0         76   dflti.o
       228          0          0          0          0         96   dmul.o
        38          0          0          0          0         68   f2d.o

    ----------------------------------------------------------------------
      6128        274         64         12          0       4208   Library Totals
        10          0          0          0          0          0   (incl. Padding)

    ----------------------------------------------------------------------

      Code (inc. data)   RO Data    RW Data    ZI Data      Debug   Library Name

      1312        120         64          0          0        840   m_wm.l
      3558        154          0         12          0       2420   mc_w.l
      1248          0          0          0          0        948   mf_w.l

    ----------------------------------------------------------------------
      6128        274         64         12          0       4208   Library Totals

    ----------------------------------------------------------------------

==============================================================================


      Code (inc. data)   RO Data    RW Data    ZI Data      Debug   

     89820      13318       6908        760      41512    1214248   Grand Totals
     89820      13318       6908        116      41512    1214248   ELF Image Totals (compressed)
     89820      13318       6908        116          0          0   ROM Totals

==============================================================================

    Total RO  Size (Code + RO Data)                96728 (  94.46kB)
    Total RW  Size (RW Data + ZI Data)             42272 (  41.28kB)
    Total ROM Size (Code + RO Data + RW Data)      96844 (  94.57kB)

==============================================================================

