Component: ARM Compiler 5.06 update 7 (build 960) Tool: armlink [4d3601]

==============================================================================

Section Cross References

    startup_gd32f30x_xd.o(RESET) refers to startup_gd32f30x_xd.o(STACK) for __initial_sp
    startup_gd32f30x_xd.o(RESET) refers to startup_gd32f30x_xd.o(.text) for Reset_Handler
    startup_gd32f30x_xd.o(RESET) refers to gd32f30x_it.o(i.NMI_Handler) for NMI_Handler
    startup_gd32f30x_xd.o(RESET) refers to gd32f30x_it.o(i.HardFault_Handler) for HardFault_Handler
    startup_gd32f30x_xd.o(RESET) refers to gd32f30x_it.o(i.MemManage_Handler) for MemManage_Handler
    startup_gd32f30x_xd.o(RESET) refers to gd32f30x_it.o(i.BusFault_Handler) for BusFault_Handler
    startup_gd32f30x_xd.o(RESET) refers to gd32f30x_it.o(i.UsageFault_Handler) for UsageFault_Handler
    startup_gd32f30x_xd.o(RESET) refers to gd32f30x_it.o(i.SVC_Handler) for SVC_Handler
    startup_gd32f30x_xd.o(RESET) refers to gd32f30x_it.o(i.DebugMon_Handler) for DebugMon_Handler
    startup_gd32f30x_xd.o(RESET) refers to gd32f30x_it.o(i.PendSV_Handler) for PendSV_Handler
    startup_gd32f30x_xd.o(RESET) refers to gd32f30x_it.o(i.SysTick_Handler) for SysTick_Handler
    startup_gd32f30x_xd.o(RESET) refers to gd32f30x_it.o(i.EXTI0_IRQHandler) for EXTI0_IRQHandler
    startup_gd32f30x_xd.o(RESET) refers to gd32f30x_it.o(i.EXTI2_IRQHandler) for EXTI2_IRQHandler
    startup_gd32f30x_xd.o(RESET) refers to print_iface.o(i.USART0_IRQHandler) for USART0_IRQHandler
    startup_gd32f30x_xd.o(RESET) refers to gd32f30x_it.o(i.EXTI10_15_IRQHandler) for EXTI10_15_IRQHandler
    startup_gd32f30x_xd.o(RESET) refers to gd32f30x_it.o(i.RTC_Alarm_IRQHandler) for RTC_Alarm_IRQHandler
    startup_gd32f30x_xd.o(.text) refers to system_gd32f30x.o(i.SystemInit) for SystemInit
    startup_gd32f30x_xd.o(.text) refers to entry.o(.ARM.Collect$$$$00000000) for __main
    system_gd32f30x.o(i.SystemCoreClockUpdate) refers to system_gd32f30x.o(.data) for SystemCoreClock
    system_gd32f30x.o(i.SystemInit) refers to system_gd32f30x.o(i.system_clock_config) for system_clock_config
    system_gd32f30x.o(i.system_clock_config) refers to system_gd32f30x.o(i.system_clock_8m_irc8m) for system_clock_8m_irc8m
    system_gd32f30x.o(i.system_reset_clock_8m_irc8m) refers to system_gd32f30x.o(.data) for SystemCoreClock
    gd32f30x_adc.o(i.adc_deinit) refers to gd32f30x_rcu.o(i.rcu_periph_reset_enable) for rcu_periph_reset_enable
    gd32f30x_adc.o(i.adc_deinit) refers to gd32f30x_rcu.o(i.rcu_periph_reset_disable) for rcu_periph_reset_disable
    gd32f30x_bkp.o(i.bkp_deinit) refers to gd32f30x_rcu.o(i.rcu_bkp_reset_enable) for rcu_bkp_reset_enable
    gd32f30x_bkp.o(i.bkp_deinit) refers to gd32f30x_rcu.o(i.rcu_bkp_reset_disable) for rcu_bkp_reset_disable
    gd32f30x_can.o(i.can_debug_freeze_disable) refers to gd32f30x_dbg.o(i.dbg_periph_disable) for dbg_periph_disable
    gd32f30x_can.o(i.can_debug_freeze_enable) refers to gd32f30x_dbg.o(i.dbg_periph_enable) for dbg_periph_enable
    gd32f30x_can.o(i.can_deinit) refers to gd32f30x_rcu.o(i.rcu_periph_reset_enable) for rcu_periph_reset_enable
    gd32f30x_can.o(i.can_deinit) refers to gd32f30x_rcu.o(i.rcu_periph_reset_disable) for rcu_periph_reset_disable
    gd32f30x_can.o(i.can_interrupt_flag_get) refers to gd32f30x_can.o(i.can_receive_message_length_get) for can_receive_message_length_get
    gd32f30x_can.o(i.can_interrupt_flag_get) refers to gd32f30x_can.o(i.can_error_get) for can_error_get
    gd32f30x_ctc.o(i.ctc_deinit) refers to gd32f30x_rcu.o(i.rcu_periph_reset_enable) for rcu_periph_reset_enable
    gd32f30x_ctc.o(i.ctc_deinit) refers to gd32f30x_rcu.o(i.rcu_periph_reset_disable) for rcu_periph_reset_disable
    gd32f30x_dac.o(i.dac_deinit) refers to gd32f30x_rcu.o(i.rcu_periph_reset_enable) for rcu_periph_reset_enable
    gd32f30x_dac.o(i.dac_deinit) refers to gd32f30x_rcu.o(i.rcu_periph_reset_disable) for rcu_periph_reset_disable
    gd32f30x_dma.o(i.dma_channel_disable) refers to gd32f30x_dma.o(i.dma_periph_and_channel_check) for dma_periph_and_channel_check
    gd32f30x_dma.o(i.dma_channel_enable) refers to gd32f30x_dma.o(i.dma_periph_and_channel_check) for dma_periph_and_channel_check
    gd32f30x_dma.o(i.dma_circulation_disable) refers to gd32f30x_dma.o(i.dma_periph_and_channel_check) for dma_periph_and_channel_check
    gd32f30x_dma.o(i.dma_circulation_enable) refers to gd32f30x_dma.o(i.dma_periph_and_channel_check) for dma_periph_and_channel_check
    gd32f30x_dma.o(i.dma_deinit) refers to gd32f30x_dma.o(i.dma_periph_and_channel_check) for dma_periph_and_channel_check
    gd32f30x_dma.o(i.dma_init) refers to gd32f30x_dma.o(i.dma_periph_and_channel_check) for dma_periph_and_channel_check
    gd32f30x_dma.o(i.dma_interrupt_disable) refers to gd32f30x_dma.o(i.dma_periph_and_channel_check) for dma_periph_and_channel_check
[...]
    v_set_work_state                         0x0800744b   Thumb Code    58  xmodem_proto.o(i.v_set_work_state)
    i.v_sys_queue_task_enter_app             0x08007484   Section        0  sys_queue_task_enter_app.o(i.v_sys_queue_task_enter_app)
    i.v_sys_queue_task_err                   0x08007580   Section        0  sys_queue_task_err.o(i.v_sys_queue_task_err)
    i.v_sys_queue_task_init                  0x08007638   Section        0  sys_queue_task_init.o(i.v_sys_queue_task_init)
    i.v_sys_queue_task_reset                 0x08007704   Section        0  sys_queue_task_reset.o(i.v_sys_queue_task_reset)
    i.v_sys_queue_task_updata                0x080077b0   Section        0  sys_queue_task_updata.o(i.v_sys_queue_task_updata)
    i.v_task_param_init                      0x0800787c   Section        0  sys_task.o(i.v_task_param_init)
    v_task_param_init                        0x0800787d   Thumb Code    28  sys_task.o(i.v_task_param_init)
    i.write_env_hdr                          0x080078a4   Section        0  ef_env.o(i.write_env_hdr)
    write_env_hdr                            0x080078a5   Thumb Code    48  ef_env.o(i.write_env_hdr)
    i.write_status                           0x080078d4   Section        0  ef_env.o(i.write_status)
    write_status                             0x080078d5   Thumb Code    70  ef_env.o(i.write_status)
    .constdata                               0x0800791a   Section       33  segger_rtt.o(.constdata)
    _aTerminalId                             0x0800791a   Data          16  segger_rtt.o(.constdata)
    _aInitStr                                0x0800792a   Data          17  segger_rtt.o(.constdata)
    .constdata                               0x0800793b   Section       16  segger_rtt_printf.o(.constdata)
    _aV2C                                    0x0800793b   Data          16  segger_rtt_printf.o(.constdata)
    .constdata                               0x0800794c   Section     1024  ef_utils.o(.constdata)
    crc32_table                              0x0800794c   Data        1024  ef_utils.o(.constdata)
    .constdata                               0x08007d4c   Section     1536  check.o(.constdata)
    crc8541_table                            0x08007d4c   Data         256  check.o(.constdata)
    crc161521                                0x08007f4c   Data         512  check.o(.constdata)
    .constdata                               0x0800834c   Section       64  boot_info.o(.constdata)
    .constdata                               0x0800838c   Section        8  key_func.o(.constdata)
    .conststring                             0x08008394   Section      143  ef_env.o(.conststring)
    .data                                    0x20000000   Section        4  system_gd32f30x.o(.data)
    .data                                    0x20000004   Section        4  seeger_print.o(.data)
    .data                                    0x20000008   Section        1  easyflash.o(.data)
    init_ok                                  0x20000008   Data           1  easyflash.o(.data)
    .data                                    0x2000000c   Section       16  ef_env.o(.data)
    env_start_addr                           0x2000000c   Data           4  ef_env.o(.data)
    default_env_set                          0x20000010   Data           4  ef_env.o(.data)
    default_env_set_size                     0x20000014   Data           4  ef_env.o(.data)
    init_ok                                  0x20000018   Data           1  ef_env.o(.data)
    gc_request                               0x20000019   Data           1  ef_env.o(.data)
    in_recovery_check                        0x2000001a   Data           1  ef_env.o(.data)
    last_is_complete_del                     0x2000001b   Data           1  ef_env.o(.data)
    .data                                    0x2000001c   Section        1  timer_task.o(.data)
    timer_cnt                                0x2000001c   Data           1  timer_task.o(.data)
    .data                                    0x20000020   Section       12  systick.o(.data)
    delay                                    0x20000024   Data           4  systick.o(.data)
    us_10ms_cnt                              0x20000028   Data           2  systick.o(.data)
    us_100ms_cnt                             0x2000002a   Data           2  systick.o(.data)
    .data                                    0x2000002c   Section        2  gd32f30x_it.o(.data)
    .data                                    0x20000030   Section        5  sys_task.o(.data)
    tp_task                                  0x20000030   Data           4  sys_task.o(.data)
    uc_cnt                                   0x20000034   Data           1  sys_task.o(.data)
    .data                                    0x20000038   Section       10  sys_queue_task.o(.data)
    uc_temp                                  0x20000040   Data           2  sys_queue_task.o(.data)
    .data                                    0x20000042   Section        2  sys_queue_task_enter_app.o(.data)
    ret                                      0x20000042   Data           1  sys_queue_task_enter_app.o(.data)
    u8_illegal_addr_cnt                      0x20000043   Data           1  sys_queue_task_enter_app.o(.data)
    .data                                    0x20000044   Section     1096  updata_main.o(.data)
    .data                                    0x2000048c   Section       10  print_task.o(.data)
    tp_task                                  0x20000490   Data           4  print_task.o(.data)
    us_data_len                              0x20000494   Data           2  print_task.o(.data)
    .data                                    0x20000498   Section       12  print_api.o(.data)
    .data                                    0x200004a4   Section        4  print_iface.o(.data)
    S_DataSendSize                           0x200004a4   Data           2  print_iface.o(.data)
    S_DataSendCnt                            0x200004a6   Data           2  print_iface.o(.data)
    .data                                    0x200004a8   Section       12  print_prot_frame.o(.data)
    us_delay_cnt                             0x200004b2   Data           2  print_prot_frame.o(.data)
    .data                                    0x200004b4   Section        4  print_queue_task.o(.data)
    .data                                    0x200004b8   Section       14  key_task.o(.data)
    KeyHandlerListNum                        0x200004c4   Data           1  key_task.o(.data)
    Currkey                                  0x200004c5   Data           1  key_task.o(.data)
    .data                                    0x200004c8   Section        4  mvars.o(.data)
    .data                                    0x200004cc   Section        4  mvars.o(.data)
    .bss                                     0x200004d0   Section     1208  segger_rtt.o(.bss)
    _acUpBuffer                              0x20000578   Data        1024  segger_rtt.o(.bss)
    _acDownBuffer                            0x20000978   Data          16  segger_rtt.o(.bss)
    .bss                                     0x20000988   Section      372  ef_env.o(.bss)
    value                                    0x20000a28   Data         129  ef_env.o(.bss)
    env                                      0x20000aac   Data          56  ef_env.o(.bss)
    sector                                   0x20000ae4   Data          24  ef_env.o(.bss)
    .bss                                     0x20000afc   Section      256  ef_port.o(.bss)
    .bss                                     0x20000bfc   Section      104  boot_info.o(.bss)
    .bss                                     0x20000c64   Section       26  sys_task.o(.bss)
    .bss                                     0x20000c80   Section       24  sys_queue_task_updata.o(.bss)
    .bss                                     0x20000c98   Section      536  print_task.o(.bss)
    uca_print_tx_buff                        0x20000cb0   Data         512  print_task.o(.bss)
    .bss                                     0x20000eb0   Section      256  print_api.o(.bss)
    log_buf                                  0x20000eb0   Data         256  print_api.o(.bss)
    .bss                                     0x20000fb0   Section      256  print_iface.o(.bss)
    ucaPrintTxDmaBuffData                    0x20000fb0   Data         256  print_iface.o(.bss)
    .bss                                     0x200010b0   Section       16  flash_iface.o(.bss)
    .bss                                     0x200010c0   Section       32  key_task.o(.bss)
    KeyHandlerList                           0x200010cc   Data          20  key_task.o(.bss)
    HEAP                                     0x200010e0   Section     8192  startup_gd32f30x_xd.o(HEAP)
    STACK                                    0x200030e0   Section     1024  startup_gd32f30x_xd.o(STACK)

    Global Symbols

    Symbol Name                              Value     Ov Type        Size  Object(Section)

    BuildAttributes$$THM_ISAv4$E$P$D$K$B$S$7EM$VFPi3$EXTD16$VFPS$VFMA$PE$A:L22UL41UL21$X:L11$S22US41US21$IEEE1$IW$USESV6$~STKCKD$USESV7$~SHL$OTIME$ROPI$IEEEX$EBA8$MICROLIB$REQ8$PRES8$EABIv2 0x00000000   Number         0  anon$$obj.o ABSOLUTE
    __ARM_use_no_argv                        0x00000000   Number         0  main.o ABSOLUTE
    _printf_a                                0x00000000   Number         0  stubs.o ABSOLUTE
    _printf_c                                0x00000000   Number         0  stubs.o ABSOLUTE
    _printf_charcount                        0x00000000   Number         0  stubs.o ABSOLUTE
    _printf_d                                0x00000000   Number         0  stubs.o ABSOLUTE
    _printf_e                                0x00000000   Number         0  stubs.o ABSOLUTE
    _printf_f                                0x00000000   Number         0  stubs.o ABSOLUTE
    _printf_flags                            0x00000000   Number         0  stubs.o ABSOLUTE
    _printf_fp_dec                           0x00000000   Number         0  stubs.o ABSOLUTE
    _printf_fp_hex                           0x00000000   Number         0  stubs.o ABSOLUTE
    _printf_g                                0x00000000   Number         0  stubs.o ABSOLUTE
    _printf_i                                0x00000000   Number         0  stubs.o ABSOLUTE
    _printf_int_dec                          0x00000000   Number         0  stubs.o ABSOLUTE
    _printf_l                                0x00000000   Number         0  stubs.o ABSOLUTE
    _printf_lc                               0x00000000   Number         0  stubs.o ABSOLUTE
    _printf_ll                               0x00000000   Number         0  stubs.o ABSOLUTE
    _printf_lld                              0x00000000   Number         0  stubs.o ABSOLUTE
    _printf_lli                              0x00000000   Number         0  stubs.o ABSOLUTE
    _printf_llo                              0x00000000   Number         0  stubs.o ABSOLUTE
    _printf_llu                              0x00000000   Number         0  stubs.o ABSOLUTE
    _printf_llx                              0x00000000   Number         0  stubs.o ABSOLUTE
    _printf_longlong_dec                     0x00000000   Number         0  stubs.o ABSOLUTE
    _printf_longlong_hex                     0x00000000   Number         0  stubs.o ABSOLUTE
    _printf_longlong_oct                     0x00000000   Number         0  stubs.o ABSOLUTE
    _printf_ls                               0x00000000   Number         0  stubs.o ABSOLUTE
    _printf_mbtowc                           0x00000000   Number         0  stubs.o ABSOLUTE
    _printf_n                                0x00000000   Number         0  stubs.o ABSOLUTE
    _printf_o                                0x00000000   Number         0  stubs.o ABSOLUTE
    _printf_p                                0x00000000   Number         0  stubs.o ABSOLUTE
    _printf_percent                          0x00000000   Number         0  stubs.o ABSOLUTE
    _printf_pre_padding                      0x00000000   Number         0  stubs.o ABSOLUTE
    _printf_return_value                     0x00000000   Number         0  stubs.o ABSOLUTE
    _printf_s                                0x00000000   Number         0  stubs.o ABSOLUTE
    _printf_sizespec                         0x00000000   Number         0  stubs.o ABSOLUTE
    _printf_str                              0x00000000   Number         0  stubs.o ABSOLUTE
    _printf_truncate_signed                  0x00000000   Number         0  stubs.o ABSOLUTE
    _printf_truncate_unsigned                0x00000000   Number         0  stubs.o ABSOLUTE
    _printf_u                                0x00000000   Number         0  stubs.o ABSOLUTE
    _printf_wc                               0x00000000   Number         0  stubs.o ABSOLUTE
    _printf_wctomb                           0x00000000   Number         0  stubs.o ABSOLUTE
    _printf_widthprec                        0x00000000   Number         0  stubs.o ABSOLUTE
    _printf_x                                0x00000000   Number         0  stubs.o ABSOLUTE
    __arm_fini_                               - Undefined Weak Reference
    __cpp_initialize__aeabi_                  - Undefined Weak Reference
    __cxa_finalize                            - Undefined Weak Reference
    _clock_init                               - Undefined Weak Reference
    _microlib_exit                            - Undefined Weak Reference
    __Vectors_Size                           0x00000130   Number         0  startup_gd32f30x_xd.o ABSOLUTE
    __Vectors                                0x08000000   Data           4  startup_gd32f30x_xd.o(RESET)
    __Vectors_End                            0x08000130   Data           0  startup_gd32f30x_xd.o(RESET)
    __main                                   0x08000131   Thumb Code     0  entry.o(.ARM.Collect$$$$00000000)
    _main_stk                                0x08000131   Thumb Code     0  entry2.o(.ARM.Collect$$$$00000001)
    _main_scatterload                        0x08000135   Thumb Code     0  entry5.o(.ARM.Collect$$$$00000004)
    __main_after_scatterload                 0x08000139   Thumb Code     0  entry5.o(.ARM.Collect$$$$00000004)
    _main_clock                              0x08000139   Thumb Code     0  entry7b.o(.ARM.Collect$$$$00000008)
    _main_cpp_init                           0x08000139   Thumb Code     0  entry8b.o(.ARM.Collect$$$$0000000A)
    _main_init                               0x08000139   Thumb Code     0  entry9a.o(.ARM.Collect$$$$0000000B)
    __rt_lib_shutdown_fini                   0x08000141   Thumb Code     0  entry12b.o(.ARM.Collect$$$$0000000E)
    __rt_final_cpp                           0x08000145   Thumb Code     0  entry10a.o(.ARM.Collect$$$$0000000F)
    __rt_final_exit                          0x08000145   Thumb Code     0  entry11a.o(.ARM.Collect$$$$00000011)
    Reset_Handler                            0x08000149   Thumb Code     8  startup_gd32f30x_xd.o(.text)
    ADC0_1_IRQHandler                        0x08000163   Thumb Code     0  startup_gd32f30x_xd.o(.text)
    ADC2_IRQHandler                          0x08000163   Thumb Code     0  startup_gd32f30x_xd.o(.text)
    CAN0_EWMC_IRQHandler                     0x08000163   Thumb Code     0  startup_gd32f30x_xd.o(.text)
    CAN0_RX1_IRQHandler                      0x08000163   Thumb Code     0  startup_gd32f30x_xd.o(.text)
    DMA0_Channel0_IRQHandler                 0x08000163   Thumb Code     0  startup_gd32f30x_xd.o(.text)
    DMA0_Channel1_IRQHandler                 0x08000163   Thumb Code     0  startup_gd32f30x_xd.o(.text)
    DMA0_Channel2_IRQHandler                 0x08000163   Thumb Code     0  startup_gd32f30x_xd.o(.text)
    DMA0_Channel3_IRQHandler                 0x08000163   Thumb Code     0  startup_gd32f30x_xd.o(.text)
    DMA0_Channel4_IRQHandler                 0x08000163   Thumb Code     0  startup_gd32f30x_xd.o(.text)
    DMA0_Channel5_IRQHandler                 0x08000163   Thumb Code     0  startup_gd32f30x_xd.o(.text)
    DMA0_Channel6_IRQHandler                 0x08000163   Thumb Code     0  startup_gd32f30x_xd.o(.text)
    DMA1_Channel0_IRQHandler                 0x08000163   Thumb Code     0  startup_gd32f30x_xd.o(.text)
    DMA1_Channel1_IRQHandler                 0x08000163   Thumb Code     0  startup_gd32f30x_xd.o(.text)
    DMA1_Channel2_IRQHandler                 0x08000163   Thumb Code     0  startup_gd32f30x_xd.o(.text)
    DMA1_Channel3_4_IRQHandler               0x08000163   Thumb Code     0  startup_gd32f30x_xd.o(.text)
    EXMC_IRQHandler                          0x08000163   Thumb Code     0  startup_gd32f30x_xd.o(.text)
    EXTI1_IRQHandler                         0x08000163   Thumb Code     0  startup_gd32f30x_xd.o(.text)
    EXTI3_IRQHandler                         0x08000163   Thumb Code     0  startup_gd32f30x_xd.o(.text)
    EXTI4_IRQHandler                         0x08000163   Thumb Code     0  startup_gd32f30x_xd.o(.text)
    EXTI5_9_IRQHandler                       0x08000163   Thumb Code     0  startup_gd32f30x_xd.o(.text)
    FMC_IRQHandler                           0x08000163   Thumb Code     0  startup_gd32f30x_xd.o(.text)
    I2C0_ER_IRQHandler                       0x08000163   Thumb Code     0  startup_gd32f30x_xd.o(.text)
    I2C0_EV_IRQHandler                       0x08000163   Thumb Code     0  startup_gd32f30x_xd.o(.text)
    I2C1_ER_IRQHandler                       0x08000163   Thumb Code     0  startup_gd32f30x_xd.o(.text)
    I2C1_EV_IRQHandler                       0x08000163   Thumb Code     0  startup_gd32f30x_xd.o(.text)
    LVD_IRQHandler                           0x08000163   Thumb Code     0  startup_gd32f30x_xd.o(.text)
    RCU_CTC_IRQHandler                       0x08000163   Thumb Code     0  startup_gd32f30x_xd.o(.text)
    RTC_IRQHandler                           0x08000163   Thumb Code     0  startup_gd32f30x_xd.o(.text)
    SDIO_IRQHandler                          0x08000163   Thumb Code     0  startup_gd32f30x_xd.o(.text)
    SPI0_IRQHandler                          0x08000163   Thumb Code     0  startup_gd32f30x_xd.o(.text)
    SPI1_IRQHandler                          0x08000163   Thumb Code     0  startup_gd32f30x_xd.o(.text)
    SPI2_IRQHandler                          0x08000163   Thumb Code     0  startup_gd32f30x_xd.o(.text)
    TAMPER_IRQHandler                        0x08000163   Thumb Code     0  startup_gd32f30x_xd.o(.text)
    TIMER0_BRK_TIMER8_IRQHandler             0x08000163   Thumb Code     0  startup_gd32f30x_xd.o(.text)
    TIMER0_Channel_IRQHandler                0x08000163   Thumb Code     0  startup_gd32f30x_xd.o(.text)
    TIMER0_TRG_CMT_TIMER10_IRQHandler        0x08000163   Thumb Code     0  startup_gd32f30x_xd.o(.text)
    TIMER0_UP_TIMER9_IRQHandler              0x08000163   Thumb Code     0  startup_gd32f30x_xd.o(.text)
    TIMER1_IRQHandler                        0x08000163   Thumb Code     0  startup_gd32f30x_xd.o(.text)
    TIMER2_IRQHandler                        0x08000163   Thumb Code     0  startup_gd32f30x_xd.o(.text)
    TIMER3_IRQHandler                        0x08000163   Thumb Code     0  startup_gd32f30x_xd.o(.text)
    TIMER4_IRQHandler                        0x08000163   Thumb Code     0  startup_gd32f30x_xd.o(.text)
    TIMER5_IRQHandler                        0x08000163   Thumb Code     0  startup_gd32f30x_xd.o(.text)
    TIMER6_IRQHandler                        0x08000163   Thumb Code     0  startup_gd32f30x_xd.o(.text)
    TIMER7_BRK_TIMER11_IRQHandler            0x08000163   Thumb Code     0  startup_gd32f30x_xd.o(.text)
    TIMER7_Channel_IRQHandler                0x08000163   Thumb Code     0  startup_gd32f30x_xd.o(.text)
    TIMER7_TRG_CMT_TIMER13_IRQHandler        0x08000163   Thumb Code     0  startup_gd32f30x_xd.o(.text)
    TIMER7_UP_TIMER12_IRQHandler             0x08000163   Thumb Code     0  startup_gd32f30x_xd.o(.text)
    UART3_IRQHandler                         0x08000163   Thumb Code     0  startup_gd32f30x_xd.o(.text)
    UART4_IRQHandler                         0x08000163   Thumb Code     0  startup_gd32f30x_xd.o(.text)
    USART1_IRQHandler                        0x08000163   Thumb Code     0  startup_gd32f30x_xd.o(.text)
    USART2_IRQHandler                        0x08000163   Thumb Code     0  startup_gd32f30x_xd.o(.text)
    USBD_HP_CAN0_TX_IRQHandler               0x08000163   Thumb Code     0  startup_gd32f30x_xd.o(.text)
    USBD_LP_CAN0_RX0_IRQHandler              0x08000163   Thumb Code     0  startup_gd32f30x_xd.o(.text)
    USBD_WKUP_IRQHandler                     0x08000163   Thumb Code     0  startup_gd32f30x_xd.o(.text)
    WWDGT_IRQHandler                         0x08000163   Thumb Code     0  startup_gd32f30x_xd.o(.text)
    ___aeabi_memcpy8$move                    0x0800016d   Thumb Code     0  memmovea.o(.text)
    __aeabi_memcpy                           0x0800016d   Thumb Code    64  memmovea.o(.text)
    __aeabi_memcpy4                          0x0800016d   Thumb Code     0  memmovea.o(.text)
    __aeabi_memmove                          0x0800016d   Thumb Code     0  memmovea.o(.text)
    __aeabi_memmove4                         0x0800016d   Thumb Code     0  memmovea.o(.text)
    __aeabi_memmove8                         0x0800016d   Thumb Code     0  memmovea.o(.text)
    __aeabi_memset                           0x080001ad   Thumb Code    14  memseta.o(.text)
    __aeabi_memset4                          0x080001ad   Thumb Code     0  memseta.o(.text)
    __aeabi_memset8                          0x080001ad   Thumb Code     0  memseta.o(.text)
    __aeabi_memclr                           0x080001bb   Thumb Code     4  memseta.o(.text)
    __aeabi_memclr4                          0x080001bb   Thumb Code     0  memseta.o(.text)
    __aeabi_memclr8                          0x080001bb   Thumb Code     0  memseta.o(.text)
    _memset$wrapper                          0x080001bf   Thumb Code    18  memseta.o(.text)
    strncpy                                  0x080001d1   Thumb Code    24  strncpy.o(.text)
    strlen                                   0x080001e9   Thumb Code    14  strlen.o(.text)
    strcmp                                   0x080001f7   Thumb Code    28  strcmp.o(.text)
    strncmp                                  0x08000213   Thumb Code    30  strncmp.o(.text)
    __aeabi_dadd                             0x08000231   Thumb Code   322  dadd.o(.text)
    __aeabi_dsub                             0x08000373   Thumb Code     6  dadd.o(.text)
    __aeabi_drsub                            0x08000379   Thumb Code     6  dadd.o(.text)
    __aeabi_dmul                             0x0800037f   Thumb Code   228  dmul.o(.text)
    __aeabi_ddiv                             0x08000463   Thumb Code   222  ddiv.o(.text)
    __aeabi_uidiv                            0x08000541   Thumb Code     0  uidiv.o(.text)
    __aeabi_uidivmod                         0x08000541   Thumb Code    44  uidiv.o(.text)
    __aeabi_uldivmod                         0x0800056d   Thumb Code    98  uldiv.o(.text)
    __aeabi_llsl                             0x080005cf   Thumb Code    30  llshl.o(.text)
    _ll_shift_l                              0x080005cf   Thumb Code     0  llshl.o(.text)
    __aeabi_lasr                             0x080005ed   Thumb Code    36  llsshr.o(.text)
    _ll_sshift_r                             0x080005ed   Thumb Code     0  llsshr.o(.text)
    __I$use$fp                               0x08000611   Thumb Code     0  iusefp.o(.text)
    _double_round                            0x08000611   Thumb Code    30  depilogue.o(.text)
    _double_epilogue                         0x0800062f   Thumb Code   156  depilogue.o(.text)
    __aeabi_d2ulz                            0x080006cb   Thumb Code    48  dfixul.o(.text)
    __aeabi_cdrcmple                         0x080006fd   Thumb Code    48  cdrcmple.o(.text)
    __scatterload                            0x0800072d   Thumb Code    28  init.o(.text)
    __scatterload_rt2                        0x0800072d   Thumb Code     0  init.o(.text)
    __aeabi_llsr                             0x08000751   Thumb Code    32  llushr.o(.text)
    _ll_ushift_r                             0x08000751   Thumb Code     0  llushr.o(.text)
    __decompress                             0x08000771   Thumb Code     0  __dczerorl2.o(.text)
    __decompress1                            0x08000771   Thumb Code    86  __dczerorl2.o(.text)
    BusFault_Handler                         0x080007c7   Thumb Code     4  gd32f30x_it.o(i.BusFault_Handler)
    DebugMon_Handler                         0x080007cb   Thumb Code     2  gd32f30x_it.o(i.DebugMon_Handler)
    EXTI0_IRQHandler                         0x080007cd   Thumb Code    22  gd32f30x_it.o(i.EXTI0_IRQHandler)
    EXTI10_15_IRQHandler                     0x080007e9   Thumb Code    22  gd32f30x_it.o(i.EXTI10_15_IRQHandler)
    NMI_Handler                              0x080007ff   Thumb Code     2  gd32f30x_it.o(i.NMI_Handler)
    tBootDefaultVer                          0x08000800   Data          96  boot_info.o(.ARM.__AT_0x08000800)
    EXTI2_IRQHandler                         0x08000861   Thumb Code    18  gd32f30x_it.o(i.EXTI2_IRQHandler)
    HardFault_Handler                        0x08000873   Thumb Code     4  gd32f30x_it.o(i.HardFault_Handler)
    MemManage_Handler                        0x08000877   Thumb Code     4  gd32f30x_it.o(i.MemManage_Handler)
    PendSV_Handler                           0x080008a5   Thumb Code     2  gd32f30x_it.o(i.PendSV_Handler)
    RTC_Alarm_IRQHandler                     0x080008a7   Thumb Code    34  gd32f30x_it.o(i.RTC_Alarm_IRQHandler)
    SEGGER_RTT_Write                         0x080008c9   Thumb Code    70  segger_rtt.o(i.SEGGER_RTT_Write)
    SEGGER_RTT_WriteNoLock                   0x08000915   Thumb Code   126  segger_rtt.o(i.SEGGER_RTT_WriteNoLock)
    SEGGER_RTT_printf                        0x08000999   Thumb Code    34  segger_rtt_printf.o(i.SEGGER_RTT_printf)
    SEGGER_RTT_vprintf                       0x080009bb   Thumb Code   522  segger_rtt_printf.o(i.SEGGER_RTT_vprintf)
    SVC_Handler                              0x08000bc5   Thumb Code     2  gd32f30x_it.o(i.SVC_Handler)
    SysParamInit                             0x08000bc9   Thumb Code    72  board_config.o(i.SysParamInit)
    SysTick_Handler                          0x08000c15   Thumb Code     8  gd32f30x_it.o(i.SysTick_Handler)
    SystemInit                               0x08000c1d   Thumb Code   156  system_gd32f30x.o(i.SystemInit)
    USART0_IRQHandler                        0x08000cc5   Thumb Code   120  print_iface.o(i.USART0_IRQHandler)
    UsageFault_Handler                       0x08000d59   Thumb Code     4  gd32f30x_it.o(i.UsageFault_Handler)
    __0printf                                0x080010d5   Thumb Code    22  printfa.o(i.__0printf)
    __1printf                                0x080010d5   Thumb Code     0  printfa.o(i.__0printf)
    __2printf                                0x080010d5   Thumb Code     0  printfa.o(i.__0printf)
    __c89printf                              0x080010d5   Thumb Code     0  printfa.o(i.__0printf)
    printf                                   0x080010d5   Thumb Code     0  printfa.o(i.__0printf)
    __0vsnprintf                             0x080010f5   Thumb Code    46  printfa.o(i.__0vsnprintf)
    __1vsnprintf                             0x080010f5   Thumb Code     0  printfa.o(i.__0vsnprintf)
    __2vsnprintf                             0x080010f5   Thumb Code     0  printfa.o(i.__0vsnprintf)
    __c89vsnprintf                           0x080010f5   Thumb Code     0  printfa.o(i.__0vsnprintf)
    vsnprintf                                0x080010f5   Thumb Code     0  printfa.o(i.__0vsnprintf)
    __0vsprintf                              0x08001129   Thumb Code    30  printfa.o(i.__0vsprintf)
    __1vsprintf                              0x08001129   Thumb Code     0  printfa.o(i.__0vsprintf)
    __2vsprintf                              0x08001129   Thumb Code     0  printfa.o(i.__0vsprintf)
    __c89vsprintf                            0x08001129   Thumb Code     0  printfa.o(i.__0vsprintf)
    vsprintf                                 0x08001129   Thumb Code     0  printfa.o(i.__0vsprintf)
    __scatterload_copy                       0x0800114d   Thumb Code    14  handlers.o(i.__scatterload_copy)
    __scatterload_null                       0x0800115b   Thumb Code     2  handlers.o(i.__scatterload_null)
    __scatterload_zeroinit                   0x0800115d   Thumb Code    14  handlers.o(i.__scatterload_zeroinit)
    bBaiKuProto_Reset                        0x08001b2d   Thumb Code    40  baiku_proto_1.o(i.bBaiKuProto_Reset)
    bBoot_CmdExist                           0x08001b55   Thumb Code    56  boot_info.o(i.bBoot_CmdExist)
    bFlash_Gd32EraseSector                   0x08001b9d   Thumb Code   170  flash_gd32.o(i.bFlash_Gd32EraseSector)
    bFlash_Gd32Write32Bit                    0x08001cb5   Thumb Code   144  flash_gd32.o(i.bFlash_Gd32Write32Bit)
    bFlash_IfaceInit                         0x08001d79   Thumb Code     4  flash_iface.o(i.bFlash_IfaceInit)
    bFlash_WriteDataToFlash                  0x08001d7d   Thumb Code   124  flash_iface.o(i.bFlash_WriteDataToFlash)
    bFun_DataCompare                         0x08001e75   Thumb Code    36  function.o(i.bFun_DataCompare)
    bPrint_CheckSendFinish                   0x08001eb1   Thumb Code    14  print_iface.o(i.bPrint_CheckSendFinish)
    bPrint_DataSendStart                     0x08001ec5   Thumb Code    62  print_iface.o(i.bPrint_DataSendStart)
    bPrint_QueueInit                         0x08001f1d   Thumb Code    44  print_queue_task.o(i.bPrint_QueueInit)
    bPrint_RecProtInit                       0x08001f55   Thumb Code    30  print_prot_frame.o(i.bPrint_RecProtInit)
    bPrint_SendDataToUsart                   0x08001f79   Thumb Code    54  print_task.o(i.bPrint_SendDataToUsart)
    bPrint_SendProtInit                      0x08001fbd   Thumb Code    28  print_prot_frame.o(i.bPrint_SendProtInit)
    bPrint_TaskInit                          0x08001fdd   Thumb Code    52  print_task.o(i.bPrint_TaskInit)
    bSys_QueueInit                           0x08002019   Thumb Code    96  sys_queue_task.o(i.bSys_QueueInit)
    bSys_SetDevState                         0x080020d5   Thumb Code   206  sys_task.o(i.bSys_SetDevState)
    bUpdata_Init                             0x08002271   Thumb Code    14  sys_queue_task_updata.o(i.bUpdata_Init)
    bXmodem_Reset                            0x08002285   Thumb Code    50  xmodem_proto.o(i.bXmodem_Reset)
    b_baiku_jump_step                        0x080022b7   Thumb Code    90  baiku_proto.o(i.b_baiku_jump_step)
    cBaiku_ProtoCheck                        0x0800256d   Thumb Code   296  baiku_proto.o(i.cBaiku_ProtoCheck)
    cBaiku_ProtoCreate                       0x08002695   Thumb Code   102  baiku_proto.o(i.cBaiku_ProtoCreate)
    cBaiku_ProtoRecInit                      0x080026fb   Thumb Code   154  baiku_proto.o(i.cBaiku_ProtoRecInit)
    cBaiku_ProtoTransInit                    0x08002795   Thumb Code    64  baiku_proto.o(i.cBaiku_ProtoTransInit)
    cBaiku_ResetRxBuff                       0x080027d5   Thumb Code    32  baiku_proto.o(i.cBaiku_ResetRxBuff)
    cBaiku_UpdataCheck                       0x080027f5   Thumb Code   228  baiku_proto.o(i.cBaiku_UpdataCheck)
    cBoot_CtrlUpdata                         0x080028d9   Thumb Code   138  boot_info.o(i.cBoot_CtrlUpdata)
    cBoot_GetMemParam                        0x08002999   Thumb Code   158  boot_info.o(i.cBoot_GetMemParam)
    cBoot_MemParamInit                       0x08002a49   Thumb Code   110  boot_info.o(i.cBoot_MemParamInit)
    cBoot_UpdataMemParam                     0x08002acd   Thumb Code   106  boot_info.o(i.cBoot_UpdataMemParam)
    cFlash_EraseSector                       0x08002b49   Thumb Code    26  flash_iface.o(i.cFlash_EraseSector)
    cFlash_Write8BitData                     0x08002b65   Thumb Code    84  flash_iface.o(i.cFlash_Write8BitData)
    cQueue_AddQueueTask                      0x08002bdd   Thumb Code   240  queue_task.o(i.cQueue_AddQueueTask)
    cQueue_GotoStep                          0x08002ccd   Thumb Code   148  queue_task.o(i.cQueue_GotoStep)
    cQueue_TaskInit                          0x08002d61   Thumb Code   198  queue_task.o(i.cQueue_TaskInit)
    cSys_JumpToApp                           0x08002e29   Thumb Code    98  sys_queue_task.o(i.cSys_JumpToApp)
    cUpdata_ChSelect                         0x08002e9d   Thumb Code   118  sys_queue_task_updata.o(i.cUpdata_ChSelect)
    cUpdata_ProtoSelect                      0x08002f49   Thumb Code    60  sys_queue_task_updata.o(i.cUpdata_ProtoSelect)
    c_baiku_proto_decrypt                    0x08002f91   Thumb Code   136  baiku_proto.o(i.c_baiku_proto_decrypt)
    c_cycle_relay_data                       0x08003019   Thumb Code    42  print_prot_frame.o(i.c_cycle_relay_data)
    c_print_start_check                      0x0800345d   Thumb Code    58  print_api.o(i.c_print_start_check)
    c_relay84_set_proto                      0x0800359d   Thumb Code    80  print_prot_frame.o(i.c_relay84_set_proto)
    c_relay88_sys_set                        0x080035f5   Thumb Code   142  print_prot_frame.o(i.c_relay88_sys_set)
    eBoot_InfoInit                           0x08003b45   Thumb Code   268  boot_info.o(i.eBoot_InfoInit)
    easyflash_init                           0x08004025   Thumb Code    62  easyflash.o(i.easyflash_init)
    ef_calc_crc32                            0x08004095   Thumb Code    40  ef_utils.o(i.ef_calc_crc32)
    ef_env_init                              0x080040c1   Thumb Code   102  ef_env.o(i.ef_env_init)
    ef_env_set_default                       0x08004145   Thumb Code   190  ef_env.o(i.ef_env_set_default)
    ef_get_env_blob                          0x08004211   Thumb Code    60  ef_env.o(i.ef_get_env_blob)
    ef_load_env                              0x0800426d   Thumb Code   118  ef_env.o(i.ef_load_env)
    ef_log_info                              0x08004339   Thumb Code    36  ef_port.o(i.ef_log_info)
    ef_port_env_lock                         0x08004365   Thumb Code     4  ef_port.o(i.ef_port_env_lock)
    ef_port_env_unlock                       0x08004369   Thumb Code     4  ef_port.o(i.ef_port_env_unlock)
    ef_port_erase                            0x0800436d   Thumb Code    34  ef_port.o(i.ef_port_erase)
    ef_port_init                             0x08004391   Thumb Code    34  ef_port.o(i.ef_port_init)
    ef_port_read                             0x080043bd   Thumb Code    28  ef_port.o(i.ef_port_read)
    ef_port_write                            0x080043d9   Thumb Code    66  ef_port.o(i.ef_port_write)
    ef_set_env_blob                          0x0800441d   Thumb Code    54  ef_env.o(i.ef_set_env_blob)
    exti_interrupt_disable                   0x080044f1   Thumb Code    12  gd32f30x_exti.o(i.exti_interrupt_disable)
    exti_interrupt_flag_clear                0x08004501   Thumb Code     6  gd32f30x_exti.o(i.exti_interrupt_flag_clear)
    exti_interrupt_flag_get                  0x0800450d   Thumb Code    18  gd32f30x_exti.o(i.exti_interrupt_flag_get)
    fmc_bank0_ready_wait                     0x08004659   Thumb Code    34  gd32f30x_fmc.o(i.fmc_bank0_ready_wait)
    fmc_bank0_state_get                      0x0800467d   Thumb Code    44  gd32f30x_fmc.o(i.fmc_bank0_state_get)
    fmc_bank1_ready_wait                     0x080046ad   Thumb Code    34  gd32f30x_fmc.o(i.fmc_bank1_ready_wait)
    fmc_bank1_state_get                      0x080046d1   Thumb Code    44  gd32f30x_fmc.o(i.fmc_bank1_state_get)
    fmc_flag_clear                           0x08004701   Thumb Code    28  gd32f30x_fmc.o(i.fmc_flag_clear)
    fmc_lock                                 0x08004721   Thumb Code    34  gd32f30x_fmc.o(i.fmc_lock)
    fmc_page_erase                           0x0800474d   Thumb Code   210  gd32f30x_fmc.o(i.fmc_page_erase)
    fmc_unlock                               0x08004831   Thumb Code    52  gd32f30x_fmc.o(i.fmc_unlock)
    fmc_word_program                         0x08004875   Thumb Code   166  gd32f30x_fmc.o(i.fmc_word_program)
    fputc                                    0x08004999   Thumb Code    20  seeger_print.o(i.fputc)
    free                                     0x080049b1   Thumb Code    76  malloc.o(i.free)
    gpio_init                                0x08004c5b   Thumb Code   188  gd32f30x_gpio.o(i.gpio_init)
    lwrb_find                                0x08004d17   Thumb Code   188  lwrb_ex.o(i.lwrb_find)
    lwrb_get_free                            0x08004dd3   Thumb Code    46  lwrb.o(i.lwrb_get_free)
    lwrb_get_full                            0x08004e01   Thumb Code    46  lwrb.o(i.lwrb_get_full)
    lwrb_init                                0x08004e2f   Thumb Code    28  lwrb.o(i.lwrb_init)
    lwrb_read                                0x08004e4b   Thumb Code    36  lwrb.o(i.lwrb_read)
    lwrb_read_ex                             0x08004e6f   Thumb Code   182  lwrb.o(i.lwrb_read_ex)
    lwrb_reset                               0x08004f25   Thumb Code    40  lwrb.o(i.lwrb_reset)
    lwrb_write                               0x08004f4d   Thumb Code    36  lwrb.o(i.lwrb_write)
    lwrb_write_ex                            0x08004f71   Thumb Code   182  lwrb.o(i.lwrb_write_ex)
    main                                     0x08005029   Thumb Code    86  main.o(i.main)
    malloc                                   0x0800508d   Thumb Code    92  malloc.o(i.malloc)
    nvic_irq_enable                          0x08005261   Thumb Code   186  gd32f30x_misc.o(i.nvic_irq_enable)
    nvic_priority_group_set                  0x08005325   Thumb Code    10  gd32f30x_misc.o(i.nvic_priority_group_set)
    rcu_clock_freq_get                       0x08005339   Thumb Code   310  gd32f30x_rcu.o(i.rcu_clock_freq_get)
    rcu_periph_clock_enable                  0x08005491   Thumb Code    28  gd32f30x_rcu.o(i.rcu_periph_clock_enable)
    rcu_periph_reset_disable                 0x080054b1   Thumb Code    28  gd32f30x_rcu.o(i.rcu_periph_reset_disable)
    rcu_periph_reset_enable                  0x080054d1   Thumb Code    28  gd32f30x_rcu.o(i.rcu_periph_reset_enable)
    rtc_flag_clear                           0x08005781   Thumb Code    12  gd32f30x_rtc.o(i.rtc_flag_clear)
    rtc_flag_get                             0x08005791   Thumb Code    18  gd32f30x_rtc.o(i.rtc_flag_get)
    sMyPrint                                 0x080057a9   Thumb Code   108  print_api.o(i.sMyPrint)
    sMyPrintErr                              0x0800581d   Thumb Code   170  print_api.o(i.sMyPrintErr)
    sMyPrintTips                             0x080058e1   Thumb Code   170  print_api.o(i.sMyPrintTips)
    sMyPrintWarn                             0x080059a5   Thumb Code   170  print_api.o(i.sMyPrintWarn)
    ucCheck_SumReflect                       0x08005c31   Thumb Code    34  check.o(i.ucCheck_SumReflect)
    usBoot_GetMemParamSize                   0x08005e2d   Thumb Code     4  boot_info.o(i.usBoot_GetMemParamSize)
    usCheck_GetCrc16Tab                      0x08005e31   Thumb Code    42  check.o(i.usCheck_GetCrc16Tab)
    us_get_frame_len                         0x08005e61   Thumb Code    34  xmodem_proto.o(i.us_get_frame_len)
    usart_baudrate_set                       0x08005e85   Thumb Code   136  gd32f30x_usart.o(i.usart_baudrate_set)
    usart_deinit                             0x08005f15   Thumb Code   136  gd32f30x_usart.o(i.usart_deinit)
    usart_enable                             0x08005fa5   Thumb Code    10  gd32f30x_usart.o(i.usart_enable)
    usart_hardware_flow_cts_config           0x08005faf   Thumb Code    20  gd32f30x_usart.o(i.usart_hardware_flow_cts_config)
    usart_hardware_flow_rts_config           0x08005fc3   Thumb Code    20  gd32f30x_usart.o(i.usart_hardware_flow_rts_config)
    usart_interrupt_disable                  0x08005fd7   Thumb Code    26  gd32f30x_usart.o(i.usart_interrupt_disable)
    usart_interrupt_enable                   0x08005ff1   Thumb Code    26  gd32f30x_usart.o(i.usart_interrupt_enable)
    usart_interrupt_flag_clear               0x0800600b   Thumb Code    18  gd32f30x_usart.o(i.usart_interrupt_flag_clear)
    usart_interrupt_flag_get                 0x0800601d   Thumb Code    56  gd32f30x_usart.o(i.usart_interrupt_flag_get)
    usart_parity_config                      0x08006055   Thumb Code    16  gd32f30x_usart.o(i.usart_parity_config)
    usart_receive_config                     0x08006065   Thumb Code    20  gd32f30x_usart.o(i.usart_receive_config)
    usart_stop_bit_set                       0x08006079   Thumb Code    16  gd32f30x_usart.o(i.usart_stop_bit_set)
    usart_transmit_config                    0x08006089   Thumb Code    20  gd32f30x_usart.o(i.usart_transmit_config)
    usart_word_length_set                    0x0800609d   Thumb Code    16  gd32f30x_usart.o(i.usart_word_length_set)
    vBaiKuProto_Proto                        0x080060ad   Thumb Code   276  baiku_proto_1.o(i.vBaiKuProto_Proto)
    vBaiKuProto_TickTime                     0x0800622d   Thumb Code    52  baiku_proto_1.o(i.vBaiKuProto_TickTime)
    vBoard_StartTask                         0x08006261   Thumb Code    26  board_config.o(i.vBoard_StartTask)
    vBoard_SysInit                           0x08006281   Thumb Code    40  board_config.o(i.vBoard_SysInit)
    vFlash_Gd32Read32Bit                     0x080062d1   Thumb Code   102  flash_gd32.o(i.vFlash_Gd32Read32Bit)
    vFlash_WriteDataToFlashInit              0x08006371   Thumb Code    40  flash_iface.o(i.vFlash_WriteDataToFlashInit)
    vGPIO_Init                               0x080063b9   Thumb Code   212  gpio_init.o(i.vGPIO_Init)
    vKey_ParamInit                           0x080064a9   Thumb Code    18  key_task.o(i.vKey_ParamInit)
    vKey_ProcKeyFunc                         0x080064c5   Thumb Code    38  key_func.o(i.vKey_ProcKeyFunc)
    vKey_Task                                0x08006509   Thumb Code   544  key_task.o(i.vKey_Task)
    vKey_TaskInit                            0x08006761   Thumb Code     8  key_task.o(i.vKey_TaskInit)
    vPrint_DeInit                            0x08006769   Thumb Code    10  print_iface.o(i.vPrint_DeInit)
    vPrint_Init                              0x08006779   Thumb Code    12  print_iface.o(i.vPrint_Init)
    vPrint_MyPrintParamInit                  0x08006785   Thumb Code     2  print_api.o(i.vPrint_MyPrintParamInit)
    vPrint_Task                              0x08006789   Thumb Code   112  print_task.o(i.vPrint_Task)
    vSys_MsDelay                             0x08006801   Thumb Code    16  systick.o(i.vSys_MsDelay)
    vSys_Task                                0x08006815   Thumb Code   112  sys_task.o(i.vSys_Task)
    vSys_TaskInit                            0x080068b9   Thumb Code    18  sys_task.o(i.vSys_TaskInit)
    vSys_Tick                                0x080068cd   Thumb Code    80  systick.o(i.vSys_Tick)
    vSys_TickConfig                          0x08006931   Thumb Code    74  systick.o(i.vSys_TickConfig)
    vSys_TickTimer                           0x08006981   Thumb Code   198  sys_task.o(i.vSys_TickTimer)
    vTimer_Task                              0x08006b15   Thumb Code    30  timer_task.o(i.vTimer_Task)
    vUpdata_TickTimer                        0x08006b39   Thumb Code    38  sys_queue_task_updata.o(i.vUpdata_TickTimer)
    vXmodem_Proto                            0x08006b6d   Thumb Code   558  xmodem_proto.o(i.vXmodem_Proto)
    vXmodem_TickTime                         0x08006e09   Thumb Code    44  xmodem_proto.o(i.vXmodem_TickTime)
    v_print_queue_task_main                  0x08007105   Thumb Code   146  print_queue_task_main.o(i.v_print_queue_task_main)
    v_sys_queue_task_enter_app               0x08007485   Thumb Code   204  sys_queue_task_enter_app.o(i.v_sys_queue_task_enter_app)
    v_sys_queue_task_err                     0x08007581   Thumb Code   140  sys_queue_task_err.o(i.v_sys_queue_task_err)
    v_sys_queue_task_init                    0x08007639   Thumb Code   190  sys_queue_task_init.o(i.v_sys_queue_task_init)
    v_sys_queue_task_reset                   0x08007705   Thumb Code   118  sys_queue_task_reset.o(i.v_sys_queue_task_reset)
    v_sys_queue_task_updata                  0x080077b1   Thumb Code   186  sys_queue_task_updata.o(i.v_sys_queue_task_updata)
    CRC8Table                                0x08007e4c   Data         256  check.o(.constdata)
    auchCRCHi                                0x0800814c   Data         256  check.o(.constdata)
    auchCRCLo                                0x0800824c   Data         256  check.o(.constdata)
    tBootMemParamStr                         0x0800834c   Data          14  boot_info.o(.constdata)
    tBootVerInfoStr                          0x0800835a   Data          13  boot_info.o(.constdata)
    tBootParamStr                            0x08008367   Data          11  boot_info.o(.constdata)
    default_env_set                          0x08008374   Data          24  boot_info.o(.constdata)
    KeyTriType_SysOnOffBuff                  0x0800838c   Data           2  key_func.o(.constdata)
    KeyTriType_SysOnOffBuff1                 0x0800838e   Data           2  key_func.o(.constdata)
    KeyTriType_SysProteOnOffBuff             0x08008390   Data           4  key_func.o(.constdata)
    Region$$Table$$Base                      0x08008424   Number         0  anon$$obj.o(Region$$Table)
    Region$$Table$$Limit                     0x08008444   Number         0  anon$$obj.o(Region$$Table)
    SystemCoreClock                          0x20000000   Data           4  system_gd32f30x.o(.data)
    __stdout                                 0x20000004   Data           4  seeger_print.o(.data)
    bSystick_10MsFlag                        0x20000020   Data           1  systick.o(.data)
    bSystick_100MsFlag                       0x20000021   Data           1  systick.o(.data)
    bExti_KeyTriFlag                         0x2000002c   Data           1  gd32f30x_it.o(.data)
    bExti_SensorTriFlag                      0x2000002d   Data           1  gd32f30x_it.o(.data)
    tpSysTask                                0x20000038   Data           4  sys_queue_task.o(.data)
    application                              0x2000003c   Data           4  sys_queue_task.o(.data)
    tXmodem                                  0x20000044   Data        1064  updata_main.o(.data)
    tBaiKuProto                              0x2000046c   Data          32  updata_main.o(.data)
    uPrint                                   0x2000048c   Data           4  print_task.o(.data)
    log_e                                    0x20000498   Data           4  print_api.o(.data)
    log_w                                    0x2000049c   Data           4  print_api.o(.data)
    log_i                                    0x200004a0   Data           4  print_api.o(.data)
    tpPrintProtoTx                           0x200004a8   Data           4  print_prot_frame.o(.data)
    tpPrintProtoRx                           0x200004ac   Data           4  print_prot_frame.o(.data)
    uc_next_cmd                              0x200004b0   Data           1  print_prot_frame.o(.data)
    tpPrintTask                              0x200004b4   Data           4  print_queue_task.o(.data)
    tKeyPower                                0x200004b8   Data           8  key_task.o(.data)
    Key_UnPressTim                           0x200004c0   Data           2  key_task.o(.data)
    Key_TriTypeCnt                           0x200004c2   Data           2  key_task.o(.data)
    __microlib_freelist                      0x200004c8   Data           4  mvars.o(.data)
    __microlib_freelist_initialised          0x200004cc   Data           4  mvars.o(.data)
    _SEGGER_RTT                              0x200004d0   Data         168  segger_rtt.o(.bss)
    env_cache_table                          0x20000988   Data         128  ef_env.o(.bss)
    sector_cache_table                       0x20000a08   Data          32  ef_env.o(.bss)
    log_buf                                  0x20000afc   Data         256  ef_port.o(.bss)
    tBootMemParam                            0x20000bfc   Data         104  boot_info.o(.bss)
    tSysInfo                                 0x20000c64   Data          26  sys_task.o(.bss)
    tUpdata                                  0x20000c80   Data          24  sys_queue_task_updata.o(.bss)
    tPrintTxBuff                             0x20000c98   Data          24  print_task.o(.bss)
    tFlash                                   0x200010b0   Data          16  flash_iface.o(.bss)
    Key_TriTypeBuff                          0x200010c0   Data          10  key_task.o(.bss)
    __heap_base                              0x200010e0   Data           0  startup_gd32f30x_xd.o(HEAP)
    __heap_limit                             0x200030e0   Data           0  startup_gd32f30x_xd.o(HEAP)
    __initial_sp                             0x200034e0   Data           0  startup_gd32f30x_xd.o(STACK)



==============================================================================

Memory Map of the image

  Image Entry point : 0x08000131

  Load Region LR_IROM1 (Base: 0x08000000, Size: 0x00008914, Max: 0x0000c7ff, ABSOLUTE, COMPRESSED[0x00008484])

    Execution Region ER_IROM1 (Exec base: 0x08000000, Load base: 0x08000000, Size: 0x00008444, Max: 0x0000c7ff, ABSOLUTE)

    Exec Addr    Load Addr    Size         Type   Attr      Idx    E Section Name        Object

    0x08000000   0x08000000   0x00000130   Data   RO            3    RESET               startup_gd32f30x_xd.o
    0x08000130   0x08000130   0x00000000   Code   RO         7691  * .ARM.Collect$$$$00000000  mc_w.l(entry.o)
    0x08000130   0x08000130   0x00000004   Code   RO         8066    .ARM.Collect$$$$00000001  mc_w.l(entry2.o)
    0x08000134   0x08000134   0x00000004   Code   RO         8069    .ARM.Collect$$$$00000004  mc_w.l(entry5.o)
    0x08000138   0x08000138   0x00000000   Code   RO         8071    .ARM.Collect$$$$00000008  mc_w.l(entry7b.o)
    0x08000138   0x08000138   0x00000000   Code   RO         8073    .ARM.Collect$$$$0000000A  mc_w.l(entry8b.o)
    0x08000138   0x08000138   0x00000008   Code   RO         8074    .ARM.Collect$$$$0000000B  mc_w.l(entry9a.o)
    0x08000140   0x08000140   0x00000004   Code   RO         8081    .ARM.Collect$$$$0000000E  mc_w.l(entry12b.o)
    0x08000144   0x08000144   0x00000000   Code   RO         8076    .ARM.Collect$$$$0000000F  mc_w.l(entry10a.o)
    0x08000144   0x08000144   0x00000000   Code   RO         8078    .ARM.Collect$$$$00000011  mc_w.l(entry11a.o)
    0x08000144   0x08000144   0x00000004   Code   RO         8067    .ARM.Collect$$$$00002712  mc_w.l(entry2.o)
    0x08000148   0x08000148   0x00000024   Code   RO            4    .text               startup_gd32f30x_xd.o
    0x0800016c   0x0800016c   0x00000040   Code   RO         7730    .text               mc_w.l(memmovea.o)
    0x080001ac   0x080001ac   0x00000024   Code   RO         7732    .text               mc_w.l(memseta.o)
    0x080001d0   0x080001d0   0x00000018   Code   RO         7734    .text               mc_w.l(strncpy.o)
    0x080001e8   0x080001e8   0x0000000e   Code   RO         7736    .text               mc_w.l(strlen.o)
    0x080001f6   0x080001f6   0x0000001c   Code   RO         7738    .text               mc_w.l(strcmp.o)
    0x08000212   0x08000212   0x0000001e   Code   RO         7740    .text               mc_w.l(strncmp.o)
    0x08000230   0x08000230   0x0000014e   Code   RO         8035    .text               mf_w.l(dadd.o)
    0x0800037e   0x0800037e   0x000000e4   Code   RO         8037    .text               mf_w.l(dmul.o)
    0x08000462   0x08000462   0x000000de   Code   RO         8039    .text               mf_w.l(ddiv.o)
    0x08000540   0x08000540   0x0000002c   Code   RO         8082    .text               mc_w.l(uidiv.o)
    0x0800056c   0x0800056c   0x00000062   Code   RO         8084    .text               mc_w.l(uldiv.o)
    0x080005ce   0x080005ce   0x0000001e   Code   RO         8086    .text               mc_w.l(llshl.o)
    0x080005ec   0x080005ec   0x00000024   Code   RO         8088    .text               mc_w.l(llsshr.o)
    0x08000610   0x08000610   0x00000000   Code   RO         8099    .text               mc_w.l(iusefp.o)
    0x08000610   0x08000610   0x000000ba   Code   RO         8102    .text               mf_w.l(depilogue.o)
    0x080006ca   0x080006ca   0x00000030   Code   RO         8110    .text               mf_w.l(dfixul.o)
    0x080006fa   0x080006fa   0x00000002   PAD
    0x080006fc   0x080006fc   0x00000030   Code   RO         8112    .text               mf_w.l(cdrcmple.o)
    0x0800072c   0x0800072c   0x00000024   Code   RO         8114    .text               mc_w.l(init.o)
    0x08000750   0x08000750   0x00000020   Code   RO         8116    .text               mc_w.l(llushr.o)
    0x08000770   0x08000770   0x00000056   Code   RO         8126    .text               mc_w.l(__dczerorl2.o)
    0x080007c6   0x080007c6   0x00000004   Code   RO         6237    i.BusFault_Handler  gd32f30x_it.o
    0x080007ca   0x080007ca   0x00000002   Code   RO         6238    i.DebugMon_Handler  gd32f30x_it.o
    0x080007cc   0x080007cc   0x0000001c   Code   RO         6239    i.EXTI0_IRQHandler  gd32f30x_it.o
    0x080007e8   0x080007e8   0x00000016   Code   RO         6240    i.EXTI10_15_IRQHandler  gd32f30x_it.o
    0x080007fe   0x080007fe   0x00000002   Code   RO         6244    i.NMI_Handler       gd32f30x_it.o
    0x08000800   0x08000800   0x00000060   Data   RO         6025    .ARM.__AT_0x08000800  boot_info.o
    0x08000860   0x08000860   0x00000012   Code   RO         6241    i.EXTI2_IRQHandler  gd32f30x_it.o
    0x08000872   0x08000872   0x00000004   Code   RO         6242    i.HardFault_Handler  gd32f30x_it.o
    0x08000876   0x08000876   0x00000004   Code   RO         6243    i.MemManage_Handler  gd32f30x_it.o
    0x0800087a   0x0800087a   0x00000002   PAD
    0x0800087c   0x0800087c   0x00000028   Code   RO         6190    i.NVIC_SetPriority  systick.o
    0x080008a4   0x080008a4   0x00000002   Code   RO         6245    i.PendSV_Handler    gd32f30x_it.o
    0x080008a6   0x080008a6   0x00000022   Code   RO         6246    i.RTC_Alarm_IRQHandler  gd32f30x_it.o
    0x080008c8   0x080008c8   0x0000004c   Code   RO         4146    i.SEGGER_RTT_Write  segger_rtt.o
    0x08000914   0x08000914   0x00000084   Code   RO         4149    i.SEGGER_RTT_WriteNoLock  segger_rtt.o
    0x08000998   0x08000998   0x00000022   Code   RO         4352    i.SEGGER_RTT_printf  segger_rtt_printf.o
    0x080009ba   0x080009ba   0x0000020a   Code   RO         4353    i.SEGGER_RTT_vprintf  segger_rtt_printf.o
    0x08000bc4   0x08000bc4   0x00000002   Code   RO         6247    i.SVC_Handler       gd32f30x_it.o
    0x08000bc6   0x08000bc6   0x00000002   PAD
    0x08000bc8   0x08000bc8   0x0000004c   Code   RO         6093    i.SysParamInit      board_config.o
    0x08000c14   0x08000c14   0x00000008   Code   RO         6248    i.SysTick_Handler   gd32f30x_it.o
    0x08000c1c   0x08000c1c   0x000000a8   Code   RO           13    i.SystemInit        system_gd32f30x.o
    0x08000cc4   0x08000cc4   0x00000094   Code   RO         6947    i.USART0_IRQHandler  print_iface.o
    0x08000d58   0x08000d58   0x00000004   Code   RO         6249    i.UsageFault_Handler  gd32f30x_it.o
    0x08000d5c   0x08000d5c   0x00000070   Code   RO         4153    i._DoInit           segger_rtt.o
    0x08000dcc   0x08000dcc   0x0000001c   Code   RO         4154    i._GetAvailWriteSpace  segger_rtt.o
    0x08000de8   0x08000de8   0x000000ec   Code   RO         4354    i._PrintInt         segger_rtt_printf.o
    0x08000ed4   0x08000ed4   0x000000ec   Code   RO         4355    i._PrintUnsigned    segger_rtt_printf.o
    0x08000fc0   0x08000fc0   0x00000044   Code   RO         4356    i._StoreChar        segger_rtt_printf.o
    0x08001004   0x08001004   0x00000076   Code   RO         4156    i._WriteBlocking    segger_rtt.o
    0x0800107a   0x0800107a   0x00000058   Code   RO         4157    i._WriteNoCheck     segger_rtt.o
    0x080010d2   0x080010d2   0x00000002   PAD
    0x080010d4   0x080010d4   0x00000020   Code   RO         7979    i.__0printf         mc_w.l(printfa.o)
    0x080010f4   0x080010f4   0x00000034   Code   RO         7984    i.__0vsnprintf      mc_w.l(printfa.o)
    0x08001128   0x08001128   0x00000024   Code   RO         7985    i.__0vsprintf       mc_w.l(printfa.o)
    0x0800114c   0x0800114c   0x0000000e   Code   RO         8120    i.__scatterload_copy  mc_w.l(handlers.o)
    0x0800115a   0x0800115a   0x00000002   Code   RO         8121    i.__scatterload_null  mc_w.l(handlers.o)
    0x0800115c   0x0800115c   0x0000000e   Code   RO         8122    i.__scatterload_zeroinit  mc_w.l(handlers.o)
    0x0800116a   0x0800116a   0x00000002   PAD
    0x0800116c   0x0800116c   0x00000184   Code   RO         7986    i._fp_digits        mc_w.l(printfa.o)
    0x080012f0   0x080012f0   0x000006b4   Code   RO         7987    i._printf_core      mc_w.l(printfa.o)
    0x080019a4   0x080019a4   0x00000024   Code   RO         7988    i._printf_post_padding  mc_w.l(printfa.o)
    0x080019c8   0x080019c8   0x0000002e   Code   RO         7989    i._printf_pre_padding  mc_w.l(printfa.o)
    0x080019f6   0x080019f6   0x00000016   Code   RO         7990    i._snputc           mc_w.l(printfa.o)
    0x08001a0c   0x08001a0c   0x0000000a   Code   RO         7991    i._sputc            mc_w.l(printfa.o)
    0x08001a16   0x08001a16   0x0000005c   Code   RO         4596    i.align_write       ef_env.o
    0x08001a72   0x08001a72   0x00000002   PAD
    0x08001a74   0x08001a74   0x00000080   Code   RO         4597    i.alloc_env         ef_env.o
    0x08001af4   0x08001af4   0x00000038   Code   RO         4598    i.alloc_env_cb      ef_env.o
    0x08001b2c   0x08001b2c   0x00000028   Code   RO         6669    i.bBaiKuProto_Reset  baiku_proto_1.o
    0x08001b54   0x08001b54   0x00000048   Code   RO         6017    i.bBoot_CmdExist    boot_info.o
    0x08001b9c   0x08001b9c   0x00000118   Code   RO         7128    i.bFlash_Gd32EraseSector  flash_gd32.o
    0x08001cb4   0x08001cb4   0x000000c4   Code   RO         7130    i.bFlash_Gd32Write32Bit  flash_gd32.o
    0x08001d78   0x08001d78   0x00000004   Code   RO         7172    i.bFlash_IfaceInit  flash_iface.o
    0x08001d7c   0x08001d7c   0x000000f8   Code   RO         7173    i.bFlash_WriteDataToFlash  flash_iface.o
    0x08001e74   0x08001e74   0x00000024   Code   RO         5423    i.bFun_DataCompare  function.o
    0x08001e98   0x08001e98   0x00000018   Code   RO         7257    i.bKey_PowerIsPress  key_task.o
    0x08001eb0   0x08001eb0   0x00000014   Code   RO         6948    i.bPrint_CheckSendFinish  print_iface.o
    0x08001ec4   0x08001ec4   0x00000058   Code   RO         6949    i.bPrint_DataSendStart  print_iface.o
    0x08001f1c   0x08001f1c   0x00000038   Code   RO         7071    i.bPrint_QueueInit  print_queue_task.o
    0x08001f54   0x08001f54   0x00000024   Code   RO         7004    i.bPrint_RecProtInit  print_prot_frame.o
    0x08001f78   0x08001f78   0x00000044   Code   RO         6832    i.bPrint_SendDataToUsart  print_task.o
    0x08001fbc   0x08001fbc   0x00000020   Code   RO         7005    i.bPrint_SendProtInit  print_prot_frame.o
    0x08001fdc   0x08001fdc   0x0000003c   Code   RO         6833    i.bPrint_TaskInit   print_task.o
    0x08002018   0x08002018   0x000000bc   Code   RO         6426    i.bSys_QueueInit    sys_queue_task.o
    0x080020d4   0x080020d4   0x0000019c   Code   RO         6369    i.bSys_SetDevState  sys_task.o
    0x08002270   0x08002270   0x00000014   Code   RO         6571    i.bUpdata_Init      sys_queue_task_updata.o
    0x08002284   0x08002284   0x00000032   Code   RO         6764    i.bXmodem_Reset     xmodem_proto.o
    0x080022b6   0x080022b6   0x0000005a   Code   RO         5178    i.b_baiku_jump_step  baiku_proto.o
    0x08002310   0x08002310   0x00000038   Code   RO         6834    i.b_print_task_param_init  print_task.o
    0x08002348   0x08002348   0x0000002c   Code   RO         6670    i.b_send_cmd        baiku_proto_1.o
    0x08002374   0x08002374   0x00000042   Code   RO         6765    i.b_send_cmd        xmodem_proto.o
    0x080023b6   0x080023b6   0x00000002   PAD
    0x080023b8   0x080023b8   0x0000012c   Code   RO         6427    i.b_task_manage_func_cb  sys_queue_task.o
    0x080024e4   0x080024e4   0x00000088   Code   RO         7072    i.b_task_manage_func_cb  print_queue_task.o
    0x0800256c   0x0800256c   0x00000128   Code   RO         5179    i.cBaiku_ProtoCheck  baiku_proto.o
    0x08002694   0x08002694   0x00000066   Code   RO         5180    i.cBaiku_ProtoCreate  baiku_proto.o
    0x080026fa   0x080026fa   0x0000009a   Code   RO         5181    i.cBaiku_ProtoRecInit  baiku_proto.o
    0x08002794   0x08002794   0x00000040   Code   RO         5182    i.cBaiku_ProtoTransInit  baiku_proto.o
    0x080027d4   0x080027d4   0x00000020   Code   RO         5183    i.cBaiku_ResetRxBuff  baiku_proto.o
    0x080027f4   0x080027f4   0x000000e4   Code   RO         5185    i.cBaiku_UpdataCheck  baiku_proto.o
    0x080028d8   0x080028d8   0x000000c0   Code   RO         6018    i.cBoot_CtrlUpdata  boot_info.o
    0x08002998   0x08002998   0x000000b0   Code   RO         6019    i.cBoot_GetMemParam  boot_info.o
    0x08002a48   0x08002a48   0x00000084   Code   RO         6020    i.cBoot_MemParamInit  boot_info.o
    0x08002acc   0x08002acc   0x0000007c   Code   RO         6021    i.cBoot_UpdataMemParam  boot_info.o
    0x08002b48   0x08002b48   0x0000001a   Code   RO         7174    i.cFlash_EraseSector  flash_iface.o
    0x08002b62   0x08002b62   0x00000002   PAD
    0x08002b64   0x08002b64   0x00000078   Code   RO         7176    i.cFlash_Write8BitData  flash_iface.o
    0x08002bdc   0x08002bdc   0x000000f0   Code   RO         5903    i.cQueue_AddQueueTask  queue_task.o
    0x08002ccc   0x08002ccc   0x00000094   Code   RO         5904    i.cQueue_GotoStep   queue_task.o
    0x08002d60   0x08002d60   0x000000c6   Code   RO         5905    i.cQueue_TaskInit   queue_task.o
    0x08002e26   0x08002e26   0x00000002   PAD
    0x08002e28   0x08002e28   0x00000074   Code   RO         6428    i.cSys_JumpToApp    sys_queue_task.o
    0x08002e9c   0x08002e9c   0x000000ac   Code   RO         6572    i.cUpdata_ChSelect  sys_queue_task_updata.o
    0x08002f48   0x08002f48   0x00000048   Code   RO         6573    i.cUpdata_ProtoSelect  sys_queue_task_updata.o
    0x08002f90   0x08002f90   0x00000088   Code   RO         5187    i.c_baiku_proto_decrypt  baiku_proto.o
    0x08003018   0x08003018   0x00000034   Code   RO         7006    i.c_cycle_relay_data  print_prot_frame.o
    0x0800304c   0x0800304c   0x000002fc   Code   RO         6716    i.c_frame_rec_cd    updata_main.o
    0x08003348   0x08003348   0x000000c4   Code   RO         6717    i.c_frame_trans_cd  updata_main.o
    0x0800340c   0x0800340c   0x00000050   Code   RO         7007    i.c_print_data_trans  print_prot_frame.o
    0x0800345c   0x0800345c   0x0000004c   Code   RO         6886    i.c_print_start_check  print_api.o
    0x080034a8   0x080034a8   0x000000f4   Code   RO         6671    i.c_rec_proc        baiku_proto_1.o
    0x0800359c   0x0800359c   0x00000058   Code   RO         7009    i.c_relay84_set_proto  print_prot_frame.o
    0x080035f4   0x080035f4   0x00000094   Code   RO         7011    i.c_relay88_sys_set  print_prot_frame.o
    0x08003688   0x08003688   0x00000050   Code   RO         4599    i.check_and_recovery_env_cb  ef_env.o
    0x080036d8   0x080036d8   0x00000024   Code   RO         4600    i.check_and_recovery_gc_cb  ef_env.o
    0x080036fc   0x080036fc   0x00000034   Code   RO         4601    i.check_sec_hdr_cb  ef_env.o
    0x08003730   0x08003730   0x00000068   Code   RO         6766    i.chk_add8          xmodem_proto.o
    0x08003798   0x08003798   0x0000001c   Code   RO         6767    i.chk_crc16         xmodem_proto.o
    0x080037b4   0x080037b4   0x00000066   Code   RO         4602    i.continue_ff_addr  ef_env.o
    0x0800381a   0x0800381a   0x00000002   PAD
    0x0800381c   0x0800381c   0x000001fc   Code   RO         4603    i.create_env_blob   ef_env.o
    0x08003a18   0x08003a18   0x000000b4   Code   RO         4604    i.del_env           ef_env.o
    0x08003acc   0x08003acc   0x00000076   Code   RO         4605    i.do_gc             ef_env.o
    0x08003b42   0x08003b42   0x00000002   PAD
    0x08003b44   0x08003b44   0x000001b4   Code   RO         6022    i.eBoot_InfoInit    boot_info.o
    0x08003cf8   0x08003cf8   0x0000003c   Code   RO         6768    i.e_get_rec_state   xmodem_proto.o
    0x08003d34   0x08003d34   0x000002f0   Code   RO         6769    i.e_rec_proc        xmodem_proto.o
    0x08004024   0x08004024   0x00000070   Code   RO         4553    i.easyflash_init    easyflash.o
    0x08004094   0x08004094   0x0000002c   Code   RO         4948    i.ef_calc_crc32     ef_utils.o
    0x080040c0   0x080040c0   0x00000084   Code   RO         4608    i.ef_env_init       ef_env.o
    0x08004144   0x08004144   0x000000cc   Code   RO         4609    i.ef_env_set_default  ef_env.o
    0x08004210   0x08004210   0x0000005c   Code   RO         4611    i.ef_get_env_blob   ef_env.o
    0x0800426c   0x0800426c   0x000000cc   Code   RO         4614    i.ef_load_env       ef_env.o
    0x08004338   0x08004338   0x0000002c   Code   RO         4971    i.ef_log_info       ef_port.o
    0x08004364   0x08004364   0x00000004   Code   RO         4972    i.ef_port_env_lock  ef_port.o
    0x08004368   0x08004368   0x00000004   Code   RO         4973    i.ef_port_env_unlock  ef_port.o
    0x0800436c   0x0800436c   0x00000022   Code   RO         4974    i.ef_port_erase     ef_port.o
    0x0800438e   0x0800438e   0x00000002   PAD
    0x08004390   0x08004390   0x0000002c   Code   RO         4975    i.ef_port_init      ef_port.o
    0x080043bc   0x080043bc   0x0000001c   Code   RO         4976    i.ef_port_read      ef_port.o
    0x080043d8   0x080043d8   0x00000042   Code   RO         4977    i.ef_port_write     ef_port.o
    0x0800441a   0x0800441a   0x00000002   PAD
    0x0800441c   0x0800441c   0x00000058   Code   RO         4620    i.ef_set_env_blob   ef_env.o
    0x08004474   0x08004474   0x0000007a   Code   RO         4621    i.env_iterator      ef_env.o
    0x080044ee   0x080044ee   0x00000002   PAD
    0x080044f0   0x080044f0   0x00000010   Code   RO         1477    i.exti_interrupt_disable  gd32f30x_exti.o
    0x08004500   0x08004500   0x0000000c   Code   RO         1479    i.exti_interrupt_flag_clear  gd32f30x_exti.o
    0x0800450c   0x0800450c   0x00000018   Code   RO         1480    i.exti_interrupt_flag_get  gd32f30x_exti.o
    0x08004524   0x08004524   0x00000046   Code   RO         4622    i.find_env          ef_env.o
    0x0800456a   0x0800456a   0x00000046   Code   RO         4623    i.find_env_cb       ef_env.o
    0x080045b0   0x080045b0   0x00000020   Code   RO         4624    i.find_env_no_cache  ef_env.o
    0x080045d0   0x080045d0   0x00000088   Code   RO         4625    i.find_next_env_addr  ef_env.o
    0x08004658   0x08004658   0x00000022   Code   RO         1559    i.fmc_bank0_ready_wait  gd32f30x_fmc.o
    0x0800467a   0x0800467a   0x00000002   PAD
    0x0800467c   0x0800467c   0x00000030   Code   RO         1560    i.fmc_bank0_state_get  gd32f30x_fmc.o
    0x080046ac   0x080046ac   0x00000022   Code   RO         1564    i.fmc_bank1_ready_wait  gd32f30x_fmc.o
    0x080046ce   0x080046ce   0x00000002   PAD
    0x080046d0   0x080046d0   0x00000030   Code   RO         1565    i.fmc_bank1_state_get  gd32f30x_fmc.o
    0x08004700   0x08004700   0x00000020   Code   RO         1567    i.fmc_flag_clear    gd32f30x_fmc.o
    0x08004720   0x08004720   0x0000002c   Code   RO         1574    i.fmc_lock          gd32f30x_fmc.o
    0x0800474c   0x0800474c   0x000000e4   Code   RO         1576    i.fmc_page_erase    gd32f30x_fmc.o
    0x08004830   0x08004830   0x00000044   Code   RO         1577    i.fmc_unlock        gd32f30x_fmc.o
    0x08004874   0x08004874   0x000000b8   Code   RO         1578    i.fmc_word_program  gd32f30x_fmc.o
    0x0800492c   0x0800492c   0x0000006c   Code   RO         4626    i.format_sector     ef_env.o
    0x08004998   0x08004998   0x00000018   Code   RO         4064    i.fputc             seeger_print.o
    0x080049b0   0x080049b0   0x00000050   Code   RO         8007    i.free              mc_w.l(malloc.o)
    0x08004a00   0x08004a00   0x00000016   Code   RO         4627    i.gc_check_cb       ef_env.o
    0x08004a16   0x08004a16   0x00000002   PAD
    0x08004a18   0x08004a18   0x0000004c   Code   RO         4628    i.gc_collect        ef_env.o
    0x08004a64   0x08004a64   0x00000048   Code   RO         4629    i.get_env           ef_env.o
    0x08004aac   0x08004aac   0x000000a8   Code   RO         4630    i.get_env_from_cache  ef_env.o
    0x08004b54   0x08004b54   0x0000006a   Code   RO         4631    i.get_next_env_addr  ef_env.o
    0x08004bbe   0x08004bbe   0x00000002   PAD
    0x08004bc0   0x08004bc0   0x00000040   Code   RO         4632    i.get_next_sector_addr  ef_env.o
    0x08004c00   0x08004c00   0x00000030   Code   RO         4633    i.get_sector_from_cache  ef_env.o
    0x08004c30   0x08004c30   0x0000002a   Code   RO         4634    i.get_status        ef_env.o
    0x08004c5a   0x08004c5a   0x000000bc   Code   RO         1854    i.gpio_init         gd32f30x_gpio.o
    0x08004d16   0x08004d16   0x000000bc   Code   RO         4521    i.lwrb_find         lwrb_ex.o
    0x08004dd2   0x08004dd2   0x0000002e   Code   RO         4389    i.lwrb_get_free     lwrb.o
    0x08004e00   0x08004e00   0x0000002e   Code   RO         4390    i.lwrb_get_full     lwrb.o
    0x08004e2e   0x08004e2e   0x0000001c   Code   RO         4395    i.lwrb_init         lwrb.o
    0x08004e4a   0x08004e4a   0x00000024   Code   RO         4398    i.lwrb_read         lwrb.o
    0x08004e6e   0x08004e6e   0x000000b6   Code   RO         4399    i.lwrb_read_ex      lwrb.o
    0x08004f24   0x08004f24   0x00000028   Code   RO         4400    i.lwrb_reset        lwrb.o
    0x08004f4c   0x08004f4c   0x00000024   Code   RO         4404    i.lwrb_write        lwrb.o
    0x08004f70   0x08004f70   0x000000b6   Code   RO         4405    i.lwrb_write_ex     lwrb.o
    0x08005026   0x08005026   0x00000002   PAD
    0x08005028   0x08005028   0x00000064   Code   RO         5943    i.main              main.o
    0x0800508c   0x0800508c   0x0000006c   Code   RO         8008    i.malloc            mc_w.l(malloc.o)
    0x080050f8   0x080050f8   0x00000108   Code   RO         4635    i.move_env          ef_env.o
    0x08005200   0x08005200   0x00000038   Code   RO         4636    i.new_env           ef_env.o
    0x08005238   0x08005238   0x00000026   Code   RO         4637    i.new_env_by_kv     ef_env.o
    0x0800525e   0x0800525e   0x00000002   PAD
    0x08005260   0x08005260   0x000000c4   Code   RO         2172    i.nvic_irq_enable   gd32f30x_misc.o
    0x08005324   0x08005324   0x00000014   Code   RO         2173    i.nvic_priority_group_set  gd32f30x_misc.o
    0x08005338   0x08005338   0x00000158   Code   RO         2371    i.rcu_clock_freq_get  gd32f30x_rcu.o
    0x08005490   0x08005490   0x00000020   Code   RO         2389    i.rcu_periph_clock_enable  gd32f30x_rcu.o
    0x080054b0   0x080054b0   0x00000020   Code   RO         2392    i.rcu_periph_reset_disable  gd32f30x_rcu.o
    0x080054d0   0x080054d0   0x00000020   Code   RO         2393    i.rcu_periph_reset_enable  gd32f30x_rcu.o
    0x080054f0   0x080054f0   0x00000100   Code   RO         4639    i.read_env          ef_env.o
    0x080055f0   0x080055f0   0x00000164   Code   RO         4640    i.read_sector_meta_data  ef_env.o
    0x08005754   0x08005754   0x0000002a   Code   RO         4641    i.read_status       ef_env.o
    0x0800577e   0x0800577e   0x00000002   PAD
    0x08005780   0x08005780   0x00000010   Code   RO         2616    i.rtc_flag_clear    gd32f30x_rtc.o
    0x08005790   0x08005790   0x00000018   Code   RO         2617    i.rtc_flag_get      gd32f30x_rtc.o
    0x080057a8   0x080057a8   0x00000074   Code   RO         6887    i.sMyPrint          print_api.o
    0x0800581c   0x0800581c   0x000000c4   Code   RO         6888    i.sMyPrintErr       print_api.o
    0x080058e0   0x080058e0   0x000000c4   Code   RO         6889    i.sMyPrintTips      print_api.o
    0x080059a4   0x080059a4   0x000000c4   Code   RO         6890    i.sMyPrintWarn      print_api.o
    0x08005a68   0x08005a68   0x00000060   Code   RO         4642    i.sector_iterator   ef_env.o
    0x08005ac8   0x08005ac8   0x0000002e   Code   RO         4643    i.sector_statistics_cb  ef_env.o
    0x08005af6   0x08005af6   0x00000002   PAD
    0x08005af8   0x08005af8   0x00000094   Code   RO         4644    i.set_env           ef_env.o
    0x08005b8c   0x08005b8c   0x00000030   Code   RO         4645    i.set_status        ef_env.o
    0x08005bbc   0x08005bbc   0x0000006c   Code   RO           14    i.system_clock_8m_irc8m  system_gd32f30x.o
    0x08005c28   0x08005c28   0x00000008   Code   RO           15    i.system_clock_config  system_gd32f30x.o
    0x08005c30   0x08005c30   0x00000022   Code   RO         5299    i.ucCheck_SumReflect  check.o
    0x08005c52   0x08005c52   0x00000002   PAD
    0x08005c54   0x08005c54   0x00000104   Code   RO         4646    i.update_env_cache  ef_env.o
    0x08005d58   0x08005d58   0x00000060   Code   RO         4647    i.update_sec_status  ef_env.o
    0x08005db8   0x08005db8   0x00000074   Code   RO         4648    i.update_sector_cache  ef_env.o
    0x08005e2c   0x08005e2c   0x00000004   Code   RO         6023    i.usBoot_GetMemParamSize  boot_info.o
    0x08005e30   0x08005e30   0x00000030   Code   RO         5305    i.usCheck_GetCrc16Tab  check.o
    0x08005e60   0x08005e60   0x00000022   Code   RO         6770    i.us_get_frame_len  xmodem_proto.o
    0x08005e82   0x08005e82   0x00000002   PAD
    0x08005e84   0x08005e84   0x00000090   Code   RO         3693    i.usart_baudrate_set  gd32f30x_usart.o
    0x08005f14   0x08005f14   0x00000090   Code   RO         3698    i.usart_deinit      gd32f30x_usart.o
    0x08005fa4   0x08005fa4   0x0000000a   Code   RO         3702    i.usart_enable      gd32f30x_usart.o
    0x08005fae   0x08005fae   0x00000014   Code   RO         3708    i.usart_hardware_flow_cts_config  gd32f30x_usart.o
    0x08005fc2   0x08005fc2   0x00000014   Code   RO         3709    i.usart_hardware_flow_rts_config  gd32f30x_usart.o
    0x08005fd6   0x08005fd6   0x0000001a   Code   RO         3710    i.usart_interrupt_disable  gd32f30x_usart.o
    0x08005ff0   0x08005ff0   0x0000001a   Code   RO         3711    i.usart_interrupt_enable  gd32f30x_usart.o
    0x0800600a   0x0800600a   0x00000012   Code   RO         3712    i.usart_interrupt_flag_clear  gd32f30x_usart.o
    0x0800601c   0x0800601c   0x00000038   Code   RO         3713    i.usart_interrupt_flag_get  gd32f30x_usart.o
    0x08006054   0x08006054   0x00000010   Code   RO         3724    i.usart_parity_config  gd32f30x_usart.o
    0x08006064   0x08006064   0x00000014   Code   RO         3726    i.usart_receive_config  gd32f30x_usart.o
    0x08006078   0x08006078   0x00000010   Code   RO         3736    i.usart_stop_bit_set  gd32f30x_usart.o
    0x08006088   0x08006088   0x00000014   Code   RO         3740    i.usart_transmit_config  gd32f30x_usart.o
    0x0800609c   0x0800609c   0x00000010   Code   RO         3741    i.usart_word_length_set  gd32f30x_usart.o
    0x080060ac   0x080060ac   0x00000180   Code   RO         6672    i.vBaiKuProto_Proto  baiku_proto_1.o
    0x0800622c   0x0800622c   0x00000034   Code   RO         6673    i.vBaiKuProto_TickTime  baiku_proto_1.o
    0x08006260   0x08006260   0x00000020   Code   RO         6095    i.vBoard_StartTask  board_config.o
    0x08006280   0x08006280   0x00000050   Code   RO         6096    i.vBoard_SysInit    board_config.o
    0x080062d0   0x080062d0   0x000000a0   Code   RO         7131    i.vFlash_Gd32Read32Bit  flash_gd32.o
    0x08006370   0x08006370   0x00000048   Code   RO         7177    i.vFlash_WriteDataToFlashInit  flash_iface.o
    0x080063b8   0x080063b8   0x000000f0   Code   RO         6165    i.vGPIO_Init        gpio_init.o
    0x080064a8   0x080064a8   0x0000001c   Code   RO         7258    i.vKey_ParamInit    key_task.o
    0x080064c4   0x080064c4   0x00000044   Code   RO         7228    i.vKey_ProcKeyFunc  key_func.o
    0x08006508   0x08006508   0x00000258   Code   RO         7260    i.vKey_Task         key_task.o
    0x08006760   0x08006760   0x00000008   Code   RO         7261    i.vKey_TaskInit     key_task.o
    0x08006768   0x08006768   0x00000010   Code   RO         6950    i.vPrint_DeInit     print_iface.o
    0x08006778   0x08006778   0x0000000c   Code   RO         6951    i.vPrint_Init       print_iface.o
    0x08006784   0x08006784   0x00000002   Code   RO         6891    i.vPrint_MyPrintParamInit  print_api.o
    0x08006786   0x08006786   0x00000002   PAD
    0x08006788   0x08006788   0x00000078   Code   RO         6836    i.vPrint_Task       print_task.o
    0x08006800   0x08006800   0x00000014   Code   RO         6191    i.vSys_MsDelay      systick.o
    0x08006814   0x08006814   0x000000a4   Code   RO         6370    i.vSys_Task         sys_task.o
    0x080068b8   0x080068b8   0x00000012   Code   RO         6371    i.vSys_TaskInit     sys_task.o
    0x080068ca   0x080068ca   0x00000002   PAD
    0x080068cc   0x080068cc   0x00000064   Code   RO         6192    i.vSys_Tick         systick.o
    0x08006930   0x08006930   0x00000050   Code   RO         6193    i.vSys_TickConfig   systick.o
    0x08006980   0x08006980   0x00000194   Code   RO         6372    i.vSys_TickTimer    sys_task.o
    0x08006b14   0x08006b14   0x00000024   Code   RO         6142    i.vTimer_Task       timer_task.o
    0x08006b38   0x08006b38   0x00000034   Code   RO         6574    i.vUpdata_TickTimer  sys_queue_task_updata.o
    0x08006b6c   0x08006b6c   0x0000029c   Code   RO         6771    i.vXmodem_Proto     xmodem_proto.o
    0x08006e08   0x08006e08   0x0000002c   Code   RO         6772    i.vXmodem_TickTime  xmodem_proto.o
    0x08006e34   0x08006e34   0x0000000c   Code   RO         7073    i.v_add_task_return_func_cb  print_queue_task.o
    0x08006e40   0x08006e40   0x00000044   Code   RO         7262    i.v_key_check_other_is_tri  key_task.o
    0x08006e84   0x08006e84   0x00000038   Code   RO         7263    i.v_key_gpio_init   key_task.o
    0x08006ebc   0x08006ebc   0x00000064   Code   RO         7264    i.v_key_long_press  key_task.o
    0x08006f20   0x08006f20   0x00000024   Code   RO         7265    i.v_key_register    key_task.o
    0x08006f44   0x08006f44   0x00000064   Code   RO         7266    i.v_key_shot_press  key_task.o
    0x08006fa8   0x08006fa8   0x0000005c   Code   RO         6952    i.v_print_gpio_init  print_iface.o
    0x08007004   0x08007004   0x000000e4   Code   RO         6024    i.v_print_info      boot_info.o
    0x080070e8   0x080070e8   0x0000001c   Code   RO         6490    i.v_print_logo      sys_queue_task_init.o
    0x08007104   0x08007104   0x000000a8   Code   RO         7108    i.v_print_queue_task_main  print_queue_task_main.o
    0x080071ac   0x080071ac   0x00000094   Code   RO         6953    i.v_print_usart_init  print_iface.o
    0x08007240   0x08007240   0x00000090   Code   RO         6718    i.v_proc_check_ok_rec_data_cd  updata_main.o
    0x080072d0   0x080072d0   0x0000013c   Code   RO         6719    i.v_rec_end_cd      updata_main.o
    0x0800740c   0x0800740c   0x0000001c   Code   RO         6720    i.v_rec_start_cd    updata_main.o
    0x08007428   0x08007428   0x00000022   Code   RO         6674    i.v_set_work_state  baiku_proto_1.o
    0x0800744a   0x0800744a   0x0000003a   Code   RO         6773    i.v_set_work_state  xmodem_proto.o
    0x08007484   0x08007484   0x000000fc   Code   RO         6536    i.v_sys_queue_task_enter_app  sys_queue_task_enter_app.o
    0x08007580   0x08007580   0x000000b8   Code   RO         6625    i.v_sys_queue_task_err  sys_queue_task_err.o
    0x08007638   0x08007638   0x000000cc   Code   RO         6491    i.v_sys_queue_task_init  sys_queue_task_init.o
    0x08007704   0x08007704   0x000000ac   Code   RO         6645    i.v_sys_queue_task_reset  sys_queue_task_reset.o
    0x080077b0   0x080077b0   0x000000cc   Code   RO         6575    i.v_sys_queue_task_updata  sys_queue_task_updata.o
    0x0800787c   0x0800787c   0x00000028   Code   RO         6373    i.v_task_param_init  sys_task.o
    0x080078a4   0x080078a4   0x00000030   Code   RO         4649    i.write_env_hdr     ef_env.o
    0x080078d4   0x080078d4   0x00000046   Code   RO         4650    i.write_status      ef_env.o
    0x0800791a   0x0800791a   0x00000021   Data   RO         4159    .constdata          segger_rtt.o
    0x0800793b   0x0800793b   0x00000010   Data   RO         4357    .constdata          segger_rtt_printf.o
    0x0800794b   0x0800794b   0x00000001   PAD
    0x0800794c   0x0800794c   0x00000400   Data   RO         4949    .constdata          ef_utils.o
    0x08007d4c   0x08007d4c   0x00000600   Data   RO         5310    .constdata          check.o
    0x0800834c   0x0800834c   0x00000040   Data   RO         6027    .constdata          boot_info.o
    0x0800838c   0x0800838c   0x00000008   Data   RO         7229    .constdata          key_func.o
    0x08008394   0x08008394   0x0000008f   Data   RO         4652    .conststring        ef_env.o
    0x08008423   0x08008423   0x00000001   PAD
    0x08008424   0x08008424   0x00000020   Data   RO         8118    Region$$Table       anon$$obj.o


    Execution Region RW_IRAM1 (Exec base: 0x20000000, Load base: 0x08008444, Size: 0x000034e0, Max: 0x00010000, ABSOLUTE, COMPRESSED[0x00000040])

    Exec Addr    Load Addr    Size         Type   Attr      Idx    E Section Name        Object

    0x20000000   COMPRESSED   0x00000004   Data   RW           17    .data               system_gd32f30x.o
    0x20000004   COMPRESSED   0x00000004   Data   RW         4065    .data               seeger_print.o
    0x20000008   COMPRESSED   0x00000001   Data   RW         4554    .data               easyflash.o
    0x20000009   COMPRESSED   0x00000003   PAD
    0x2000000c   COMPRESSED   0x00000010   Data   RW         4653    .data               ef_env.o
    0x2000001c   COMPRESSED   0x00000001   Data   RW         6143    .data               timer_task.o
    0x2000001d   COMPRESSED   0x00000003   PAD
    0x20000020   COMPRESSED   0x0000000c   Data   RW         6194    .data               systick.o
    0x2000002c   COMPRESSED   0x00000002   Data   RW         6250    .data               gd32f30x_it.o
    0x2000002e   COMPRESSED   0x00000002   PAD
    0x20000030   COMPRESSED   0x00000005   Data   RW         6375    .data               sys_task.o
    0x20000035   COMPRESSED   0x00000003   PAD
    0x20000038   COMPRESSED   0x0000000a   Data   RW         6429    .data               sys_queue_task.o
    0x20000042   COMPRESSED   0x00000002   Data   RW         6537    .data               sys_queue_task_enter_app.o
    0x20000044   COMPRESSED   0x00000448   Data   RW         6721    .data               updata_main.o
    0x2000048c   COMPRESSED   0x0000000a   Data   RW         6838    .data               print_task.o
    0x20000496   COMPRESSED   0x00000002   PAD
    0x20000498   COMPRESSED   0x0000000c   Data   RW         6893    .data               print_api.o
    0x200004a4   COMPRESSED   0x00000004   Data   RW         6955    .data               print_iface.o
    0x200004a8   COMPRESSED   0x0000000c   Data   RW         7012    .data               print_prot_frame.o
    0x200004b4   COMPRESSED   0x00000004   Data   RW         7074    .data               print_queue_task.o
    0x200004b8   COMPRESSED   0x0000000e   Data   RW         7268    .data               key_task.o
    0x200004c6   COMPRESSED   0x00000002   PAD
    0x200004c8   COMPRESSED   0x00000004   Data   RW         8090    .data               mc_w.l(mvars.o)
    0x200004cc   COMPRESSED   0x00000004   Data   RW         8091    .data               mc_w.l(mvars.o)
    0x200004d0        -       0x000004b8   Zero   RW         4158    .bss                segger_rtt.o
    0x20000988        -       0x00000174   Zero   RW         4651    .bss                ef_env.o
    0x20000afc        -       0x00000100   Zero   RW         4979    .bss                ef_port.o
    0x20000bfc        -       0x00000068   Zero   RW         6026    .bss                boot_info.o
    0x20000c64        -       0x0000001a   Zero   RW         6374    .bss                sys_task.o
    0x20000c7e   COMPRESSED   0x00000002   PAD
    0x20000c80        -       0x00000018   Zero   RW         6576    .bss                sys_queue_task_updata.o
    0x20000c98        -       0x00000218   Zero   RW         6837    .bss                print_task.o
    0x20000eb0        -       0x00000100   Zero   RW         6892    .bss                print_api.o
    0x20000fb0        -       0x00000100   Zero   RW         6954    .bss                print_iface.o
    0x200010b0        -       0x00000010   Zero   RW         7178    .bss                flash_iface.o
    0x200010c0        -       0x00000020   Zero   RW         7267    .bss                key_task.o
    0x200010e0        -       0x00002000   Zero   RW            2    HEAP                startup_gd32f30x_xd.o
    0x200030e0        -       0x00000400   Zero   RW            1    STACK               startup_gd32f30x_xd.o


==============================================================================

Image component sizes


      Code (inc. data)   RO Data    RW Data    ZI Data      Debug   Object Name

      1102          0          0          0          0       9221   baiku_proto.o
       798        160          0          0          0       4463   baiku_proto_1.o
       188         50          0          0          0       1659   board_config.o
      1364        458        160          0        104       8405   boot_info.o
        82          6       1536          0          0       2155   check.o
       112         50          0          1          0       2385   easyflash.o
      5148        446        143         16        372      41847   ef_env.o
       224         18          0          0        256      10703   ef_port.o
        44          4       1024          0          0       1280   ef_utils.o
       636        220          0          0          0       3140   flash_gd32.o
       470        192          0          0         16       4516   flash_iface.o
        36          0          0          0          0       1179   function.o
        52         16          0          0          0       1895   gd32f30x_exti.o
       720         74          0          0          0       6051   gd32f30x_fmc.o
       188          0          0          0          0        936   gd32f30x_gpio.o
       134          6          0          2          0       6769   gd32f30x_it.o
       216         20          0          0          0       1532   gd32f30x_misc.o
       440         46          0          0          0       3168   gd32f30x_rcu.o
        40         10          0          0          0       1240   gd32f30x_rtc.o
       552         16          0          0          0       9562   gd32f30x_usart.o
       240         28          0          0          0        565   gpio_init.o
        68         30          8          0          0       1427   key_func.o
      1020        180          0         14         32       7431   key_task.o
       596          0          0          0          0       8877   lwrb.o
       188          0          0          0          0       1844   lwrb_ex.o
       100         14          0          0          0       6400   main.o
         0          0          0          0          0       1284   modbus_proto.o
       782        104          0         12        256       5683   print_api.o
       524         82          0          4        256       4706   print_iface.o
       436         42          0         12          0       5130   print_prot_frame.o
       204         18          0          4          0       2149   print_queue_task.o
       168         22          0          0          0       1386   print_queue_task_main.o
       304         48          0         10        536       4529   print_task.o
       586          0          0          0          0       3966   queue_task.o
        24          4          0          4          0       6590   seeger_print.o
       554         42         33          0       1208       9770   segger_rtt.o
      1096          6         16          0          0       5953   segger_rtt_printf.o
        36          8        304          0       9216        932   startup_gd32f30x_xd.o
       604        190          0         10          0       7898   sys_queue_task.o
       252         48          0          2          0        801   sys_queue_task_enter_app.o
       184         44          0          0          0        683   sys_queue_task_err.o
       232         32          0          0          0       1204   sys_queue_task_init.o
       172         54          0          0          0      27180   sys_queue_task_reset.o
       520        104          0          0         24       4472   sys_queue_task_updata.o
      1038        482          0          5         26       4867   sys_task.o
       284         16          0          4          0      45227   system_gd32f30x.o
       240         38          0         12          0      29019   systick.o
        36          6          0          1          0        714   timer_task.o
      1448        432          0       1096          0       7886   updata_main.o
      1864        464          0          0          0       7730   xmodem_proto.o

    ----------------------------------------------------------------------
     26394       4330       3258       1224      12304     338409   Object Totals
         0          0         32          0          0          0   (incl. Generated)
        48          0          2         15          2          0   (incl. Padding)

    ----------------------------------------------------------------------

      Code (inc. data)   RO Data    RW Data    ZI Data      Debug   Library Member Name

        86          0          0          0          0          0   __dczerorl2.o
         0          0          0          0          0          0   entry.o
         0          0          0          0          0          0   entry10a.o
         0          0          0          0          0          0   entry11a.o
         4          0          0          0          0          0   entry12b.o
         8          4          0          0          0          0   entry2.o
         4          0          0          0          0          0   entry5.o
         0          0          0          0          0          0   entry7b.o
         0          0          0          0          0          0   entry8b.o
         8          4          0          0          0          0   entry9a.o
        30          0          0          0          0          0   handlers.o
        36          8          0          0          0         68   init.o
         0          0          0          0          0          0   iusefp.o
        30          0          0          0          0         68   llshl.o
        36          0          0          0          0         68   llsshr.o
        32          0          0          0          0         68   llushr.o
       188         20          0          0          0        160   malloc.o
        64          0          0          0          0         76   memmovea.o
        36          0          0          0          0        108   memseta.o
         0          0          0          8          0          0   mvars.o
      2338        102          0          0          0        760   printfa.o
        28          0          0          0          0         76   strcmp.o
        14          0          0          0          0         68   strlen.o
        30          0          0          0          0         80   strncmp.o
        24          0          0          0          0         76   strncpy.o
        44          0          0          0          0         80   uidiv.o
        98          0          0          0          0         92   uldiv.o
        48          0          0          0          0         68   cdrcmple.o
       334          0          0          0          0        148   dadd.o
       222          0          0          0          0        100   ddiv.o
       186          0          0          0          0        176   depilogue.o
        48          0          0          0          0         68   dfixul.o
       228          0          0          0          0         96   dmul.o

    ----------------------------------------------------------------------
      4208        138          0          8          0       2504   Library Totals
         4          0          0          0          0          0   (incl. Padding)

    ----------------------------------------------------------------------

      Code (inc. data)   RO Data    RW Data    ZI Data      Debug   Library Name

      3138        138          0          8          0       1848   mc_w.l
      1066          0          0          0          0        656   mf_w.l

    ----------------------------------------------------------------------
      4208        138          0          8          0       2504   Library Totals

    ----------------------------------------------------------------------

==============================================================================


      Code (inc. data)   RO Data    RW Data    ZI Data      Debug   

     30602       4468       3258       1232      12304     316345   Grand Totals
     30602       4468       3258         64      12304     316345   ELF Image Totals (compressed)
     30602       4468       3258         64          0          0   ROM Totals

==============================================================================

    Total RO  Size (Code + RO Data)                33860 (  33.07kB)
    Total RW  Size (RW Data + ZI Data)             13536 (  13.22kB)
    Total ROM Size (Code + RO Data + RW Data)      33924 (  33.13kB)

==============================================================================

