Component: ARM Compiler 5.06 update 7 (build 960) Tool: armlink [4d3601]

==============================================================================

Section Cross References

    startup_gd32f30x_xd.o(RESET) refers to startup_gd32f30x_xd.o(STACK) for __initial_sp
    startup_gd32f30x_xd.o(RESET) refers to startup_gd32f30x_xd.o(.text) for Reset_Handler
    startup_gd32f30x_xd.o(RESET) refers to gd32f30x_it.o(i.NMI_Handler) for NMI_Handler
    startup_gd32f30x_xd.o(RESET) refers to gd32f30x_it.o(i.HardFault_Handler) for HardFault_Handler
    startup_gd32f30x_xd.o(RESET) refers to gd32f30x_it.o(i.MemManage_Handler) for MemManage_Handler
    startup_gd32f30x_xd.o(RESET) refers to gd32f30x_it.o(i.BusFault_Handler) for BusFault_Handler
    startup_gd32f30x_xd.o(RESET) refers to gd32f30x_it.o(i.UsageFault_Handler) for UsageFault_Handler
    startup_gd32f30x_xd.o(RESET) refers to gd32f30x_it.o(i.SVC_Handler) for SVC_Handler
    startup_gd32f30x_xd.o(RESET) refers to gd32f30x_it.o(i.DebugMon_Handler) for DebugMon_Handler
    startup_gd32f30x_xd.o(RESET) refers to gd32f30x_it.o(i.PendSV_Handler) for PendSV_Handler
    startup_gd32f30x_xd.o(RESET) refers to gd32f30x_it.o(i.SysTick_Handler) for SysTick_Handler
    startup_gd32f30x_xd.o(RESET) refers to gd32f30x_it.o(i.EXTI0_IRQHandler) for EXTI0_IRQHandler
    startup_gd32f30x_xd.o(RESET) refers to gd32f30x_it.o(i.EXTI2_IRQHandler) for EXTI2_IRQHandler
    startup_gd32f30x_xd.o(RESET) refers to print_iface.o(i.USART0_IRQHandler) for USART0_IRQHandler
    startup_gd32f30x_xd.o(RESET) refers to gd32f30x_it.o(i.EXTI10_15_IRQHandler) for EXTI10_15_IRQHandler
    startup_gd32f30x_xd.o(RESET) refers to gd32f30x_it.o(i.RTC_Alarm_IRQHandler) for RTC_Alarm_IRQHandler
    startup_gd32f30x_xd.o(.text) refers to system_gd32f30x.o(i.SystemInit) for SystemInit
    startup_gd32f30x_xd.o(.text) refers to entry.o(.ARM.Collect$$$$00000000) for __main
    system_gd32f30x.o(i.SystemCoreClockUpdate) refers to system_gd32f30x.o(.data) for .data
    system_gd32f30x.o(i.SystemInit) refers to system_gd32f30x.o(i.system_clock_config) for system_clock_config
    system_gd32f30x.o(i.system_clock_config) refers to system_gd32f30x.o(i.system_clock_8m_irc8m) for system_clock_8m_irc8m
    system_gd32f30x.o(i.system_reset_clock_8m_irc8m) refers to system_gd32f30x.o(.data) for .data
    gd32f30x_adc.o(i.adc_deinit) refers to gd32f30x_rcu.o(i.rcu_periph_reset_enable) for rcu_periph_reset_enable
    gd32f30x_adc.o(i.adc_deinit) refers to gd32f30x_rcu.o(i.rcu_periph_reset_disable) for rcu_periph_reset_disable
    gd32f30x_bkp.o(i.bkp_deinit) refers to gd32f30x_rcu.o(i.rcu_bkp_reset_enable) for rcu_bkp_reset_enable
    gd32f30x_bkp.o(i.bkp_deinit) refers to gd32f30x_rcu.o(i.rcu_bkp_reset_disable) for rcu_bkp_reset_disable
    gd32f30x_can.o(i.can_debug_freeze_disable) refers to gd32f30x_dbg.o(i.dbg_periph_disable) for dbg_periph_disable
    gd32f30x_can.o(i.can_debug_freeze_enable) refers to gd32f30x_dbg.o(i.dbg_periph_enable) for dbg_periph_enable
    gd32f30x_can.o(i.can_deinit) refers to gd32f30x_rcu.o(i.rcu_periph_reset_enable) for rcu_periph_reset_enable
    gd32f30x_can.o(i.can_deinit) refers to gd32f30x_rcu.o(i.rcu_periph_reset_disable) for rcu_periph_reset_disable
    gd32f30x_can.o(i.can_interrupt_flag_get) refers to gd32f30x_can.o(i.can_receive_message_length_get) for can_receive_message_length_get
    gd32f30x_can.o(i.can_interrupt_flag_get) refers to gd32f30x_can.o(i.can_error_get) for can_error_get
    gd32f30x_ctc.o(i.ctc_deinit) refers to gd32f30x_rcu.o(i.rcu_periph_reset_enable) for rcu_periph_reset_enable
    gd32f30x_ctc.o(i.ctc_deinit) refers to gd32f30x_rcu.o(i.rcu_periph_reset_disable) for rcu_periph_reset_disable
    gd32f30x_dac.o(i.dac_deinit) refers to gd32f30x_rcu.o(i.rcu_periph_reset_enable) for rcu_periph_reset_enable
    gd32f30x_dac.o(i.dac_deinit) refers to gd32f30x_rcu.o(i.rcu_periph_reset_disable) for rcu_periph_reset_disable
    gd32f30x_dma.o(i.dma_channel_disable) refers to gd32f30x_dma.o(i.dma_periph_and_channel_check) for dma_periph_and_channel_check
    gd32f30x_dma.o(i.dma_channel_enable) refers to gd32f30x_dma.o(i.dma_periph_and_channel_check) for dma_periph_and_channel_check
    gd32f30x_dma.o(i.dma_circulation_disable) refers to gd32f30x_dma.o(i.dma_periph_and_channel_check) for dma_periph_and_channel_check
    gd32f30x_dma.o(i.dma_circulation_enable) refers to gd32f30x_dma.o(i.dma_periph_and_channel_check) for dma_periph_and_channel_check
    gd32f30x_dma.o(i.dma_deinit) refers to gd32f30x_dma.o(i.dma_periph_and_channel_check) for dma_periph_and_channel_check
    gd32f30x_dma.o(i.dma_init) refers to gd32f30x_dma.o(i.dma_periph_and_channel_check) for dma_periph_and_channel_check
    gd32f30x_dma.o(i.dma_interrupt_disable) refers to gd32f30x_dma.o(i.dma_periph_and_channel_check) for dma_periph_and_channel_check
    gd32f30x_dma.o(i.dma_interrupt_enable) refers to gd32f30x_dma.o(i.dma_periph_and_channel_check) for dma_periph_and_channel_check
[...]
    i.v_sys_queue_task_init                  0x08006990   Section        0  sys_queue_task_init.o(i.v_sys_queue_task_init)
    i.v_sys_queue_task_reset                 0x08006a2c   Section        0  sys_queue_task_reset.o(i.v_sys_queue_task_reset)
    i.v_sys_queue_task_updata                0x08006acc   Section        0  sys_queue_task_updata.o(i.v_sys_queue_task_updata)
    i.v_task_param_init                      0x08006b74   Section        0  sys_task.o(i.v_task_param_init)
    v_task_param_init                        0x08006b75   Thumb Code    28  sys_task.o(i.v_task_param_init)
    i.write_env_hdr                          0x08006b9c   Section        0  ef_env.o(i.write_env_hdr)
    write_env_hdr                            0x08006b9d   Thumb Code    42  ef_env.o(i.write_env_hdr)
    i.write_status                           0x08006bc6   Section        0  ef_env.o(i.write_status)
    write_status                             0x08006bc7   Thumb Code    48  ef_env.o(i.write_status)
    .constdata                               0x08006bf6   Section       33  segger_rtt.o(.constdata)
    _aTerminalId                             0x08006bf6   Data          16  segger_rtt.o(.constdata)
    _aInitStr                                0x08006c06   Data          17  segger_rtt.o(.constdata)
    .constdata                               0x08006c17   Section       16  segger_rtt_printf.o(.constdata)
    _aV2C                                    0x08006c17   Data          16  segger_rtt_printf.o(.constdata)
    .constdata                               0x08006c28   Section     1024  ef_utils.o(.constdata)
    crc32_table                              0x08006c28   Data        1024  ef_utils.o(.constdata)
    .constdata                               0x08007028   Section     1536  check.o(.constdata)
    crc8541_table                            0x08007028   Data         256  check.o(.constdata)
    crc161521                                0x08007228   Data         512  check.o(.constdata)
    .constdata                               0x08007628   Section       38  boot_info.o(.constdata)
    .constdata                               0x08007650   Section       24  boot_info.o(.constdata)
    .constdata                               0x08007668   Section        2  key_func.o(.constdata)
    .conststring                             0x0800766c   Section      143  ef_env.o(.conststring)
    .data                                    0x20000000   Section        4  system_gd32f30x.o(.data)
    .data                                    0x20000004   Section        4  seeger_print.o(.data)
    .data                                    0x20000008   Section        1  easyflash.o(.data)
    init_ok                                  0x20000008   Data           1  easyflash.o(.data)
    .data                                    0x2000000c   Section       16  ef_env.o(.data)
    init_ok                                  0x2000000c   Data           1  ef_env.o(.data)
    gc_request                               0x2000000d   Data           1  ef_env.o(.data)
    in_recovery_check                        0x2000000e   Data           1  ef_env.o(.data)
    last_is_complete_del                     0x2000000f   Data           1  ef_env.o(.data)
    env_start_addr                           0x20000010   Data           4  ef_env.o(.data)
    default_env_set_size                     0x20000014   Data           4  ef_env.o(.data)
    default_env_set                          0x20000018   Data           4  ef_env.o(.data)
    .data                                    0x2000001c   Section        1  timer_task.o(.data)
    timer_cnt                                0x2000001c   Data           1  timer_task.o(.data)
    .data                                    0x20000020   Section       12  systick.o(.data)
    us_10ms_cnt                              0x20000022   Data           2  systick.o(.data)
    us_100ms_cnt                             0x20000024   Data           2  systick.o(.data)
    delay                                    0x20000028   Data           4  systick.o(.data)
    .data                                    0x2000002c   Section        1  gd32f30x_it.o(.data)
    .data                                    0x20000030   Section        8  sys_task.o(.data)
    uc_cnt                                   0x20000030   Data           1  sys_task.o(.data)
    tp_task                                  0x20000034   Data           4  sys_task.o(.data)
    .data                                    0x20000038   Section       12  sys_queue_task.o(.data)
    uc_temp                                  0x20000038   Data           2  sys_queue_task.o(.data)
    .data                                    0x20000044   Section        2  sys_queue_task_enter_app.o(.data)
    ret                                      0x20000044   Data           1  sys_queue_task_enter_app.o(.data)
    u8_illegal_addr_cnt                      0x20000045   Data           1  sys_queue_task_enter_app.o(.data)
    .data                                    0x20000048   Section     1096  updata_main.o(.data)
    .data                                    0x20000490   Section        8  print_task.o(.data)
    us_data_len                              0x20000490   Data           2  print_task.o(.data)
    tp_task                                  0x20000494   Data           4  print_task.o(.data)
    .data                                    0x20000498   Section        4  print_task.o(.data)
    .data                                    0x2000049c   Section        4  print_api.o(.data)
    .data                                    0x200004a0   Section        4  print_api.o(.data)
    .data                                    0x200004a4   Section        4  print_api.o(.data)
    .data                                    0x200004a8   Section        4  print_iface.o(.data)
    S_DataSendSize                           0x200004a8   Data           2  print_iface.o(.data)
    S_DataSendCnt                            0x200004aa   Data           2  print_iface.o(.data)
    .data                                    0x200004ac   Section       12  print_prot_frame.o(.data)
    us_delay_cnt                             0x200004ae   Data           2  print_prot_frame.o(.data)
    .data                                    0x200004b8   Section        4  print_queue_task.o(.data)
    .data                                    0x200004bc   Section       16  key_task.o(.data)
    KeyHandlerListNum                        0x200004bc   Data           1  key_task.o(.data)
    Currkey                                  0x200004bd   Data           1  key_task.o(.data)
    .data                                    0x200004cc   Section        4  mvars.o(.data)
    .data                                    0x200004d0   Section        4  mvars.o(.data)
    .bss                                     0x200004d4   Section     1208  segger_rtt.o(.bss)
    _acUpBuffer                              0x2000057c   Data        1024  segger_rtt.o(.bss)
    _acDownBuffer                            0x2000097c   Data          16  segger_rtt.o(.bss)
    .bss                                     0x2000098c   Section      372  ef_env.o(.bss)
    value                                    0x20000a2c   Data         129  ef_env.o(.bss)
    env                                      0x20000ab0   Data          56  ef_env.o(.bss)
    sector                                   0x20000ae8   Data          24  ef_env.o(.bss)
    .bss                                     0x20000b00   Section      256  ef_port.o(.bss)
    .bss                                     0x20000c00   Section      104  boot_info.o(.bss)
    .bss                                     0x20000c68   Section       26  sys_task.o(.bss)
    .bss                                     0x20000c84   Section       24  sys_queue_task_updata.o(.bss)
    .bss                                     0x20000c9c   Section      536  print_task.o(.bss)
    uca_print_tx_buff                        0x20000cb4   Data         512  print_task.o(.bss)
    .bss                                     0x20000eb4   Section      256  print_api.o(.bss)
    log_buf                                  0x20000eb4   Data         256  print_api.o(.bss)
    .bss                                     0x20000fb4   Section      256  print_iface.o(.bss)
    ucaPrintTxDmaBuffData                    0x20000fb4   Data         256  print_iface.o(.bss)
    .bss                                     0x200010b4   Section       16  flash_iface.o(.bss)
    .bss                                     0x200010c4   Section       32  key_task.o(.bss)
    KeyHandlerList                           0x200010d0   Data          20  key_task.o(.bss)
    HEAP                                     0x200010e8   Section     8192  startup_gd32f30x_xd.o(HEAP)
    STACK                                    0x200030e8   Section     1024  startup_gd32f30x_xd.o(STACK)

    Global Symbols

    Symbol Name                              Value     Ov Type        Size  Object(Section)

    BuildAttributes$$THM_ISAv4$E$P$D$K$B$S$7EM$VFPi3$EXTD16$VFPS$VFMA$PE$A:L22UL41UL21$X:L11$S22US41US21$IEEE1$IW$USESV6$~STKCKD$USESV7$~SHL$OTIME$ROPI$IEEEX$EBA8$MICROLIB$REQ8$PRES8$EABIv2 0x00000000   Number         0  anon$$obj.o ABSOLUTE
    __ARM_use_no_argv                        0x00000000   Number         0  main.o ABSOLUTE
    _printf_a                                0x00000000   Number         0  stubs.o ABSOLUTE
    _printf_c                                0x00000000   Number         0  stubs.o ABSOLUTE
    _printf_charcount                        0x00000000   Number         0  stubs.o ABSOLUTE
    _printf_d                                0x00000000   Number         0  stubs.o ABSOLUTE
    _printf_e                                0x00000000   Number         0  stubs.o ABSOLUTE
    _printf_f                                0x00000000   Number         0  stubs.o ABSOLUTE
    _printf_flags                            0x00000000   Number         0  stubs.o ABSOLUTE
    _printf_fp_dec                           0x00000000   Number         0  stubs.o ABSOLUTE
    _printf_fp_hex                           0x00000000   Number         0  stubs.o ABSOLUTE
    _printf_g                                0x00000000   Number         0  stubs.o ABSOLUTE
    _printf_i                                0x00000000   Number         0  stubs.o ABSOLUTE
    _printf_int_dec                          0x00000000   Number         0  stubs.o ABSOLUTE
    _printf_l                                0x00000000   Number         0  stubs.o ABSOLUTE
    _printf_lc                               0x00000000   Number         0  stubs.o ABSOLUTE
    _printf_ll                               0x00000000   Number         0  stubs.o ABSOLUTE
    _printf_lld                              0x00000000   Number         0  stubs.o ABSOLUTE
    _printf_lli                              0x00000000   Number         0  stubs.o ABSOLUTE
    _printf_llo                              0x00000000   Number         0  stubs.o ABSOLUTE
    _printf_llu                              0x00000000   Number         0  stubs.o ABSOLUTE
    _printf_llx                              0x00000000   Number         0  stubs.o ABSOLUTE
    _printf_longlong_dec                     0x00000000   Number         0  stubs.o ABSOLUTE
    _printf_longlong_hex                     0x00000000   Number         0  stubs.o ABSOLUTE
    _printf_longlong_oct                     0x00000000   Number         0  stubs.o ABSOLUTE
    _printf_ls                               0x00000000   Number         0  stubs.o ABSOLUTE
    _printf_mbtowc                           0x00000000   Number         0  stubs.o ABSOLUTE
    _printf_n                                0x00000000   Number         0  stubs.o ABSOLUTE
    _printf_o                                0x00000000   Number         0  stubs.o ABSOLUTE
    _printf_p                                0x00000000   Number         0  stubs.o ABSOLUTE
    _printf_percent                          0x00000000   Number         0  stubs.o ABSOLUTE
    _printf_pre_padding                      0x00000000   Number         0  stubs.o ABSOLUTE
    _printf_return_value                     0x00000000   Number         0  stubs.o ABSOLUTE
    _printf_s                                0x00000000   Number         0  stubs.o ABSOLUTE
    _printf_sizespec                         0x00000000   Number         0  stubs.o ABSOLUTE
    _printf_str                              0x00000000   Number         0  stubs.o ABSOLUTE
    _printf_truncate_signed                  0x00000000   Number         0  stubs.o ABSOLUTE
    _printf_truncate_unsigned                0x00000000   Number         0  stubs.o ABSOLUTE
    _printf_u                                0x00000000   Number         0  stubs.o ABSOLUTE
    _printf_wc                               0x00000000   Number         0  stubs.o ABSOLUTE
    _printf_wctomb                           0x00000000   Number         0  stubs.o ABSOLUTE
    _printf_widthprec                        0x00000000   Number         0  stubs.o ABSOLUTE
    _printf_x                                0x00000000   Number         0  stubs.o ABSOLUTE
    __arm_fini_                               - Undefined Weak Reference
    __cpp_initialize__aeabi_                  - Undefined Weak Reference
    __cxa_finalize                            - Undefined Weak Reference
    _clock_init                               - Undefined Weak Reference
    _microlib_exit                            - Undefined Weak Reference
    __Vectors_Size                           0x00000130   Number         0  startup_gd32f30x_xd.o ABSOLUTE
    __Vectors                                0x08000000   Data           4  startup_gd32f30x_xd.o(RESET)
    __Vectors_End                            0x08000130   Data           0  startup_gd32f30x_xd.o(RESET)
    __main                                   0x08000131   Thumb Code     0  entry.o(.ARM.Collect$$$$00000000)
    _main_stk                                0x08000131   Thumb Code     0  entry2.o(.ARM.Collect$$$$00000001)
    _main_scatterload                        0x08000135   Thumb Code     0  entry5.o(.ARM.Collect$$$$00000004)
    __main_after_scatterload                 0x08000139   Thumb Code     0  entry5.o(.ARM.Collect$$$$00000004)
    _main_clock                              0x08000139   Thumb Code     0  entry7b.o(.ARM.Collect$$$$00000008)
    _main_cpp_init                           0x08000139   Thumb Code     0  entry8b.o(.ARM.Collect$$$$0000000A)
    _main_init                               0x08000139   Thumb Code     0  entry9a.o(.ARM.Collect$$$$0000000B)
    __rt_lib_shutdown_fini                   0x08000141   Thumb Code     0  entry12b.o(.ARM.Collect$$$$0000000E)
    __rt_final_cpp                           0x08000145   Thumb Code     0  entry10a.o(.ARM.Collect$$$$0000000F)
    __rt_final_exit                          0x08000145   Thumb Code     0  entry11a.o(.ARM.Collect$$$$00000011)
    Reset_Handler                            0x08000149   Thumb Code     8  startup_gd32f30x_xd.o(.text)
    ADC0_1_IRQHandler                        0x08000163   Thumb Code     0  startup_gd32f30x_xd.o(.text)
    ADC2_IRQHandler                          0x08000163   Thumb Code     0  startup_gd32f30x_xd.o(.text)
    CAN0_EWMC_IRQHandler                     0x08000163   Thumb Code     0  startup_gd32f30x_xd.o(.text)
    CAN0_RX1_IRQHandler                      0x08000163   Thumb Code     0  startup_gd32f30x_xd.o(.text)
    DMA0_Channel0_IRQHandler                 0x08000163   Thumb Code     0  startup_gd32f30x_xd.o(.text)
    DMA0_Channel1_IRQHandler                 0x08000163   Thumb Code     0  startup_gd32f30x_xd.o(.text)
    DMA0_Channel2_IRQHandler                 0x08000163   Thumb Code     0  startup_gd32f30x_xd.o(.text)
    DMA0_Channel3_IRQHandler                 0x08000163   Thumb Code     0  startup_gd32f30x_xd.o(.text)
    DMA0_Channel4_IRQHandler                 0x08000163   Thumb Code     0  startup_gd32f30x_xd.o(.text)
    DMA0_Channel5_IRQHandler                 0x08000163   Thumb Code     0  startup_gd32f30x_xd.o(.text)
    DMA0_Channel6_IRQHandler                 0x08000163   Thumb Code     0  startup_gd32f30x_xd.o(.text)
    DMA1_Channel0_IRQHandler                 0x08000163   Thumb Code     0  startup_gd32f30x_xd.o(.text)
    DMA1_Channel1_IRQHandler                 0x08000163   Thumb Code     0  startup_gd32f30x_xd.o(.text)
    DMA1_Channel2_IRQHandler                 0x08000163   Thumb Code     0  startup_gd32f30x_xd.o(.text)
    DMA1_Channel3_4_IRQHandler               0x08000163   Thumb Code     0  startup_gd32f30x_xd.o(.text)
    EXMC_IRQHandler                          0x08000163   Thumb Code     0  startup_gd32f30x_xd.o(.text)
    EXTI1_IRQHandler                         0x08000163   Thumb Code     0  startup_gd32f30x_xd.o(.text)
    EXTI3_IRQHandler                         0x08000163   Thumb Code     0  startup_gd32f30x_xd.o(.text)
    EXTI4_IRQHandler                         0x08000163   Thumb Code     0  startup_gd32f30x_xd.o(.text)
    EXTI5_9_IRQHandler                       0x08000163   Thumb Code     0  startup_gd32f30x_xd.o(.text)
    FMC_IRQHandler                           0x08000163   Thumb Code     0  startup_gd32f30x_xd.o(.text)
    I2C0_ER_IRQHandler                       0x08000163   Thumb Code     0  startup_gd32f30x_xd.o(.text)
    I2C0_EV_IRQHandler                       0x08000163   Thumb Code     0  startup_gd32f30x_xd.o(.text)
    I2C1_ER_IRQHandler                       0x08000163   Thumb Code     0  startup_gd32f30x_xd.o(.text)
    I2C1_EV_IRQHandler                       0x08000163   Thumb Code     0  startup_gd32f30x_xd.o(.text)
    LVD_IRQHandler                           0x08000163   Thumb Code     0  startup_gd32f30x_xd.o(.text)
    RCU_CTC_IRQHandler                       0x08000163   Thumb Code     0  startup_gd32f30x_xd.o(.text)
    RTC_IRQHandler                           0x08000163   Thumb Code     0  startup_gd32f30x_xd.o(.text)
    SDIO_IRQHandler                          0x08000163   Thumb Code     0  startup_gd32f30x_xd.o(.text)
    SPI0_IRQHandler                          0x08000163   Thumb Code     0  startup_gd32f30x_xd.o(.text)
    SPI1_IRQHandler                          0x08000163   Thumb Code     0  startup_gd32f30x_xd.o(.text)
    SPI2_IRQHandler                          0x08000163   Thumb Code     0  startup_gd32f30x_xd.o(.text)
    TAMPER_IRQHandler                        0x08000163   Thumb Code     0  startup_gd32f30x_xd.o(.text)
    TIMER0_BRK_TIMER8_IRQHandler             0x08000163   Thumb Code     0  startup_gd32f30x_xd.o(.text)
    TIMER0_Channel_IRQHandler                0x08000163   Thumb Code     0  startup_gd32f30x_xd.o(.text)
    TIMER0_TRG_CMT_TIMER10_IRQHandler        0x08000163   Thumb Code     0  startup_gd32f30x_xd.o(.text)
    TIMER0_UP_TIMER9_IRQHandler              0x08000163   Thumb Code     0  startup_gd32f30x_xd.o(.text)
    TIMER1_IRQHandler                        0x08000163   Thumb Code     0  startup_gd32f30x_xd.o(.text)
    TIMER2_IRQHandler                        0x08000163   Thumb Code     0  startup_gd32f30x_xd.o(.text)
    TIMER3_IRQHandler                        0x08000163   Thumb Code     0  startup_gd32f30x_xd.o(.text)
    TIMER4_IRQHandler                        0x08000163   Thumb Code     0  startup_gd32f30x_xd.o(.text)
    TIMER5_IRQHandler                        0x08000163   Thumb Code     0  startup_gd32f30x_xd.o(.text)
    TIMER6_IRQHandler                        0x08000163   Thumb Code     0  startup_gd32f30x_xd.o(.text)
    TIMER7_BRK_TIMER11_IRQHandler            0x08000163   Thumb Code     0  startup_gd32f30x_xd.o(.text)
    TIMER7_Channel_IRQHandler                0x08000163   Thumb Code     0  startup_gd32f30x_xd.o(.text)
    TIMER7_TRG_CMT_TIMER13_IRQHandler        0x08000163   Thumb Code     0  startup_gd32f30x_xd.o(.text)
    TIMER7_UP_TIMER12_IRQHandler             0x08000163   Thumb Code     0  startup_gd32f30x_xd.o(.text)
    UART3_IRQHandler                         0x08000163   Thumb Code     0  startup_gd32f30x_xd.o(.text)
    UART4_IRQHandler                         0x08000163   Thumb Code     0  startup_gd32f30x_xd.o(.text)
    USART1_IRQHandler                        0x08000163   Thumb Code     0  startup_gd32f30x_xd.o(.text)
    USART2_IRQHandler                        0x08000163   Thumb Code     0  startup_gd32f30x_xd.o(.text)
    USBD_HP_CAN0_TX_IRQHandler               0x08000163   Thumb Code     0  startup_gd32f30x_xd.o(.text)
    USBD_LP_CAN0_RX0_IRQHandler              0x08000163   Thumb Code     0  startup_gd32f30x_xd.o(.text)
    USBD_WKUP_IRQHandler                     0x08000163   Thumb Code     0  startup_gd32f30x_xd.o(.text)
    WWDGT_IRQHandler                         0x08000163   Thumb Code     0  startup_gd32f30x_xd.o(.text)
    ___aeabi_memcpy8$move                    0x0800016d   Thumb Code     0  memmovea.o(.text)
    __aeabi_memcpy                           0x0800016d   Thumb Code    64  memmovea.o(.text)
    __aeabi_memcpy4                          0x0800016d   Thumb Code     0  memmovea.o(.text)
    __aeabi_memmove                          0x0800016d   Thumb Code     0  memmovea.o(.text)
    __aeabi_memmove4                         0x0800016d   Thumb Code     0  memmovea.o(.text)
    __aeabi_memmove8                         0x0800016d   Thumb Code     0  memmovea.o(.text)
    __aeabi_memset                           0x080001ad   Thumb Code    14  memseta.o(.text)
    __aeabi_memset4                          0x080001ad   Thumb Code     0  memseta.o(.text)
    __aeabi_memset8                          0x080001ad   Thumb Code     0  memseta.o(.text)
    __aeabi_memclr                           0x080001bb   Thumb Code     4  memseta.o(.text)
    __aeabi_memclr4                          0x080001bb   Thumb Code     0  memseta.o(.text)
    __aeabi_memclr8                          0x080001bb   Thumb Code     0  memseta.o(.text)
    _memset$wrapper                          0x080001bf   Thumb Code    18  memseta.o(.text)
    strncpy                                  0x080001d1   Thumb Code    24  strncpy.o(.text)
    strlen                                   0x080001e9   Thumb Code    14  strlen.o(.text)
    strcmp                                   0x080001f7   Thumb Code    28  strcmp.o(.text)
    strncmp                                  0x08000213   Thumb Code    30  strncmp.o(.text)
    __aeabi_dadd                             0x08000231   Thumb Code   322  dadd.o(.text)
    __aeabi_dsub                             0x08000373   Thumb Code     6  dadd.o(.text)
    __aeabi_drsub                            0x08000379   Thumb Code     6  dadd.o(.text)
    __aeabi_dmul                             0x0800037f   Thumb Code   228  dmul.o(.text)
    __aeabi_ddiv                             0x08000463   Thumb Code   222  ddiv.o(.text)
    __aeabi_uidiv                            0x08000541   Thumb Code     0  uidiv.o(.text)
    __aeabi_uidivmod                         0x08000541   Thumb Code    44  uidiv.o(.text)
    __aeabi_uldivmod                         0x0800056d   Thumb Code    98  uldiv.o(.text)
    __aeabi_llsl                             0x080005cf   Thumb Code    30  llshl.o(.text)
    _ll_shift_l                              0x080005cf   Thumb Code     0  llshl.o(.text)
    __aeabi_lasr                             0x080005ed   Thumb Code    36  llsshr.o(.text)
    _ll_sshift_r                             0x080005ed   Thumb Code     0  llsshr.o(.text)
    __I$use$fp                               0x08000611   Thumb Code     0  iusefp.o(.text)
    _double_round                            0x08000611   Thumb Code    30  depilogue.o(.text)
    _double_epilogue                         0x0800062f   Thumb Code   156  depilogue.o(.text)
    __aeabi_d2ulz                            0x080006cb   Thumb Code    48  dfixul.o(.text)
    __aeabi_cdrcmple                         0x080006fd   Thumb Code    48  cdrcmple.o(.text)
    __scatterload                            0x0800072d   Thumb Code    28  init.o(.text)
    __scatterload_rt2                        0x0800072d   Thumb Code     0  init.o(.text)
    __aeabi_llsr                             0x08000751   Thumb Code    32  llushr.o(.text)
    _ll_ushift_r                             0x08000751   Thumb Code     0  llushr.o(.text)
    __decompress                             0x08000771   Thumb Code     0  __dczerorl2.o(.text)
    __decompress1                            0x08000771   Thumb Code    86  __dczerorl2.o(.text)
    BusFault_Handler                         0x080007c7   Thumb Code     2  gd32f30x_it.o(i.BusFault_Handler)
    DebugMon_Handler                         0x080007c9   Thumb Code     2  gd32f30x_it.o(i.DebugMon_Handler)
    EXTI0_IRQHandler                         0x080007cd   Thumb Code    28  gd32f30x_it.o(i.EXTI0_IRQHandler)
    HardFault_Handler                        0x080007ed   Thumb Code     2  gd32f30x_it.o(i.HardFault_Handler)
    MemManage_Handler                        0x080007ef   Thumb Code     2  gd32f30x_it.o(i.MemManage_Handler)
    NMI_Handler                              0x080007f1   Thumb Code     2  gd32f30x_it.o(i.NMI_Handler)
    PendSV_Handler                           0x080007f3   Thumb Code     2  gd32f30x_it.o(i.PendSV_Handler)
    SVC_Handler                              0x080007f5   Thumb Code     2  gd32f30x_it.o(i.SVC_Handler)
    SysTick_Handler                          0x080007f7   Thumb Code     4  gd32f30x_it.o(i.SysTick_Handler)
    UsageFault_Handler                       0x080007fb   Thumb Code     2  gd32f30x_it.o(i.UsageFault_Handler)
    __scatterload_null                       0x080007fd   Thumb Code     2  handlers.o(i.__scatterload_null)
    vPrint_MyPrintParamInit                  0x080007ff   Thumb Code     2  print_api.o(i.vPrint_MyPrintParamInit)
    tBootDefaultVer                          0x08000800   Data          96  boot_info.o(.ARM.__AT_0x08000800)
    EXTI10_15_IRQHandler                     0x08000861   Thumb Code    28  gd32f30x_it.o(i.EXTI10_15_IRQHandler)
    EXTI2_IRQHandler                         0x0800087d   Thumb Code    24  gd32f30x_it.o(i.EXTI2_IRQHandler)
    RTC_Alarm_IRQHandler                     0x080008b5   Thumb Code    40  gd32f30x_it.o(i.RTC_Alarm_IRQHandler)
    SEGGER_RTT_Write                         0x080008dd   Thumb Code    52  segger_rtt.o(i.SEGGER_RTT_Write)
    SEGGER_RTT_WriteNoLock                   0x08000915   Thumb Code   102  segger_rtt.o(i.SEGGER_RTT_WriteNoLock)
    SEGGER_RTT_printf                        0x08000981   Thumb Code    22  segger_rtt_printf.o(i.SEGGER_RTT_printf)
    SEGGER_RTT_vprintf                       0x08000997   Thumb Code   416  segger_rtt_printf.o(i.SEGGER_RTT_vprintf)
    SysParamInit                             0x08000b39   Thumb Code    32  board_config.o(i.SysParamInit)
    SystemInit                               0x08000b5d   Thumb Code   118  system_gd32f30x.o(i.SystemInit)
    USART0_IRQHandler                        0x08000be1   Thumb Code   110  print_iface.o(i.USART0_IRQHandler)
    __0printf                                0x08000f75   Thumb Code    22  printfa.o(i.__0printf)
    __1printf                                0x08000f75   Thumb Code     0  printfa.o(i.__0printf)
    __2printf                                0x08000f75   Thumb Code     0  printfa.o(i.__0printf)
    __c89printf                              0x08000f75   Thumb Code     0  printfa.o(i.__0printf)
    printf                                   0x08000f75   Thumb Code     0  printfa.o(i.__0printf)
    __0vsnprintf                             0x08000f95   Thumb Code    46  printfa.o(i.__0vsnprintf)
    __1vsnprintf                             0x08000f95   Thumb Code     0  printfa.o(i.__0vsnprintf)
    __2vsnprintf                             0x08000f95   Thumb Code     0  printfa.o(i.__0vsnprintf)
    __c89vsnprintf                           0x08000f95   Thumb Code     0  printfa.o(i.__0vsnprintf)
    vsnprintf                                0x08000f95   Thumb Code     0  printfa.o(i.__0vsnprintf)
    __0vsprintf                              0x08000fc9   Thumb Code    30  printfa.o(i.__0vsprintf)
    __1vsprintf                              0x08000fc9   Thumb Code     0  printfa.o(i.__0vsprintf)
    __2vsprintf                              0x08000fc9   Thumb Code     0  printfa.o(i.__0vsprintf)
    __c89vsprintf                            0x08000fc9   Thumb Code     0  printfa.o(i.__0vsprintf)
    vsprintf                                 0x08000fc9   Thumb Code     0  printfa.o(i.__0vsprintf)
    __scatterload_copy                       0x08000fed   Thumb Code    14  handlers.o(i.__scatterload_copy)
    __scatterload_zeroinit                   0x08000ffb   Thumb Code    14  handlers.o(i.__scatterload_zeroinit)
    bBaiKuProto_Reset                        0x080019a5   Thumb Code    32  baiku_proto_1.o(i.bBaiKuProto_Reset)
    bBoot_CmdExist                           0x080019c5   Thumb Code    44  boot_info.o(i.bBoot_CmdExist)
    bFlash_Gd32EraseSector                   0x08001a01   Thumb Code   154  flash_gd32.o(i.bFlash_Gd32EraseSector)
    bFlash_Gd32Write32Bit                    0x08001b09   Thumb Code   134  flash_gd32.o(i.bFlash_Gd32Write32Bit)
    bFlash_IfaceInit                         0x08001bc5   Thumb Code     4  flash_iface.o(i.bFlash_IfaceInit)
    bFlash_WriteDataToFlash                  0x08001bc9   Thumb Code   100  flash_iface.o(i.bFlash_WriteDataToFlash)
    bFun_DataCompare                         0x08001ca9   Thumb Code    30  function.o(i.bFun_DataCompare)
    bPrint_CheckSendFinish                   0x08001cdd   Thumb Code    16  print_iface.o(i.bPrint_CheckSendFinish)
    bPrint_DataSendStart                     0x08001cf1   Thumb Code    62  print_iface.o(i.bPrint_DataSendStart)
    bPrint_QueueInit                         0x08001d45   Thumb Code    42  print_queue_task.o(i.bPrint_QueueInit)
    bPrint_RecProtInit                       0x08001d7d   Thumb Code    28  print_prot_frame.o(i.bPrint_RecProtInit)
    bPrint_SendDataToUsart                   0x08001d9d   Thumb Code    50  print_task.o(i.bPrint_SendDataToUsart)
    bPrint_SendProtInit                      0x08001ddd   Thumb Code    26  print_prot_frame.o(i.bPrint_SendProtInit)
    bPrint_TaskInit                          0x08001dfd   Thumb Code    54  print_task.o(i.bPrint_TaskInit)
    bSys_QueueInit                           0x08001e39   Thumb Code    78  sys_queue_task.o(i.bSys_QueueInit)
    bSys_SetDevState                         0x08001ee5   Thumb Code   132  sys_task.o(i.bSys_SetDevState)
    bUpdata_Init                             0x08002035   Thumb Code    14  sys_queue_task_updata.o(i.bUpdata_Init)
    bXmodem_Reset                            0x08002049   Thumb Code    46  xmodem_proto.o(i.bXmodem_Reset)
    b_baiku_jump_step                        0x08002077   Thumb Code    82  baiku_proto.o(i.b_baiku_jump_step)
    cBaiku_ProtoCheck                        0x080022ed   Thumb Code   254  baiku_proto.o(i.cBaiku_ProtoCheck)
    cBaiku_ProtoCreate                       0x080023eb   Thumb Code    88  baiku_proto.o(i.cBaiku_ProtoCreate)
    cBaiku_ProtoRecInit                      0x08002443   Thumb Code   130  baiku_proto.o(i.cBaiku_ProtoRecInit)
    cBaiku_ProtoTransInit                    0x080024c5   Thumb Code    48  baiku_proto.o(i.cBaiku_ProtoTransInit)
    cBaiku_ResetRxBuff                       0x080024f5   Thumb Code    34  baiku_proto.o(i.cBaiku_ResetRxBuff)
    cBaiku_UpdataCheck                       0x08002517   Thumb Code   202  baiku_proto.o(i.cBaiku_UpdataCheck)
    cBoot_CtrlUpdata                         0x080025e1   Thumb Code   112  boot_info.o(i.cBoot_CtrlUpdata)
    cBoot_GetMemParam                        0x08002685   Thumb Code   158  boot_info.o(i.cBoot_GetMemParam)
    cBoot_MemParamInit                       0x0800272d   Thumb Code   100  boot_info.o(i.cBoot_MemParamInit)
    cBoot_UpdataMemParam                     0x0800279d   Thumb Code   108  boot_info.o(i.cBoot_UpdataMemParam)
    cFlash_EraseSector                       0x08002811   Thumb Code    18  flash_iface.o(i.cFlash_EraseSector)
    cFlash_Write8BitData                     0x08002825   Thumb Code    76  flash_iface.o(i.cFlash_Write8BitData)
    cQueue_AddQueueTask                      0x08002895   Thumb Code   216  queue_task.o(i.cQueue_AddQueueTask)
    cQueue_GotoStep                          0x0800296d   Thumb Code   130  queue_task.o(i.cQueue_GotoStep)
    cQueue_TaskInit                          0x080029ef   Thumb Code   180  queue_task.o(i.cQueue_TaskInit)
    cSys_JumpToApp                           0x08002aa5   Thumb Code    90  sys_queue_task.o(i.cSys_JumpToApp)
    cUpdata_ChSelect                         0x08002b11   Thumb Code   100  sys_queue_task_updata.o(i.cUpdata_ChSelect)
    cUpdata_ProtoSelect                      0x08002ba9   Thumb Code    48  sys_queue_task_updata.o(i.cUpdata_ProtoSelect)
    c_baiku_proto_decrypt                    0x08002be5   Thumb Code   116  baiku_proto.o(i.c_baiku_proto_decrypt)
    c_cycle_relay_data                       0x08002c59   Thumb Code    34  print_prot_frame.o(i.c_cycle_relay_data)
    c_print_start_check                      0x08002ff9   Thumb Code    60  print_api.o(i.c_print_start_check)
    c_relay84_set_proto                      0x08003131   Thumb Code    78  print_prot_frame.o(i.c_relay84_set_proto)
    c_relay88_sys_set                        0x08003189   Thumb Code   130  print_prot_frame.o(i.c_relay88_sys_set)
    eBoot_InfoInit                           0x08003679   Thumb Code   216  boot_info.o(i.eBoot_InfoInit)
    easyflash_init                           0x08003ad5   Thumb Code    60  easyflash.o(i.easyflash_init)
    ef_calc_crc32                            0x08003b41   Thumb Code    34  ef_utils.o(i.ef_calc_crc32)
    ef_env_init                              0x08003b69   Thumb Code    74  ef_env.o(i.ef_env_init)
    ef_env_set_default                       0x08003bc1   Thumb Code   134  ef_env.o(i.ef_env_set_default)
    ef_get_env_blob                          0x08003c4d   Thumb Code    58  ef_env.o(i.ef_get_env_blob)
    ef_load_env                              0x08003ca9   Thumb Code   106  ef_env.o(i.ef_load_env)
    ef_log_info                              0x08003d65   Thumb Code    28  ef_port.o(i.ef_log_info)
    ef_port_env_lock                         0x08003d89   Thumb Code     4  ef_port.o(i.ef_port_env_lock)
    ef_port_env_unlock                       0x08003d8d   Thumb Code     4  ef_port.o(i.ef_port_env_unlock)
    ef_port_erase                            0x08003d91   Thumb Code    24  ef_port.o(i.ef_port_erase)
    ef_port_init                             0x08003da9   Thumb Code    34  ef_port.o(i.ef_port_init)
    ef_port_read                             0x08003dd5   Thumb Code    12  ef_port.o(i.ef_port_read)
    ef_port_write                            0x08003de1   Thumb Code    56  ef_port.o(i.ef_port_write)
    ef_set_env_blob                          0x08003e19   Thumb Code    50  ef_env.o(i.ef_set_env_blob)
    exti_interrupt_disable                   0x08003ed1   Thumb Code    10  gd32f30x_exti.o(i.exti_interrupt_disable)
    exti_interrupt_flag_clear                0x08003ee1   Thumb Code     6  gd32f30x_exti.o(i.exti_interrupt_flag_clear)
    exti_interrupt_flag_get                  0x08003eed   Thumb Code    16  gd32f30x_exti.o(i.exti_interrupt_flag_get)
    fmc_bank0_ready_wait                     0x08004029   Thumb Code    26  gd32f30x_fmc.o(i.fmc_bank0_ready_wait)
    fmc_bank0_state_get                      0x08004045   Thumb Code    34  gd32f30x_fmc.o(i.fmc_bank0_state_get)
    fmc_bank1_ready_wait                     0x0800406d   Thumb Code    26  gd32f30x_fmc.o(i.fmc_bank1_ready_wait)
    fmc_bank1_state_get                      0x08004089   Thumb Code    34  gd32f30x_fmc.o(i.fmc_bank1_state_get)
    fmc_flag_clear                           0x080040b1   Thumb Code    22  gd32f30x_fmc.o(i.fmc_flag_clear)
    fmc_lock                                 0x080040cd   Thumb Code    30  gd32f30x_fmc.o(i.fmc_lock)
    fmc_page_erase                           0x080040f5   Thumb Code   164  gd32f30x_fmc.o(i.fmc_page_erase)
    fmc_unlock                               0x080041a9   Thumb Code    38  gd32f30x_fmc.o(i.fmc_unlock)
    fmc_word_program                         0x080041e1   Thumb Code   134  gd32f30x_fmc.o(i.fmc_word_program)
    fputc                                    0x080042e1   Thumb Code    18  seeger_print.o(i.fputc)
    free                                     0x080042f9   Thumb Code    76  malloc.o(i.free)
    gpio_init                                0x08004535   Thumb Code   164  gd32f30x_gpio.o(i.gpio_init)
    lwrb_find                                0x080045d9   Thumb Code   164  lwrb_ex.o(i.lwrb_find)
    lwrb_get_free                            0x0800467d   Thumb Code    36  lwrb.o(i.lwrb_get_free)
    lwrb_get_full                            0x080046a1   Thumb Code    34  lwrb.o(i.lwrb_get_full)
    lwrb_init                                0x080046c3   Thumb Code    28  lwrb.o(i.lwrb_init)
    lwrb_read                                0x080046df   Thumb Code    24  lwrb.o(i.lwrb_read)
    lwrb_read_ex                             0x080046f7   Thumb Code   148  lwrb.o(i.lwrb_read_ex)
    lwrb_reset                               0x0800478b   Thumb Code    36  lwrb.o(i.lwrb_reset)
    lwrb_write                               0x080047af   Thumb Code    24  lwrb.o(i.lwrb_write)
    lwrb_write_ex                            0x080047c7   Thumb Code   144  lwrb.o(i.lwrb_write_ex)
    main                                     0x08004859   Thumb Code    74  main.o(i.main)
    malloc                                   0x080048b1   Thumb Code    92  malloc.o(i.malloc)
    nvic_irq_enable                          0x08004a65   Thumb Code   150  gd32f30x_misc.o(i.nvic_irq_enable)
    nvic_priority_group_set                  0x08004b01   Thumb Code    10  gd32f30x_misc.o(i.nvic_priority_group_set)
    rcu_clock_freq_get                       0x08004b15   Thumb Code   224  gd32f30x_rcu.o(i.rcu_clock_freq_get)
    rcu_periph_clock_enable                  0x08004c11   Thumb Code    22  gd32f30x_rcu.o(i.rcu_periph_clock_enable)
    rcu_periph_reset_disable                 0x08004c2d   Thumb Code    22  gd32f30x_rcu.o(i.rcu_periph_reset_disable)
    rcu_periph_reset_enable                  0x08004c49   Thumb Code    22  gd32f30x_rcu.o(i.rcu_periph_reset_enable)
    rtc_flag_clear                           0x08004ec5   Thumb Code    10  gd32f30x_rtc.o(i.rtc_flag_clear)
    rtc_flag_get                             0x08004ed5   Thumb Code    16  gd32f30x_rtc.o(i.rtc_flag_get)
    sMyPrint                                 0x08004ee9   Thumb Code    86  print_api.o(i.sMyPrint)
    sMyPrintErr                              0x08004f49   Thumb Code   144  print_api.o(i.sMyPrintErr)
    sMyPrintTips                             0x08004ff1   Thumb Code   144  print_api.o(i.sMyPrintTips)
    sMyPrintWarn                             0x08005099   Thumb Code   144  print_api.o(i.sMyPrintWarn)
    ucCheck_SumReflect                       0x080052cd   Thumb Code    28  check.o(i.ucCheck_SumReflect)
    usBoot_GetMemParamSize                   0x08005451   Thumb Code     4  boot_info.o(i.usBoot_GetMemParamSize)
    usCheck_GetCrc16Tab                      0x08005455   Thumb Code    36  check.o(i.usCheck_GetCrc16Tab)
    us_get_frame_len                         0x0800547d   Thumb Code    32  xmodem_proto.o(i.us_get_frame_len)
    usart_baudrate_set                       0x0800549d   Thumb Code   102  gd32f30x_usart.o(i.usart_baudrate_set)
    usart_deinit                             0x0800550d   Thumb Code   136  gd32f30x_usart.o(i.usart_deinit)
    usart_enable                             0x0800559d   Thumb Code    10  gd32f30x_usart.o(i.usart_enable)
    usart_hardware_flow_cts_config           0x080055a7   Thumb Code    20  gd32f30x_usart.o(i.usart_hardware_flow_cts_config)
    usart_hardware_flow_rts_config           0x080055bb   Thumb Code    20  gd32f30x_usart.o(i.usart_hardware_flow_rts_config)
    usart_interrupt_disable                  0x080055cf   Thumb Code    20  gd32f30x_usart.o(i.usart_interrupt_disable)
    usart_interrupt_enable                   0x080055e3   Thumb Code    20  gd32f30x_usart.o(i.usart_interrupt_enable)
    usart_interrupt_flag_clear               0x080055f7   Thumb Code    18  gd32f30x_usart.o(i.usart_interrupt_flag_clear)
    usart_interrupt_flag_get                 0x08005609   Thumb Code    50  gd32f30x_usart.o(i.usart_interrupt_flag_get)
    usart_parity_config                      0x0800563b   Thumb Code    16  gd32f30x_usart.o(i.usart_parity_config)
    usart_receive_config                     0x0800564b   Thumb Code    20  gd32f30x_usart.o(i.usart_receive_config)
    usart_stop_bit_set                       0x0800565f   Thumb Code    16  gd32f30x_usart.o(i.usart_stop_bit_set)
    usart_transmit_config                    0x0800566f   Thumb Code    20  gd32f30x_usart.o(i.usart_transmit_config)
    usart_word_length_set                    0x08005683   Thumb Code    16  gd32f30x_usart.o(i.usart_word_length_set)
    vBaiKuProto_Proto                        0x08005695   Thumb Code   270  baiku_proto_1.o(i.vBaiKuProto_Proto)
    vBaiKuProto_TickTime                     0x08005811   Thumb Code    46  baiku_proto_1.o(i.vBaiKuProto_TickTime)
    vBoard_StartTask                         0x08005841   Thumb Code    26  board_config.o(i.vBoard_StartTask)
    vBoard_SysInit                           0x08005861   Thumb Code    40  board_config.o(i.vBoard_SysInit)
    vFlash_Gd32Read32Bit                     0x080058b1   Thumb Code    92  flash_gd32.o(i.vFlash_Gd32Read32Bit)
    vFlash_WriteDataToFlashInit              0x08005945   Thumb Code    38  flash_iface.o(i.vFlash_WriteDataToFlashInit)
    vGPIO_Init                               0x0800598d   Thumb Code   194  gpio_init.o(i.vGPIO_Init)
    vKey_ParamInit                           0x08005a6d   Thumb Code    14  key_task.o(i.vKey_ParamInit)
    vKey_ProcKeyFunc                         0x08005a85   Thumb Code    34  key_func.o(i.vKey_ProcKeyFunc)
    vKey_Task                                0x08005ac5   Thumb Code   410  key_task.o(i.vKey_Task)
    vKey_TaskInit                            0x08005c8d   Thumb Code     4  key_task.o(i.vKey_TaskInit)
    vPrint_DeInit                            0x08005c91   Thumb Code     6  print_iface.o(i.vPrint_DeInit)
    vPrint_Init                              0x08005c9d   Thumb Code    14  print_iface.o(i.vPrint_Init)
    vPrint_Task                              0x08005cad   Thumb Code    52  print_task.o(i.vPrint_Task)
    vSys_MsDelay                             0x08005ce9   Thumb Code    12  systick.o(i.vSys_MsDelay)
    vSys_Task                                0x08005cf9   Thumb Code    80  sys_task.o(i.vSys_Task)
    vSys_TaskInit                            0x08005d7d   Thumb Code    20  sys_task.o(i.vSys_TaskInit)
    vSys_Tick                                0x08005d91   Thumb Code    58  systick.o(i.vSys_Tick)
    vSys_TickConfig                          0x08005dd1   Thumb Code    70  systick.o(i.vSys_TickConfig)
    vSys_TickTimer                           0x08005e1d   Thumb Code   154  sys_task.o(i.vSys_TickTimer)
    vTimer_Task                              0x08005f85   Thumb Code    24  timer_task.o(i.vTimer_Task)
    vUpdata_TickTimer                        0x08005fa1   Thumb Code    26  sys_queue_task_updata.o(i.vUpdata_TickTimer)
    vXmodem_Proto                            0x08005fc9   Thumb Code   492  xmodem_proto.o(i.vXmodem_Proto)
    vXmodem_TickTime                         0x08006221   Thumb Code    38  xmodem_proto.o(i.vXmodem_TickTime)
    v_print_queue_task_main                  0x080064e1   Thumb Code   122  print_queue_task_main.o(i.v_print_queue_task_main)
    v_sys_queue_task_enter_app               0x08006809   Thumb Code   166  sys_queue_task_enter_app.o(i.v_sys_queue_task_enter_app)
    v_sys_queue_task_err                     0x080068dd   Thumb Code   134  sys_queue_task_err.o(i.v_sys_queue_task_err)
    v_sys_queue_task_init                    0x08006991   Thumb Code   142  sys_queue_task_init.o(i.v_sys_queue_task_init)
    v_sys_queue_task_reset                   0x08006a2d   Thumb Code   106  sys_queue_task_reset.o(i.v_sys_queue_task_reset)
    v_sys_queue_task_updata                  0x08006acd   Thumb Code   150  sys_queue_task_updata.o(i.v_sys_queue_task_updata)
    CRC8Table                                0x08007128   Data         256  check.o(.constdata)
    auchCRCHi                                0x08007428   Data         256  check.o(.constdata)
    auchCRCLo                                0x08007528   Data         256  check.o(.constdata)
    tBootMemParamStr                         0x08007628   Data          14  boot_info.o(.constdata)
    tBootVerInfoStr                          0x08007636   Data          13  boot_info.o(.constdata)
    tBootParamStr                            0x08007643   Data          11  boot_info.o(.constdata)
    default_env_set                          0x08007650   Data          24  boot_info.o(.constdata)
    KeyTriType_SysOnOffBuff                  0x08007668   Data           2  key_func.o(.constdata)
    Region$$Table$$Base                      0x080076fc   Number         0  anon$$obj.o(Region$$Table)
    Region$$Table$$Limit                     0x0800771c   Number         0  anon$$obj.o(Region$$Table)
    SystemCoreClock                          0x20000000   Data           4  system_gd32f30x.o(.data)
    __stdout                                 0x20000004   Data           4  seeger_print.o(.data)
    bSystick_10MsFlag                        0x20000020   Data           1  systick.o(.data)
    bSystick_100MsFlag                       0x20000021   Data           1  systick.o(.data)
    bExti_KeyTriFlag                         0x2000002c   Data           1  gd32f30x_it.o(.data)
    tpSysTask                                0x2000003c   Data           4  sys_queue_task.o(.data)
    application                              0x20000040   Data           4  sys_queue_task.o(.data)
    tXmodem                                  0x20000048   Data        1064  updata_main.o(.data)
    tBaiKuProto                              0x20000470   Data          32  updata_main.o(.data)
    uPrint                                   0x20000498   Data           4  print_task.o(.data)
    log_e                                    0x2000049c   Data           4  print_api.o(.data)
    log_w                                    0x200004a0   Data           4  print_api.o(.data)
    log_i                                    0x200004a4   Data           4  print_api.o(.data)
    uc_next_cmd                              0x200004ac   Data           1  print_prot_frame.o(.data)
    tpPrintProtoTx                           0x200004b0   Data           4  print_prot_frame.o(.data)
    tpPrintProtoRx                           0x200004b4   Data           4  print_prot_frame.o(.data)
    tpPrintTask                              0x200004b8   Data           4  print_queue_task.o(.data)
    Key_UnPressTim                           0x200004be   Data           2  key_task.o(.data)
    Key_TriTypeCnt                           0x200004c0   Data           2  key_task.o(.data)
    tKeyPower                                0x200004c4   Data           8  key_task.o(.data)
    __microlib_freelist                      0x200004cc   Data           4  mvars.o(.data)
    __microlib_freelist_initialised          0x200004d0   Data           4  mvars.o(.data)
    _SEGGER_RTT                              0x200004d4   Data         168  segger_rtt.o(.bss)
    env_cache_table                          0x2000098c   Data         128  ef_env.o(.bss)
    sector_cache_table                       0x20000a0c   Data          32  ef_env.o(.bss)
    log_buf                                  0x20000b00   Data         256  ef_port.o(.bss)
    tBootMemParam                            0x20000c00   Data         104  boot_info.o(.bss)
    tSysInfo                                 0x20000c68   Data          26  sys_task.o(.bss)
    tUpdata                                  0x20000c84   Data          24  sys_queue_task_updata.o(.bss)
    tPrintTxBuff                             0x20000c9c   Data          24  print_task.o(.bss)
    tFlash                                   0x200010b4   Data          16  flash_iface.o(.bss)
    Key_TriTypeBuff                          0x200010c4   Data          10  key_task.o(.bss)
    __heap_base                              0x200010e8   Data           0  startup_gd32f30x_xd.o(HEAP)
    __heap_limit                             0x200030e8   Data           0  startup_gd32f30x_xd.o(HEAP)
    __initial_sp                             0x200034e8   Data           0  startup_gd32f30x_xd.o(STACK)



==============================================================================

Memory Map of the image

  Image Entry point : 0x08000131

  Load Region LR_IROM1 (Base: 0x08000000, Size: 0x00007bf0, Max: 0x0000c7ff, ABSOLUTE, COMPRESSED[0x0000775c])

    Execution Region ER_IROM1 (Exec base: 0x08000000, Load base: 0x08000000, Size: 0x0000771c, Max: 0x0000c7ff, ABSOLUTE)

    Exec Addr    Load Addr    Size         Type   Attr      Idx    E Section Name        Object

    0x08000000   0x08000000   0x00000130   Data   RO            3    RESET               startup_gd32f30x_xd.o
    0x08000130   0x08000130   0x00000000   Code   RO         7702  * .ARM.Collect$$$$00000000  mc_w.l(entry.o)
    0x08000130   0x08000130   0x00000004   Code   RO         8077    .ARM.Collect$$$$00000001  mc_w.l(entry2.o)
    0x08000134   0x08000134   0x00000004   Code   RO         8080    .ARM.Collect$$$$00000004  mc_w.l(entry5.o)
    0x08000138   0x08000138   0x00000000   Code   RO         8082    .ARM.Collect$$$$00000008  mc_w.l(entry7b.o)
    0x08000138   0x08000138   0x00000000   Code   RO         8084    .ARM.Collect$$$$0000000A  mc_w.l(entry8b.o)
    0x08000138   0x08000138   0x00000008   Code   RO         8085    .ARM.Collect$$$$0000000B  mc_w.l(entry9a.o)
    0x08000140   0x08000140   0x00000004   Code   RO         8092    .ARM.Collect$$$$0000000E  mc_w.l(entry12b.o)
    0x08000144   0x08000144   0x00000000   Code   RO         8087    .ARM.Collect$$$$0000000F  mc_w.l(entry10a.o)
    0x08000144   0x08000144   0x00000000   Code   RO         8089    .ARM.Collect$$$$00000011  mc_w.l(entry11a.o)
    0x08000144   0x08000144   0x00000004   Code   RO         8078    .ARM.Collect$$$$00002712  mc_w.l(entry2.o)
    0x08000148   0x08000148   0x00000024   Code   RO            4    .text               startup_gd32f30x_xd.o
    0x0800016c   0x0800016c   0x00000040   Code   RO         7741    .text               mc_w.l(memmovea.o)
    0x080001ac   0x080001ac   0x00000024   Code   RO         7743    .text               mc_w.l(memseta.o)
    0x080001d0   0x080001d0   0x00000018   Code   RO         7745    .text               mc_w.l(strncpy.o)
    0x080001e8   0x080001e8   0x0000000e   Code   RO         7747    .text               mc_w.l(strlen.o)
    0x080001f6   0x080001f6   0x0000001c   Code   RO         7749    .text               mc_w.l(strcmp.o)
    0x08000212   0x08000212   0x0000001e   Code   RO         7751    .text               mc_w.l(strncmp.o)
    0x08000230   0x08000230   0x0000014e   Code   RO         8046    .text               mf_w.l(dadd.o)
    0x0800037e   0x0800037e   0x000000e4   Code   RO         8048    .text               mf_w.l(dmul.o)
    0x08000462   0x08000462   0x000000de   Code   RO         8050    .text               mf_w.l(ddiv.o)
    0x08000540   0x08000540   0x0000002c   Code   RO         8093    .text               mc_w.l(uidiv.o)
    0x0800056c   0x0800056c   0x00000062   Code   RO         8095    .text               mc_w.l(uldiv.o)
    0x080005ce   0x080005ce   0x0000001e   Code   RO         8097    .text               mc_w.l(llshl.o)
    0x080005ec   0x080005ec   0x00000024   Code   RO         8099    .text               mc_w.l(llsshr.o)
    0x08000610   0x08000610   0x00000000   Code   RO         8110    .text               mc_w.l(iusefp.o)
    0x08000610   0x08000610   0x000000ba   Code   RO         8113    .text               mf_w.l(depilogue.o)
    0x080006ca   0x080006ca   0x00000030   Code   RO         8121    .text               mf_w.l(dfixul.o)
    0x080006fa   0x080006fa   0x00000002   PAD
    0x080006fc   0x080006fc   0x00000030   Code   RO         8123    .text               mf_w.l(cdrcmple.o)
    0x0800072c   0x0800072c   0x00000024   Code   RO         8125    .text               mc_w.l(init.o)
    0x08000750   0x08000750   0x00000020   Code   RO         8127    .text               mc_w.l(llushr.o)
    0x08000770   0x08000770   0x00000056   Code   RO         8137    .text               mc_w.l(__dczerorl2.o)
    0x080007c6   0x080007c6   0x00000002   Code   RO         6241    i.BusFault_Handler  gd32f30x_it.o
    0x080007c8   0x080007c8   0x00000002   Code   RO         6242    i.DebugMon_Handler  gd32f30x_it.o
    0x080007ca   0x080007ca   0x00000002   PAD
    0x080007cc   0x080007cc   0x00000020   Code   RO         6243    i.EXTI0_IRQHandler  gd32f30x_it.o
    0x080007ec   0x080007ec   0x00000002   Code   RO         6246    i.HardFault_Handler  gd32f30x_it.o
    0x080007ee   0x080007ee   0x00000002   Code   RO         6247    i.MemManage_Handler  gd32f30x_it.o
    0x080007f0   0x080007f0   0x00000002   Code   RO         6248    i.NMI_Handler       gd32f30x_it.o
    0x080007f2   0x080007f2   0x00000002   Code   RO         6249    i.PendSV_Handler    gd32f30x_it.o
    0x080007f4   0x080007f4   0x00000002   Code   RO         6251    i.SVC_Handler       gd32f30x_it.o
    0x080007f6   0x080007f6   0x00000004   Code   RO         6252    i.SysTick_Handler   gd32f30x_it.o
    0x080007fa   0x080007fa   0x00000002   Code   RO         6253    i.UsageFault_Handler  gd32f30x_it.o
    0x080007fc   0x080007fc   0x00000002   Code   RO         8132    i.__scatterload_null  mc_w.l(handlers.o)
    0x080007fe   0x080007fe   0x00000002   Code   RO         6897    i.vPrint_MyPrintParamInit  print_api.o
    0x08000800   0x08000800   0x00000060   Data   RO         6028    .ARM.__AT_0x08000800  boot_info.o
    0x08000860   0x08000860   0x0000001c   Code   RO         6244    i.EXTI10_15_IRQHandler  gd32f30x_it.o
    0x0800087c   0x0800087c   0x00000018   Code   RO         6245    i.EXTI2_IRQHandler  gd32f30x_it.o
    0x08000894   0x08000894   0x00000020   Code   RO         6194    i.NVIC_SetPriority  systick.o
    0x080008b4   0x080008b4   0x00000028   Code   RO         6250    i.RTC_Alarm_IRQHandler  gd32f30x_it.o
    0x080008dc   0x080008dc   0x00000038   Code   RO         4146    i.SEGGER_RTT_Write  segger_rtt.o
    0x08000914   0x08000914   0x0000006c   Code   RO         4149    i.SEGGER_RTT_WriteNoLock  segger_rtt.o
    0x08000980   0x08000980   0x00000016   Code   RO         4352    i.SEGGER_RTT_printf  segger_rtt_printf.o
    0x08000996   0x08000996   0x000001a0   Code   RO         4353    i.SEGGER_RTT_vprintf  segger_rtt_printf.o
    0x08000b36   0x08000b36   0x00000002   PAD
    0x08000b38   0x08000b38   0x00000024   Code   RO         6097    i.SysParamInit      board_config.o
    0x08000b5c   0x08000b5c   0x00000084   Code   RO           13    i.SystemInit        system_gd32f30x.o
    0x08000be0   0x08000be0   0x00000088   Code   RO         6955    i.USART0_IRQHandler  print_iface.o
    0x08000c68   0x08000c68   0x00000064   Code   RO         4153    i._DoInit           segger_rtt.o
    0x08000ccc   0x08000ccc   0x00000018   Code   RO         4154    i._GetAvailWriteSpace  segger_rtt.o
    0x08000ce4   0x08000ce4   0x000000d8   Code   RO         4354    i._PrintInt         segger_rtt_printf.o
    0x08000dbc   0x08000dbc   0x000000d8   Code   RO         4355    i._PrintUnsigned    segger_rtt_printf.o
    0x08000e94   0x08000e94   0x0000003e   Code   RO         4356    i._StoreChar        segger_rtt_printf.o
    0x08000ed2   0x08000ed2   0x0000005c   Code   RO         4156    i._WriteBlocking    segger_rtt.o
    0x08000f2e   0x08000f2e   0x00000044   Code   RO         4157    i._WriteNoCheck     segger_rtt.o
    0x08000f72   0x08000f72   0x00000002   PAD
    0x08000f74   0x08000f74   0x00000020   Code   RO         7990    i.__0printf         mc_w.l(printfa.o)
    0x08000f94   0x08000f94   0x00000034   Code   RO         7995    i.__0vsnprintf      mc_w.l(printfa.o)
    0x08000fc8   0x08000fc8   0x00000024   Code   RO         7996    i.__0vsprintf       mc_w.l(printfa.o)
    0x08000fec   0x08000fec   0x0000000e   Code   RO         8131    i.__scatterload_copy  mc_w.l(handlers.o)
    0x08000ffa   0x08000ffa   0x0000000e   Code   RO         8133    i.__scatterload_zeroinit  mc_w.l(handlers.o)
    0x08001008   0x08001008   0x00000184   Code   RO         7997    i._fp_digits        mc_w.l(printfa.o)
    0x0800118c   0x0800118c   0x000006b4   Code   RO         7998    i._printf_core      mc_w.l(printfa.o)
    0x08001840   0x08001840   0x00000024   Code   RO         7999    i._printf_post_padding  mc_w.l(printfa.o)
    0x08001864   0x08001864   0x0000002e   Code   RO         8000    i._printf_pre_padding  mc_w.l(printfa.o)
    0x08001892   0x08001892   0x00000016   Code   RO         8001    i._snputc           mc_w.l(printfa.o)
    0x080018a8   0x080018a8   0x0000000a   Code   RO         8002    i._sputc            mc_w.l(printfa.o)
    0x080018b2   0x080018b2   0x0000004e   Code   RO         4596    i.align_write       ef_env.o
    0x08001900   0x08001900   0x00000074   Code   RO         4597    i.alloc_env         ef_env.o
    0x08001974   0x08001974   0x00000030   Code   RO         4598    i.alloc_env_cb      ef_env.o
    0x080019a4   0x080019a4   0x00000020   Code   RO         6674    i.bBaiKuProto_Reset  baiku_proto_1.o
    0x080019c4   0x080019c4   0x0000003c   Code   RO         6020    i.bBoot_CmdExist    boot_info.o
    0x08001a00   0x08001a00   0x00000108   Code   RO         7136    i.bFlash_Gd32EraseSector  flash_gd32.o
    0x08001b08   0x08001b08   0x000000bc   Code   RO         7138    i.bFlash_Gd32Write32Bit  flash_gd32.o
    0x08001bc4   0x08001bc4   0x00000004   Code   RO         7180    i.bFlash_IfaceInit  flash_iface.o
    0x08001bc8   0x08001bc8   0x000000e0   Code   RO         7181    i.bFlash_WriteDataToFlash  flash_iface.o
    0x08001ca8   0x08001ca8   0x0000001e   Code   RO         5423    i.bFun_DataCompare  function.o
    0x08001cc6   0x08001cc6   0x00000002   PAD
    0x08001cc8   0x08001cc8   0x00000014   Code   RO         7267    i.bKey_PowerIsPress  key_task.o
    0x08001cdc   0x08001cdc   0x00000014   Code   RO         6956    i.bPrint_CheckSendFinish  print_iface.o
    0x08001cf0   0x08001cf0   0x00000054   Code   RO         6957    i.bPrint_DataSendStart  print_iface.o
    0x08001d44   0x08001d44   0x00000038   Code   RO         7079    i.bPrint_QueueInit  print_queue_task.o
    0x08001d7c   0x08001d7c   0x00000020   Code   RO         7012    i.bPrint_RecProtInit  print_prot_frame.o
    0x08001d9c   0x08001d9c   0x00000040   Code   RO         6837    i.bPrint_SendDataToUsart  print_task.o
    0x08001ddc   0x08001ddc   0x00000020   Code   RO         7013    i.bPrint_SendProtInit  print_prot_frame.o
    0x08001dfc   0x08001dfc   0x0000003c   Code   RO         6838    i.bPrint_TaskInit   print_task.o
    0x08001e38   0x08001e38   0x000000ac   Code   RO         6431    i.bSys_QueueInit    sys_queue_task.o
    0x08001ee4   0x08001ee4   0x00000150   Code   RO         6374    i.bSys_SetDevState  sys_task.o
    0x08002034   0x08002034   0x00000014   Code   RO         6576    i.bUpdata_Init      sys_queue_task_updata.o
    0x08002048   0x08002048   0x0000002e   Code   RO         6769    i.bXmodem_Reset     xmodem_proto.o
    0x08002076   0x08002076   0x00000052   Code   RO         5178    i.b_baiku_jump_step  baiku_proto.o
    0x080020c8   0x080020c8   0x00000030   Code   RO         6839    i.b_print_task_param_init  print_task.o
    0x080020f8   0x080020f8   0x0000002e   Code   RO         6675    i.b_send_cmd        baiku_proto_1.o
    0x08002126   0x08002126   0x00000040   Code   RO         6770    i.b_send_cmd        xmodem_proto.o
    0x08002166   0x08002166   0x00000002   PAD
    0x08002168   0x08002168   0x00000108   Code   RO         6432    i.b_task_manage_func_cb  sys_queue_task.o
    0x08002270   0x08002270   0x0000007c   Code   RO         7080    i.b_task_manage_func_cb  print_queue_task.o
    0x080022ec   0x080022ec   0x000000fe   Code   RO         5179    i.cBaiku_ProtoCheck  baiku_proto.o
    0x080023ea   0x080023ea   0x00000058   Code   RO         5180    i.cBaiku_ProtoCreate  baiku_proto.o
    0x08002442   0x08002442   0x00000082   Code   RO         5181    i.cBaiku_ProtoRecInit  baiku_proto.o
    0x080024c4   0x080024c4   0x00000030   Code   RO         5182    i.cBaiku_ProtoTransInit  baiku_proto.o
    0x080024f4   0x080024f4   0x00000022   Code   RO         5183    i.cBaiku_ResetRxBuff  baiku_proto.o
    0x08002516   0x08002516   0x000000ca   Code   RO         5185    i.cBaiku_UpdataCheck  baiku_proto.o
    0x080025e0   0x080025e0   0x000000a4   Code   RO         6021    i.cBoot_CtrlUpdata  boot_info.o
    0x08002684   0x08002684   0x000000a8   Code   RO         6022    i.cBoot_GetMemParam  boot_info.o
    0x0800272c   0x0800272c   0x00000070   Code   RO         6023    i.cBoot_MemParamInit  boot_info.o
    0x0800279c   0x0800279c   0x00000074   Code   RO         6024    i.cBoot_UpdataMemParam  boot_info.o
    0x08002810   0x08002810   0x00000012   Code   RO         7182    i.cFlash_EraseSector  flash_iface.o
    0x08002822   0x08002822   0x00000002   PAD
    0x08002824   0x08002824   0x00000070   Code   RO         7184    i.cFlash_Write8BitData  flash_iface.o
    0x08002894   0x08002894   0x000000d8   Code   RO         5906    i.cQueue_AddQueueTask  queue_task.o
    0x0800296c   0x0800296c   0x00000082   Code   RO         5907    i.cQueue_GotoStep   queue_task.o
    0x080029ee   0x080029ee   0x000000b4   Code   RO         5908    i.cQueue_TaskInit   queue_task.o
    0x08002aa2   0x08002aa2   0x00000002   PAD
    0x08002aa4   0x08002aa4   0x0000006c   Code   RO         6433    i.cSys_JumpToApp    sys_queue_task.o
    0x08002b10   0x08002b10   0x00000098   Code   RO         6577    i.cUpdata_ChSelect  sys_queue_task_updata.o
    0x08002ba8   0x08002ba8   0x0000003c   Code   RO         6578    i.cUpdata_ProtoSelect  sys_queue_task_updata.o
    0x08002be4   0x08002be4   0x00000074   Code   RO         5187    i.c_baiku_proto_decrypt  baiku_proto.o
    0x08002c58   0x08002c58   0x00000028   Code   RO         7014    i.c_cycle_relay_data  print_prot_frame.o
    0x08002c80   0x08002c80   0x000002a0   Code   RO         6721    i.c_frame_rec_cd    updata_main.o
    0x08002f20   0x08002f20   0x0000009c   Code   RO         6722    i.c_frame_trans_cd  updata_main.o
    0x08002fbc   0x08002fbc   0x0000003c   Code   RO         7015    i.c_print_data_trans  print_prot_frame.o
    0x08002ff8   0x08002ff8   0x0000004c   Code   RO         6892    i.c_print_start_check  print_api.o
    0x08003044   0x08003044   0x000000ec   Code   RO         6676    i.c_rec_proc        baiku_proto_1.o
    0x08003130   0x08003130   0x00000058   Code   RO         7017    i.c_relay84_set_proto  print_prot_frame.o
    0x08003188   0x08003188   0x00000088   Code   RO         7019    i.c_relay88_sys_set  print_prot_frame.o
    0x08003210   0x08003210   0x0000004c   Code   RO         4599    i.check_and_recovery_env_cb  ef_env.o
    0x0800325c   0x0800325c   0x00000020   Code   RO         4600    i.check_and_recovery_gc_cb  ef_env.o
    0x0800327c   0x0800327c   0x0000002c   Code   RO         4601    i.check_sec_hdr_cb  ef_env.o
    0x080032a8   0x080032a8   0x00000060   Code   RO         6771    i.chk_add8          xmodem_proto.o
    0x08003308   0x08003308   0x00000014   Code   RO         6772    i.chk_crc16         xmodem_proto.o
    0x0800331c   0x0800331c   0x00000066   Code   RO         4602    i.continue_ff_addr  ef_env.o
    0x08003382   0x08003382   0x00000002   PAD
    0x08003384   0x08003384   0x000001e0   Code   RO         4603    i.create_env_blob   ef_env.o
    0x08003564   0x08003564   0x000000ac   Code   RO         4604    i.del_env           ef_env.o
    0x08003610   0x08003610   0x00000066   Code   RO         4605    i.do_gc             ef_env.o
    0x08003676   0x08003676   0x00000002   PAD
    0x08003678   0x08003678   0x00000180   Code   RO         6025    i.eBoot_InfoInit    boot_info.o
    0x080037f8   0x080037f8   0x0000003e   Code   RO         6773    i.e_get_rec_state   xmodem_proto.o
    0x08003836   0x08003836   0x00000002   PAD
    0x08003838   0x08003838   0x0000029c   Code   RO         6774    i.e_rec_proc        xmodem_proto.o
    0x08003ad4   0x08003ad4   0x0000006c   Code   RO         4553    i.easyflash_init    easyflash.o
    0x08003b40   0x08003b40   0x00000028   Code   RO         4948    i.ef_calc_crc32     ef_utils.o
    0x08003b68   0x08003b68   0x00000058   Code   RO         4608    i.ef_env_init       ef_env.o
    0x08003bc0   0x08003bc0   0x0000008c   Code   RO         4609    i.ef_env_set_default  ef_env.o
    0x08003c4c   0x08003c4c   0x0000005c   Code   RO         4611    i.ef_get_env_blob   ef_env.o
    0x08003ca8   0x08003ca8   0x000000bc   Code   RO         4614    i.ef_load_env       ef_env.o
    0x08003d64   0x08003d64   0x00000024   Code   RO         4971    i.ef_log_info       ef_port.o
    0x08003d88   0x08003d88   0x00000004   Code   RO         4972    i.ef_port_env_lock  ef_port.o
    0x08003d8c   0x08003d8c   0x00000004   Code   RO         4973    i.ef_port_env_unlock  ef_port.o
    0x08003d90   0x08003d90   0x00000018   Code   RO         4974    i.ef_port_erase     ef_port.o
    0x08003da8   0x08003da8   0x0000002c   Code   RO         4975    i.ef_port_init      ef_port.o
    0x08003dd4   0x08003dd4   0x0000000c   Code   RO         4976    i.ef_port_read      ef_port.o
    0x08003de0   0x08003de0   0x00000038   Code   RO         4977    i.ef_port_write     ef_port.o
    0x08003e18   0x08003e18   0x00000054   Code   RO         4620    i.ef_set_env_blob   ef_env.o
    0x08003e6c   0x08003e6c   0x00000062   Code   RO         4621    i.env_iterator      ef_env.o
    0x08003ece   0x08003ece   0x00000002   PAD
    0x08003ed0   0x08003ed0   0x00000010   Code   RO         1477    i.exti_interrupt_disable  gd32f30x_exti.o
    0x08003ee0   0x08003ee0   0x0000000c   Code   RO         1479    i.exti_interrupt_flag_clear  gd32f30x_exti.o
    0x08003eec   0x08003eec   0x00000014   Code   RO         1480    i.exti_interrupt_flag_get  gd32f30x_exti.o
    0x08003f00   0x08003f00   0x00000044   Code   RO         4622    i.find_env          ef_env.o
    0x08003f44   0x08003f44   0x0000003c   Code   RO         4623    i.find_env_cb       ef_env.o
    0x08003f80   0x08003f80   0x00000020   Code   RO         4624    i.find_env_no_cache  ef_env.o
    0x08003fa0   0x08003fa0   0x00000088   Code   RO         4625    i.find_next_env_addr  ef_env.o
    0x08004028   0x08004028   0x0000001a   Code   RO         1559    i.fmc_bank0_ready_wait  gd32f30x_fmc.o
    0x08004042   0x08004042   0x00000002   PAD
    0x08004044   0x08004044   0x00000028   Code   RO         1560    i.fmc_bank0_state_get  gd32f30x_fmc.o
    0x0800406c   0x0800406c   0x0000001a   Code   RO         1564    i.fmc_bank1_ready_wait  gd32f30x_fmc.o
    0x08004086   0x08004086   0x00000002   PAD
    0x08004088   0x08004088   0x00000028   Code   RO         1565    i.fmc_bank1_state_get  gd32f30x_fmc.o
    0x080040b0   0x080040b0   0x0000001c   Code   RO         1567    i.fmc_flag_clear    gd32f30x_fmc.o
    0x080040cc   0x080040cc   0x00000028   Code   RO         1574    i.fmc_lock          gd32f30x_fmc.o
    0x080040f4   0x080040f4   0x000000b4   Code   RO         1576    i.fmc_page_erase    gd32f30x_fmc.o
    0x080041a8   0x080041a8   0x00000038   Code   RO         1577    i.fmc_unlock        gd32f30x_fmc.o
    0x080041e0   0x080041e0   0x00000098   Code   RO         1578    i.fmc_word_program  gd32f30x_fmc.o
    0x08004278   0x08004278   0x00000068   Code   RO         4626    i.format_sector     ef_env.o
    0x080042e0   0x080042e0   0x00000018   Code   RO         4064    i.fputc             seeger_print.o
    0x080042f8   0x080042f8   0x00000050   Code   RO         8018    i.free              mc_w.l(malloc.o)
    0x08004348   0x08004348   0x00000010   Code   RO         4627    i.gc_check_cb       ef_env.o
    0x08004358   0x08004358   0x00000048   Code   RO         4628    i.gc_collect        ef_env.o
    0x080043a0   0x080043a0   0x00000040   Code   RO         4629    i.get_env           ef_env.o
    0x080043e0   0x080043e0   0x0000007c   Code   RO         4630    i.get_env_from_cache  ef_env.o
    0x0800445c   0x0800445c   0x00000056   Code   RO         4631    i.get_next_env_addr  ef_env.o
    0x080044b2   0x080044b2   0x00000002   PAD
    0x080044b4   0x080044b4   0x00000034   Code   RO         4632    i.get_next_sector_addr  ef_env.o
    0x080044e8   0x080044e8   0x0000002c   Code   RO         4633    i.get_sector_from_cache  ef_env.o
    0x08004514   0x08004514   0x00000020   Code   RO         4634    i.get_status        ef_env.o
    0x08004534   0x08004534   0x000000a4   Code   RO         1854    i.gpio_init         gd32f30x_gpio.o
    0x080045d8   0x080045d8   0x000000a4   Code   RO         4521    i.lwrb_find         lwrb_ex.o
    0x0800467c   0x0800467c   0x00000024   Code   RO         4389    i.lwrb_get_free     lwrb.o
    0x080046a0   0x080046a0   0x00000022   Code   RO         4390    i.lwrb_get_full     lwrb.o
    0x080046c2   0x080046c2   0x0000001c   Code   RO         4395    i.lwrb_init         lwrb.o
    0x080046de   0x080046de   0x00000018   Code   RO         4398    i.lwrb_read         lwrb.o
    0x080046f6   0x080046f6   0x00000094   Code   RO         4399    i.lwrb_read_ex      lwrb.o
    0x0800478a   0x0800478a   0x00000024   Code   RO         4400    i.lwrb_reset        lwrb.o
    0x080047ae   0x080047ae   0x00000018   Code   RO         4404    i.lwrb_write        lwrb.o
    0x080047c6   0x080047c6   0x00000090   Code   RO         4405    i.lwrb_write_ex     lwrb.o
    0x08004856   0x08004856   0x00000002   PAD
    0x08004858   0x08004858   0x00000058   Code   RO         5946    i.main              main.o
    0x080048b0   0x080048b0   0x0000006c   Code   RO         8019    i.malloc            mc_w.l(malloc.o)
    0x0800491c   0x0800491c   0x00000100   Code   RO         4635    i.move_env          ef_env.o
    0x08004a1c   0x08004a1c   0x00000034   Code   RO         4636    i.new_env           ef_env.o
    0x08004a50   0x08004a50   0x00000014   Code   RO         4637    i.new_env_by_kv     ef_env.o
    0x08004a64   0x08004a64   0x0000009c   Code   RO         2172    i.nvic_irq_enable   gd32f30x_misc.o
    0x08004b00   0x08004b00   0x00000014   Code   RO         2173    i.nvic_priority_group_set  gd32f30x_misc.o
    0x08004b14   0x08004b14   0x000000fc   Code   RO         2371    i.rcu_clock_freq_get  gd32f30x_rcu.o
    0x08004c10   0x08004c10   0x0000001c   Code   RO         2389    i.rcu_periph_clock_enable  gd32f30x_rcu.o
    0x08004c2c   0x08004c2c   0x0000001c   Code   RO         2392    i.rcu_periph_reset_disable  gd32f30x_rcu.o
    0x08004c48   0x08004c48   0x0000001c   Code   RO         2393    i.rcu_periph_reset_enable  gd32f30x_rcu.o
    0x08004c64   0x08004c64   0x000000e8   Code   RO         4639    i.read_env          ef_env.o
    0x08004d4c   0x08004d4c   0x0000014c   Code   RO         4640    i.read_sector_meta_data  ef_env.o
    0x08004e98   0x08004e98   0x0000002c   Code   RO         4641    i.read_status       ef_env.o
    0x08004ec4   0x08004ec4   0x00000010   Code   RO         2616    i.rtc_flag_clear    gd32f30x_rtc.o
    0x08004ed4   0x08004ed4   0x00000014   Code   RO         2617    i.rtc_flag_get      gd32f30x_rtc.o
    0x08004ee8   0x08004ee8   0x00000060   Code   RO         6893    i.sMyPrint          print_api.o
    0x08004f48   0x08004f48   0x000000a8   Code   RO         6894    i.sMyPrintErr       print_api.o
    0x08004ff0   0x08004ff0   0x000000a8   Code   RO         6895    i.sMyPrintTips      print_api.o
    0x08005098   0x08005098   0x000000a8   Code   RO         6896    i.sMyPrintWarn      print_api.o
    0x08005140   0x08005140   0x00000054   Code   RO         4642    i.sector_iterator   ef_env.o
    0x08005194   0x08005194   0x0000002a   Code   RO         4643    i.sector_statistics_cb  ef_env.o
    0x080051be   0x080051be   0x00000002   PAD
    0x080051c0   0x080051c0   0x00000090   Code   RO         4644    i.set_env           ef_env.o
    0x08005250   0x08005250   0x0000002a   Code   RO         4645    i.set_status        ef_env.o
    0x0800527a   0x0800527a   0x00000002   PAD
    0x0800527c   0x0800527c   0x0000004c   Code   RO           14    i.system_clock_8m_irc8m  system_gd32f30x.o
    0x080052c8   0x080052c8   0x00000004   Code   RO           15    i.system_clock_config  system_gd32f30x.o
    0x080052cc   0x080052cc   0x0000001c   Code   RO         5299    i.ucCheck_SumReflect  check.o
    0x080052e8   0x080052e8   0x000000ac   Code   RO         4646    i.update_env_cache  ef_env.o
    0x08005394   0x08005394   0x0000005a   Code   RO         4647    i.update_sec_status  ef_env.o
    0x080053ee   0x080053ee   0x00000002   PAD
    0x080053f0   0x080053f0   0x00000060   Code   RO         4648    i.update_sector_cache  ef_env.o
    0x08005450   0x08005450   0x00000004   Code   RO         6026    i.usBoot_GetMemParamSize  boot_info.o
    0x08005454   0x08005454   0x00000028   Code   RO         5305    i.usCheck_GetCrc16Tab  check.o
    0x0800547c   0x0800547c   0x00000020   Code   RO         6775    i.us_get_frame_len  xmodem_proto.o
    0x0800549c   0x0800549c   0x00000070   Code   RO         3693    i.usart_baudrate_set  gd32f30x_usart.o
    0x0800550c   0x0800550c   0x00000090   Code   RO         3698    i.usart_deinit      gd32f30x_usart.o
    0x0800559c   0x0800559c   0x0000000a   Code   RO         3702    i.usart_enable      gd32f30x_usart.o
    0x080055a6   0x080055a6   0x00000014   Code   RO         3708    i.usart_hardware_flow_cts_config  gd32f30x_usart.o
    0x080055ba   0x080055ba   0x00000014   Code   RO         3709    i.usart_hardware_flow_rts_config  gd32f30x_usart.o
    0x080055ce   0x080055ce   0x00000014   Code   RO         3710    i.usart_interrupt_disable  gd32f30x_usart.o
    0x080055e2   0x080055e2   0x00000014   Code   RO         3711    i.usart_interrupt_enable  gd32f30x_usart.o
    0x080055f6   0x080055f6   0x00000012   Code   RO         3712    i.usart_interrupt_flag_clear  gd32f30x_usart.o
    0x08005608   0x08005608   0x00000032   Code   RO         3713    i.usart_interrupt_flag_get  gd32f30x_usart.o
    0x0800563a   0x0800563a   0x00000010   Code   RO         3724    i.usart_parity_config  gd32f30x_usart.o
    0x0800564a   0x0800564a   0x00000014   Code   RO         3726    i.usart_receive_config  gd32f30x_usart.o
    0x0800565e   0x0800565e   0x00000010   Code   RO         3736    i.usart_stop_bit_set  gd32f30x_usart.o
    0x0800566e   0x0800566e   0x00000014   Code   RO         3740    i.usart_transmit_config  gd32f30x_usart.o
    0x08005682   0x08005682   0x00000010   Code   RO         3741    i.usart_word_length_set  gd32f30x_usart.o
    0x08005692   0x08005692   0x00000002   PAD
    0x08005694   0x08005694   0x0000017c   Code   RO         6677    i.vBaiKuProto_Proto  baiku_proto_1.o
    0x08005810   0x08005810   0x0000002e   Code   RO         6678    i.vBaiKuProto_TickTime  baiku_proto_1.o
    0x0800583e   0x0800583e   0x00000002   PAD
    0x08005840   0x08005840   0x00000020   Code   RO         6099    i.vBoard_StartTask  board_config.o
    0x08005860   0x08005860   0x00000050   Code   RO         6100    i.vBoard_SysInit    board_config.o
    0x080058b0   0x080058b0   0x00000094   Code   RO         7139    i.vFlash_Gd32Read32Bit  flash_gd32.o
    0x08005944   0x08005944   0x00000048   Code   RO         7185    i.vFlash_WriteDataToFlashInit  flash_iface.o
    0x0800598c   0x0800598c   0x000000e0   Code   RO         6169    i.vGPIO_Init        gpio_init.o
    0x08005a6c   0x08005a6c   0x00000018   Code   RO         7268    i.vKey_ParamInit    key_task.o
    0x08005a84   0x08005a84   0x00000040   Code   RO         7236    i.vKey_ProcKeyFunc  key_func.o
    0x08005ac4   0x08005ac4   0x000001c8   Code   RO         7270    i.vKey_Task         key_task.o
    0x08005c8c   0x08005c8c   0x00000004   Code   RO         7271    i.vKey_TaskInit     key_task.o
    0x08005c90   0x08005c90   0x0000000c   Code   RO         6958    i.vPrint_DeInit     print_iface.o
    0x08005c9c   0x08005c9c   0x0000000e   Code   RO         6959    i.vPrint_Init       print_iface.o
    0x08005caa   0x08005caa   0x00000002   PAD
    0x08005cac   0x08005cac   0x0000003c   Code   RO         6841    i.vPrint_Task       print_task.o
    0x08005ce8   0x08005ce8   0x00000010   Code   RO         6195    i.vSys_MsDelay      systick.o
    0x08005cf8   0x08005cf8   0x00000084   Code   RO         6375    i.vSys_Task         sys_task.o
    0x08005d7c   0x08005d7c   0x00000014   Code   RO         6376    i.vSys_TaskInit     sys_task.o
    0x08005d90   0x08005d90   0x00000040   Code   RO         6196    i.vSys_Tick         systick.o
    0x08005dd0   0x08005dd0   0x0000004c   Code   RO         6197    i.vSys_TickConfig   systick.o
    0x08005e1c   0x08005e1c   0x00000168   Code   RO         6377    i.vSys_TickTimer    sys_task.o
    0x08005f84   0x08005f84   0x0000001c   Code   RO         6146    i.vTimer_Task       timer_task.o
    0x08005fa0   0x08005fa0   0x00000028   Code   RO         6579    i.vUpdata_TickTimer  sys_queue_task_updata.o
    0x08005fc8   0x08005fc8   0x00000258   Code   RO         6776    i.vXmodem_Proto     xmodem_proto.o
    0x08006220   0x08006220   0x00000026   Code   RO         6777    i.vXmodem_TickTime  xmodem_proto.o
    0x08006246   0x08006246   0x00000002   Code   RO         7081    i.v_add_task_return_func_cb  print_queue_task.o
    0x08006248   0x08006248   0x00000040   Code   RO         7272    i.v_key_check_other_is_tri  key_task.o
    0x08006288   0x08006288   0x00000038   Code   RO         7273    i.v_key_gpio_init   key_task.o
    0x080062c0   0x080062c0   0x00000058   Code   RO         7274    i.v_key_long_press  key_task.o
    0x08006318   0x08006318   0x00000020   Code   RO         7275    i.v_key_register    key_task.o
    0x08006338   0x08006338   0x00000058   Code   RO         7276    i.v_key_shot_press  key_task.o
    0x08006390   0x08006390   0x00000058   Code   RO         6960    i.v_print_gpio_init  print_iface.o
    0x080063e8   0x080063e8   0x000000e0   Code   RO         6027    i.v_print_info      boot_info.o
    0x080064c8   0x080064c8   0x00000018   Code   RO         6495    i.v_print_logo      sys_queue_task_init.o
    0x080064e0   0x080064e0   0x00000090   Code   RO         7116    i.v_print_queue_task_main  print_queue_task_main.o
    0x08006570   0x08006570   0x00000098   Code   RO         6961    i.v_print_usart_init  print_iface.o
    0x08006608   0x08006608   0x00000084   Code   RO         6723    i.v_proc_check_ok_rec_data_cd  updata_main.o
    0x0800668c   0x0800668c   0x00000130   Code   RO         6724    i.v_rec_end_cd      updata_main.o
    0x080067bc   0x080067bc   0x0000001c   Code   RO         6725    i.v_rec_start_cd    updata_main.o
    0x080067d8   0x080067d8   0x00000004   Code   RO         6679    i.v_set_work_state  baiku_proto_1.o
    0x080067dc   0x080067dc   0x0000002a   Code   RO         6778    i.v_set_work_state  xmodem_proto.o
    0x08006806   0x08006806   0x00000002   PAD
    0x08006808   0x08006808   0x000000d4   Code   RO         6541    i.v_sys_queue_task_enter_app  sys_queue_task_enter_app.o
    0x080068dc   0x080068dc   0x000000b4   Code   RO         6630    i.v_sys_queue_task_err  sys_queue_task_err.o
    0x08006990   0x08006990   0x0000009c   Code   RO         6496    i.v_sys_queue_task_init  sys_queue_task_init.o
    0x08006a2c   0x08006a2c   0x000000a0   Code   RO         6650    i.v_sys_queue_task_reset  sys_queue_task_reset.o
    0x08006acc   0x08006acc   0x000000a8   Code   RO         6580    i.v_sys_queue_task_updata  sys_queue_task_updata.o
    0x08006b74   0x08006b74   0x00000028   Code   RO         6378    i.v_task_param_init  sys_task.o
    0x08006b9c   0x08006b9c   0x0000002a   Code   RO         4649    i.write_env_hdr     ef_env.o
    0x08006bc6   0x08006bc6   0x00000030   Code   RO         4650    i.write_status      ef_env.o
    0x08006bf6   0x08006bf6   0x00000021   Data   RO         4159    .constdata          segger_rtt.o
    0x08006c17   0x08006c17   0x00000010   Data   RO         4357    .constdata          segger_rtt_printf.o
    0x08006c27   0x08006c27   0x00000001   PAD
    0x08006c28   0x08006c28   0x00000400   Data   RO         4949    .constdata          ef_utils.o
    0x08007028   0x08007028   0x00000600   Data   RO         5310    .constdata          check.o
    0x08007628   0x08007628   0x00000026   Data   RO         6030    .constdata          boot_info.o
    0x0800764e   0x0800764e   0x00000002   PAD
    0x08007650   0x08007650   0x00000018   Data   RO         6031    .constdata          boot_info.o
    0x08007668   0x08007668   0x00000002   Data   RO         7237    .constdata          key_func.o
    0x0800766a   0x0800766a   0x00000002   PAD
    0x0800766c   0x0800766c   0x0000008f   Data   RO         4652    .conststring        ef_env.o
    0x080076fb   0x080076fb   0x00000001   PAD
    0x080076fc   0x080076fc   0x00000020   Data   RO         8129    Region$$Table       anon$$obj.o


    Execution Region RW_IRAM1 (Exec base: 0x20000000, Load base: 0x0800771c, Size: 0x000034e8, Max: 0x00010000, ABSOLUTE, COMPRESSED[0x00000040])

    Exec Addr    Load Addr    Size         Type   Attr      Idx    E Section Name        Object

    0x20000000   COMPRESSED   0x00000004   Data   RW           17    .data               system_gd32f30x.o
    0x20000004   COMPRESSED   0x00000004   Data   RW         4065    .data               seeger_print.o
    0x20000008   COMPRESSED   0x00000001   Data   RW         4554    .data               easyflash.o
    0x20000009   COMPRESSED   0x00000003   PAD
    0x2000000c   COMPRESSED   0x00000010   Data   RW         4653    .data               ef_env.o
    0x2000001c   COMPRESSED   0x00000001   Data   RW         6147    .data               timer_task.o
    0x2000001d   COMPRESSED   0x00000003   PAD
    0x20000020   COMPRESSED   0x0000000c   Data   RW         6198    .data               systick.o
    0x2000002c   COMPRESSED   0x00000001   Data   RW         6254    .data               gd32f30x_it.o
    0x2000002d   COMPRESSED   0x00000003   PAD
    0x20000030   COMPRESSED   0x00000008   Data   RW         6380    .data               sys_task.o
    0x20000038   COMPRESSED   0x0000000c   Data   RW         6434    .data               sys_queue_task.o
    0x20000044   COMPRESSED   0x00000002   Data   RW         6542    .data               sys_queue_task_enter_app.o
    0x20000046   COMPRESSED   0x00000002   PAD
    0x20000048   COMPRESSED   0x00000448   Data   RW         6726    .data               updata_main.o
    0x20000490   COMPRESSED   0x00000008   Data   RW         6843    .data               print_task.o
    0x20000498   COMPRESSED   0x00000004   Data   RW         6844    .data               print_task.o
    0x2000049c   COMPRESSED   0x00000004   Data   RW         6899    .data               print_api.o
    0x200004a0   COMPRESSED   0x00000004   Data   RW         6900    .data               print_api.o
    0x200004a4   COMPRESSED   0x00000004   Data   RW         6901    .data               print_api.o
    0x200004a8   COMPRESSED   0x00000004   Data   RW         6963    .data               print_iface.o
    0x200004ac   COMPRESSED   0x0000000c   Data   RW         7020    .data               print_prot_frame.o
    0x200004b8   COMPRESSED   0x00000004   Data   RW         7082    .data               print_queue_task.o
    0x200004bc   COMPRESSED   0x00000010   Data   RW         7278    .data               key_task.o
    0x200004cc   COMPRESSED   0x00000004   Data   RW         8101    .data               mc_w.l(mvars.o)
    0x200004d0   COMPRESSED   0x00000004   Data   RW         8102    .data               mc_w.l(mvars.o)
    0x200004d4        -       0x000004b8   Zero   RW         4158    .bss                segger_rtt.o
    0x2000098c        -       0x00000174   Zero   RW         4651    .bss                ef_env.o
    0x20000b00        -       0x00000100   Zero   RW         4979    .bss                ef_port.o
    0x20000c00        -       0x00000068   Zero   RW         6029    .bss                boot_info.o
    0x20000c68        -       0x0000001a   Zero   RW         6379    .bss                sys_task.o
    0x20000c82   COMPRESSED   0x00000002   PAD
    0x20000c84        -       0x00000018   Zero   RW         6581    .bss                sys_queue_task_updata.o
    0x20000c9c        -       0x00000218   Zero   RW         6842    .bss                print_task.o
    0x20000eb4        -       0x00000100   Zero   RW         6898    .bss                print_api.o
    0x20000fb4        -       0x00000100   Zero   RW         6962    .bss                print_iface.o
    0x200010b4        -       0x00000010   Zero   RW         7186    .bss                flash_iface.o
    0x200010c4        -       0x00000020   Zero   RW         7277    .bss                key_task.o
    0x200010e4   COMPRESSED   0x00000004   PAD
    0x200010e8        -       0x00002000   Zero   RW            2    HEAP                startup_gd32f30x_xd.o
    0x200030e8        -       0x00000400   Zero   RW            1    STACK               startup_gd32f30x_xd.o


==============================================================================

Image component sizes


      Code (inc. data)   RO Data    RW Data    ZI Data      Debug   Object Name

       954          0          0          0          0       9385   baiku_proto.o
       744        156          0          0          0       4607   baiku_proto_1.o
       148         50          0          0          0       1615   board_config.o
      1232        428        158          0        104       8521   boot_info.o
        68          4       1536          0          0       2043   check.o
       108         48          0          1          0       2325   easyflash.o
      4526        422        143         16        372      41471   ef_env.o
       180         18          0          0        256      10367   ef_port.o
        40          6       1024          0          0       1216   ef_utils.o
       600        220          0          0          0       3124   flash_gd32.o
       430        194          0          0         16       4412   flash_iface.o
        30          0          0          0          0       1139   function.o
        48         16          0          0          0       1831   gd32f30x_exti.o
       588         80          0          0          0       6291   gd32f30x_fmc.o
       164          0          0          0          0       1024   gd32f30x_gpio.o
       144          4          0          1          0       6541   gd32f30x_it.o
       176         16          0          0          0       1500   gd32f30x_misc.o
       336         46          0          0          0       3372   gd32f30x_rcu.o
        36         10          0          0          0       1200   gd32f30x_rtc.o
       502         18          0          0          0       9394   gd32f30x_usart.o
       224         30          0          0          0        557   gpio_init.o
        64         30          2          0          0       1355   key_func.o
       832        154          0         16         32       7227   key_task.o
       474          0          0          0          0       8609   lwrb.o
       164          0          0          0          0       1800   lwrb_ex.o
        88         14          0          0          0       6324   main.o
         0          0          0          0          0       1300   modbus_proto.o
       678         98          0         12        256       5659   print_api.o
       506         76          0          4        256       4550   print_iface.o
       388         42          0         12          0       5034   print_prot_frame.o
       182         18          0          4          0       2093   print_queue_task.o
       144         22          0          0          0       1366   print_queue_task_main.o
       232         44          0         12        536       4381   print_task.o
       526          0          0          0          0       4082   queue_task.o
        24          6          0          4          0       6534   seeger_print.o
       448         30         33          0       1208       9714   segger_rtt.o
       932          6         16          0          0       6181   segger_rtt_printf.o
        36          8        304          0       9216        908   startup_gd32f30x_xd.o
       544        190          0         12          0       7810   sys_queue_task.o
       212         46          0          2          0        945   sys_queue_task_enter_app.o
       180         46          0          0          0        715   sys_queue_task_err.o
       180         32          0          0          0       1168   sys_queue_task_init.o
       160         54          0          0          0      27180   sys_queue_task_reset.o
       440        102          0          0         24       4464   sys_queue_task_updata.o
       888        480          0          8         26       4875   sys_task.o
       212         20          0          4          0      45039   system_gd32f30x.o
       188         16          0         12          0      28963   systick.o
        28          4          0          1          0        650   timer_task.o
      1292        428          0       1096          0       8110   updata_main.o
      1668        462          0          0          0       8298   xmodem_proto.o

    ----------------------------------------------------------------------
     23032       4194       3254       1228      12308     337269   Object Totals
         0          0         32          0          0          0   (incl. Generated)
        44          0          6         11          6          0   (incl. Padding)

    ----------------------------------------------------------------------

      Code (inc. data)   RO Data    RW Data    ZI Data      Debug   Library Member Name

        86          0          0          0          0          0   __dczerorl2.o
         0          0          0          0          0          0   entry.o
         0          0          0          0          0          0   entry10a.o
         0          0          0          0          0          0   entry11a.o
         4          0          0          0          0          0   entry12b.o
         8          4          0          0          0          0   entry2.o
         4          0          0          0          0          0   entry5.o
         0          0          0          0          0          0   entry7b.o
         0          0          0          0          0          0   entry8b.o
         8          4          0          0          0          0   entry9a.o
        30          0          0          0          0          0   handlers.o
        36          8          0          0          0         68   init.o
         0          0          0          0          0          0   iusefp.o
        30          0          0          0          0         68   llshl.o
        36          0          0          0          0         68   llsshr.o
        32          0          0          0          0         68   llushr.o
       188         20          0          0          0        160   malloc.o
        64          0          0          0          0         76   memmovea.o
        36          0          0          0          0        108   memseta.o
         0          0          0          8          0          0   mvars.o
      2338        102          0          0          0        760   printfa.o
        28          0          0          0          0         76   strcmp.o
        14          0          0          0          0         68   strlen.o
        30          0          0          0          0         80   strncmp.o
        24          0          0          0          0         76   strncpy.o
        44          0          0          0          0         80   uidiv.o
        98          0          0          0          0         92   uldiv.o
        48          0          0          0          0         68   cdrcmple.o
       334          0          0          0          0        148   dadd.o
       222          0          0          0          0        100   ddiv.o
       186          0          0          0          0        176   depilogue.o
        48          0          0          0          0         68   dfixul.o
       228          0          0          0          0         96   dmul.o

    ----------------------------------------------------------------------
      4206        138          0          8          0       2504   Library Totals
         2          0          0          0          0          0   (incl. Padding)

    ----------------------------------------------------------------------

      Code (inc. data)   RO Data    RW Data    ZI Data      Debug   Library Name

      3138        138          0          8          0       1848   mc_w.l
      1066          0          0          0          0        656   mf_w.l

    ----------------------------------------------------------------------
      4206        138          0          8          0       2504   Library Totals

    ----------------------------------------------------------------------

==============================================================================


      Code (inc. data)   RO Data    RW Data    ZI Data      Debug   

     27238       4332       3254       1236      12308     315205   Grand Totals
     27238       4332       3254         64      12308     315205   ELF Image Totals (compressed)
     27238       4332       3254         64          0          0   ROM Totals

==============================================================================

    Total RO  Size (Code + RO Data)                30492 (  29.78kB)
    Total RW  Size (RW Data + ZI Data)             13544 (  13.23kB)
    Total ROM Size (Code + RO Data + RW Data)      30556 (  29.84kB)

==============================================================================

