<html>
<body>
<pre>
<h1>µVision Build Log</h1>
<h2>Tool Versions:</h2>
IDE-Version: ¦ÌVision V5.43.1.0
Copyright (C) 2025 ARM Ltd and ARM Germany GmbH. All rights reserved.
License Information: 1 291483914@qq.com, 1, LIC=MPPLD-80FNY-RAPDM-X9NT4-TP512-7RZL3
 
Tool Versions:
Toolchain:       MDK-ARM Plus  Version: 5.43.0.0
Toolchain Path:  C:\Users\29148\AppData\Local\Keil_v5\ARM\ARMCC\Bin
C Compiler:      Armcc.exe V5.06 update 7 (build 960)
Assembler:       Armasm.exe V5.06 update 7 (build 960)
Linker/Locator:  ArmLink.exe V5.06 update 7 (build 960)
Library Manager: ArmAr.exe V5.06 update 7 (build 960)
Hex Converter:   FromElf.exe V5.06 update 7 (build 960)
CPU DLL:         SARMCM3.DLL V5.43.0.0
Dialog DLL:      DCM.DLL V1.17.5.0
Target DLL:      Segger\JL2CM3.dll V2.99.45.0
Dialog DLL:      TCM.DLL V1.56.6.0
 
<h2>Project:</h2>
G:\2-User_Projects\3-SmartFishJar\1.software\SmartFishJar\BOOT\BOOT.uvprojx
Project File Date:  03/23/2026

<h2>Output:</h2>
*** Using Compiler 'V5.06 update 7 (build 960)', folder: 'C:\Users\29148\AppData\Local\Keil_v5\ARM\ARMCC\Bin'
Build Project 'BOOT' - Target 'BOOT'
Note: source file '.\Hardware\Updata\baiku_proto.c' - object file renamed from '.\Objects\baiku_proto.o' to '.\Objects\baiku_proto_1.o'.
compiling boot_info.c...
linking...
Program Size: Code=30602 RO-data=3258 RW-data=1232 ZI-data=12304  
FromELF: creating hex file...
After Build - User command #1: C:\Users\29148\AppData\Local\Keil_v5\\ARM\ARMCC\bin\fromelf.exe --bin --output=BOOT.bin .\Objects\BOOT.axf
After Build - User command #2: .\Keil5_disp_size_bar_v0.4.exe
[Keil5_disp_size_bar V0.4]: find project satrt!
[Keil5_disp_size_bar V0.4]: Found file: .//BOOT.uvprojx
[Keil5_disp_size_bar V0.4]: Found file: .//BOOT.uvprojx
[Keil5_disp_size_bar V0.4]: find map file start
[Keil5_disp_size_bar V0.4]: Found file: .//build/BOOT/BOOT.map
[Keil5_disp_size_bar V0.4]: map file read end
ram:
   64 KB   ram1:|¡ö¡ö¡ö¡ö________________| 21.04 % (   13.47 KB /    64.00 KB) [51744 B]
flash:
   49 KB flash1:|¡ö¡ö¡ö¡ö¡ö¡ö¡ö¡ö¡ö¡ö¡ö¡ö¡ö_______| 68.62 % (   34.31 KB /    50.00 KB) [16067 B]
 
".\Objects\BOOT.axf" - 0 Error(s), 0 Warning(s).

<h2>Software Packages used:</h2>

Package Vendor: GigaDevice
                https://gd32mcu.com/data/documents/pack/GigaDevice.GD32F30x_DFP.2.2.3.pack
                GigaDevice::GD32F30x_DFP@2.2.3
                GigaDevice GD32F30x Series Device Support and Examples

<h2>Collection of Component include folders:</h2>
  C:/Users/29148/AppData/Local/Arm/Packs/GigaDevice/GD32F30x_DFP/2.2.3/Device/Include

<h2>Collection of Component Files used:</h2>
Build Time Elapsed:  00:00:01
</pre>
</body>
</html>
