<html>
<body>
<pre>
<h1>µVision Build Log</h1>
<h2>Tool Versions:</h2>
IDE-Version: ¦ÌVision V5.43.1.0
Copyright (C) 2025 ARM Ltd and ARM Germany GmbH. All rights reserved.
License Information: 1 Administrator, 1, LIC=ATTQ1-CUF0F-NN9AF-6WPML-Y1SVF-FJPI0
 
Tool Versions:
Toolchain:       MDK-ARM Plus  Version: 5.43.0.0
Toolchain Path:  C:\Users\Administrator\AppData\Local\Keil_v5\ARM\ARMCC\Bin
C Compiler:      Armcc.exe V5.06 update 7 (build 960)
Assembler:       Armasm.exe V5.06 update 7 (build 960)
Linker/Locator:  ArmLink.exe V5.06 update 7 (build 960)
Library Manager: ArmAr.exe V5.06 update 7 (build 960)
Hex Converter:   FromElf.exe V5.06 update 7 (build 960)
CPU DLL:         SARMCM3.DLL V5.43.0.0
Dialog DLL:      DCM.DLL V1.17.5.0
Target DLL:      Segger\JL2CM3.dll V2.99.45.0
Dialog DLL:      TCM.DLL V1.56.6.0
 
<h2>Project:</h2>
G:\8-UserProjects\SmartFishJar-Lite\BOOT\BOOT.uvprojx
Project File Date:  05/01/2026

<h2>Output:</h2>
*** Using Compiler 'V5.06 update 7 (build 960)', folder: 'C:\Users\Administrator\AppData\Local\Keil_v5\ARM\ARMCC\Bin'
Build Project 'BOOT' - Target 'BOOT'
Note: source file '.\Hardware\Updata\baiku_proto.c' - object file renamed from '.\Objects\baiku_proto.o' to '.\Objects\baiku_proto_1.o'.
assembling startup_gd32f30x_xd.s...
compiling system_gd32f30x.c...
compiling gd32f30x_dac.c...
compiling gd32f30x_enet.c...
compiling gd32f30x_dma.c...
compiling gd32f30x_exti.c...
compiling gd32f30x_exmc.c...
compiling gd32f30x_crc.c...
compiling gd32f30x_ctc.c...
compiling gd32f30x_dbg.c...
compiling gd32f30x_bkp.c...
compiling gd32f30x_can.c...
compiling gd32f30x_adc.c...
compiling gd32f30x_fmc.c...
compiling gd32f30x_fwdgt.c...
compiling gd32f30x_gpio.c...
compiling gd32f30x_misc.c...
compiling gd32f30x_i2c.c...
compiling gd32f30x_rtc.c...
compiling SEGGER_RTT_printf.c...
compiling gd32f30x_pmu.c...
compiling gd32f30x_sdio.c...
compiling gd32f30x_wwdgt.c...
compiling lwrb.c...
compiling gd32f30x_rcu.c...
compiling gd32f30x_spi.c...
compiling lwrb_ex.c...
compiling SEGGER_RTT.c...
compiling gd32f30x_usart.c...
compiling Seeger_print.c...
compiling gd32f30x_timer.c...
compiling ef_iap.c...
compiling ef_log.c...
compiling easyflash.c...
compiling ef_utils.c...
compiling proto_updata.c...
compiling ef_port.c...
compiling baiku_proto.c...
compiling filtration.c...
compiling modbus_proto.c...
compiling check.c...
compiling function.c...
compiling ef_env.c...
compiling i2c.c...
compiling ntc.c...
compiling queue_task.c...
compiling main.c...
compiling boot_info.c...
compiling timer_task.c...
compiling board_config.c...
compiling gpio_init.c...
compiling fwdgt.c...
compiling gd32f30x_it.c...
compiling rtc_wakeup.c...
compiling sys_task.c...
compiling systick.c...
compiling sys_queue_task.c...
compiling sys_queue_task_init.c...
compiling sys_queue_task_dispaly.c...
compiling sys_queue_task_enter_app.c...
compiling sys_queue_task_low_power.c...
compiling sys_queue_task_err.c...
compiling sys_queue_task_reset.c...
compiling sys_queue_task_updata.c...
compiling baiku_proto.c...
compiling updata_main.c...
compiling print_task.c...
compiling print_api.c...
compiling print_iface.c...
compiling xmodem_proto.c...
compiling print_prot_frame.c...
compiling print_queue_task.c...
compiling print_queue_task_main.c...
compiling flash_gd32.c...
compiling flash_iface.c...
compiling key_func.c...
compiling key_task.c...
compiling led_iface.c...
compiling adc_task.c...
compiling led_task.c...
compiling md_bms_task.c...
compiling adc_iface.c...
compiling md_bms_queue_task.c...
compiling md_bms_queue_task_main.c...
compiling md_bms_rec_task.c...
compiling md_bms_rec_data_proc.c...
compiling md_bms_prot_frame.c...
compiling md_bms_iface.c...
compiling md_display_task.c...
compiling md_display_api.c...
compiling md_display_iface.c...
linking...
Program Size: Code=27238 RO-data=3254 RW-data=1236 ZI-data=12308  
FromELF: creating hex file...
After Build - User command #1: C:\Users\Administrator\AppData\Local\Keil_v5\\ARM\ARMCC\bin\fromelf.exe --bin --output=BOOT.bin .\Objects\BOOT.axf
After Build - User command #2: .\Keil5_disp_size_bar_v0.4.exe
[Keil5_disp_size_bar V0.4]: find project satrt!
[Keil5_disp_size_bar V0.4]: Found file: .//BOOT.uvprojx
[Keil5_disp_size_bar V0.4]: Found file: .//BOOT.uvprojx
[Keil5_disp_size_bar V0.4]: find map file start
[Keil5_disp_size_bar V0.4]: Found file: .//Listings/BOOT.map
[Keil5_disp_size_bar V0.4]: map file read end
ram:
   64 KB   ram1:|¡ö¡ö¡ö¡ö________________| 20.67 % (   13.23 KB /    64.00 KB) [51992 B]
flash:
   49 KB flash1:|¡ö¡ö¡ö¡ö¡ö¡ö¡ö¡ö¡ö¡ö¡ö_________| 59.56 % (   29.78 KB /    50.00 KB) [20707 B]
 
".\Objects\BOOT.axf" - 0 Error(s), 0 Warning(s).

<h2>Software Packages used:</h2>

Package Vendor: GigaDevice
                https://gd32mcu.com/data/documents/pack/GigaDevice.GD32F30x_DFP.2.2.3.pack
                GigaDevice::GD32F30x_DFP@2.2.3
                GigaDevice GD32F30x Series Device Support and Examples

<h2>Collection of Component include folders:</h2>
  C:/Users/Administrator/AppData/Local/Arm/Packs/GigaDevice/GD32F30x_DFP/2.2.3/Device/Include

<h2>Collection of Component Files used:</h2>
Build Time Elapsed:  00:00:03
</pre>
</body>
</html>
