<!doctype html public "-//w3c//dtd html 4.0 transitional//en">
<html><head>
<title>Static Call Graph - [.\Objects\BOOT.axf]</title></head>
<body><HR>
<H1>Static Call Graph for image .\Objects\BOOT.axf</H1><HR>
<BR><P>#&#060CALLGRAPH&#062# ARM Linker, 5060960: Last Updated: Fri May 01 20:15:01 2026
<BR><P>
<H3>Maximum Stack Usage =        832 bytes + Unknown(Cycles, Untraceable Function Pointers)</H3><H3>
Call chain for Maximum Stack Depth:</H3>
do_gc &rArr; move_env &rArr; del_env &rArr; find_env &rArr; find_env_no_cache &rArr; env_iterator &rArr; read_sector_meta_data &rArr; read_env &rArr; write_status &rArr; ef_port_write &rArr; bFlash_Gd32Write32Bit &rArr; sMyPrint &rArr; bPrint_SendDataToUsart &rArr; bPrint_DataSendStart &rArr; lwrb_read &rArr; lwrb_read_ex &rArr; __aeabi_memcpy
<P>
<H3>
Mutually Recursive functions
</H3> <LI><a href="#[25]">ADC0_1_IRQHandler</a>&nbsp;&nbsp;&nbsp;&rArr;&nbsp;&nbsp;&nbsp;<a href="#[25]">ADC0_1_IRQHandler</a><BR>
 <LI><a href="#[d]">BusFault_Handler</a>&nbsp;&nbsp;&nbsp;&rArr;&nbsp;&nbsp;&nbsp;<a href="#[d]">BusFault_Handler</a><BR>
 <LI><a href="#[b]">HardFault_Handler</a>&nbsp;&nbsp;&nbsp;&rArr;&nbsp;&nbsp;&nbsp;<a href="#[b]">HardFault_Handler</a><BR>
 <LI><a href="#[c]">MemManage_Handler</a>&nbsp;&nbsp;&nbsp;&rArr;&nbsp;&nbsp;&nbsp;<a href="#[c]">MemManage_Handler</a><BR>
 <LI><a href="#[e]">UsageFault_Handler</a>&nbsp;&nbsp;&nbsp;&rArr;&nbsp;&nbsp;&nbsp;<a href="#[e]">UsageFault_Handler</a><BR>
</UL>
<P>
<H3>
Function Pointers
</H3><UL>
 <LI><a href="#[25]">ADC0_1_IRQHandler</a> from startup_gd32f30x_xd.o(.text) referenced from startup_gd32f30x_xd.o(RESET)
 <LI><a href="#[42]">ADC2_IRQHandler</a> from startup_gd32f30x_xd.o(.text) referenced from startup_gd32f30x_xd.o(RESET)
 <LI><a href="#[d]">BusFault_Handler</a> from gd32f30x_it.o(i.BusFault_Handler) referenced from startup_gd32f30x_xd.o(RESET)
 <LI><a href="#[29]">CAN0_EWMC_IRQHandler</a> from startup_gd32f30x_xd.o(.text) referenced from startup_gd32f30x_xd.o(RESET)
 <LI><a href="#[28]">CAN0_RX1_IRQHandler</a> from startup_gd32f30x_xd.o(.text) referenced from startup_gd32f30x_xd.o(RESET)
 <LI><a href="#[1e]">DMA0_Channel0_IRQHandler</a> from startup_gd32f30x_xd.o(.text) referenced from startup_gd32f30x_xd.o(RESET)
 <LI><a href="#[1f]">DMA0_Channel1_IRQHandler</a> from startup_gd32f30x_xd.o(.text) referenced from startup_gd32f30x_xd.o(RESET)
 <LI><a href="#[20]">DMA0_Channel2_IRQHandler</a> from startup_gd32f30x_xd.o(.text) referenced from startup_gd32f30x_xd.o(RESET)
 <LI><a href="#[21]">DMA0_Channel3_IRQHandler</a> from startup_gd32f30x_xd.o(.text) referenced from startup_gd32f30x_xd.o(RESET)
 <LI><a href="#[22]">DMA0_Channel4_IRQHandler</a> from startup_gd32f30x_xd.o(.text) referenced from startup_gd32f30x_xd.o(RESET)
 <LI><a href="#[23]">DMA0_Channel5_IRQHandler</a> from startup_gd32f30x_xd.o(.text) referenced from startup_gd32f30x_xd.o(RESET)
 <LI><a href="#[24]">DMA0_Channel6_IRQHandler</a> from startup_gd32f30x_xd.o(.text) referenced from startup_gd32f30x_xd.o(RESET)
 <LI><a href="#[4b]">DMA1_Channel0_IRQHandler</a> from startup_gd32f30x_xd.o(.text) referenced from startup_gd32f30x_xd.o(RESET)
 <LI><a href="#[4c]">DMA1_Channel1_IRQHandler</a> from startup_gd32f30x_xd.o(.text) referenced from startup_gd32f30x_xd.o(RESET)
 <LI><a href="#[4d]">DMA1_Channel2_IRQHandler</a> from startup_gd32f30x_xd.o(.text) referenced from startup_gd32f30x_xd.o(RESET)
 <LI><a href="#[4e]">DMA1_Channel3_4_IRQHandler</a> from startup_gd32f30x_xd.o(.text) referenced from startup_gd32f30x_xd.o(RESET)
 <LI><a href="#[10]">DebugMon_Handler</a> from gd32f30x_it.o(i.DebugMon_Handler) referenced from startup_gd32f30x_xd.o(RESET)
 <LI><a href="#[43]">EXMC_IRQHandler</a> from startup_gd32f30x_xd.o(.text) referenced from startup_gd32f30x_xd.o(RESET)
 <LI><a href="#[19]">EXTI0_IRQHandler</a> from gd32f30x_it.o(i.EXTI0_IRQHandler) referenced from startup_gd32f30x_xd.o(RESET)
 <LI><a href="#[3b]">EXTI10_15_IRQHandler</a> from gd32f30x_it.o(i.EXTI10_15_IRQHandler) referenced from startup_gd32f30x_xd.o(RESET)
 <LI><a href="#[1a]">EXTI1_IRQHandler</a> from startup_gd32f30x_xd.o(.text) referenced from startup_gd32f30x_xd.o(RESET)
 <LI><a href="#[1b]">EXTI2_IRQHandler</a> from gd32f30x_it.o(i.EXTI2_IRQHandler) referenced from startup_gd32f30x_xd.o(RESET)
 <LI><a href="#[1c]">EXTI3_IRQHandler</a> from startup_gd32f30x_xd.o(.text) referenced from startup_gd32f30x_xd.o(RESET)
 <LI><a href="#[1d]">EXTI4_IRQHandler</a> from startup_gd32f30x_xd.o(.text) referenced from startup_gd32f30x_xd.o(RESET)
 <LI><a href="#[2a]">EXTI5_9_IRQHandler</a> from startup_gd32f30x_xd.o(.text) referenced from startup_gd32f30x_xd.o(RESET)
 <LI><a href="#[17]">FMC_IRQHandler</a> from startup_gd32f30x_xd.o(.text) referenced from startup_gd32f30x_xd.o(RESET)
 <LI><a href="#[b]">HardFault_Handler</a> from gd32f30x_it.o(i.HardFault_Handler) referenced from startup_gd32f30x_xd.o(RESET)
 <LI><a href="#[33]">I2C0_ER_IRQHandler</a> from startup_gd32f30x_xd.o(.text) referenced from startup_gd32f30x_xd.o(RESET)
 <LI><a href="#[32]">I2C0_EV_IRQHandler</a> from startup_gd32f30x_xd.o(.text) referenced from startup_gd32f30x_xd.o(RESET)
 <LI><a href="#[35]">I2C1_ER_IRQHandler</a> from startup_gd32f30x_xd.o(.text) referenced from startup_gd32f30x_xd.o(RESET)
 <LI><a href="#[34]">I2C1_EV_IRQHandler</a> from startup_gd32f30x_xd.o(.text) referenced from startup_gd32f30x_xd.o(RESET)
 <LI><a href="#[14]">LVD_IRQHandler</a> from startup_gd32f30x_xd.o(.text) referenced from startup_gd32f30x_xd.o(RESET)
 <LI><a href="#[c]">MemManage_Handler</a> from gd32f30x_it.o(i.MemManage_Handler) referenced from startup_gd32f30x_xd.o(RESET)
 <LI><a href="#[a]">NMI_Handler</a> from gd32f30x_it.o(i.NMI_Handler) referenced from startup_gd32f30x_xd.o(RESET)
 <LI><a href="#[11]">PendSV_Handler</a> from gd32f30x_it.o(i.PendSV_Handler) referenced from startup_gd32f30x_xd.o(RESET)
 <LI><a href="#[18]">RCU_CTC_IRQHandler</a> from startup_gd32f30x_xd.o(.text) referenced from startup_gd32f30x_xd.o(RESET)
 <LI><a href="#[3c]">RTC_Alarm_IRQHandler</a> from gd32f30x_it.o(i.RTC_Alarm_IRQHandler) referenced from startup_gd32f30x_xd.o(RESET)
 <LI><a href="#[16]">RTC_IRQHandler</a> from startup_gd32f30x_xd.o(.text) referenced from startup_gd32f30x_xd.o(RESET)
 <LI><a href="#[9]">Reset_Handler</a> from startup_gd32f30x_xd.o(.text) referenced from startup_gd32f30x_xd.o(RESET)
 <LI><a href="#[44]">SDIO_IRQHandler</a> from startup_gd32f30x_xd.o(.text) referenced from startup_gd32f30x_xd.o(RESET)
 <LI><a href="#[36]">SPI0_IRQHandler</a> from startup_gd32f30x_xd.o(.text) referenced from startup_gd32f30x_xd.o(RESET)
 <LI><a href="#[37]">SPI1_IRQHandler</a> from startup_gd32f30x_xd.o(.text) referenced from startup_gd32f30x_xd.o(RESET)
 <LI><a href="#[46]">SPI2_IRQHandler</a> from startup_gd32f30x_xd.o(.text) referenced from startup_gd32f30x_xd.o(RESET)
 <LI><a href="#[f]">SVC_Handler</a> from gd32f30x_it.o(i.SVC_Handler) referenced from startup_gd32f30x_xd.o(RESET)
 <LI><a href="#[12]">SysTick_Handler</a> from gd32f30x_it.o(i.SysTick_Handler) referenced from startup_gd32f30x_xd.o(RESET)
 <LI><a href="#[50]">SystemInit</a> from system_gd32f30x.o(i.SystemInit) referenced from startup_gd32f30x_xd.o(.text)
 <LI><a href="#[15]">TAMPER_IRQHandler</a> from startup_gd32f30x_xd.o(.text) referenced from startup_gd32f30x_xd.o(RESET)
 <LI><a href="#[2b]">TIMER0_BRK_TIMER8_IRQHandler</a> from startup_gd32f30x_xd.o(.text) referenced from startup_gd32f30x_xd.o(RESET)
 <LI><a href="#[2e]">TIMER0_Channel_IRQHandler</a> from startup_gd32f30x_xd.o(.text) referenced from startup_gd32f30x_xd.o(RESET)
 <LI><a href="#[2d]">TIMER0_TRG_CMT_TIMER10_IRQHandler</a> from startup_gd32f30x_xd.o(.text) referenced from startup_gd32f30x_xd.o(RESET)
 <LI><a href="#[2c]">TIMER0_UP_TIMER9_IRQHandler</a> from startup_gd32f30x_xd.o(.text) referenced from startup_gd32f30x_xd.o(RESET)
 <LI><a href="#[2f]">TIMER1_IRQHandler</a> from startup_gd32f30x_xd.o(.text) referenced from startup_gd32f30x_xd.o(RESET)
 <LI><a href="#[30]">TIMER2_IRQHandler</a> from startup_gd32f30x_xd.o(.text) referenced from startup_gd32f30x_xd.o(RESET)
 <LI><a href="#[31]">TIMER3_IRQHandler</a> from startup_gd32f30x_xd.o(.text) referenced from startup_gd32f30x_xd.o(RESET)
 <LI><a href="#[45]">TIMER4_IRQHandler</a> from startup_gd32f30x_xd.o(.text) referenced from startup_gd32f30x_xd.o(RESET)
 <LI><a href="#[49]">TIMER5_IRQHandler</a> from startup_gd32f30x_xd.o(.text) referenced from startup_gd32f30x_xd.o(RESET)
 <LI><a href="#[4a]">TIMER6_IRQHandler</a> from startup_gd32f30x_xd.o(.text) referenced from startup_gd32f30x_xd.o(RESET)
 <LI><a href="#[3e]">TIMER7_BRK_TIMER11_IRQHandler</a> from startup_gd32f30x_xd.o(.text) referenced from startup_gd32f30x_xd.o(RESET)
 <LI><a href="#[41]">TIMER7_Channel_IRQHandler</a> from startup_gd32f30x_xd.o(.text) referenced from startup_gd32f30x_xd.o(RESET)
 <LI><a href="#[40]">TIMER7_TRG_CMT_TIMER13_IRQHandler</a> from startup_gd32f30x_xd.o(.text) referenced from startup_gd32f30x_xd.o(RESET)
 <LI><a href="#[3f]">TIMER7_UP_TIMER12_IRQHandler</a> from startup_gd32f30x_xd.o(.text) referenced from startup_gd32f30x_xd.o(RESET)
 <LI><a href="#[47]">UART3_IRQHandler</a> from startup_gd32f30x_xd.o(.text) referenced from startup_gd32f30x_xd.o(RESET)
 <LI><a href="#[48]">UART4_IRQHandler</a> from startup_gd32f30x_xd.o(.text) referenced from startup_gd32f30x_xd.o(RESET)
 <LI><a href="#[38]">USART0_IRQHandler</a> from print_iface.o(i.USART0_IRQHandler) referenced from startup_gd32f30x_xd.o(RESET)
 <LI><a href="#[39]">USART1_IRQHandler</a> from startup_gd32f30x_xd.o(.text) referenced from startup_gd32f30x_xd.o(RESET)
 <LI><a href="#[3a]">USART2_IRQHandler</a> from startup_gd32f30x_xd.o(.text) referenced from startup_gd32f30x_xd.o(RESET)
 <LI><a href="#[26]">USBD_HP_CAN0_TX_IRQHandler</a> from startup_gd32f30x_xd.o(.text) referenced from startup_gd32f30x_xd.o(RESET)
 <LI><a href="#[27]">USBD_LP_CAN0_RX0_IRQHandler</a> from startup_gd32f30x_xd.o(.text) referenced from startup_gd32f30x_xd.o(RESET)
 <LI><a href="#[3d]">USBD_WKUP_IRQHandler</a> from startup_gd32f30x_xd.o(.text) referenced from startup_gd32f30x_xd.o(RESET)
 <LI><a href="#[e]">UsageFault_Handler</a> from gd32f30x_it.o(i.UsageFault_Handler) referenced from startup_gd32f30x_xd.o(RESET)
 <LI><a href="#[13]">WWDGT_IRQHandler</a> from startup_gd32f30x_xd.o(.text) referenced from startup_gd32f30x_xd.o(RESET)
 <LI><a href="#[51]">__main</a> from entry.o(.ARM.Collect$$$$00000000) referenced from startup_gd32f30x_xd.o(.text)
 <LI><a href="#[53]">_snputc</a> from printfa.o(i._snputc) referenced from printfa.o(i.__0vsnprintf)
 <LI><a href="#[54]">_sputc</a> from printfa.o(i._sputc) referenced from printfa.o(i.__0vsprintf)
 <LI><a href="#[56]">alloc_env_cb</a> from ef_env.o(i.alloc_env_cb) referenced from ef_env.o(i.alloc_env)
 <LI><a href="#[66]">bKey_PowerIsPress</a> from key_task.o(i.bKey_PowerIsPress) referenced from key_task.o(i.v_key_gpio_init)
 <LI><a href="#[58]">b_task_manage_func_cb</a> from print_queue_task.o(i.b_task_manage_func_cb) referenced from print_queue_task.o(i.bPrint_QueueInit)
 <LI><a href="#[59]">b_task_manage_func_cb</a> from sys_queue_task.o(i.b_task_manage_func_cb) referenced from sys_queue_task.o(i.bSys_QueueInit)
 <LI><a href="#[2]">c_frame_rec_cd</a> from updata_main.o(i.c_frame_rec_cd) referenced 4 times from updata_main.o(.data)
 <LI><a href="#[1]">c_frame_trans_cd</a> from updata_main.o(i.c_frame_trans_cd) referenced 4 times from updata_main.o(.data)
 <LI><a href="#[62]">check_and_recovery_env_cb</a> from ef_env.o(i.check_and_recovery_env_cb) referenced from ef_env.o(i.ef_load_env)
 <LI><a href="#[61]">check_and_recovery_gc_cb</a> from ef_env.o(i.check_and_recovery_gc_cb) referenced from ef_env.o(i.ef_load_env)
 <LI><a href="#[60]">check_sec_hdr_cb</a> from ef_env.o(i.check_sec_hdr_cb) referenced from ef_env.o(i.ef_load_env)
 <LI><a href="#[65]">do_gc</a> from ef_env.o(i.do_gc) referenced from ef_env.o(i.gc_collect)
 <LI><a href="#[63]">find_env_cb</a> from ef_env.o(i.find_env_cb) referenced from ef_env.o(i.find_env_no_cache)
 <LI><a href="#[52]">fputc</a> from seeger_print.o(i.fputc) referenced from printfa.o(i.__0printf)
 <LI><a href="#[64]">gc_check_cb</a> from ef_env.o(i.gc_check_cb) referenced from ef_env.o(i.gc_collect)
 <LI><a href="#[4f]">main</a> from main.o(i.main) referenced from entry9a.o(.ARM.Collect$$$$0000000B)
 <LI><a href="#[6]">sMyPrintErr</a> from print_api.o(i.sMyPrintErr) referenced 2 times from print_api.o(.data)
 <LI><a href="#[8]">sMyPrintTips</a> from print_api.o(i.sMyPrintTips) referenced 2 times from print_api.o(.data)
 <LI><a href="#[7]">sMyPrintWarn</a> from print_api.o(i.sMyPrintWarn) referenced 2 times from print_api.o(.data)
 <LI><a href="#[55]">sector_statistics_cb</a> from ef_env.o(i.sector_statistics_cb) referenced from ef_env.o(i.alloc_env)
 <LI><a href="#[57]">v_add_task_return_func_cb</a> from print_queue_task.o(i.v_add_task_return_func_cb) referenced from print_queue_task.o(i.bPrint_QueueInit)
 <LI><a href="#[5f]">v_print_queue_task_main</a> from print_queue_task_main.o(i.v_print_queue_task_main) referenced from print_queue_task.o(i.b_task_manage_func_cb)
 <LI><a href="#[3]">v_proc_check_ok_rec_data_cd</a> from updata_main.o(i.v_proc_check_ok_rec_data_cd) referenced 4 times from updata_main.o(.data)
 <LI><a href="#[5]">v_rec_end_cd</a> from updata_main.o(i.v_rec_end_cd) referenced 4 times from updata_main.o(.data)
 <LI><a href="#[4]">v_rec_start_cd</a> from updata_main.o(i.v_rec_start_cd) referenced 4 times from updata_main.o(.data)
 <LI><a href="#[5b]">v_sys_queue_task_enter_app</a> from sys_queue_task_enter_app.o(i.v_sys_queue_task_enter_app) referenced from sys_queue_task.o(i.b_task_manage_func_cb)
 <LI><a href="#[5c]">v_sys_queue_task_err</a> from sys_queue_task_err.o(i.v_sys_queue_task_err) referenced from sys_queue_task.o(i.b_task_manage_func_cb)
 <LI><a href="#[5a]">v_sys_queue_task_init</a> from sys_queue_task_init.o(i.v_sys_queue_task_init) referenced from sys_queue_task.o(i.b_task_manage_func_cb)
 <LI><a href="#[5d]">v_sys_queue_task_reset</a> from sys_queue_task_reset.o(i.v_sys_queue_task_reset) referenced from sys_queue_task.o(i.b_task_manage_func_cb)
 <LI><a href="#[5e]">v_sys_queue_task_updata</a> from sys_queue_task_updata.o(i.v_sys_queue_task_updata) referenced from sys_queue_task.o(i.b_task_manage_func_cb)
</UL>
<P>
<H3>
Global Symbols
</H3>
<P><STRONG><a name="[51]"></a>__main</STRONG> (Thumb, 0 bytes, Stack size unknown bytes, entry.o(.ARM.Collect$$$$00000000))
<BR>[Address Reference Count : 1]<UL><LI> startup_gd32f30x_xd.o(.text)
</UL>
<P><STRONG><a name="[154]"></a>_main_stk</STRONG> (Thumb, 0 bytes, Stack size unknown bytes, entry2.o(.ARM.Collect$$$$00000001))

<P><STRONG><a name="[67]"></a>_main_scatterload</STRONG> (Thumb, 0 bytes, Stack size unknown bytes, entry5.o(.ARM.Collect$$$$00000004))
<BR><BR>[Calls]<UL><LI><a href="#[68]">&gt;&gt;</a>&nbsp;&nbsp;&nbsp;__scatterload
</UL>

<P><STRONG><a name="[78]"></a>__main_after_scatterload</STRONG> (Thumb, 0 bytes, Stack size unknown bytes, entry5.o(.ARM.Collect$$$$00000004))
<BR><BR>[Called By]<UL><LI><a href="#[68]">&gt;&gt;</a>&nbsp;&nbsp;&nbsp;__scatterload
</UL>

<P><STRONG><a name="[155]"></a>_main_clock</STRONG> (Thumb, 0 bytes, Stack size unknown bytes, entry7b.o(.ARM.Collect$$$$00000008))

<P><STRONG><a name="[156]"></a>_main_cpp_init</STRONG> (Thumb, 0 bytes, Stack size unknown bytes, entry8b.o(.ARM.Collect$$$$0000000A))

<P><STRONG><a name="[157]"></a>_main_init</STRONG> (Thumb, 0 bytes, Stack size unknown bytes, entry9a.o(.ARM.Collect$$$$0000000B))

<P><STRONG><a name="[158]"></a>__rt_lib_shutdown_fini</STRONG> (Thumb, 0 bytes, Stack size unknown bytes, entry12b.o(.ARM.Collect$$$$0000000E))

<P><STRONG><a name="[159]"></a>__rt_final_cpp</STRONG> (Thumb, 0 bytes, Stack size unknown bytes, entry10a.o(.ARM.Collect$$$$0000000F))

<P><STRONG><a name="[15a]"></a>__rt_final_exit</STRONG> (Thumb, 0 bytes, Stack size unknown bytes, entry11a.o(.ARM.Collect$$$$00000011))

<P><STRONG><a name="[9]"></a>Reset_Handler</STRONG> (Thumb, 8 bytes, Stack size 0 bytes, startup_gd32f30x_xd.o(.text))
<BR>[Address Reference Count : 1]<UL><LI> startup_gd32f30x_xd.o(RESET)
</UL>
<P><STRONG><a name="[25]"></a>ADC0_1_IRQHandler</STRONG> (Thumb, 0 bytes, Stack size 0 bytes, startup_gd32f30x_xd.o(.text))
<BR><BR>[Calls]<UL><LI><a href="#[25]">&gt;&gt;</a>&nbsp;&nbsp;&nbsp;ADC0_1_IRQHandler
</UL>
<BR>[Called By]<UL><LI><a href="#[25]">&gt;&gt;</a>&nbsp;&nbsp;&nbsp;ADC0_1_IRQHandler
</UL>
<BR>[Address Reference Count : 1]<UL><LI> startup_gd32f30x_xd.o(RESET)
</UL>
<P><STRONG><a name="[42]"></a>ADC2_IRQHandler</STRONG> (Thumb, 0 bytes, Stack size 0 bytes, startup_gd32f30x_xd.o(.text))
<BR>[Address Reference Count : 1]<UL><LI> startup_gd32f30x_xd.o(RESET)
</UL>
<P><STRONG><a name="[29]"></a>CAN0_EWMC_IRQHandler</STRONG> (Thumb, 0 bytes, Stack size 0 bytes, startup_gd32f30x_xd.o(.text))
<BR>[Address Reference Count : 1]<UL><LI> startup_gd32f30x_xd.o(RESET)
</UL>
<P><STRONG><a name="[28]"></a>CAN0_RX1_IRQHandler</STRONG> (Thumb, 0 bytes, Stack size 0 bytes, startup_gd32f30x_xd.o(.text))
<BR>[Address Reference Count : 1]<UL><LI> startup_gd32f30x_xd.o(RESET)
</UL>
<P><STRONG><a name="[1e]"></a>DMA0_Channel0_IRQHandler</STRONG> (Thumb, 0 bytes, Stack size 0 bytes, startup_gd32f30x_xd.o(.text))
<BR>[Address Reference Count : 1]<UL><LI> startup_gd32f30x_xd.o(RESET)
</UL>
<P><STRONG><a name="[1f]"></a>DMA0_Channel1_IRQHandler</STRONG> (Thumb, 0 bytes, Stack size 0 bytes, startup_gd32f30x_xd.o(.text))
<BR>[Address Reference Count : 1]<UL><LI> startup_gd32f30x_xd.o(RESET)
</UL>
<P><STRONG><a name="[20]"></a>DMA0_Channel2_IRQHandler</STRONG> (Thumb, 0 bytes, Stack size 0 bytes, startup_gd32f30x_xd.o(.text))
<BR>[Address Reference Count : 1]<UL><LI> startup_gd32f30x_xd.o(RESET)
</UL>
<P><STRONG><a name="[21]"></a>DMA0_Channel3_IRQHandler</STRONG> (Thumb, 0 bytes, Stack size 0 bytes, startup_gd32f30x_xd.o(.text))
<BR>[Address Reference Count : 1]<UL><LI> startup_gd32f30x_xd.o(RESET)
</UL>
<P><STRONG><a name="[22]"></a>DMA0_Channel4_IRQHandler</STRONG> (Thumb, 0 bytes, Stack size 0 bytes, startup_gd32f30x_xd.o(.text))
<BR>[Address Reference Count : 1]<UL><LI> startup_gd32f30x_xd.o(RESET)
</UL>
<P><STRONG><a name="[23]"></a>DMA0_Channel5_IRQHandler</STRONG> (Thumb, 0 bytes, Stack size 0 bytes, startup_gd32f30x_xd.o(.text))
<BR>[Address Reference Count : 1]<UL><LI> startup_gd32f30x_xd.o(RESET)
</UL>
<P><STRONG><a name="[24]"></a>DMA0_Channel6_IRQHandler</STRONG> (Thumb, 0 bytes, Stack size 0 bytes, startup_gd32f30x_xd.o(.text))
<BR>[Address Reference Count : 1]<UL><LI> startup_gd32f30x_xd.o(RESET)
</UL>
<P><STRONG><a name="[4b]"></a>DMA1_Channel0_IRQHandler</STRONG> (Thumb, 0 bytes, Stack size 0 bytes, startup_gd32f30x_xd.o(.text))
<BR>[Address Reference Count : 1]<UL><LI> startup_gd32f30x_xd.o(RESET)
</UL>
<P><STRONG><a name="[4c]"></a>DMA1_Channel1_IRQHandler</STRONG> (Thumb, 0 bytes, Stack size 0 bytes, startup_gd32f30x_xd.o(.text))
<BR>[Address Reference Count : 1]<UL><LI> startup_gd32f30x_xd.o(RESET)
</UL>
<P><STRONG><a name="[4d]"></a>DMA1_Channel2_IRQHandler</STRONG> (Thumb, 0 bytes, Stack size 0 bytes, startup_gd32f30x_xd.o(.text))
<BR>[Address Reference Count : 1]<UL><LI> startup_gd32f30x_xd.o(RESET)
</UL>
<P><STRONG><a name="[4e]"></a>DMA1_Channel3_4_IRQHandler</STRONG> (Thumb, 0 bytes, Stack size 0 bytes, startup_gd32f30x_xd.o(.text))
<BR>[Address Reference Count : 1]<UL><LI> startup_gd32f30x_xd.o(RESET)
</UL>
<P><STRONG><a name="[43]"></a>EXMC_IRQHandler</STRONG> (Thumb, 0 bytes, Stack size 0 bytes, startup_gd32f30x_xd.o(.text))
<BR>[Address Reference Count : 1]<UL><LI> startup_gd32f30x_xd.o(RESET)
</UL>
<P><STRONG><a name="[1a]"></a>EXTI1_IRQHandler</STRONG> (Thumb, 0 bytes, Stack size 0 bytes, startup_gd32f30x_xd.o(.text))
<BR>[Address Reference Count : 1]<UL><LI> startup_gd32f30x_xd.o(RESET)
</UL>
<P><STRONG><a name="[1c]"></a>EXTI3_IRQHandler</STRONG> (Thumb, 0 bytes, Stack size 0 bytes, startup_gd32f30x_xd.o(.text))
<BR>[Address Reference Count : 1]<UL><LI> startup_gd32f30x_xd.o(RESET)
</UL>
<P><STRONG><a name="[1d]"></a>EXTI4_IRQHandler</STRONG> (Thumb, 0 bytes, Stack size 0 bytes, startup_gd32f30x_xd.o(.text))
<BR>[Address Reference Count : 1]<UL><LI> startup_gd32f30x_xd.o(RESET)
</UL>
<P><STRONG><a name="[2a]"></a>EXTI5_9_IRQHandler</STRONG> (Thumb, 0 bytes, Stack size 0 bytes, startup_gd32f30x_xd.o(.text))
<BR>[Address Reference Count : 1]<UL><LI> startup_gd32f30x_xd.o(RESET)
</UL>
<P><STRONG><a name="[17]"></a>FMC_IRQHandler</STRONG> (Thumb, 0 bytes, Stack size 0 bytes, startup_gd32f30x_xd.o(.text))
<BR>[Address Reference Count : 1]<UL><LI> startup_gd32f30x_xd.o(RESET)
</UL>
<P><STRONG><a name="[33]"></a>I2C0_ER_IRQHandler</STRONG> (Thumb, 0 bytes, Stack size 0 bytes, startup_gd32f30x_xd.o(.text))
<BR>[Address Reference Count : 1]<UL><LI> startup_gd32f30x_xd.o(RESET)
</UL>
<P><STRONG><a name="[32]"></a>I2C0_EV_IRQHandler</STRONG> (Thumb, 0 bytes, Stack size 0 bytes, startup_gd32f30x_xd.o(.text))
<BR>[Address Reference Count : 1]<UL><LI> startup_gd32f30x_xd.o(RESET)
</UL>
<P><STRONG><a name="[35]"></a>I2C1_ER_IRQHandler</STRONG> (Thumb, 0 bytes, Stack size 0 bytes, startup_gd32f30x_xd.o(.text))
<BR>[Address Reference Count : 1]<UL><LI> startup_gd32f30x_xd.o(RESET)
</UL>
<P><STRONG><a name="[34]"></a>I2C1_EV_IRQHandler</STRONG> (Thumb, 0 bytes, Stack size 0 bytes, startup_gd32f30x_xd.o(.text))
<BR>[Address Reference Count : 1]<UL><LI> startup_gd32f30x_xd.o(RESET)
</UL>
<P><STRONG><a name="[14]"></a>LVD_IRQHandler</STRONG> (Thumb, 0 bytes, Stack size 0 bytes, startup_gd32f30x_xd.o(.text))
<BR>[Address Reference Count : 1]<UL><LI> startup_gd32f30x_xd.o(RESET)
</UL>
<P><STRONG><a name="[18]"></a>RCU_CTC_IRQHandler</STRONG> (Thumb, 0 bytes, Stack size 0 bytes, startup_gd32f30x_xd.o(.text))
<BR>[Address Reference Count : 1]<UL><LI> startup_gd32f30x_xd.o(RESET)
</UL>
<P><STRONG><a name="[16]"></a>RTC_IRQHandler</STRONG> (Thumb, 0 bytes, Stack size 0 bytes, startup_gd32f30x_xd.o(.text))
<BR>[Address Reference Count : 1]<UL><LI> startup_gd32f30x_xd.o(RESET)
</UL>
<P><STRONG><a name="[44]"></a>SDIO_IRQHandler</STRONG> (Thumb, 0 bytes, Stack size 0 bytes, startup_gd32f30x_xd.o(.text))
<BR>[Address Reference Count : 1]<UL><LI> startup_gd32f30x_xd.o(RESET)
</UL>
<P><STRONG><a name="[36]"></a>SPI0_IRQHandler</STRONG> (Thumb, 0 bytes, Stack size 0 bytes, startup_gd32f30x_xd.o(.text))
<BR>[Address Reference Count : 1]<UL><LI> startup_gd32f30x_xd.o(RESET)
</UL>
<P><STRONG><a name="[37]"></a>SPI1_IRQHandler</STRONG> (Thumb, 0 bytes, Stack size 0 bytes, startup_gd32f30x_xd.o(.text))
<BR>[Address Reference Count : 1]<UL><LI> startup_gd32f30x_xd.o(RESET)
</UL>
<P><STRONG><a name="[46]"></a>SPI2_IRQHandler</STRONG> (Thumb, 0 bytes, Stack size 0 bytes, startup_gd32f30x_xd.o(.text))
<BR>[Address Reference Count : 1]<UL><LI> startup_gd32f30x_xd.o(RESET)
</UL>
<P><STRONG><a name="[15]"></a>TAMPER_IRQHandler</STRONG> (Thumb, 0 bytes, Stack size 0 bytes, startup_gd32f30x_xd.o(.text))
<BR>[Address Reference Count : 1]<UL><LI> startup_gd32f30x_xd.o(RESET)
</UL>
<P><STRONG><a name="[2b]"></a>TIMER0_BRK_TIMER8_IRQHandler</STRONG> (Thumb, 0 bytes, Stack size 0 bytes, startup_gd32f30x_xd.o(.text))
<BR>[Address Reference Count : 1]<UL><LI> startup_gd32f30x_xd.o(RESET)
</UL>
<P><STRONG><a name="[2e]"></a>TIMER0_Channel_IRQHandler</STRONG> (Thumb, 0 bytes, Stack size 0 bytes, startup_gd32f30x_xd.o(.text))
<BR>[Address Reference Count : 1]<UL><LI> startup_gd32f30x_xd.o(RESET)
</UL>
<P><STRONG><a name="[2d]"></a>TIMER0_TRG_CMT_TIMER10_IRQHandler</STRONG> (Thumb, 0 bytes, Stack size 0 bytes, startup_gd32f30x_xd.o(.text))
<BR>[Address Reference Count : 1]<UL><LI> startup_gd32f30x_xd.o(RESET)
</UL>
<P><STRONG><a name="[2c]"></a>TIMER0_UP_TIMER9_IRQHandler</STRONG> (Thumb, 0 bytes, Stack size 0 bytes, startup_gd32f30x_xd.o(.text))
<BR>[Address Reference Count : 1]<UL><LI> startup_gd32f30x_xd.o(RESET)
</UL>
<P><STRONG><a name="[2f]"></a>TIMER1_IRQHandler</STRONG> (Thumb, 0 bytes, Stack size 0 bytes, startup_gd32f30x_xd.o(.text))
<BR>[Address Reference Count : 1]<UL><LI> startup_gd32f30x_xd.o(RESET)
</UL>
<P><STRONG><a name="[30]"></a>TIMER2_IRQHandler</STRONG> (Thumb, 0 bytes, Stack size 0 bytes, startup_gd32f30x_xd.o(.text))
<BR>[Address Reference Count : 1]<UL><LI> startup_gd32f30x_xd.o(RESET)
</UL>
<P><STRONG><a name="[31]"></a>TIMER3_IRQHandler</STRONG> (Thumb, 0 bytes, Stack size 0 bytes, startup_gd32f30x_xd.o(.text))
<BR>[Address Reference Count : 1]<UL><LI> startup_gd32f30x_xd.o(RESET)
</UL>
<P><STRONG><a name="[45]"></a>TIMER4_IRQHandler</STRONG> (Thumb, 0 bytes, Stack size 0 bytes, startup_gd32f30x_xd.o(.text))
<BR>[Address Reference Count : 1]<UL><LI> startup_gd32f30x_xd.o(RESET)
</UL>
<P><STRONG><a name="[49]"></a>TIMER5_IRQHandler</STRONG> (Thumb, 0 bytes, Stack size 0 bytes, startup_gd32f30x_xd.o(.text))
<BR>[Address Reference Count : 1]<UL><LI> startup_gd32f30x_xd.o(RESET)
</UL>
<P><STRONG><a name="[4a]"></a>TIMER6_IRQHandler</STRONG> (Thumb, 0 bytes, Stack size 0 bytes, startup_gd32f30x_xd.o(.text))
<BR>[Address Reference Count : 1]<UL><LI> startup_gd32f30x_xd.o(RESET)
</UL>
<P><STRONG><a name="[3e]"></a>TIMER7_BRK_TIMER11_IRQHandler</STRONG> (Thumb, 0 bytes, Stack size 0 bytes, startup_gd32f30x_xd.o(.text))
<BR>[Address Reference Count : 1]<UL><LI> startup_gd32f30x_xd.o(RESET)
</UL>
<P><STRONG><a name="[41]"></a>TIMER7_Channel_IRQHandler</STRONG> (Thumb, 0 bytes, Stack size 0 bytes, startup_gd32f30x_xd.o(.text))
<BR>[Address Reference Count : 1]<UL><LI> startup_gd32f30x_xd.o(RESET)
</UL>
<P><STRONG><a name="[40]"></a>TIMER7_TRG_CMT_TIMER13_IRQHandler</STRONG> (Thumb, 0 bytes, Stack size 0 bytes, startup_gd32f30x_xd.o(.text))
<BR>[Address Reference Count : 1]<UL><LI> startup_gd32f30x_xd.o(RESET)
</UL>
<P><STRONG><a name="[3f]"></a>TIMER7_UP_TIMER12_IRQHandler</STRONG> (Thumb, 0 bytes, Stack size 0 bytes, startup_gd32f30x_xd.o(.text))
<BR>[Address Reference Count : 1]<UL><LI> startup_gd32f30x_xd.o(RESET)
</UL>
<P><STRONG><a name="[47]"></a>UART3_IRQHandler</STRONG> (Thumb, 0 bytes, Stack size 0 bytes, startup_gd32f30x_xd.o(.text))
<BR>[Address Reference Count : 1]<UL><LI> startup_gd32f30x_xd.o(RESET)
</UL>
<P><STRONG><a name="[48]"></a>UART4_IRQHandler</STRONG> (Thumb, 0 bytes, Stack size 0 bytes, startup_gd32f30x_xd.o(.text))
<BR>[Address Reference Count : 1]<UL><LI> startup_gd32f30x_xd.o(RESET)
</UL>
<P><STRONG><a name="[39]"></a>USART1_IRQHandler</STRONG> (Thumb, 0 bytes, Stack size 0 bytes, startup_gd32f30x_xd.o(.text))
<BR>[Address Reference Count : 1]<UL><LI> startup_gd32f30x_xd.o(RESET)
</UL>
<P><STRONG><a name="[3a]"></a>USART2_IRQHandler</STRONG> (Thumb, 0 bytes, Stack size 0 bytes, startup_gd32f30x_xd.o(.text))
<BR>[Address Reference Count : 1]<UL><LI> startup_gd32f30x_xd.o(RESET)
</UL>
<P><STRONG><a name="[26]"></a>USBD_HP_CAN0_TX_IRQHandler</STRONG> (Thumb, 0 bytes, Stack size 0 bytes, startup_gd32f30x_xd.o(.text))
<BR>[Address Reference Count : 1]<UL><LI> startup_gd32f30x_xd.o(RESET)
</UL>
<P><STRONG><a name="[27]"></a>USBD_LP_CAN0_RX0_IRQHandler</STRONG> (Thumb, 0 bytes, Stack size 0 bytes, startup_gd32f30x_xd.o(.text))
<BR>[Address Reference Count : 1]<UL><LI> startup_gd32f30x_xd.o(RESET)
</UL>
<P><STRONG><a name="[3d]"></a>USBD_WKUP_IRQHandler</STRONG> (Thumb, 0 bytes, Stack size 0 bytes, startup_gd32f30x_xd.o(.text))
<BR>[Address Reference Count : 1]<UL><LI> startup_gd32f30x_xd.o(RESET)
</UL>
<P><STRONG><a name="[13]"></a>WWDGT_IRQHandler</STRONG> (Thumb, 0 bytes, Stack size 0 bytes, startup_gd32f30x_xd.o(.text))
<BR>[Address Reference Count : 1]<UL><LI> startup_gd32f30x_xd.o(RESET)
</UL>
<P><STRONG><a name="[15b]"></a>___aeabi_memcpy8$move</STRONG> (Thumb, 0 bytes, Stack size 8 bytes, memmovea.o(.text), UNUSED)

<P><STRONG><a name="[90]"></a>__aeabi_memcpy</STRONG> (Thumb, 64 bytes, Stack size 8 bytes, memmovea.o(.text))
<BR><BR>[Stack]<UL><LI>Max Depth = 8<LI>Call Chain = __aeabi_memcpy
</UL>
<BR>[Called By]<UL><LI><a href="#[9a]">&gt;&gt;</a>&nbsp;&nbsp;&nbsp;align_write
<LI><a href="#[112]">&gt;&gt;</a>&nbsp;&nbsp;&nbsp;lwrb_write_ex
<LI><a href="#[111]">&gt;&gt;</a>&nbsp;&nbsp;&nbsp;lwrb_read_ex
<LI><a href="#[83]">&gt;&gt;</a>&nbsp;&nbsp;&nbsp;_WriteNoCheck
<LI><a href="#[84]">&gt;&gt;</a>&nbsp;&nbsp;&nbsp;_WriteBlocking
<LI><a href="#[c6]">&gt;&gt;</a>&nbsp;&nbsp;&nbsp;cBaiku_UpdataCheck
<LI><a href="#[c2]">&gt;&gt;</a>&nbsp;&nbsp;&nbsp;cBaiku_ProtoCreate
<LI><a href="#[cd]">&gt;&gt;</a>&nbsp;&nbsp;&nbsp;cBoot_MemParamInit
<LI><a href="#[db]">&gt;&gt;</a>&nbsp;&nbsp;&nbsp;c_relay88_sys_set
</UL>

<P><STRONG><a name="[103]"></a>__aeabi_memcpy4</STRONG> (Thumb, 0 bytes, Stack size 8 bytes, memmovea.o(.text))
<BR><BR>[Stack]<UL><LI>Max Depth = 8<LI>Call Chain = __aeabi_memcpy4
</UL>
<BR>[Called By]<UL><LI><a href="#[9b]">&gt;&gt;</a>&nbsp;&nbsp;&nbsp;ef_port_write
</UL>

<P><STRONG><a name="[15c]"></a>__aeabi_memmove</STRONG> (Thumb, 0 bytes, Stack size 8 bytes, memmovea.o(.text), UNUSED)

<P><STRONG><a name="[15d]"></a>__aeabi_memmove4</STRONG> (Thumb, 0 bytes, Stack size 8 bytes, memmovea.o(.text), UNUSED)

<P><STRONG><a name="[15e]"></a>__aeabi_memmove8</STRONG> (Thumb, 0 bytes, Stack size 8 bytes, memmovea.o(.text), UNUSED)

<P><STRONG><a name="[6a]"></a>__aeabi_memset</STRONG> (Thumb, 14 bytes, Stack size 0 bytes, memseta.o(.text))
<BR><BR>[Called By]<UL><LI><a href="#[110]">&gt;&gt;</a>&nbsp;&nbsp;&nbsp;set_status
<LI><a href="#[e1]">&gt;&gt;</a>&nbsp;&nbsp;&nbsp;format_sector
<LI><a href="#[e7]">&gt;&gt;</a>&nbsp;&nbsp;&nbsp;create_env_blob
<LI><a href="#[9a]">&gt;&gt;</a>&nbsp;&nbsp;&nbsp;align_write
<LI><a href="#[6b]">&gt;&gt;</a>&nbsp;&nbsp;&nbsp;_memset$wrapper
<LI><a href="#[69]">&gt;&gt;</a>&nbsp;&nbsp;&nbsp;__aeabi_memclr
</UL>

<P><STRONG><a name="[15f]"></a>__aeabi_memset4</STRONG> (Thumb, 0 bytes, Stack size 0 bytes, memseta.o(.text), UNUSED)

<P><STRONG><a name="[160]"></a>__aeabi_memset8</STRONG> (Thumb, 0 bytes, Stack size 0 bytes, memseta.o(.text), UNUSED)

<P><STRONG><a name="[69]"></a>__aeabi_memclr</STRONG> (Thumb, 4 bytes, Stack size 0 bytes, memseta.o(.text))
<BR><BR>[Calls]<UL><LI><a href="#[6a]">&gt;&gt;</a>&nbsp;&nbsp;&nbsp;__aeabi_memset
</UL>
<BR>[Called By]<UL><LI><a href="#[bc]">&gt;&gt;</a>&nbsp;&nbsp;&nbsp;bXmodem_Reset
</UL>

<P><STRONG><a name="[8f]"></a>__aeabi_memclr4</STRONG> (Thumb, 0 bytes, Stack size 0 bytes, memseta.o(.text))
<BR><BR>[Called By]<UL><LI><a href="#[de]">&gt;&gt;</a>&nbsp;&nbsp;&nbsp;move_env
<LI><a href="#[80]">&gt;&gt;</a>&nbsp;&nbsp;&nbsp;_DoInit
<LI><a href="#[13d]">&gt;&gt;</a>&nbsp;&nbsp;&nbsp;v_task_param_init
<LI><a href="#[bb]">&gt;&gt;</a>&nbsp;&nbsp;&nbsp;bUpdata_Init
<LI><a href="#[134]">&gt;&gt;</a>&nbsp;&nbsp;&nbsp;vKey_ParamInit
</UL>

<P><STRONG><a name="[161]"></a>__aeabi_memclr8</STRONG> (Thumb, 0 bytes, Stack size 0 bytes, memseta.o(.text), UNUSED)

<P><STRONG><a name="[6b]"></a>_memset$wrapper</STRONG> (Thumb, 18 bytes, Stack size 8 bytes, memseta.o(.text), UNUSED)
<BR><BR>[Calls]<UL><LI><a href="#[6a]">&gt;&gt;</a>&nbsp;&nbsp;&nbsp;__aeabi_memset
</UL>

<P><STRONG><a name="[11c]"></a>strncpy</STRONG> (Thumb, 24 bytes, Stack size 8 bytes, strncpy.o(.text))
<BR><BR>[Stack]<UL><LI>Max Depth = 8<LI>Call Chain = strncpy
</UL>
<BR>[Called By]<UL><LI><a href="#[de]">&gt;&gt;</a>&nbsp;&nbsp;&nbsp;move_env
</UL>

<P><STRONG><a name="[e8]"></a>strlen</STRONG> (Thumb, 14 bytes, Stack size 0 bytes, strlen.o(.text))
<BR><BR>[Called By]<UL><LI><a href="#[104]">&gt;&gt;</a>&nbsp;&nbsp;&nbsp;set_env
<LI><a href="#[63]">&gt;&gt;</a>&nbsp;&nbsp;&nbsp;find_env_cb
<LI><a href="#[f0]">&gt;&gt;</a>&nbsp;&nbsp;&nbsp;find_env
<LI><a href="#[ef]">&gt;&gt;</a>&nbsp;&nbsp;&nbsp;del_env
<LI><a href="#[e7]">&gt;&gt;</a>&nbsp;&nbsp;&nbsp;create_env_blob
<LI><a href="#[ce]">&gt;&gt;</a>&nbsp;&nbsp;&nbsp;ef_env_set_default
<LI><a href="#[7]">&gt;&gt;</a>&nbsp;&nbsp;&nbsp;sMyPrintWarn
<LI><a href="#[8]">&gt;&gt;</a>&nbsp;&nbsp;&nbsp;sMyPrintTips
<LI><a href="#[6]">&gt;&gt;</a>&nbsp;&nbsp;&nbsp;sMyPrintErr
</UL>

<P><STRONG><a name="[cb]"></a>strcmp</STRONG> (Thumb, 28 bytes, Stack size 8 bytes, strcmp.o(.text))
<BR><BR>[Stack]<UL><LI>Max Depth = 8<LI>Call Chain = strcmp
</UL>
<BR>[Called By]<UL><LI><a href="#[cd]">&gt;&gt;</a>&nbsp;&nbsp;&nbsp;cBoot_MemParamInit
<LI><a href="#[c9]">&gt;&gt;</a>&nbsp;&nbsp;&nbsp;cBoot_UpdataMemParam
<LI><a href="#[ca]">&gt;&gt;</a>&nbsp;&nbsp;&nbsp;cBoot_GetMemParam
</UL>

<P><STRONG><a name="[109]"></a>strncmp</STRONG> (Thumb, 30 bytes, Stack size 12 bytes, strncmp.o(.text))
<BR><BR>[Stack]<UL><LI>Max Depth = 12<LI>Call Chain = strncmp
</UL>
<BR>[Called By]<UL><LI><a href="#[107]">&gt;&gt;</a>&nbsp;&nbsp;&nbsp;get_env_from_cache
<LI><a href="#[63]">&gt;&gt;</a>&nbsp;&nbsp;&nbsp;find_env_cb
</UL>

<P><STRONG><a name="[6c]"></a>__aeabi_dadd</STRONG> (Thumb, 322 bytes, Stack size 48 bytes, dadd.o(.text), UNUSED)
<BR><BR>[Calls]<UL><LI><a href="#[6e]">&gt;&gt;</a>&nbsp;&nbsp;&nbsp;__aeabi_lasr
<LI><a href="#[6d]">&gt;&gt;</a>&nbsp;&nbsp;&nbsp;__aeabi_llsl
<LI><a href="#[70]">&gt;&gt;</a>&nbsp;&nbsp;&nbsp;_double_round
<LI><a href="#[6f]">&gt;&gt;</a>&nbsp;&nbsp;&nbsp;_double_epilogue
</UL>
<BR>[Called By]<UL><LI><a href="#[71]">&gt;&gt;</a>&nbsp;&nbsp;&nbsp;__aeabi_dsub
<LI><a href="#[72]">&gt;&gt;</a>&nbsp;&nbsp;&nbsp;__aeabi_drsub
<LI><a href="#[95]">&gt;&gt;</a>&nbsp;&nbsp;&nbsp;_fp_digits
</UL>

<P><STRONG><a name="[71]"></a>__aeabi_dsub</STRONG> (Thumb, 6 bytes, Stack size 0 bytes, dadd.o(.text), UNUSED)
<BR><BR>[Calls]<UL><LI><a href="#[6c]">&gt;&gt;</a>&nbsp;&nbsp;&nbsp;__aeabi_dadd
</UL>

<P><STRONG><a name="[72]"></a>__aeabi_drsub</STRONG> (Thumb, 6 bytes, Stack size 0 bytes, dadd.o(.text), UNUSED)
<BR><BR>[Calls]<UL><LI><a href="#[6c]">&gt;&gt;</a>&nbsp;&nbsp;&nbsp;__aeabi_dadd
</UL>

<P><STRONG><a name="[73]"></a>__aeabi_dmul</STRONG> (Thumb, 228 bytes, Stack size 48 bytes, dmul.o(.text), UNUSED)
<BR><BR>[Calls]<UL><LI><a href="#[6f]">&gt;&gt;</a>&nbsp;&nbsp;&nbsp;_double_epilogue
</UL>
<BR>[Called By]<UL><LI><a href="#[95]">&gt;&gt;</a>&nbsp;&nbsp;&nbsp;_fp_digits
</UL>

<P><STRONG><a name="[74]"></a>__aeabi_ddiv</STRONG> (Thumb, 222 bytes, Stack size 32 bytes, ddiv.o(.text), UNUSED)
<BR><BR>[Calls]<UL><LI><a href="#[70]">&gt;&gt;</a>&nbsp;&nbsp;&nbsp;_double_round
</UL>
<BR>[Called By]<UL><LI><a href="#[95]">&gt;&gt;</a>&nbsp;&nbsp;&nbsp;_fp_digits
</UL>

<P><STRONG><a name="[162]"></a>__aeabi_uidiv</STRONG> (Thumb, 0 bytes, Stack size 12 bytes, uidiv.o(.text), UNUSED)

<P><STRONG><a name="[99]"></a>__aeabi_uidivmod</STRONG> (Thumb, 44 bytes, Stack size 12 bytes, uidiv.o(.text), UNUSED)
<BR><BR>[Called By]<UL><LI><a href="#[92]">&gt;&gt;</a>&nbsp;&nbsp;&nbsp;_printf_core
</UL>

<P><STRONG><a name="[75]"></a>__aeabi_uldivmod</STRONG> (Thumb, 98 bytes, Stack size 40 bytes, uldiv.o(.text), UNUSED)
<BR><BR>[Calls]<UL><LI><a href="#[76]">&gt;&gt;</a>&nbsp;&nbsp;&nbsp;__aeabi_llsr
<LI><a href="#[6d]">&gt;&gt;</a>&nbsp;&nbsp;&nbsp;__aeabi_llsl
</UL>
<BR>[Called By]<UL><LI><a href="#[92]">&gt;&gt;</a>&nbsp;&nbsp;&nbsp;_printf_core
<LI><a href="#[95]">&gt;&gt;</a>&nbsp;&nbsp;&nbsp;_fp_digits
</UL>

<P><STRONG><a name="[6d]"></a>__aeabi_llsl</STRONG> (Thumb, 30 bytes, Stack size 0 bytes, llshl.o(.text), UNUSED)
<BR><BR>[Called By]<UL><LI><a href="#[6c]">&gt;&gt;</a>&nbsp;&nbsp;&nbsp;__aeabi_dadd
<LI><a href="#[75]">&gt;&gt;</a>&nbsp;&nbsp;&nbsp;__aeabi_uldivmod
<LI><a href="#[6f]">&gt;&gt;</a>&nbsp;&nbsp;&nbsp;_double_epilogue
<LI><a href="#[77]">&gt;&gt;</a>&nbsp;&nbsp;&nbsp;__aeabi_d2ulz
</UL>

<P><STRONG><a name="[163]"></a>_ll_shift_l</STRONG> (Thumb, 0 bytes, Stack size 0 bytes, llshl.o(.text), UNUSED)

<P><STRONG><a name="[6e]"></a>__aeabi_lasr</STRONG> (Thumb, 36 bytes, Stack size 0 bytes, llsshr.o(.text), UNUSED)
<BR><BR>[Called By]<UL><LI><a href="#[6c]">&gt;&gt;</a>&nbsp;&nbsp;&nbsp;__aeabi_dadd
</UL>

<P><STRONG><a name="[164]"></a>_ll_sshift_r</STRONG> (Thumb, 0 bytes, Stack size 0 bytes, llsshr.o(.text), UNUSED)

<P><STRONG><a name="[165]"></a>__I$use$fp</STRONG> (Thumb, 0 bytes, Stack size 8 bytes, iusefp.o(.text), UNUSED)

<P><STRONG><a name="[70]"></a>_double_round</STRONG> (Thumb, 30 bytes, Stack size 8 bytes, depilogue.o(.text), UNUSED)
<BR><BR>[Called By]<UL><LI><a href="#[74]">&gt;&gt;</a>&nbsp;&nbsp;&nbsp;__aeabi_ddiv
<LI><a href="#[6c]">&gt;&gt;</a>&nbsp;&nbsp;&nbsp;__aeabi_dadd
<LI><a href="#[6f]">&gt;&gt;</a>&nbsp;&nbsp;&nbsp;_double_epilogue
</UL>

<P><STRONG><a name="[6f]"></a>_double_epilogue</STRONG> (Thumb, 156 bytes, Stack size 32 bytes, depilogue.o(.text), UNUSED)
<BR><BR>[Calls]<UL><LI><a href="#[76]">&gt;&gt;</a>&nbsp;&nbsp;&nbsp;__aeabi_llsr
<LI><a href="#[6d]">&gt;&gt;</a>&nbsp;&nbsp;&nbsp;__aeabi_llsl
<LI><a href="#[70]">&gt;&gt;</a>&nbsp;&nbsp;&nbsp;_double_round
</UL>
<BR>[Called By]<UL><LI><a href="#[73]">&gt;&gt;</a>&nbsp;&nbsp;&nbsp;__aeabi_dmul
<LI><a href="#[6c]">&gt;&gt;</a>&nbsp;&nbsp;&nbsp;__aeabi_dadd
</UL>

<P><STRONG><a name="[77]"></a>__aeabi_d2ulz</STRONG> (Thumb, 48 bytes, Stack size 0 bytes, dfixul.o(.text), UNUSED)
<BR><BR>[Calls]<UL><LI><a href="#[76]">&gt;&gt;</a>&nbsp;&nbsp;&nbsp;__aeabi_llsr
<LI><a href="#[6d]">&gt;&gt;</a>&nbsp;&nbsp;&nbsp;__aeabi_llsl
</UL>
<BR>[Called By]<UL><LI><a href="#[95]">&gt;&gt;</a>&nbsp;&nbsp;&nbsp;_fp_digits
</UL>

<P><STRONG><a name="[96]"></a>__aeabi_cdrcmple</STRONG> (Thumb, 48 bytes, Stack size 0 bytes, cdrcmple.o(.text), UNUSED)
<BR><BR>[Called By]<UL><LI><a href="#[95]">&gt;&gt;</a>&nbsp;&nbsp;&nbsp;_fp_digits
</UL>

<P><STRONG><a name="[68]"></a>__scatterload</STRONG> (Thumb, 28 bytes, Stack size 0 bytes, init.o(.text))
<BR><BR>[Calls]<UL><LI><a href="#[78]">&gt;&gt;</a>&nbsp;&nbsp;&nbsp;__main_after_scatterload
</UL>
<BR>[Called By]<UL><LI><a href="#[67]">&gt;&gt;</a>&nbsp;&nbsp;&nbsp;_main_scatterload
</UL>

<P><STRONG><a name="[166]"></a>__scatterload_rt2</STRONG> (Thumb, 0 bytes, Stack size 0 bytes, init.o(.text), UNUSED)

<P><STRONG><a name="[76]"></a>__aeabi_llsr</STRONG> (Thumb, 32 bytes, Stack size 0 bytes, llushr.o(.text), UNUSED)
<BR><BR>[Called By]<UL><LI><a href="#[75]">&gt;&gt;</a>&nbsp;&nbsp;&nbsp;__aeabi_uldivmod
<LI><a href="#[6f]">&gt;&gt;</a>&nbsp;&nbsp;&nbsp;_double_epilogue
<LI><a href="#[77]">&gt;&gt;</a>&nbsp;&nbsp;&nbsp;__aeabi_d2ulz
</UL>

<P><STRONG><a name="[167]"></a>_ll_ushift_r</STRONG> (Thumb, 0 bytes, Stack size 0 bytes, llushr.o(.text), UNUSED)

<P><STRONG><a name="[168]"></a>__decompress</STRONG> (Thumb, 0 bytes, Stack size unknown bytes, __dczerorl2.o(.text), UNUSED)

<P><STRONG><a name="[169]"></a>__decompress1</STRONG> (Thumb, 86 bytes, Stack size unknown bytes, __dczerorl2.o(.text), UNUSED)

<P><STRONG><a name="[d]"></a>BusFault_Handler</STRONG> (Thumb, 2 bytes, Stack size 0 bytes, gd32f30x_it.o(i.BusFault_Handler))
<BR><BR>[Calls]<UL><LI><a href="#[d]">&gt;&gt;</a>&nbsp;&nbsp;&nbsp;BusFault_Handler
</UL>
<BR>[Called By]<UL><LI><a href="#[d]">&gt;&gt;</a>&nbsp;&nbsp;&nbsp;BusFault_Handler
</UL>
<BR>[Address Reference Count : 1]<UL><LI> startup_gd32f30x_xd.o(RESET)
</UL>
<P><STRONG><a name="[10]"></a>DebugMon_Handler</STRONG> (Thumb, 2 bytes, Stack size 0 bytes, gd32f30x_it.o(i.DebugMon_Handler))
<BR>[Address Reference Count : 1]<UL><LI> startup_gd32f30x_xd.o(RESET)
</UL>
<P><STRONG><a name="[19]"></a>EXTI0_IRQHandler</STRONG> (Thumb, 28 bytes, Stack size 8 bytes, gd32f30x_it.o(i.EXTI0_IRQHandler))
<BR><BR>[Stack]<UL><LI>Max Depth = 8<LI>Call Chain = EXTI0_IRQHandler
</UL>
<BR>[Calls]<UL><LI><a href="#[79]">&gt;&gt;</a>&nbsp;&nbsp;&nbsp;exti_interrupt_flag_get
<LI><a href="#[7a]">&gt;&gt;</a>&nbsp;&nbsp;&nbsp;exti_interrupt_flag_clear
</UL>
<BR>[Address Reference Count : 1]<UL><LI> startup_gd32f30x_xd.o(RESET)
</UL>
<P><STRONG><a name="[b]"></a>HardFault_Handler</STRONG> (Thumb, 2 bytes, Stack size 0 bytes, gd32f30x_it.o(i.HardFault_Handler))
<BR><BR>[Calls]<UL><LI><a href="#[b]">&gt;&gt;</a>&nbsp;&nbsp;&nbsp;HardFault_Handler
</UL>
<BR>[Called By]<UL><LI><a href="#[b]">&gt;&gt;</a>&nbsp;&nbsp;&nbsp;HardFault_Handler
</UL>
<BR>[Address Reference Count : 1]<UL><LI> startup_gd32f30x_xd.o(RESET)
</UL>
<P><STRONG><a name="[c]"></a>MemManage_Handler</STRONG> (Thumb, 2 bytes, Stack size 0 bytes, gd32f30x_it.o(i.MemManage_Handler))
<BR><BR>[Calls]<UL><LI><a href="#[c]">&gt;&gt;</a>&nbsp;&nbsp;&nbsp;MemManage_Handler
</UL>
<BR>[Called By]<UL><LI><a href="#[c]">&gt;&gt;</a>&nbsp;&nbsp;&nbsp;MemManage_Handler
</UL>
<BR>[Address Reference Count : 1]<UL><LI> startup_gd32f30x_xd.o(RESET)
</UL>
<P><STRONG><a name="[a]"></a>NMI_Handler</STRONG> (Thumb, 2 bytes, Stack size 0 bytes, gd32f30x_it.o(i.NMI_Handler))
<BR>[Address Reference Count : 1]<UL><LI> startup_gd32f30x_xd.o(RESET)
</UL>
<P><STRONG><a name="[11]"></a>PendSV_Handler</STRONG> (Thumb, 2 bytes, Stack size 0 bytes, gd32f30x_it.o(i.PendSV_Handler))
<BR>[Address Reference Count : 1]<UL><LI> startup_gd32f30x_xd.o(RESET)
</UL>
<P><STRONG><a name="[f]"></a>SVC_Handler</STRONG> (Thumb, 2 bytes, Stack size 0 bytes, gd32f30x_it.o(i.SVC_Handler))
<BR>[Address Reference Count : 1]<UL><LI> startup_gd32f30x_xd.o(RESET)
</UL>
<P><STRONG><a name="[12]"></a>SysTick_Handler</STRONG> (Thumb, 4 bytes, Stack size 0 bytes, gd32f30x_it.o(i.SysTick_Handler))
<BR><BR>[Stack]<UL><LI>Max Depth = 16<LI>Call Chain = SysTick_Handler &rArr; vSys_Tick
</UL>
<BR>[Calls]<UL><LI><a href="#[7b]">&gt;&gt;</a>&nbsp;&nbsp;&nbsp;vSys_Tick
</UL>
<BR>[Address Reference Count : 1]<UL><LI> startup_gd32f30x_xd.o(RESET)
</UL>
<P><STRONG><a name="[e]"></a>UsageFault_Handler</STRONG> (Thumb, 2 bytes, Stack size 0 bytes, gd32f30x_it.o(i.UsageFault_Handler))
<BR><BR>[Calls]<UL><LI><a href="#[e]">&gt;&gt;</a>&nbsp;&nbsp;&nbsp;UsageFault_Handler
</UL>
<BR>[Called By]<UL><LI><a href="#[e]">&gt;&gt;</a>&nbsp;&nbsp;&nbsp;UsageFault_Handler
</UL>
<BR>[Address Reference Count : 1]<UL><LI> startup_gd32f30x_xd.o(RESET)
</UL>
<P><STRONG><a name="[16a]"></a>__scatterload_null</STRONG> (Thumb, 2 bytes, Stack size unknown bytes, handlers.o(i.__scatterload_null), UNUSED)

<P><STRONG><a name="[be]"></a>vPrint_MyPrintParamInit</STRONG> (Thumb, 2 bytes, Stack size 0 bytes, print_api.o(i.vPrint_MyPrintParamInit))
<BR><BR>[Called By]<UL><LI><a href="#[b8]">&gt;&gt;</a>&nbsp;&nbsp;&nbsp;b_print_task_param_init
</UL>

<P><STRONG><a name="[3b]"></a>EXTI10_15_IRQHandler</STRONG> (Thumb, 28 bytes, Stack size 8 bytes, gd32f30x_it.o(i.EXTI10_15_IRQHandler))
<BR><BR>[Stack]<UL><LI>Max Depth = 8<LI>Call Chain = EXTI10_15_IRQHandler
</UL>
<BR>[Calls]<UL><LI><a href="#[79]">&gt;&gt;</a>&nbsp;&nbsp;&nbsp;exti_interrupt_flag_get
<LI><a href="#[7a]">&gt;&gt;</a>&nbsp;&nbsp;&nbsp;exti_interrupt_flag_clear
</UL>
<BR>[Address Reference Count : 1]<UL><LI> startup_gd32f30x_xd.o(RESET)
</UL>
<P><STRONG><a name="[1b]"></a>EXTI2_IRQHandler</STRONG> (Thumb, 24 bytes, Stack size 8 bytes, gd32f30x_it.o(i.EXTI2_IRQHandler))
<BR><BR>[Stack]<UL><LI>Max Depth = 8<LI>Call Chain = EXTI2_IRQHandler
</UL>
<BR>[Calls]<UL><LI><a href="#[79]">&gt;&gt;</a>&nbsp;&nbsp;&nbsp;exti_interrupt_flag_get
<LI><a href="#[7a]">&gt;&gt;</a>&nbsp;&nbsp;&nbsp;exti_interrupt_flag_clear
</UL>
<BR>[Address Reference Count : 1]<UL><LI> startup_gd32f30x_xd.o(RESET)
</UL>
<P><STRONG><a name="[3c]"></a>RTC_Alarm_IRQHandler</STRONG> (Thumb, 40 bytes, Stack size 8 bytes, gd32f30x_it.o(i.RTC_Alarm_IRQHandler))
<BR><BR>[Stack]<UL><LI>Max Depth = 8<LI>Call Chain = RTC_Alarm_IRQHandler
</UL>
<BR>[Calls]<UL><LI><a href="#[7a]">&gt;&gt;</a>&nbsp;&nbsp;&nbsp;exti_interrupt_flag_clear
<LI><a href="#[7e]">&gt;&gt;</a>&nbsp;&nbsp;&nbsp;exti_interrupt_disable
<LI><a href="#[7c]">&gt;&gt;</a>&nbsp;&nbsp;&nbsp;rtc_flag_get
<LI><a href="#[7d]">&gt;&gt;</a>&nbsp;&nbsp;&nbsp;rtc_flag_clear
</UL>
<BR>[Address Reference Count : 1]<UL><LI> startup_gd32f30x_xd.o(RESET)
</UL>
<P><STRONG><a name="[7f]"></a>SEGGER_RTT_Write</STRONG> (Thumb, 52 bytes, Stack size 24 bytes, segger_rtt.o(i.SEGGER_RTT_Write))
<BR><BR>[Stack]<UL><LI>Max Depth = 80<LI>Call Chain = SEGGER_RTT_Write &rArr; SEGGER_RTT_WriteNoLock &rArr; _WriteBlocking &rArr; __aeabi_memcpy
</UL>
<BR>[Calls]<UL><LI><a href="#[81]">&gt;&gt;</a>&nbsp;&nbsp;&nbsp;SEGGER_RTT_WriteNoLock
<LI><a href="#[80]">&gt;&gt;</a>&nbsp;&nbsp;&nbsp;_DoInit
</UL>
<BR>[Called By]<UL><LI><a href="#[86]">&gt;&gt;</a>&nbsp;&nbsp;&nbsp;SEGGER_RTT_vprintf
<LI><a href="#[87]">&gt;&gt;</a>&nbsp;&nbsp;&nbsp;_StoreChar
</UL>

<P><STRONG><a name="[81]"></a>SEGGER_RTT_WriteNoLock</STRONG> (Thumb, 102 bytes, Stack size 16 bytes, segger_rtt.o(i.SEGGER_RTT_WriteNoLock))
<BR><BR>[Stack]<UL><LI>Max Depth = 56<LI>Call Chain = SEGGER_RTT_WriteNoLock &rArr; _WriteBlocking &rArr; __aeabi_memcpy
</UL>
<BR>[Calls]<UL><LI><a href="#[83]">&gt;&gt;</a>&nbsp;&nbsp;&nbsp;_WriteNoCheck
<LI><a href="#[84]">&gt;&gt;</a>&nbsp;&nbsp;&nbsp;_WriteBlocking
<LI><a href="#[82]">&gt;&gt;</a>&nbsp;&nbsp;&nbsp;_GetAvailWriteSpace
</UL>
<BR>[Called By]<UL><LI><a href="#[7f]">&gt;&gt;</a>&nbsp;&nbsp;&nbsp;SEGGER_RTT_Write
</UL>

<P><STRONG><a name="[85]"></a>SEGGER_RTT_printf</STRONG> (Thumb, 22 bytes, Stack size 24 bytes, segger_rtt_printf.o(i.SEGGER_RTT_printf))
<BR><BR>[Stack]<UL><LI>Max Depth = 320<LI>Call Chain = SEGGER_RTT_printf &rArr; SEGGER_RTT_vprintf &rArr; _PrintInt &rArr; _PrintUnsigned &rArr; _StoreChar &rArr; SEGGER_RTT_Write &rArr; SEGGER_RTT_WriteNoLock &rArr; _WriteBlocking &rArr; __aeabi_memcpy
</UL>
<BR>[Calls]<UL><LI><a href="#[86]">&gt;&gt;</a>&nbsp;&nbsp;&nbsp;SEGGER_RTT_vprintf
</UL>
<BR>[Called By]<UL><LI><a href="#[52]">&gt;&gt;</a>&nbsp;&nbsp;&nbsp;fputc
</UL>

<P><STRONG><a name="[86]"></a>SEGGER_RTT_vprintf</STRONG> (Thumb, 416 bytes, Stack size 120 bytes, segger_rtt_printf.o(i.SEGGER_RTT_vprintf))
<BR><BR>[Stack]<UL><LI>Max Depth = 296<LI>Call Chain = SEGGER_RTT_vprintf &rArr; _PrintInt &rArr; _PrintUnsigned &rArr; _StoreChar &rArr; SEGGER_RTT_Write &rArr; SEGGER_RTT_WriteNoLock &rArr; _WriteBlocking &rArr; __aeabi_memcpy
</UL>
<BR>[Calls]<UL><LI><a href="#[87]">&gt;&gt;</a>&nbsp;&nbsp;&nbsp;_StoreChar
<LI><a href="#[89]">&gt;&gt;</a>&nbsp;&nbsp;&nbsp;_PrintUnsigned
<LI><a href="#[88]">&gt;&gt;</a>&nbsp;&nbsp;&nbsp;_PrintInt
<LI><a href="#[7f]">&gt;&gt;</a>&nbsp;&nbsp;&nbsp;SEGGER_RTT_Write
</UL>
<BR>[Called By]<UL><LI><a href="#[85]">&gt;&gt;</a>&nbsp;&nbsp;&nbsp;SEGGER_RTT_printf
</UL>

<P><STRONG><a name="[130]"></a>SysParamInit</STRONG> (Thumb, 32 bytes, Stack size 0 bytes, board_config.o(i.SysParamInit))
<BR><BR>[Called By]<UL><LI><a href="#[116]">&gt;&gt;</a>&nbsp;&nbsp;&nbsp;vBoard_SysInit
</UL>

<P><STRONG><a name="[50]"></a>SystemInit</STRONG> (Thumb, 118 bytes, Stack size 8 bytes, system_gd32f30x.o(i.SystemInit))
<BR><BR>[Stack]<UL><LI>Max Depth = 8<LI>Call Chain = SystemInit
</UL>
<BR>[Calls]<UL><LI><a href="#[8a]">&gt;&gt;</a>&nbsp;&nbsp;&nbsp;system_clock_config
</UL>
<BR>[Address Reference Count : 1]<UL><LI> startup_gd32f30x_xd.o(.text)
</UL>
<P><STRONG><a name="[38]"></a>USART0_IRQHandler</STRONG> (Thumb, 110 bytes, Stack size 16 bytes, print_iface.o(i.USART0_IRQHandler))
<BR><BR>[Stack]<UL><LI>Max Depth = 72<LI>Call Chain = USART0_IRQHandler &rArr; lwrb_write &rArr; lwrb_write_ex &rArr; __aeabi_memcpy
</UL>
<BR>[Calls]<UL><LI><a href="#[8d]">&gt;&gt;</a>&nbsp;&nbsp;&nbsp;lwrb_write
<LI><a href="#[8b]">&gt;&gt;</a>&nbsp;&nbsp;&nbsp;usart_interrupt_flag_get
<LI><a href="#[8c]">&gt;&gt;</a>&nbsp;&nbsp;&nbsp;usart_interrupt_flag_clear
<LI><a href="#[8e]">&gt;&gt;</a>&nbsp;&nbsp;&nbsp;usart_interrupt_disable
</UL>
<BR>[Address Reference Count : 1]<UL><LI> startup_gd32f30x_xd.o(RESET)
</UL>
<P><STRONG><a name="[91]"></a>__0printf</STRONG> (Thumb, 22 bytes, Stack size 24 bytes, printfa.o(i.__0printf), UNUSED)
<BR><BR>[Calls]<UL><LI><a href="#[92]">&gt;&gt;</a>&nbsp;&nbsp;&nbsp;_printf_core
</UL>

<P><STRONG><a name="[16b]"></a>__1printf</STRONG> (Thumb, 0 bytes, Stack size 24 bytes, printfa.o(i.__0printf), UNUSED)

<P><STRONG><a name="[12f]"></a>__2printf</STRONG> (Thumb, 0 bytes, Stack size 24 bytes, printfa.o(i.__0printf))
<BR><BR>[Stack]<UL><LI>Max Depth = 24<LI>Call Chain = __2printf
</UL>
<BR>[Called By]<UL><LI><a href="#[116]">&gt;&gt;</a>&nbsp;&nbsp;&nbsp;vBoard_SysInit
</UL>

<P><STRONG><a name="[16c]"></a>__c89printf</STRONG> (Thumb, 0 bytes, Stack size 24 bytes, printfa.o(i.__0printf), UNUSED)

<P><STRONG><a name="[16d]"></a>printf</STRONG> (Thumb, 0 bytes, Stack size 24 bytes, printfa.o(i.__0printf), UNUSED)

<P><STRONG><a name="[93]"></a>__0vsnprintf</STRONG> (Thumb, 46 bytes, Stack size 24 bytes, printfa.o(i.__0vsnprintf), UNUSED)
<BR><BR>[Calls]<UL><LI><a href="#[92]">&gt;&gt;</a>&nbsp;&nbsp;&nbsp;_printf_core
</UL>

<P><STRONG><a name="[16e]"></a>__1vsnprintf</STRONG> (Thumb, 0 bytes, Stack size 24 bytes, printfa.o(i.__0vsnprintf), UNUSED)

<P><STRONG><a name="[16f]"></a>__2vsnprintf</STRONG> (Thumb, 0 bytes, Stack size 24 bytes, printfa.o(i.__0vsnprintf), UNUSED)

<P><STRONG><a name="[170]"></a>__c89vsnprintf</STRONG> (Thumb, 0 bytes, Stack size 24 bytes, printfa.o(i.__0vsnprintf), UNUSED)

<P><STRONG><a name="[122]"></a>vsnprintf</STRONG> (Thumb, 0 bytes, Stack size 24 bytes, printfa.o(i.__0vsnprintf))
<BR><BR>[Stack]<UL><LI>Max Depth = 24<LI>Call Chain = vsnprintf
</UL>
<BR>[Called By]<UL><LI><a href="#[a1]">&gt;&gt;</a>&nbsp;&nbsp;&nbsp;sMyPrint
<LI><a href="#[7]">&gt;&gt;</a>&nbsp;&nbsp;&nbsp;sMyPrintWarn
<LI><a href="#[8]">&gt;&gt;</a>&nbsp;&nbsp;&nbsp;sMyPrintTips
<LI><a href="#[6]">&gt;&gt;</a>&nbsp;&nbsp;&nbsp;sMyPrintErr
</UL>

<P><STRONG><a name="[94]"></a>__0vsprintf</STRONG> (Thumb, 30 bytes, Stack size 24 bytes, printfa.o(i.__0vsprintf), UNUSED)
<BR><BR>[Calls]<UL><LI><a href="#[54]">&gt;&gt;</a>&nbsp;&nbsp;&nbsp;_sputc
<LI><a href="#[92]">&gt;&gt;</a>&nbsp;&nbsp;&nbsp;_printf_core
</UL>

<P><STRONG><a name="[171]"></a>__1vsprintf</STRONG> (Thumb, 0 bytes, Stack size 24 bytes, printfa.o(i.__0vsprintf), UNUSED)

<P><STRONG><a name="[172]"></a>__2vsprintf</STRONG> (Thumb, 0 bytes, Stack size 24 bytes, printfa.o(i.__0vsprintf), UNUSED)

<P><STRONG><a name="[173]"></a>__c89vsprintf</STRONG> (Thumb, 0 bytes, Stack size 24 bytes, printfa.o(i.__0vsprintf), UNUSED)

<P><STRONG><a name="[ff]"></a>vsprintf</STRONG> (Thumb, 0 bytes, Stack size 24 bytes, printfa.o(i.__0vsprintf))
<BR><BR>[Stack]<UL><LI>Max Depth = 24<LI>Call Chain = vsprintf
</UL>
<BR>[Called By]<UL><LI><a href="#[dd]">&gt;&gt;</a>&nbsp;&nbsp;&nbsp;ef_log_info
<LI><a href="#[a1]">&gt;&gt;</a>&nbsp;&nbsp;&nbsp;sMyPrint
<LI><a href="#[7]">&gt;&gt;</a>&nbsp;&nbsp;&nbsp;sMyPrintWarn
<LI><a href="#[8]">&gt;&gt;</a>&nbsp;&nbsp;&nbsp;sMyPrintTips
<LI><a href="#[6]">&gt;&gt;</a>&nbsp;&nbsp;&nbsp;sMyPrintErr
</UL>

<P><STRONG><a name="[174]"></a>__scatterload_copy</STRONG> (Thumb, 14 bytes, Stack size unknown bytes, handlers.o(i.__scatterload_copy), UNUSED)

<P><STRONG><a name="[175]"></a>__scatterload_zeroinit</STRONG> (Thumb, 14 bytes, Stack size unknown bytes, handlers.o(i.__scatterload_zeroinit), UNUSED)

<P><STRONG><a name="[9e]"></a>bBaiKuProto_Reset</STRONG> (Thumb, 32 bytes, Stack size 0 bytes, baiku_proto_1.o(i.bBaiKuProto_Reset))
<BR><BR>[Stack]<UL><LI>Max Depth = 8<LI>Call Chain = bBaiKuProto_Reset &rArr; cBaiku_ResetRxBuff
</UL>
<BR>[Calls]<UL><LI><a href="#[9f]">&gt;&gt;</a>&nbsp;&nbsp;&nbsp;cBaiku_ResetRxBuff
</UL>
<BR>[Called By]<UL><LI><a href="#[129]">&gt;&gt;</a>&nbsp;&nbsp;&nbsp;vBaiKuProto_Proto
<LI><a href="#[d6]">&gt;&gt;</a>&nbsp;&nbsp;&nbsp;cUpdata_ProtoSelect
</UL>

<P><STRONG><a name="[f4]"></a>bBoot_CmdExist</STRONG> (Thumb, 44 bytes, Stack size 0 bytes, boot_info.o(i.bBoot_CmdExist))
<BR><BR>[Called By]<UL><LI><a href="#[dc]">&gt;&gt;</a>&nbsp;&nbsp;&nbsp;eBoot_InfoInit
</UL>

<P><STRONG><a name="[a0]"></a>bFlash_Gd32EraseSector</STRONG> (Thumb, 154 bytes, Stack size 32 bytes, flash_gd32.o(i.bFlash_Gd32EraseSector))
<BR><BR>[Stack]<UL><LI>Max Depth = 136<LI>Call Chain = bFlash_Gd32EraseSector &rArr; sMyPrint &rArr; bPrint_SendDataToUsart &rArr; bPrint_DataSendStart &rArr; lwrb_read &rArr; lwrb_read_ex &rArr; __aeabi_memcpy
</UL>
<BR>[Calls]<UL><LI><a href="#[a2]">&gt;&gt;</a>&nbsp;&nbsp;&nbsp;fmc_unlock
<LI><a href="#[a4]">&gt;&gt;</a>&nbsp;&nbsp;&nbsp;fmc_page_erase
<LI><a href="#[a5]">&gt;&gt;</a>&nbsp;&nbsp;&nbsp;fmc_lock
<LI><a href="#[a3]">&gt;&gt;</a>&nbsp;&nbsp;&nbsp;fmc_flag_clear
<LI><a href="#[a1]">&gt;&gt;</a>&nbsp;&nbsp;&nbsp;sMyPrint
</UL>
<BR>[Called By]<UL><LI><a href="#[100]">&gt;&gt;</a>&nbsp;&nbsp;&nbsp;ef_port_erase
<LI><a href="#[d0]">&gt;&gt;</a>&nbsp;&nbsp;&nbsp;cFlash_EraseSector
</UL>

<P><STRONG><a name="[a6]"></a>bFlash_Gd32Write32Bit</STRONG> (Thumb, 134 bytes, Stack size 24 bytes, flash_gd32.o(i.bFlash_Gd32Write32Bit))
<BR><BR>[Stack]<UL><LI>Max Depth = 128<LI>Call Chain = bFlash_Gd32Write32Bit &rArr; sMyPrint &rArr; bPrint_SendDataToUsart &rArr; bPrint_DataSendStart &rArr; lwrb_read &rArr; lwrb_read_ex &rArr; __aeabi_memcpy
</UL>
<BR>[Calls]<UL><LI><a href="#[a7]">&gt;&gt;</a>&nbsp;&nbsp;&nbsp;fmc_word_program
<LI><a href="#[a2]">&gt;&gt;</a>&nbsp;&nbsp;&nbsp;fmc_unlock
<LI><a href="#[a5]">&gt;&gt;</a>&nbsp;&nbsp;&nbsp;fmc_lock
<LI><a href="#[a3]">&gt;&gt;</a>&nbsp;&nbsp;&nbsp;fmc_flag_clear
<LI><a href="#[a1]">&gt;&gt;</a>&nbsp;&nbsp;&nbsp;sMyPrint
</UL>
<BR>[Called By]<UL><LI><a href="#[9b]">&gt;&gt;</a>&nbsp;&nbsp;&nbsp;ef_port_write
<LI><a href="#[a9]">&gt;&gt;</a>&nbsp;&nbsp;&nbsp;cFlash_Write8BitData
</UL>

<P><STRONG><a name="[12d]"></a>bFlash_IfaceInit</STRONG> (Thumb, 4 bytes, Stack size 0 bytes, flash_iface.o(i.bFlash_IfaceInit))
<BR><BR>[Called By]<UL><LI><a href="#[116]">&gt;&gt;</a>&nbsp;&nbsp;&nbsp;vBoard_SysInit
</UL>

<P><STRONG><a name="[a8]"></a>bFlash_WriteDataToFlash</STRONG> (Thumb, 100 bytes, Stack size 24 bytes, flash_iface.o(i.bFlash_WriteDataToFlash))
<BR><BR>[Stack]<UL><LI>Max Depth = 168<LI>Call Chain = bFlash_WriteDataToFlash &rArr; cFlash_Write8BitData &rArr; bFlash_Gd32Write32Bit &rArr; sMyPrint &rArr; bPrint_SendDataToUsart &rArr; bPrint_DataSendStart &rArr; lwrb_read &rArr; lwrb_read_ex &rArr; __aeabi_memcpy
</UL>
<BR>[Calls]<UL><LI><a href="#[a1]">&gt;&gt;</a>&nbsp;&nbsp;&nbsp;sMyPrint
<LI><a href="#[a9]">&gt;&gt;</a>&nbsp;&nbsp;&nbsp;cFlash_Write8BitData
</UL>
<BR>[Called By]<UL><LI><a href="#[3]">&gt;&gt;</a>&nbsp;&nbsp;&nbsp;v_proc_check_ok_rec_data_cd
</UL>

<P><STRONG><a name="[136]"></a>bFun_DataCompare</STRONG> (Thumb, 30 bytes, Stack size 8 bytes, function.o(i.bFun_DataCompare))
<BR><BR>[Stack]<UL><LI>Max Depth = 8<LI>Call Chain = bFun_DataCompare
</UL>
<BR>[Called By]<UL><LI><a href="#[135]">&gt;&gt;</a>&nbsp;&nbsp;&nbsp;vKey_ProcKeyFunc
</UL>

<P><STRONG><a name="[b2]"></a>bPrint_CheckSendFinish</STRONG> (Thumb, 16 bytes, Stack size 0 bytes, print_iface.o(i.bPrint_CheckSendFinish))
<BR><BR>[Called By]<UL><LI><a href="#[b1]">&gt;&gt;</a>&nbsp;&nbsp;&nbsp;bPrint_SendDataToUsart
<LI><a href="#[5b]">&gt;&gt;</a>&nbsp;&nbsp;&nbsp;v_sys_queue_task_enter_app
</UL>

<P><STRONG><a name="[aa]"></a>bPrint_DataSendStart</STRONG> (Thumb, 62 bytes, Stack size 8 bytes, print_iface.o(i.bPrint_DataSendStart))
<BR><BR>[Stack]<UL><LI>Max Depth = 64<LI>Call Chain = bPrint_DataSendStart &rArr; lwrb_read &rArr; lwrb_read_ex &rArr; __aeabi_memcpy
</UL>
<BR>[Calls]<UL><LI><a href="#[ab]">&gt;&gt;</a>&nbsp;&nbsp;&nbsp;lwrb_read
<LI><a href="#[8c]">&gt;&gt;</a>&nbsp;&nbsp;&nbsp;usart_interrupt_flag_clear
<LI><a href="#[ac]">&gt;&gt;</a>&nbsp;&nbsp;&nbsp;usart_interrupt_enable
</UL>
<BR>[Called By]<UL><LI><a href="#[b1]">&gt;&gt;</a>&nbsp;&nbsp;&nbsp;bPrint_SendDataToUsart
</UL>

<P><STRONG><a name="[ad]"></a>bPrint_QueueInit</STRONG> (Thumb, 42 bytes, Stack size 8 bytes, print_queue_task.o(i.bPrint_QueueInit))
<BR><BR>[Stack]<UL><LI>Max Depth = 60<LI>Call Chain = bPrint_QueueInit &rArr; cQueue_TaskInit &rArr; malloc
</UL>
<BR>[Calls]<UL><LI><a href="#[ae]">&gt;&gt;</a>&nbsp;&nbsp;&nbsp;cQueue_TaskInit
</UL>
<BR>[Called By]<UL><LI><a href="#[b6]">&gt;&gt;</a>&nbsp;&nbsp;&nbsp;bPrint_TaskInit
</UL>

<P><STRONG><a name="[af]"></a>bPrint_RecProtInit</STRONG> (Thumb, 28 bytes, Stack size 8 bytes, print_prot_frame.o(i.bPrint_RecProtInit))
<BR><BR>[Stack]<UL><LI>Max Depth = 52<LI>Call Chain = bPrint_RecProtInit &rArr; cBaiku_ProtoRecInit &rArr; malloc
</UL>
<BR>[Calls]<UL><LI><a href="#[b0]">&gt;&gt;</a>&nbsp;&nbsp;&nbsp;cBaiku_ProtoRecInit
</UL>
<BR>[Called By]<UL><LI><a href="#[b6]">&gt;&gt;</a>&nbsp;&nbsp;&nbsp;bPrint_TaskInit
</UL>

<P><STRONG><a name="[b1]"></a>bPrint_SendDataToUsart</STRONG> (Thumb, 50 bytes, Stack size 8 bytes, print_task.o(i.bPrint_SendDataToUsart))
<BR><BR>[Stack]<UL><LI>Max Depth = 72<LI>Call Chain = bPrint_SendDataToUsart &rArr; bPrint_DataSendStart &rArr; lwrb_read &rArr; lwrb_read_ex &rArr; __aeabi_memcpy
</UL>
<BR>[Calls]<UL><LI><a href="#[b3]">&gt;&gt;</a>&nbsp;&nbsp;&nbsp;lwrb_get_full
<LI><a href="#[aa]">&gt;&gt;</a>&nbsp;&nbsp;&nbsp;bPrint_DataSendStart
<LI><a href="#[b2]">&gt;&gt;</a>&nbsp;&nbsp;&nbsp;bPrint_CheckSendFinish
</UL>
<BR>[Called By]<UL><LI><a href="#[a1]">&gt;&gt;</a>&nbsp;&nbsp;&nbsp;sMyPrint
<LI><a href="#[dc]">&gt;&gt;</a>&nbsp;&nbsp;&nbsp;eBoot_InfoInit
<LI><a href="#[5f]">&gt;&gt;</a>&nbsp;&nbsp;&nbsp;v_print_queue_task_main
<LI><a href="#[d7]">&gt;&gt;</a>&nbsp;&nbsp;&nbsp;c_print_data_trans
<LI><a href="#[7]">&gt;&gt;</a>&nbsp;&nbsp;&nbsp;sMyPrintWarn
<LI><a href="#[8]">&gt;&gt;</a>&nbsp;&nbsp;&nbsp;sMyPrintTips
<LI><a href="#[6]">&gt;&gt;</a>&nbsp;&nbsp;&nbsp;sMyPrintErr
<LI><a href="#[1]">&gt;&gt;</a>&nbsp;&nbsp;&nbsp;c_frame_trans_cd
</UL>

<P><STRONG><a name="[b4]"></a>bPrint_SendProtInit</STRONG> (Thumb, 26 bytes, Stack size 8 bytes, print_prot_frame.o(i.bPrint_SendProtInit))
<BR><BR>[Stack]<UL><LI>Max Depth = 44<LI>Call Chain = bPrint_SendProtInit &rArr; cBaiku_ProtoTransInit &rArr; malloc
</UL>
<BR>[Calls]<UL><LI><a href="#[b5]">&gt;&gt;</a>&nbsp;&nbsp;&nbsp;cBaiku_ProtoTransInit
</UL>
<BR>[Called By]<UL><LI><a href="#[b6]">&gt;&gt;</a>&nbsp;&nbsp;&nbsp;bPrint_TaskInit
</UL>

<P><STRONG><a name="[b6]"></a>bPrint_TaskInit</STRONG> (Thumb, 54 bytes, Stack size 8 bytes, print_task.o(i.bPrint_TaskInit))
<BR><BR>[Stack]<UL><LI>Max Depth = 68<LI>Call Chain = bPrint_TaskInit &rArr; bPrint_QueueInit &rArr; cQueue_TaskInit &rArr; malloc
</UL>
<BR>[Calls]<UL><LI><a href="#[b7]">&gt;&gt;</a>&nbsp;&nbsp;&nbsp;lwrb_init
<LI><a href="#[b4]">&gt;&gt;</a>&nbsp;&nbsp;&nbsp;bPrint_SendProtInit
<LI><a href="#[af]">&gt;&gt;</a>&nbsp;&nbsp;&nbsp;bPrint_RecProtInit
<LI><a href="#[ad]">&gt;&gt;</a>&nbsp;&nbsp;&nbsp;bPrint_QueueInit
<LI><a href="#[b8]">&gt;&gt;</a>&nbsp;&nbsp;&nbsp;b_print_task_param_init
</UL>
<BR>[Called By]<UL><LI><a href="#[117]">&gt;&gt;</a>&nbsp;&nbsp;&nbsp;vBoard_StartTask
</UL>

<P><STRONG><a name="[b9]"></a>bSys_QueueInit</STRONG> (Thumb, 78 bytes, Stack size 8 bytes, sys_queue_task.o(i.bSys_QueueInit))
<BR><BR>[Stack]<UL><LI>Max Depth = 60<LI>Call Chain = bSys_QueueInit &rArr; cQueue_TaskInit &rArr; malloc
</UL>
<BR>[Calls]<UL><LI><a href="#[ae]">&gt;&gt;</a>&nbsp;&nbsp;&nbsp;cQueue_TaskInit
</UL>
<BR>[Called By]<UL><LI><a href="#[12b]">&gt;&gt;</a>&nbsp;&nbsp;&nbsp;vSys_TaskInit
</UL>

<P><STRONG><a name="[ba]"></a>bSys_SetDevState</STRONG> (Thumb, 132 bytes, Stack size 8 bytes, sys_task.o(i.bSys_SetDevState))
<BR><BR>[Stack]<UL><LI>Max Depth = 112<LI>Call Chain = bSys_SetDevState &rArr; sMyPrint &rArr; bPrint_SendDataToUsart &rArr; bPrint_DataSendStart &rArr; lwrb_read &rArr; lwrb_read_ex &rArr; __aeabi_memcpy
</UL>
<BR>[Calls]<UL><LI><a href="#[a1]">&gt;&gt;</a>&nbsp;&nbsp;&nbsp;sMyPrint
</UL>
<BR>[Called By]<UL><LI><a href="#[5c]">&gt;&gt;</a>&nbsp;&nbsp;&nbsp;v_sys_queue_task_err
</UL>

<P><STRONG><a name="[bb]"></a>bUpdata_Init</STRONG> (Thumb, 14 bytes, Stack size 8 bytes, sys_queue_task_updata.o(i.bUpdata_Init))
<BR><BR>[Stack]<UL><LI>Max Depth = 8<LI>Call Chain = bUpdata_Init
</UL>
<BR>[Calls]<UL><LI><a href="#[8f]">&gt;&gt;</a>&nbsp;&nbsp;&nbsp;__aeabi_memclr4
</UL>
<BR>[Called By]<UL><LI><a href="#[116]">&gt;&gt;</a>&nbsp;&nbsp;&nbsp;vBoard_SysInit
</UL>

<P><STRONG><a name="[bc]"></a>bXmodem_Reset</STRONG> (Thumb, 46 bytes, Stack size 16 bytes, xmodem_proto.o(i.bXmodem_Reset))
<BR><BR>[Stack]<UL><LI>Max Depth = 16<LI>Call Chain = bXmodem_Reset
</UL>
<BR>[Calls]<UL><LI><a href="#[69]">&gt;&gt;</a>&nbsp;&nbsp;&nbsp;__aeabi_memclr
</UL>
<BR>[Called By]<UL><LI><a href="#[143]">&gt;&gt;</a>&nbsp;&nbsp;&nbsp;vXmodem_Proto
<LI><a href="#[d6]">&gt;&gt;</a>&nbsp;&nbsp;&nbsp;cUpdata_ProtoSelect
</UL>

<P><STRONG><a name="[c0]"></a>b_baiku_jump_step</STRONG> (Thumb, 82 bytes, Stack size 0 bytes, baiku_proto.o(i.b_baiku_jump_step))
<BR><BR>[Called By]<UL><LI><a href="#[9f]">&gt;&gt;</a>&nbsp;&nbsp;&nbsp;cBaiku_ResetRxBuff
<LI><a href="#[b0]">&gt;&gt;</a>&nbsp;&nbsp;&nbsp;cBaiku_ProtoRecInit
<LI><a href="#[bf]">&gt;&gt;</a>&nbsp;&nbsp;&nbsp;cBaiku_ProtoCheck
</UL>

<P><STRONG><a name="[bf]"></a>cBaiku_ProtoCheck</STRONG> (Thumb, 254 bytes, Stack size 32 bytes, baiku_proto.o(i.cBaiku_ProtoCheck))
<BR><BR>[Stack]<UL><LI>Max Depth = 104<LI>Call Chain = cBaiku_ProtoCheck &rArr; c_baiku_proto_decrypt &rArr; lwrb_read &rArr; lwrb_read_ex &rArr; __aeabi_memcpy
</UL>
<BR>[Calls]<UL><LI><a href="#[ab]">&gt;&gt;</a>&nbsp;&nbsp;&nbsp;lwrb_read
<LI><a href="#[b3]">&gt;&gt;</a>&nbsp;&nbsp;&nbsp;lwrb_get_full
<LI><a href="#[c1]">&gt;&gt;</a>&nbsp;&nbsp;&nbsp;c_baiku_proto_decrypt
<LI><a href="#[c0]">&gt;&gt;</a>&nbsp;&nbsp;&nbsp;b_baiku_jump_step
</UL>
<BR>[Called By]<UL><LI><a href="#[5f]">&gt;&gt;</a>&nbsp;&nbsp;&nbsp;v_print_queue_task_main
<LI><a href="#[2]">&gt;&gt;</a>&nbsp;&nbsp;&nbsp;c_frame_rec_cd
</UL>

<P><STRONG><a name="[c2]"></a>cBaiku_ProtoCreate</STRONG> (Thumb, 88 bytes, Stack size 24 bytes, baiku_proto.o(i.cBaiku_ProtoCreate))
<BR><BR>[Stack]<UL><LI>Max Depth = 32<LI>Call Chain = cBaiku_ProtoCreate &rArr; ucCheck_SumReflect
</UL>
<BR>[Calls]<UL><LI><a href="#[c3]">&gt;&gt;</a>&nbsp;&nbsp;&nbsp;ucCheck_SumReflect
<LI><a href="#[90]">&gt;&gt;</a>&nbsp;&nbsp;&nbsp;__aeabi_memcpy
</UL>
<BR>[Called By]<UL><LI><a href="#[d7]">&gt;&gt;</a>&nbsp;&nbsp;&nbsp;c_print_data_trans
<LI><a href="#[1]">&gt;&gt;</a>&nbsp;&nbsp;&nbsp;c_frame_trans_cd
</UL>

<P><STRONG><a name="[b0]"></a>cBaiku_ProtoRecInit</STRONG> (Thumb, 130 bytes, Stack size 24 bytes, baiku_proto.o(i.cBaiku_ProtoRecInit))
<BR><BR>[Stack]<UL><LI>Max Depth = 44<LI>Call Chain = cBaiku_ProtoRecInit &rArr; malloc
</UL>
<BR>[Calls]<UL><LI><a href="#[bd]">&gt;&gt;</a>&nbsp;&nbsp;&nbsp;lwrb_reset
<LI><a href="#[b7]">&gt;&gt;</a>&nbsp;&nbsp;&nbsp;lwrb_init
<LI><a href="#[c0]">&gt;&gt;</a>&nbsp;&nbsp;&nbsp;b_baiku_jump_step
<LI><a href="#[c4]">&gt;&gt;</a>&nbsp;&nbsp;&nbsp;malloc
<LI><a href="#[c5]">&gt;&gt;</a>&nbsp;&nbsp;&nbsp;free
</UL>
<BR>[Called By]<UL><LI><a href="#[af]">&gt;&gt;</a>&nbsp;&nbsp;&nbsp;bPrint_RecProtInit
</UL>

<P><STRONG><a name="[b5]"></a>cBaiku_ProtoTransInit</STRONG> (Thumb, 48 bytes, Stack size 16 bytes, baiku_proto.o(i.cBaiku_ProtoTransInit))
<BR><BR>[Stack]<UL><LI>Max Depth = 36<LI>Call Chain = cBaiku_ProtoTransInit &rArr; malloc
</UL>
<BR>[Calls]<UL><LI><a href="#[c4]">&gt;&gt;</a>&nbsp;&nbsp;&nbsp;malloc
<LI><a href="#[c5]">&gt;&gt;</a>&nbsp;&nbsp;&nbsp;free
</UL>
<BR>[Called By]<UL><LI><a href="#[b4]">&gt;&gt;</a>&nbsp;&nbsp;&nbsp;bPrint_SendProtInit
</UL>

<P><STRONG><a name="[9f]"></a>cBaiku_ResetRxBuff</STRONG> (Thumb, 34 bytes, Stack size 8 bytes, baiku_proto.o(i.cBaiku_ResetRxBuff))
<BR><BR>[Stack]<UL><LI>Max Depth = 8<LI>Call Chain = cBaiku_ResetRxBuff
</UL>
<BR>[Calls]<UL><LI><a href="#[bd]">&gt;&gt;</a>&nbsp;&nbsp;&nbsp;lwrb_reset
<LI><a href="#[c0]">&gt;&gt;</a>&nbsp;&nbsp;&nbsp;b_baiku_jump_step
</UL>
<BR>[Called By]<UL><LI><a href="#[9e]">&gt;&gt;</a>&nbsp;&nbsp;&nbsp;bBaiKuProto_Reset
<LI><a href="#[d5]">&gt;&gt;</a>&nbsp;&nbsp;&nbsp;cUpdata_ChSelect
</UL>

<P><STRONG><a name="[c6]"></a>cBaiku_UpdataCheck</STRONG> (Thumb, 202 bytes, Stack size 24 bytes, baiku_proto.o(i.cBaiku_UpdataCheck))
<BR><BR>[Stack]<UL><LI>Max Depth = 32<LI>Call Chain = cBaiku_UpdataCheck &rArr; ucCheck_SumReflect
</UL>
<BR>[Calls]<UL><LI><a href="#[c3]">&gt;&gt;</a>&nbsp;&nbsp;&nbsp;ucCheck_SumReflect
<LI><a href="#[90]">&gt;&gt;</a>&nbsp;&nbsp;&nbsp;__aeabi_memcpy
</UL>
<BR>[Called By]<UL><LI><a href="#[2]">&gt;&gt;</a>&nbsp;&nbsp;&nbsp;c_frame_rec_cd
</UL>

<P><STRONG><a name="[c7]"></a>cBoot_CtrlUpdata</STRONG> (Thumb, 112 bytes, Stack size 16 bytes, boot_info.o(i.cBoot_CtrlUpdata))
<BR><BR>[Stack]<UL><LI>Max Depth = 648<LI>Call Chain = cBoot_CtrlUpdata &rArr; cBoot_UpdataMemParam &rArr; ef_set_env_blob &rArr; set_env &rArr; del_env &rArr; find_env &rArr; find_env_no_cache &rArr; env_iterator &rArr; read_sector_meta_data &rArr; read_env &rArr; write_status &rArr; ef_port_write &rArr; bFlash_Gd32Write32Bit &rArr; sMyPrint &rArr; bPrint_SendDataToUsart &rArr; bPrint_DataSendStart &rArr; lwrb_read &rArr; lwrb_read_ex &rArr; __aeabi_memcpy
</UL>
<BR>[Calls]<UL><LI><a href="#[a1]">&gt;&gt;</a>&nbsp;&nbsp;&nbsp;sMyPrint
<LI><a href="#[c9]">&gt;&gt;</a>&nbsp;&nbsp;&nbsp;cBoot_UpdataMemParam
<LI><a href="#[c8]">&gt;&gt;</a>&nbsp;&nbsp;&nbsp;cQueue_AddQueueTask
</UL>
<BR>[Called By]<UL><LI><a href="#[4]">&gt;&gt;</a>&nbsp;&nbsp;&nbsp;v_rec_start_cd
<LI><a href="#[5]">&gt;&gt;</a>&nbsp;&nbsp;&nbsp;v_rec_end_cd
<LI><a href="#[5b]">&gt;&gt;</a>&nbsp;&nbsp;&nbsp;v_sys_queue_task_enter_app
<LI><a href="#[d2]">&gt;&gt;</a>&nbsp;&nbsp;&nbsp;cSys_JumpToApp
</UL>

<P><STRONG><a name="[ca]"></a>cBoot_GetMemParam</STRONG> (Thumb, 158 bytes, Stack size 16 bytes, boot_info.o(i.cBoot_GetMemParam))
<BR><BR>[Stack]<UL><LI>Max Depth = 600<LI>Call Chain = cBoot_GetMemParam &rArr; ef_get_env_blob &rArr; get_env &rArr; find_env &rArr; find_env_no_cache &rArr; env_iterator &rArr; read_sector_meta_data &rArr; read_env &rArr; write_status &rArr; ef_port_write &rArr; bFlash_Gd32Write32Bit &rArr; sMyPrint &rArr; bPrint_SendDataToUsart &rArr; bPrint_DataSendStart &rArr; lwrb_read &rArr; lwrb_read_ex &rArr; __aeabi_memcpy
</UL>
<BR>[Calls]<UL><LI><a href="#[cc]">&gt;&gt;</a>&nbsp;&nbsp;&nbsp;ef_get_env_blob
<LI><a href="#[cb]">&gt;&gt;</a>&nbsp;&nbsp;&nbsp;strcmp
</UL>
<BR>[Called By]<UL><LI><a href="#[dc]">&gt;&gt;</a>&nbsp;&nbsp;&nbsp;eBoot_InfoInit
</UL>

<P><STRONG><a name="[cd]"></a>cBoot_MemParamInit</STRONG> (Thumb, 100 bytes, Stack size 24 bytes, boot_info.o(i.cBoot_MemParamInit))
<BR><BR>[Stack]<UL><LI>Max Depth = 32<LI>Call Chain = cBoot_MemParamInit &rArr; strcmp
</UL>
<BR>[Calls]<UL><LI><a href="#[cb]">&gt;&gt;</a>&nbsp;&nbsp;&nbsp;strcmp
<LI><a href="#[90]">&gt;&gt;</a>&nbsp;&nbsp;&nbsp;__aeabi_memcpy
</UL>
<BR>[Called By]<UL><LI><a href="#[f8]">&gt;&gt;</a>&nbsp;&nbsp;&nbsp;ef_port_init
<LI><a href="#[dc]">&gt;&gt;</a>&nbsp;&nbsp;&nbsp;eBoot_InfoInit
</UL>

<P><STRONG><a name="[c9]"></a>cBoot_UpdataMemParam</STRONG> (Thumb, 108 bytes, Stack size 8 bytes, boot_info.o(i.cBoot_UpdataMemParam))
<BR><BR>[Stack]<UL><LI>Max Depth = 632<LI>Call Chain = cBoot_UpdataMemParam &rArr; ef_set_env_blob &rArr; set_env &rArr; del_env &rArr; find_env &rArr; find_env_no_cache &rArr; env_iterator &rArr; read_sector_meta_data &rArr; read_env &rArr; write_status &rArr; ef_port_write &rArr; bFlash_Gd32Write32Bit &rArr; sMyPrint &rArr; bPrint_SendDataToUsart &rArr; bPrint_DataSendStart &rArr; lwrb_read &rArr; lwrb_read_ex &rArr; __aeabi_memcpy
</UL>
<BR>[Calls]<UL><LI><a href="#[cf]">&gt;&gt;</a>&nbsp;&nbsp;&nbsp;ef_set_env_blob
<LI><a href="#[ce]">&gt;&gt;</a>&nbsp;&nbsp;&nbsp;ef_env_set_default
<LI><a href="#[cb]">&gt;&gt;</a>&nbsp;&nbsp;&nbsp;strcmp
</UL>
<BR>[Called By]<UL><LI><a href="#[dc]">&gt;&gt;</a>&nbsp;&nbsp;&nbsp;eBoot_InfoInit
<LI><a href="#[c7]">&gt;&gt;</a>&nbsp;&nbsp;&nbsp;cBoot_CtrlUpdata
</UL>

<P><STRONG><a name="[d0]"></a>cFlash_EraseSector</STRONG> (Thumb, 18 bytes, Stack size 8 bytes, flash_iface.o(i.cFlash_EraseSector))
<BR><BR>[Stack]<UL><LI>Max Depth = 144<LI>Call Chain = cFlash_EraseSector &rArr; bFlash_Gd32EraseSector &rArr; sMyPrint &rArr; bPrint_SendDataToUsart &rArr; bPrint_DataSendStart &rArr; lwrb_read &rArr; lwrb_read_ex &rArr; __aeabi_memcpy
</UL>
<BR>[Calls]<UL><LI><a href="#[a0]">&gt;&gt;</a>&nbsp;&nbsp;&nbsp;bFlash_Gd32EraseSector
</UL>
<BR>[Called By]<UL><LI><a href="#[131]">&gt;&gt;</a>&nbsp;&nbsp;&nbsp;vFlash_WriteDataToFlashInit
</UL>

<P><STRONG><a name="[a9]"></a>cFlash_Write8BitData</STRONG> (Thumb, 76 bytes, Stack size 16 bytes, flash_iface.o(i.cFlash_Write8BitData))
<BR><BR>[Stack]<UL><LI>Max Depth = 144<LI>Call Chain = cFlash_Write8BitData &rArr; bFlash_Gd32Write32Bit &rArr; sMyPrint &rArr; bPrint_SendDataToUsart &rArr; bPrint_DataSendStart &rArr; lwrb_read &rArr; lwrb_read_ex &rArr; __aeabi_memcpy
</UL>
<BR>[Calls]<UL><LI><a href="#[a1]">&gt;&gt;</a>&nbsp;&nbsp;&nbsp;sMyPrint
<LI><a href="#[a6]">&gt;&gt;</a>&nbsp;&nbsp;&nbsp;bFlash_Gd32Write32Bit
</UL>
<BR>[Called By]<UL><LI><a href="#[a8]">&gt;&gt;</a>&nbsp;&nbsp;&nbsp;bFlash_WriteDataToFlash
</UL>

<P><STRONG><a name="[c8]"></a>cQueue_AddQueueTask</STRONG> (Thumb, 216 bytes, Stack size 48 bytes, queue_task.o(i.cQueue_AddQueueTask))
<BR><BR>[Stack]<UL><LI>Max Depth = 104<LI>Call Chain = cQueue_AddQueueTask &rArr; lwrb_write &rArr; lwrb_write_ex &rArr; __aeabi_memcpy
</UL>
<BR>[Calls]<UL><LI><a href="#[d1]">&gt;&gt;</a>&nbsp;&nbsp;&nbsp;lwrb_find
<LI><a href="#[8d]">&gt;&gt;</a>&nbsp;&nbsp;&nbsp;lwrb_write
<LI><a href="#[bd]">&gt;&gt;</a>&nbsp;&nbsp;&nbsp;lwrb_reset
<LI><a href="#[b3]">&gt;&gt;</a>&nbsp;&nbsp;&nbsp;lwrb_get_full
</UL>
<BR>[Called By]<UL><LI><a href="#[c7]">&gt;&gt;</a>&nbsp;&nbsp;&nbsp;cBoot_CtrlUpdata
<LI><a href="#[db]">&gt;&gt;</a>&nbsp;&nbsp;&nbsp;c_relay88_sys_set
<LI><a href="#[5a]">&gt;&gt;</a>&nbsp;&nbsp;&nbsp;v_sys_queue_task_init
</UL>

<P><STRONG><a name="[14a]"></a>cQueue_GotoStep</STRONG> (Thumb, 130 bytes, Stack size 16 bytes, queue_task.o(i.cQueue_GotoStep))
<BR><BR>[Stack]<UL><LI>Max Depth = 16<LI>Call Chain = cQueue_GotoStep
</UL>
<BR>[Called By]<UL><LI><a href="#[5f]">&gt;&gt;</a>&nbsp;&nbsp;&nbsp;v_print_queue_task_main
<LI><a href="#[5e]">&gt;&gt;</a>&nbsp;&nbsp;&nbsp;v_sys_queue_task_updata
<LI><a href="#[5d]">&gt;&gt;</a>&nbsp;&nbsp;&nbsp;v_sys_queue_task_reset
<LI><a href="#[5a]">&gt;&gt;</a>&nbsp;&nbsp;&nbsp;v_sys_queue_task_init
<LI><a href="#[5c]">&gt;&gt;</a>&nbsp;&nbsp;&nbsp;v_sys_queue_task_err
<LI><a href="#[5b]">&gt;&gt;</a>&nbsp;&nbsp;&nbsp;v_sys_queue_task_enter_app
</UL>

<P><STRONG><a name="[ae]"></a>cQueue_TaskInit</STRONG> (Thumb, 180 bytes, Stack size 32 bytes, queue_task.o(i.cQueue_TaskInit))
<BR><BR>[Stack]<UL><LI>Max Depth = 52<LI>Call Chain = cQueue_TaskInit &rArr; malloc
</UL>
<BR>[Calls]<UL><LI><a href="#[bd]">&gt;&gt;</a>&nbsp;&nbsp;&nbsp;lwrb_reset
<LI><a href="#[b7]">&gt;&gt;</a>&nbsp;&nbsp;&nbsp;lwrb_init
<LI><a href="#[c4]">&gt;&gt;</a>&nbsp;&nbsp;&nbsp;malloc
<LI><a href="#[c5]">&gt;&gt;</a>&nbsp;&nbsp;&nbsp;free
</UL>
<BR>[Called By]<UL><LI><a href="#[ad]">&gt;&gt;</a>&nbsp;&nbsp;&nbsp;bPrint_QueueInit
<LI><a href="#[b9]">&gt;&gt;</a>&nbsp;&nbsp;&nbsp;bSys_QueueInit
</UL>

<P><STRONG><a name="[d2]"></a>cSys_JumpToApp</STRONG> (Thumb, 90 bytes, Stack size 8 bytes, sys_queue_task.o(i.cSys_JumpToApp))
<BR><BR>[Stack]<UL><LI>Max Depth = 656<LI>Call Chain = cSys_JumpToApp &rArr; cBoot_CtrlUpdata &rArr; cBoot_UpdataMemParam &rArr; ef_set_env_blob &rArr; set_env &rArr; del_env &rArr; find_env &rArr; find_env_no_cache &rArr; env_iterator &rArr; read_sector_meta_data &rArr; read_env &rArr; write_status &rArr; ef_port_write &rArr; bFlash_Gd32Write32Bit &rArr; sMyPrint &rArr; bPrint_SendDataToUsart &rArr; bPrint_DataSendStart &rArr; lwrb_read &rArr; lwrb_read_ex &rArr; __aeabi_memcpy
</UL>
<BR>[Calls]<UL><LI><a href="#[d4]">&gt;&gt;</a>&nbsp;&nbsp;&nbsp;vSys_MsDelay
<LI><a href="#[c7]">&gt;&gt;</a>&nbsp;&nbsp;&nbsp;cBoot_CtrlUpdata
<LI><a href="#[d3]">&gt;&gt;</a>&nbsp;&nbsp;&nbsp;vPrint_DeInit
</UL>
<BR>[Called By]<UL><LI><a href="#[5b]">&gt;&gt;</a>&nbsp;&nbsp;&nbsp;v_sys_queue_task_enter_app
</UL>

<P><STRONG><a name="[d5]"></a>cUpdata_ChSelect</STRONG> (Thumb, 100 bytes, Stack size 24 bytes, sys_queue_task_updata.o(i.cUpdata_ChSelect))
<BR><BR>[Stack]<UL><LI>Max Depth = 48<LI>Call Chain = cUpdata_ChSelect &rArr; cUpdata_ProtoSelect &rArr; bXmodem_Reset
</UL>
<BR>[Calls]<UL><LI><a href="#[bd]">&gt;&gt;</a>&nbsp;&nbsp;&nbsp;lwrb_reset
<LI><a href="#[9f]">&gt;&gt;</a>&nbsp;&nbsp;&nbsp;cBaiku_ResetRxBuff
<LI><a href="#[d6]">&gt;&gt;</a>&nbsp;&nbsp;&nbsp;cUpdata_ProtoSelect
</UL>
<BR>[Called By]<UL><LI><a href="#[db]">&gt;&gt;</a>&nbsp;&nbsp;&nbsp;c_relay88_sys_set
<LI><a href="#[da]">&gt;&gt;</a>&nbsp;&nbsp;&nbsp;c_relay84_set_proto
<LI><a href="#[5e]">&gt;&gt;</a>&nbsp;&nbsp;&nbsp;v_sys_queue_task_updata
<LI><a href="#[5b]">&gt;&gt;</a>&nbsp;&nbsp;&nbsp;v_sys_queue_task_enter_app
</UL>

<P><STRONG><a name="[d6]"></a>cUpdata_ProtoSelect</STRONG> (Thumb, 48 bytes, Stack size 8 bytes, sys_queue_task_updata.o(i.cUpdata_ProtoSelect))
<BR><BR>[Stack]<UL><LI>Max Depth = 24<LI>Call Chain = cUpdata_ProtoSelect &rArr; bXmodem_Reset
</UL>
<BR>[Calls]<UL><LI><a href="#[bc]">&gt;&gt;</a>&nbsp;&nbsp;&nbsp;bXmodem_Reset
<LI><a href="#[9e]">&gt;&gt;</a>&nbsp;&nbsp;&nbsp;bBaiKuProto_Reset
</UL>
<BR>[Called By]<UL><LI><a href="#[2]">&gt;&gt;</a>&nbsp;&nbsp;&nbsp;c_frame_rec_cd
<LI><a href="#[d5]">&gt;&gt;</a>&nbsp;&nbsp;&nbsp;cUpdata_ChSelect
</UL>

<P><STRONG><a name="[c1]"></a>c_baiku_proto_decrypt</STRONG> (Thumb, 116 bytes, Stack size 16 bytes, baiku_proto.o(i.c_baiku_proto_decrypt))
<BR><BR>[Stack]<UL><LI>Max Depth = 72<LI>Call Chain = c_baiku_proto_decrypt &rArr; lwrb_read &rArr; lwrb_read_ex &rArr; __aeabi_memcpy
</UL>
<BR>[Calls]<UL><LI><a href="#[ab]">&gt;&gt;</a>&nbsp;&nbsp;&nbsp;lwrb_read
<LI><a href="#[c3]">&gt;&gt;</a>&nbsp;&nbsp;&nbsp;ucCheck_SumReflect
</UL>
<BR>[Called By]<UL><LI><a href="#[bf]">&gt;&gt;</a>&nbsp;&nbsp;&nbsp;cBaiku_ProtoCheck
</UL>

<P><STRONG><a name="[14b]"></a>c_cycle_relay_data</STRONG> (Thumb, 34 bytes, Stack size 0 bytes, print_prot_frame.o(i.c_cycle_relay_data))
<BR><BR>[Called By]<UL><LI><a href="#[5f]">&gt;&gt;</a>&nbsp;&nbsp;&nbsp;v_print_queue_task_main
</UL>

<P><STRONG><a name="[121]"></a>c_print_start_check</STRONG> (Thumb, 60 bytes, Stack size 0 bytes, print_api.o(i.c_print_start_check))
<BR><BR>[Called By]<UL><LI><a href="#[a1]">&gt;&gt;</a>&nbsp;&nbsp;&nbsp;sMyPrint
<LI><a href="#[7]">&gt;&gt;</a>&nbsp;&nbsp;&nbsp;sMyPrintWarn
<LI><a href="#[8]">&gt;&gt;</a>&nbsp;&nbsp;&nbsp;sMyPrintTips
<LI><a href="#[6]">&gt;&gt;</a>&nbsp;&nbsp;&nbsp;sMyPrintErr
</UL>

<P><STRONG><a name="[da]"></a>c_relay84_set_proto</STRONG> (Thumb, 78 bytes, Stack size 8 bytes, print_prot_frame.o(i.c_relay84_set_proto))
<BR><BR>[Stack]<UL><LI>Max Depth = 96<LI>Call Chain = c_relay84_set_proto &rArr; c_print_data_trans &rArr; bPrint_SendDataToUsart &rArr; bPrint_DataSendStart &rArr; lwrb_read &rArr; lwrb_read_ex &rArr; __aeabi_memcpy
</UL>
<BR>[Calls]<UL><LI><a href="#[d7]">&gt;&gt;</a>&nbsp;&nbsp;&nbsp;c_print_data_trans
<LI><a href="#[d5]">&gt;&gt;</a>&nbsp;&nbsp;&nbsp;cUpdata_ChSelect
</UL>
<BR>[Called By]<UL><LI><a href="#[5f]">&gt;&gt;</a>&nbsp;&nbsp;&nbsp;v_print_queue_task_main
</UL>

<P><STRONG><a name="[db]"></a>c_relay88_sys_set</STRONG> (Thumb, 130 bytes, Stack size 24 bytes, print_prot_frame.o(i.c_relay88_sys_set))
<BR><BR>[Stack]<UL><LI>Max Depth = 672<LI>Call Chain = c_relay88_sys_set &rArr; eBoot_InfoInit &rArr; cBoot_UpdataMemParam &rArr; ef_set_env_blob &rArr; set_env &rArr; del_env &rArr; find_env &rArr; find_env_no_cache &rArr; env_iterator &rArr; read_sector_meta_data &rArr; read_env &rArr; write_status &rArr; ef_port_write &rArr; bFlash_Gd32Write32Bit &rArr; sMyPrint &rArr; bPrint_SendDataToUsart &rArr; bPrint_DataSendStart &rArr; lwrb_read &rArr; lwrb_read_ex &rArr; __aeabi_memcpy
</UL>
<BR>[Calls]<UL><LI><a href="#[dc]">&gt;&gt;</a>&nbsp;&nbsp;&nbsp;eBoot_InfoInit
<LI><a href="#[c8]">&gt;&gt;</a>&nbsp;&nbsp;&nbsp;cQueue_AddQueueTask
<LI><a href="#[d7]">&gt;&gt;</a>&nbsp;&nbsp;&nbsp;c_print_data_trans
<LI><a href="#[d5]">&gt;&gt;</a>&nbsp;&nbsp;&nbsp;cUpdata_ChSelect
<LI><a href="#[90]">&gt;&gt;</a>&nbsp;&nbsp;&nbsp;__aeabi_memcpy
</UL>
<BR>[Called By]<UL><LI><a href="#[5f]">&gt;&gt;</a>&nbsp;&nbsp;&nbsp;v_print_queue_task_main
</UL>

<P><STRONG><a name="[dc]"></a>eBoot_InfoInit</STRONG> (Thumb, 216 bytes, Stack size 16 bytes, boot_info.o(i.eBoot_InfoInit))
<BR><BR>[Stack]<UL><LI>Max Depth = 648<LI>Call Chain = eBoot_InfoInit &rArr; cBoot_UpdataMemParam &rArr; ef_set_env_blob &rArr; set_env &rArr; del_env &rArr; find_env &rArr; find_env_no_cache &rArr; env_iterator &rArr; read_sector_meta_data &rArr; read_env &rArr; write_status &rArr; ef_port_write &rArr; bFlash_Gd32Write32Bit &rArr; sMyPrint &rArr; bPrint_SendDataToUsart &rArr; bPrint_DataSendStart &rArr; lwrb_read &rArr; lwrb_read_ex &rArr; __aeabi_memcpy
</UL>
<BR>[Calls]<UL><LI><a href="#[a1]">&gt;&gt;</a>&nbsp;&nbsp;&nbsp;sMyPrint
<LI><a href="#[cd]">&gt;&gt;</a>&nbsp;&nbsp;&nbsp;cBoot_MemParamInit
<LI><a href="#[b1]">&gt;&gt;</a>&nbsp;&nbsp;&nbsp;bPrint_SendDataToUsart
<LI><a href="#[c9]">&gt;&gt;</a>&nbsp;&nbsp;&nbsp;cBoot_UpdataMemParam
<LI><a href="#[ca]">&gt;&gt;</a>&nbsp;&nbsp;&nbsp;cBoot_GetMemParam
<LI><a href="#[f4]">&gt;&gt;</a>&nbsp;&nbsp;&nbsp;bBoot_CmdExist
<LI><a href="#[f5]">&gt;&gt;</a>&nbsp;&nbsp;&nbsp;v_print_info
</UL>
<BR>[Called By]<UL><LI><a href="#[db]">&gt;&gt;</a>&nbsp;&nbsp;&nbsp;c_relay88_sys_set
<LI><a href="#[5a]">&gt;&gt;</a>&nbsp;&nbsp;&nbsp;v_sys_queue_task_init
</UL>

<P><STRONG><a name="[f7]"></a>easyflash_init</STRONG> (Thumb, 60 bytes, Stack size 24 bytes, easyflash.o(i.easyflash_init))
<BR><BR>[Stack]<UL><LI>Max Depth = 768<LI>Call Chain = easyflash_init &rArr; ef_env_init &rArr; ef_load_env &rArr; ef_env_set_default &rArr; create_env_blob &rArr; new_env &rArr; gc_collect &rArr; sector_iterator &rArr; read_sector_meta_data &rArr; read_env &rArr; write_status &rArr; ef_port_write &rArr; bFlash_Gd32Write32Bit &rArr; sMyPrint &rArr; bPrint_SendDataToUsart &rArr; bPrint_DataSendStart &rArr; lwrb_read &rArr; lwrb_read_ex &rArr; __aeabi_memcpy
</UL>
<BR>[Calls]<UL><LI><a href="#[f8]">&gt;&gt;</a>&nbsp;&nbsp;&nbsp;ef_port_init
<LI><a href="#[dd]">&gt;&gt;</a>&nbsp;&nbsp;&nbsp;ef_log_info
<LI><a href="#[f9]">&gt;&gt;</a>&nbsp;&nbsp;&nbsp;ef_env_init
</UL>
<BR>[Called By]<UL><LI><a href="#[116]">&gt;&gt;</a>&nbsp;&nbsp;&nbsp;vBoard_SysInit
</UL>

<P><STRONG><a name="[eb]"></a>ef_calc_crc32</STRONG> (Thumb, 34 bytes, Stack size 8 bytes, ef_utils.o(i.ef_calc_crc32))
<BR><BR>[Stack]<UL><LI>Max Depth = 8<LI>Call Chain = ef_calc_crc32
</UL>
<BR>[Called By]<UL><LI><a href="#[ee]">&gt;&gt;</a>&nbsp;&nbsp;&nbsp;update_env_cache
<LI><a href="#[f2]">&gt;&gt;</a>&nbsp;&nbsp;&nbsp;read_env
<LI><a href="#[107]">&gt;&gt;</a>&nbsp;&nbsp;&nbsp;get_env_from_cache
<LI><a href="#[e7]">&gt;&gt;</a>&nbsp;&nbsp;&nbsp;create_env_blob
</UL>

<P><STRONG><a name="[f9]"></a>ef_env_init</STRONG> (Thumb, 74 bytes, Stack size 16 bytes, ef_env.o(i.ef_env_init))
<BR><BR>[Stack]<UL><LI>Max Depth = 744<LI>Call Chain = ef_env_init &rArr; ef_load_env &rArr; ef_env_set_default &rArr; create_env_blob &rArr; new_env &rArr; gc_collect &rArr; sector_iterator &rArr; read_sector_meta_data &rArr; read_env &rArr; write_status &rArr; ef_port_write &rArr; bFlash_Gd32Write32Bit &rArr; sMyPrint &rArr; bPrint_SendDataToUsart &rArr; bPrint_DataSendStart &rArr; lwrb_read &rArr; lwrb_read_ex &rArr; __aeabi_memcpy
</UL>
<BR>[Calls]<UL><LI><a href="#[fa]">&gt;&gt;</a>&nbsp;&nbsp;&nbsp;ef_load_env
</UL>
<BR>[Called By]<UL><LI><a href="#[f7]">&gt;&gt;</a>&nbsp;&nbsp;&nbsp;easyflash_init
</UL>

<P><STRONG><a name="[ce]"></a>ef_env_set_default</STRONG> (Thumb, 134 bytes, Stack size 48 bytes, ef_env.o(i.ef_env_set_default))
<BR><BR>[Stack]<UL><LI>Max Depth = 616<LI>Call Chain = ef_env_set_default &rArr; create_env_blob &rArr; new_env &rArr; gc_collect &rArr; sector_iterator &rArr; read_sector_meta_data &rArr; read_env &rArr; write_status &rArr; ef_port_write &rArr; bFlash_Gd32Write32Bit &rArr; sMyPrint &rArr; bPrint_SendDataToUsart &rArr; bPrint_DataSendStart &rArr; lwrb_read &rArr; lwrb_read_ex &rArr; __aeabi_memcpy
</UL>
<BR>[Calls]<UL><LI><a href="#[e1]">&gt;&gt;</a>&nbsp;&nbsp;&nbsp;format_sector
<LI><a href="#[e7]">&gt;&gt;</a>&nbsp;&nbsp;&nbsp;create_env_blob
<LI><a href="#[fc]">&gt;&gt;</a>&nbsp;&nbsp;&nbsp;ef_port_env_unlock
<LI><a href="#[fb]">&gt;&gt;</a>&nbsp;&nbsp;&nbsp;ef_port_env_lock
<LI><a href="#[e8]">&gt;&gt;</a>&nbsp;&nbsp;&nbsp;strlen
</UL>
[...]
</UL>
<BR>[Called By]<UL><LI><a href="#[ea]">&gt;&gt;</a>&nbsp;&nbsp;&nbsp;update_sec_status
<LI><a href="#[105]">&gt;&gt;</a>&nbsp;&nbsp;&nbsp;read_sector_meta_data
<LI><a href="#[de]">&gt;&gt;</a>&nbsp;&nbsp;&nbsp;move_env
<LI><a href="#[e1]">&gt;&gt;</a>&nbsp;&nbsp;&nbsp;format_sector
<LI><a href="#[e7]">&gt;&gt;</a>&nbsp;&nbsp;&nbsp;create_env_blob
</UL>

<P><STRONG><a name="[ec]"></a>write_env_hdr</STRONG> (Thumb, 42 bytes, Stack size 16 bytes, ef_env.o(i.write_env_hdr))
<BR><BR>[Stack]<UL><LI>Max Depth = 184<LI>Call Chain = write_env_hdr &rArr; write_status &rArr; ef_port_write &rArr; bFlash_Gd32Write32Bit &rArr; sMyPrint &rArr; bPrint_SendDataToUsart &rArr; bPrint_DataSendStart &rArr; lwrb_read &rArr; lwrb_read_ex &rArr; __aeabi_memcpy
</UL>
<BR>[Calls]<UL><LI><a href="#[df]">&gt;&gt;</a>&nbsp;&nbsp;&nbsp;write_status
<LI><a href="#[9b]">&gt;&gt;</a>&nbsp;&nbsp;&nbsp;ef_port_write
</UL>
<BR>[Called By]<UL><LI><a href="#[e7]">&gt;&gt;</a>&nbsp;&nbsp;&nbsp;create_env_blob
</UL>

<P><STRONG><a name="[df]"></a>write_status</STRONG> (Thumb, 48 bytes, Stack size 16 bytes, ef_env.o(i.write_status))
<BR><BR>[Stack]<UL><LI>Max Depth = 168<LI>Call Chain = write_status &rArr; ef_port_write &rArr; bFlash_Gd32Write32Bit &rArr; sMyPrint &rArr; bPrint_SendDataToUsart &rArr; bPrint_DataSendStart &rArr; lwrb_read &rArr; lwrb_read_ex &rArr; __aeabi_memcpy
</UL>
<BR>[Calls]<UL><LI><a href="#[110]">&gt;&gt;</a>&nbsp;&nbsp;&nbsp;set_status
<LI><a href="#[9b]">&gt;&gt;</a>&nbsp;&nbsp;&nbsp;ef_port_write
</UL>
<BR>[Called By]<UL><LI><a href="#[ec]">&gt;&gt;</a>&nbsp;&nbsp;&nbsp;write_env_hdr
<LI><a href="#[ea]">&gt;&gt;</a>&nbsp;&nbsp;&nbsp;update_sec_status
<LI><a href="#[f2]">&gt;&gt;</a>&nbsp;&nbsp;&nbsp;read_env
<LI><a href="#[de]">&gt;&gt;</a>&nbsp;&nbsp;&nbsp;move_env
<LI><a href="#[65]">&gt;&gt;</a>&nbsp;&nbsp;&nbsp;do_gc
<LI><a href="#[ef]">&gt;&gt;</a>&nbsp;&nbsp;&nbsp;del_env
<LI><a href="#[e7]">&gt;&gt;</a>&nbsp;&nbsp;&nbsp;create_env_blob
<LI><a href="#[62]">&gt;&gt;</a>&nbsp;&nbsp;&nbsp;check_and_recovery_env_cb
</UL>

<P><STRONG><a name="[f5]"></a>v_print_info</STRONG> (Thumb, 62 bytes, Stack size 8 bytes, boot_info.o(i.v_print_info))
<BR><BR>[Stack]<UL><LI>Max Depth = 112<LI>Call Chain = v_print_info &rArr; sMyPrint &rArr; bPrint_SendDataToUsart &rArr; bPrint_DataSendStart &rArr; lwrb_read &rArr; lwrb_read_ex &rArr; __aeabi_memcpy
</UL>
<BR>[Calls]<UL><LI><a href="#[a1]">&gt;&gt;</a>&nbsp;&nbsp;&nbsp;sMyPrint
</UL>
<BR>[Called By]<UL><LI><a href="#[dc]">&gt;&gt;</a>&nbsp;&nbsp;&nbsp;eBoot_InfoInit
</UL>

<P><STRONG><a name="[13f]"></a>NVIC_SetPriority</STRONG> (Thumb, 32 bytes, Stack size 0 bytes, systick.o(i.NVIC_SetPriority))
<BR><BR>[Called By]<UL><LI><a href="#[115]">&gt;&gt;</a>&nbsp;&nbsp;&nbsp;vSys_TickConfig
</UL>

<P><STRONG><a name="[13d]"></a>v_task_param_init</STRONG> (Thumb, 28 bytes, Stack size 8 bytes, sys_task.o(i.v_task_param_init))
<BR><BR>[Stack]<UL><LI>Max Depth = 8<LI>Call Chain = v_task_param_init
</UL>
<BR>[Calls]<UL><LI><a href="#[8f]">&gt;&gt;</a>&nbsp;&nbsp;&nbsp;__aeabi_memclr4
</UL>
<BR>[Called By]<UL><LI><a href="#[12b]">&gt;&gt;</a>&nbsp;&nbsp;&nbsp;vSys_TaskInit
<LI><a href="#[118]">&gt;&gt;</a>&nbsp;&nbsp;&nbsp;vSys_Task
</UL>

<P><STRONG><a name="[59]"></a>b_task_manage_func_cb</STRONG> (Thumb, 192 bytes, Stack size 16 bytes, sys_queue_task.o(i.b_task_manage_func_cb))
<BR><BR>[Stack]<UL><LI>Max Depth = 72<LI>Call Chain = b_task_manage_func_cb &rArr; lwrb_read &rArr; lwrb_read_ex &rArr; __aeabi_memcpy
</UL>
<BR>[Calls]<UL><LI><a href="#[bd]">&gt;&gt;</a>&nbsp;&nbsp;&nbsp;lwrb_reset
<LI><a href="#[ab]">&gt;&gt;</a>&nbsp;&nbsp;&nbsp;lwrb_read
<LI><a href="#[b3]">&gt;&gt;</a>&nbsp;&nbsp;&nbsp;lwrb_get_full
</UL>
<BR>[Address Reference Count : 1]<UL><LI> sys_queue_task.o(i.bSys_QueueInit)
</UL>
<P><STRONG><a name="[149]"></a>v_print_logo</STRONG> (Thumb, 6 bytes, Stack size 0 bytes, sys_queue_task_init.o(i.v_print_logo))
<BR><BR>[Stack]<UL><LI>Max Depth = 104<LI>Call Chain = v_print_logo &rArr; sMyPrint &rArr; bPrint_SendDataToUsart &rArr; bPrint_DataSendStart &rArr; lwrb_read &rArr; lwrb_read_ex &rArr; __aeabi_memcpy
</UL>
<BR>[Calls]<UL><LI><a href="#[a1]">&gt;&gt;</a>&nbsp;&nbsp;&nbsp;sMyPrint
</UL>
<BR>[Called By]<UL><LI><a href="#[5a]">&gt;&gt;</a>&nbsp;&nbsp;&nbsp;v_sys_queue_task_init
</UL>

<P><STRONG><a name="[12a]"></a>b_send_cmd</STRONG> (Thumb, 46 bytes, Stack size 16 bytes, baiku_proto_1.o(i.b_send_cmd))
<BR><BR>[Stack]<UL><LI>Max Depth = 16<LI>Call Chain = b_send_cmd
</UL>
<BR>[Called By]<UL><LI><a href="#[129]">&gt;&gt;</a>&nbsp;&nbsp;&nbsp;vBaiKuProto_Proto
</UL>

<P><STRONG><a name="[d8]"></a>c_rec_proc</STRONG> (Thumb, 196 bytes, Stack size 16 bytes, baiku_proto_1.o(i.c_rec_proc))
<BR><BR>[Stack]<UL><LI>Max Depth = 16<LI>Call Chain = c_rec_proc
</UL>
<BR>[Calls]<UL><LI><a href="#[d9]">&gt;&gt;</a>&nbsp;&nbsp;&nbsp;v_set_work_state
</UL>
<BR>[Called By]<UL><LI><a href="#[129]">&gt;&gt;</a>&nbsp;&nbsp;&nbsp;vBaiKuProto_Proto
</UL>

<P><STRONG><a name="[d9]"></a>v_set_work_state</STRONG> (Thumb, 4 bytes, Stack size 0 bytes, baiku_proto_1.o(i.v_set_work_state))
<BR><BR>[Called By]<UL><LI><a href="#[d8]">&gt;&gt;</a>&nbsp;&nbsp;&nbsp;c_rec_proc
<LI><a href="#[129]">&gt;&gt;</a>&nbsp;&nbsp;&nbsp;vBaiKuProto_Proto
</UL>

<P><STRONG><a name="[2]"></a>c_frame_rec_cd</STRONG> (Thumb, 470 bytes, Stack size 64 bytes, updata_main.o(i.c_frame_rec_cd))
<BR><BR>[Stack]<UL><LI>Max Depth = 168<LI>Call Chain = c_frame_rec_cd &rArr; cBaiku_ProtoCheck &rArr; c_baiku_proto_decrypt &rArr; lwrb_read &rArr; lwrb_read_ex &rArr; __aeabi_memcpy
</UL>
<BR>[Calls]<UL><LI><a href="#[ab]">&gt;&gt;</a>&nbsp;&nbsp;&nbsp;lwrb_read
<LI><a href="#[b3]">&gt;&gt;</a>&nbsp;&nbsp;&nbsp;lwrb_get_full
<LI><a href="#[c6]">&gt;&gt;</a>&nbsp;&nbsp;&nbsp;cBaiku_UpdataCheck
<LI><a href="#[bf]">&gt;&gt;</a>&nbsp;&nbsp;&nbsp;cBaiku_ProtoCheck
<LI><a href="#[a1]">&gt;&gt;</a>&nbsp;&nbsp;&nbsp;sMyPrint
<LI><a href="#[1]">&gt;&gt;</a>&nbsp;&nbsp;&nbsp;c_frame_trans_cd
<LI><a href="#[d6]">&gt;&gt;</a>&nbsp;&nbsp;&nbsp;cUpdata_ProtoSelect
</UL>
<BR>[Address Reference Count : 1]<UL><LI> updata_main.o(.data)
</UL>
<P><STRONG><a name="[1]"></a>c_frame_trans_cd</STRONG> (Thumb, 116 bytes, Stack size 32 bytes, updata_main.o(i.c_frame_trans_cd))
<BR><BR>[Stack]<UL><LI>Max Depth = 104<LI>Call Chain = c_frame_trans_cd &rArr; bPrint_SendDataToUsart &rArr; bPrint_DataSendStart &rArr; lwrb_read &rArr; lwrb_read_ex &rArr; __aeabi_memcpy
</UL>
<BR>[Calls]<UL><LI><a href="#[8d]">&gt;&gt;</a>&nbsp;&nbsp;&nbsp;lwrb_write
<LI><a href="#[c2]">&gt;&gt;</a>&nbsp;&nbsp;&nbsp;cBaiku_ProtoCreate
<LI><a href="#[b1]">&gt;&gt;</a>&nbsp;&nbsp;&nbsp;bPrint_SendDataToUsart
</UL>
<BR>[Called By]<UL><LI><a href="#[2]">&gt;&gt;</a>&nbsp;&nbsp;&nbsp;c_frame_rec_cd
</UL>
<BR>[Address Reference Count : 1]<UL><LI> updata_main.o(.data)
</UL>
<P><STRONG><a name="[3]"></a>v_proc_check_ok_rec_data_cd</STRONG> (Thumb, 112 bytes, Stack size 24 bytes, updata_main.o(i.v_proc_check_ok_rec_data_cd))
<BR><BR>[Stack]<UL><LI>Max Depth = 192<LI>Call Chain = v_proc_check_ok_rec_data_cd &rArr; bFlash_WriteDataToFlash &rArr; cFlash_Write8BitData &rArr; bFlash_Gd32Write32Bit &rArr; sMyPrint &rArr; bPrint_SendDataToUsart &rArr; bPrint_DataSendStart &rArr; lwrb_read &rArr; lwrb_read_ex &rArr; __aeabi_memcpy
</UL>
<BR>[Calls]<UL><LI><a href="#[a1]">&gt;&gt;</a>&nbsp;&nbsp;&nbsp;sMyPrint
<LI><a href="#[a8]">&gt;&gt;</a>&nbsp;&nbsp;&nbsp;bFlash_WriteDataToFlash
</UL>
<BR>[Address Reference Count : 1]<UL><LI> updata_main.o(.data)
</UL>
<P><STRONG><a name="[5]"></a>v_rec_end_cd</STRONG> (Thumb, 142 bytes, Stack size 24 bytes, updata_main.o(i.v_rec_end_cd))
<BR><BR>[Stack]<UL><LI>Max Depth = 672<LI>Call Chain = v_rec_end_cd &rArr; cBoot_CtrlUpdata &rArr; cBoot_UpdataMemParam &rArr; ef_set_env_blob &rArr; set_env &rArr; del_env &rArr; find_env &rArr; find_env_no_cache &rArr; env_iterator &rArr; read_sector_meta_data &rArr; read_env &rArr; write_status &rArr; ef_port_write &rArr; bFlash_Gd32Write32Bit &rArr; sMyPrint &rArr; bPrint_SendDataToUsart &rArr; bPrint_DataSendStart &rArr; lwrb_read &rArr; lwrb_read_ex &rArr; __aeabi_memcpy
</UL>
<BR>[Calls]<UL><LI><a href="#[a1]">&gt;&gt;</a>&nbsp;&nbsp;&nbsp;sMyPrint
<LI><a href="#[c7]">&gt;&gt;</a>&nbsp;&nbsp;&nbsp;cBoot_CtrlUpdata
</UL>
<BR>[Address Reference Count : 1]<UL><LI> updata_main.o(.data)
</UL>
<P><STRONG><a name="[4]"></a>v_rec_start_cd</STRONG> (Thumb, 24 bytes, Stack size 8 bytes, updata_main.o(i.v_rec_start_cd))
<BR><BR>[Stack]<UL><LI>Max Depth = 656<LI>Call Chain = v_rec_start_cd &rArr; cBoot_CtrlUpdata &rArr; cBoot_UpdataMemParam &rArr; ef_set_env_blob &rArr; set_env &rArr; del_env &rArr; find_env &rArr; find_env_no_cache &rArr; env_iterator &rArr; read_sector_meta_data &rArr; read_env &rArr; write_status &rArr; ef_port_write &rArr; bFlash_Gd32Write32Bit &rArr; sMyPrint &rArr; bPrint_SendDataToUsart &rArr; bPrint_DataSendStart &rArr; lwrb_read &rArr; lwrb_read_ex &rArr; __aeabi_memcpy
</UL>
<BR>[Calls]<UL><LI><a href="#[c7]">&gt;&gt;</a>&nbsp;&nbsp;&nbsp;cBoot_CtrlUpdata
<LI><a href="#[131]">&gt;&gt;</a>&nbsp;&nbsp;&nbsp;vFlash_WriteDataToFlashInit
</UL>
<BR>[Address Reference Count : 1]<UL><LI> updata_main.o(.data)
</UL>
<P><STRONG><a name="[145]"></a>b_send_cmd</STRONG> (Thumb, 64 bytes, Stack size 8 bytes, xmodem_proto.o(i.b_send_cmd))
<BR><BR>[Stack]<UL><LI>Max Depth = 8<LI>Call Chain = b_send_cmd
</UL>
<BR>[Called By]<UL><LI><a href="#[143]">&gt;&gt;</a>&nbsp;&nbsp;&nbsp;vXmodem_Proto
</UL>

<P><STRONG><a name="[e2]"></a>chk_add8</STRONG> (Thumb, 54 bytes, Stack size 16 bytes, xmodem_proto.o(i.chk_add8))
<BR><BR>[Stack]<UL><LI>Max Depth = 120<LI>Call Chain = chk_add8 &rArr; sMyPrint &rArr; bPrint_SendDataToUsart &rArr; bPrint_DataSendStart &rArr; lwrb_read &rArr; lwrb_read_ex &rArr; __aeabi_memcpy
</UL>
<BR>[Calls]<UL><LI><a href="#[a1]">&gt;&gt;</a>&nbsp;&nbsp;&nbsp;sMyPrint
</UL>
<BR>[Called By]<UL><LI><a href="#[f6]">&gt;&gt;</a>&nbsp;&nbsp;&nbsp;e_rec_proc
</UL>

<P><STRONG><a name="[e3]"></a>chk_crc16</STRONG> (Thumb, 20 bytes, Stack size 8 bytes, xmodem_proto.o(i.chk_crc16))
<BR><BR>[Stack]<UL><LI>Max Depth = 24<LI>Call Chain = chk_crc16 &rArr; usCheck_GetCrc16Tab
</UL>
<BR>[Calls]<UL><LI><a href="#[e4]">&gt;&gt;</a>&nbsp;&nbsp;&nbsp;usCheck_GetCrc16Tab
</UL>
<BR>[Called By]<UL><LI><a href="#[f6]">&gt;&gt;</a>&nbsp;&nbsp;&nbsp;e_rec_proc
</UL>

<P><STRONG><a name="[147]"></a>e_get_rec_state</STRONG> (Thumb, 62 bytes, Stack size 0 bytes, xmodem_proto.o(i.e_get_rec_state))
<BR><BR>[Called By]<UL><LI><a href="#[143]">&gt;&gt;</a>&nbsp;&nbsp;&nbsp;vXmodem_Proto
</UL>

<P><STRONG><a name="[f6]"></a>e_rec_proc</STRONG> (Thumb, 368 bytes, Stack size 32 bytes, xmodem_proto.o(i.e_rec_proc))
<BR><BR>[Stack]<UL><LI>Max Depth = 152<LI>Call Chain = e_rec_proc &rArr; chk_add8 &rArr; sMyPrint &rArr; bPrint_SendDataToUsart &rArr; bPrint_DataSendStart &rArr; lwrb_read &rArr; lwrb_read_ex &rArr; __aeabi_memcpy
</UL>
<BR>[Calls]<UL><LI><a href="#[e3]">&gt;&gt;</a>&nbsp;&nbsp;&nbsp;chk_crc16
<LI><a href="#[e2]">&gt;&gt;</a>&nbsp;&nbsp;&nbsp;chk_add8
</UL>
<BR>[Called By]<UL><LI><a href="#[143]">&gt;&gt;</a>&nbsp;&nbsp;&nbsp;vXmodem_Proto
</UL>

<P><STRONG><a name="[144]"></a>v_set_work_state</STRONG> (Thumb, 42 bytes, Stack size 0 bytes, xmodem_proto.o(i.v_set_work_state))
<BR><BR>[Called By]<UL><LI><a href="#[143]">&gt;&gt;</a>&nbsp;&nbsp;&nbsp;vXmodem_Proto
</UL>

<P><STRONG><a name="[b8]"></a>b_print_task_param_init</STRONG> (Thumb, 32 bytes, Stack size 8 bytes, print_task.o(i.b_print_task_param_init))
<BR><BR>[Stack]<UL><LI>Max Depth = 8<LI>Call Chain = b_print_task_param_init
</UL>
<BR>[Calls]<UL><LI><a href="#[bd]">&gt;&gt;</a>&nbsp;&nbsp;&nbsp;lwrb_reset
<LI><a href="#[be]">&gt;&gt;</a>&nbsp;&nbsp;&nbsp;vPrint_MyPrintParamInit
</UL>
<BR>[Called By]<UL><LI><a href="#[b6]">&gt;&gt;</a>&nbsp;&nbsp;&nbsp;bPrint_TaskInit
<LI><a href="#[11b]">&gt;&gt;</a>&nbsp;&nbsp;&nbsp;vPrint_Task
</UL>

<P><STRONG><a name="[13b]"></a>v_print_gpio_init</STRONG> (Thumb, 82 bytes, Stack size 16 bytes, print_iface.o(i.v_print_gpio_init))
<BR><BR>[Stack]<UL><LI>Max Depth = 44<LI>Call Chain = v_print_gpio_init &rArr; gpio_init
</UL>
<BR>[Calls]<UL><LI><a href="#[133]">&gt;&gt;</a>&nbsp;&nbsp;&nbsp;gpio_init
<LI><a href="#[132]">&gt;&gt;</a>&nbsp;&nbsp;&nbsp;rcu_periph_clock_enable
</UL>
<BR>[Called By]<UL><LI><a href="#[12e]">&gt;&gt;</a>&nbsp;&nbsp;&nbsp;vPrint_Init
</UL>

<P><STRONG><a name="[13c]"></a>v_print_usart_init</STRONG> (Thumb, 140 bytes, Stack size 8 bytes, print_iface.o(i.v_print_usart_init))
<BR><BR>[Stack]<UL><LI>Max Depth = 72<LI>Call Chain = v_print_usart_init &rArr; usart_baudrate_set &rArr; rcu_clock_freq_get
</UL>
<BR>[Calls]<UL><LI><a href="#[11e]">&gt;&gt;</a>&nbsp;&nbsp;&nbsp;nvic_irq_enable
<LI><a href="#[132]">&gt;&gt;</a>&nbsp;&nbsp;&nbsp;rcu_periph_clock_enable
<LI><a href="#[14c]">&gt;&gt;</a>&nbsp;&nbsp;&nbsp;usart_word_length_set
<LI><a href="#[152]">&gt;&gt;</a>&nbsp;&nbsp;&nbsp;usart_transmit_config
<LI><a href="#[14d]">&gt;&gt;</a>&nbsp;&nbsp;&nbsp;usart_stop_bit_set
<LI><a href="#[151]">&gt;&gt;</a>&nbsp;&nbsp;&nbsp;usart_receive_config
<LI><a href="#[14e]">&gt;&gt;</a>&nbsp;&nbsp;&nbsp;usart_parity_config
<LI><a href="#[8c]">&gt;&gt;</a>&nbsp;&nbsp;&nbsp;usart_interrupt_flag_clear
<LI><a href="#[ac]">&gt;&gt;</a>&nbsp;&nbsp;&nbsp;usart_interrupt_enable
<LI><a href="#[8e]">&gt;&gt;</a>&nbsp;&nbsp;&nbsp;usart_interrupt_disable
<LI><a href="#[14f]">&gt;&gt;</a>&nbsp;&nbsp;&nbsp;usart_hardware_flow_rts_config
<LI><a href="#[150]">&gt;&gt;</a>&nbsp;&nbsp;&nbsp;usart_hardware_flow_cts_config
<LI><a href="#[153]">&gt;&gt;</a>&nbsp;&nbsp;&nbsp;usart_enable
<LI><a href="#[126]">&gt;&gt;</a>&nbsp;&nbsp;&nbsp;usart_deinit
<LI><a href="#[124]">&gt;&gt;</a>&nbsp;&nbsp;&nbsp;usart_baudrate_set
</UL>
<BR>[Called By]<UL><LI><a href="#[12e]">&gt;&gt;</a>&nbsp;&nbsp;&nbsp;vPrint_Init
</UL>

<P><STRONG><a name="[d7]"></a>c_print_data_trans</STRONG> (Thumb, 50 bytes, Stack size 16 bytes, print_prot_frame.o(i.c_print_data_trans))
<BR><BR>[Stack]<UL><LI>Max Depth = 88<LI>Call Chain = c_print_data_trans &rArr; bPrint_SendDataToUsart &rArr; bPrint_DataSendStart &rArr; lwrb_read &rArr; lwrb_read_ex &rArr; __aeabi_memcpy
</UL>
<BR>[Calls]<UL><LI><a href="#[8d]">&gt;&gt;</a>&nbsp;&nbsp;&nbsp;lwrb_write
<LI><a href="#[c2]">&gt;&gt;</a>&nbsp;&nbsp;&nbsp;cBaiku_ProtoCreate
<LI><a href="#[b1]">&gt;&gt;</a>&nbsp;&nbsp;&nbsp;bPrint_SendDataToUsart
</UL>
<BR>[Called By]<UL><LI><a href="#[db]">&gt;&gt;</a>&nbsp;&nbsp;&nbsp;c_relay88_sys_set
<LI><a href="#[da]">&gt;&gt;</a>&nbsp;&nbsp;&nbsp;c_relay84_set_proto
</UL>

<P><STRONG><a name="[58]"></a>b_task_manage_func_cb</STRONG> (Thumb, 120 bytes, Stack size 24 bytes, print_queue_task.o(i.b_task_manage_func_cb))
<BR><BR>[Stack]<UL><LI>Max Depth = 80<LI>Call Chain = b_task_manage_func_cb &rArr; lwrb_read &rArr; lwrb_read_ex &rArr; __aeabi_memcpy
</UL>
<BR>[Calls]<UL><LI><a href="#[bd]">&gt;&gt;</a>&nbsp;&nbsp;&nbsp;lwrb_reset
<LI><a href="#[ab]">&gt;&gt;</a>&nbsp;&nbsp;&nbsp;lwrb_read
<LI><a href="#[b3]">&gt;&gt;</a>&nbsp;&nbsp;&nbsp;lwrb_get_full
</UL>
<BR>[Address Reference Count : 1]<UL><LI> print_queue_task.o(i.bPrint_QueueInit)
</UL>
<P><STRONG><a name="[57]"></a>v_add_task_return_func_cb</STRONG> (Thumb, 2 bytes, Stack size 0 bytes, print_queue_task.o(i.v_add_task_return_func_cb))
<BR>[Address Reference Count : 1]<UL><LI> print_queue_task.o(i.bPrint_QueueInit)
</UL>
<P><STRONG><a name="[66]"></a>bKey_PowerIsPress</STRONG> (Thumb, 16 bytes, Stack size 0 bytes, key_task.o(i.bKey_PowerIsPress))
<BR>[Address Reference Count : 1]<UL><LI> key_task.o(i.v_key_gpio_init)
</UL>
<P><STRONG><a name="[139]"></a>v_key_check_other_is_tri</STRONG> (Thumb, 56 bytes, Stack size 8 bytes, key_task.o(i.v_key_check_other_is_tri))
<BR><BR>[Stack]<UL><LI>Max Depth = 8<LI>Call Chain = v_key_check_other_is_tri
</UL>
<BR>[Called By]<UL><LI><a href="#[119]">&gt;&gt;</a>&nbsp;&nbsp;&nbsp;vKey_Task
</UL>

<P><STRONG><a name="[13a]"></a>v_key_gpio_init</STRONG> (Thumb, 44 bytes, Stack size 8 bytes, key_task.o(i.v_key_gpio_init))
<BR><BR>[Stack]<UL><LI>Max Depth = 36<LI>Call Chain = v_key_gpio_init &rArr; gpio_init
</UL>
<BR>[Calls]<UL><LI><a href="#[133]">&gt;&gt;</a>&nbsp;&nbsp;&nbsp;gpio_init
<LI><a href="#[132]">&gt;&gt;</a>&nbsp;&nbsp;&nbsp;rcu_periph_clock_enable
<LI><a href="#[148]">&gt;&gt;</a>&nbsp;&nbsp;&nbsp;v_key_register
</UL>
<BR>[Called By]<UL><LI><a href="#[12c]">&gt;&gt;</a>&nbsp;&nbsp;&nbsp;vKey_TaskInit
</UL>

<P><STRONG><a name="[137]"></a>v_key_long_press</STRONG> (Thumb, 56 bytes, Stack size 8 bytes, key_task.o(i.v_key_long_press))
<BR><BR>[Stack]<UL><LI>Max Depth = 112<LI>Call Chain = v_key_long_press &rArr; sMyPrint &rArr; bPrint_SendDataToUsart &rArr; bPrint_DataSendStart &rArr; lwrb_read &rArr; lwrb_read_ex &rArr; __aeabi_memcpy
</UL>
<BR>[Calls]<UL><LI><a href="#[a1]">&gt;&gt;</a>&nbsp;&nbsp;&nbsp;sMyPrint
</UL>
<BR>[Called By]<UL><LI><a href="#[119]">&gt;&gt;</a>&nbsp;&nbsp;&nbsp;vKey_Task
</UL>

<P><STRONG><a name="[148]"></a>v_key_register</STRONG> (Thumb, 22 bytes, Stack size 0 bytes, key_task.o(i.v_key_register))
<BR><BR>[Called By]<UL><LI><a href="#[13a]">&gt;&gt;</a>&nbsp;&nbsp;&nbsp;v_key_gpio_init
</UL>

<P><STRONG><a name="[138]"></a>v_key_shot_press</STRONG> (Thumb, 56 bytes, Stack size 8 bytes, key_task.o(i.v_key_shot_press))
<BR><BR>[Stack]<UL><LI>Max Depth = 112<LI>Call Chain = v_key_shot_press &rArr; sMyPrint &rArr; bPrint_SendDataToUsart &rArr; bPrint_DataSendStart &rArr; lwrb_read &rArr; lwrb_read_ex &rArr; __aeabi_memcpy
</UL>
<BR>[Calls]<UL><LI><a href="#[a1]">&gt;&gt;</a>&nbsp;&nbsp;&nbsp;sMyPrint
</UL>
<BR>[Called By]<UL><LI><a href="#[119]">&gt;&gt;</a>&nbsp;&nbsp;&nbsp;vKey_Task
</UL>

<P><STRONG><a name="[95]"></a>_fp_digits</STRONG> (Thumb, 366 bytes, Stack size 64 bytes, printfa.o(i._fp_digits), UNUSED)
<BR><BR>[Calls]<UL><LI><a href="#[73]">&gt;&gt;</a>&nbsp;&nbsp;&nbsp;__aeabi_dmul
<LI><a href="#[74]">&gt;&gt;</a>&nbsp;&nbsp;&nbsp;__aeabi_ddiv
<LI><a href="#[6c]">&gt;&gt;</a>&nbsp;&nbsp;&nbsp;__aeabi_dadd
<LI><a href="#[75]">&gt;&gt;</a>&nbsp;&nbsp;&nbsp;__aeabi_uldivmod
<LI><a href="#[77]">&gt;&gt;</a>&nbsp;&nbsp;&nbsp;__aeabi_d2ulz
<LI><a href="#[96]">&gt;&gt;</a>&nbsp;&nbsp;&nbsp;__aeabi_cdrcmple
</UL>
<BR>[Called By]<UL><LI><a href="#[92]">&gt;&gt;</a>&nbsp;&nbsp;&nbsp;_printf_core
</UL>

<P><STRONG><a name="[92]"></a>_printf_core</STRONG> (Thumb, 1704 bytes, Stack size 136 bytes, printfa.o(i._printf_core), UNUSED)
<BR><BR>[Calls]<UL><LI><a href="#[75]">&gt;&gt;</a>&nbsp;&nbsp;&nbsp;__aeabi_uldivmod
<LI><a href="#[99]">&gt;&gt;</a>&nbsp;&nbsp;&nbsp;__aeabi_uidivmod
<LI><a href="#[97]">&gt;&gt;</a>&nbsp;&nbsp;&nbsp;_printf_pre_padding
<LI><a href="#[98]">&gt;&gt;</a>&nbsp;&nbsp;&nbsp;_printf_post_padding
<LI><a href="#[95]">&gt;&gt;</a>&nbsp;&nbsp;&nbsp;_fp_digits
</UL>
<BR>[Called By]<UL><LI><a href="#[94]">&gt;&gt;</a>&nbsp;&nbsp;&nbsp;__0vsprintf
<LI><a href="#[93]">&gt;&gt;</a>&nbsp;&nbsp;&nbsp;__0vsnprintf
<LI><a href="#[91]">&gt;&gt;</a>&nbsp;&nbsp;&nbsp;__0printf
</UL>

<P><STRONG><a name="[98]"></a>_printf_post_padding</STRONG> (Thumb, 36 bytes, Stack size 24 bytes, printfa.o(i._printf_post_padding), UNUSED)
<BR><BR>[Called By]<UL><LI><a href="#[92]">&gt;&gt;</a>&nbsp;&nbsp;&nbsp;_printf_core
</UL>

<P><STRONG><a name="[97]"></a>_printf_pre_padding</STRONG> (Thumb, 46 bytes, Stack size 24 bytes, printfa.o(i._printf_pre_padding), UNUSED)
<BR><BR>[Called By]<UL><LI><a href="#[92]">&gt;&gt;</a>&nbsp;&nbsp;&nbsp;_printf_core
</UL>

<P><STRONG><a name="[53]"></a>_snputc</STRONG> (Thumb, 22 bytes, Stack size 0 bytes, printfa.o(i._snputc))
<BR>[Address Reference Count : 1]<UL><LI> printfa.o(i.__0vsnprintf)
</UL>
<P><STRONG><a name="[54]"></a>_sputc</STRONG> (Thumb, 10 bytes, Stack size 0 bytes, printfa.o(i._sputc))
<BR><BR>[Called By]<UL><LI><a href="#[94]">&gt;&gt;</a>&nbsp;&nbsp;&nbsp;__0vsprintf
</UL>
<BR>[Address Reference Count : 1]<UL><LI> printfa.o(i.__0vsprintf)
</UL><P>
<H3>
Undefined Global Symbols
</H3><HR></body></html>
